[0.000000] (-) TimerEvent: {}
[0.000259] (rb_chassis) JobQueued: {'identifier': 'rb_chassis', 'dependencies': OrderedDict()}
[0.000286] (rb_msgs) JobQueued: {'identifier': 'rb_msgs', 'dependencies': OrderedDict()}
[0.000406] (rb_launcher) JobQueued: {'identifier': 'rb_launcher', 'dependencies': OrderedDict([('rb_msgs', '/home/user/robocup_basketball_ws/install/rb_msgs')])}
[0.000475] (rb_localization) JobQueued: {'identifier': 'rb_localization', 'dependencies': OrderedDict([('rb_msgs', '/home/user/robocup_basketball_ws/install/rb_msgs')])}
[0.000494] (rb_mission) JobQueued: {'identifier': 'rb_mission', 'dependencies': OrderedDict([('rb_msgs', '/home/user/robocup_basketball_ws/install/rb_msgs')])}
[0.000512] (rb_perception) JobQueued: {'identifier': 'rb_perception', 'dependencies': OrderedDict([('rb_msgs', '/home/user/robocup_basketball_ws/install/rb_msgs')])}
[0.000528] (rb_bringup) JobQueued: {'identifier': 'rb_bringup', 'dependencies': OrderedDict([('rb_chassis', '/home/user/robocup_basketball_ws/install/rb_chassis'), ('rb_msgs', '/home/user/robocup_basketball_ws/install/rb_msgs'), ('rb_launcher', '/home/user/robocup_basketball_ws/install/rb_launcher'), ('rb_localization', '/home/user/robocup_basketball_ws/install/rb_localization'), ('rb_mission', '/home/user/robocup_basketball_ws/install/rb_mission'), ('rb_perception', '/home/user/robocup_basketball_ws/install/rb_perception')])}
[0.000561] (rb_msgs) JobStarted: {'identifier': 'rb_msgs'}
[0.003076] (rb_chassis) JobStarted: {'identifier': 'rb_chassis'}
[0.004816] (rb_msgs) JobProgress: {'identifier': 'rb_msgs', 'progress': 'cmake'}
[0.005068] (rb_msgs) JobProgress: {'identifier': 'rb_msgs', 'progress': 'build'}
[0.005442] (rb_msgs) Command: {'cmd': ['/usr/bin/cmake', '--build', '/home/user/robocup_basketball_ws/build/rb_msgs', '--', '-j16', '-l16'], 'cwd': '/home/user/robocup_basketball_ws/build/rb_msgs', 'env': OrderedDict([('SHLVL', '0'), ('LD_LIBRARY_PATH', '/opt/ros/humble/opt/rviz_ogre_vendor/lib:/opt/ros/humble/lib/x86_64-linux-gnu:/opt/ros/humble/lib'), ('HOME', '/home/user'), ('OLDPWD', '/home/user/robocup_basketball_ws'), ('ROS_PYTHON_VERSION', '3'), ('LC_CTYPE', 'C.UTF-8'), ('ROS_DISTRO', 'humble'), ('_', '/usr/bin/colcon'), ('ROS_VERSION', '2'), ('TERM', 'dumb'), ('ROS_LOCALHOST_ONLY', '0'), ('PATH', '/opt/ros/humble/bin:/usr/local/bin:/usr/bin:/bin'), ('AMENT_PREFIX_PATH', '/opt/ros/humble'), ('PWD', '/home/user/robocup_basketball_ws/build/rb_msgs'), ('PYTHONPATH', '/opt/ros/humble/lib/python3.10/site-packages:/opt/ros/humble/local/lib/python3.10/dist-packages'), ('COLCON', '1'), ('CMAKE_PREFIX_PATH', '/opt/ros/humble')]), 'shell': False}
[0.006495] (rb_chassis) JobProgress: {'identifier': 'rb_chassis', 'progress': 'cmake'}
[0.006612] (rb_chassis) JobProgress: {'identifier': 'rb_chassis', 'progress': 'build'}
[0.006737] (rb_chassis) Command: {'cmd': ['/usr/bin/cmake', '--build', '/home/user/robocup_basketball_ws/build/rb_chassis', '--', '-j16', '-l16'], 'cwd': '/home/user/robocup_basketball_ws/build/rb_chassis', 'env': OrderedDict([('SHLVL', '0'), ('LD_LIBRARY_PATH', '/opt/ros/humble/opt/rviz_ogre_vendor/lib:/opt/ros/humble/lib/x86_64-linux-gnu:/opt/ros/humble/lib'), ('HOME', '/home/user'), ('OLDPWD', '/home/user/robocup_basketball_ws'), ('ROS_PYTHON_VERSION', '3'), ('LC_CTYPE', 'C.UTF-8'), ('ROS_DISTRO', 'humble'), ('_', '/usr/bin/colcon'), ('ROS_VERSION', '2'), ('TERM', 'dumb'), ('ROS_LOCALHOST_ONLY', '0'), ('PATH', '/opt/ros/humble/bin:/usr/local/bin:/usr/bin:/bin'), ('AMENT_PREFIX_PATH', '/opt/ros/humble'), ('PWD', '/home/user/robocup_basketball_ws/build/rb_chassis'), ('PYTHONPATH', '/opt/ros/humble/lib/python3.10/site-packages:/opt/ros/humble/local/lib/python3.10/dist-packages'), ('COLCON', '1'), ('CMAKE_PREFIX_PATH', '/opt/ros/humble')]), 'shell': False}
[0.047423] (rb_msgs) StdoutLine: {'line': b'[  1%] Built target rb_msgs__cpp\n'}
[0.048577] (rb_msgs) StdoutLine: {'line': b'[ 12%] Built target rb_msgs__rosidl_generator_c\n'}
[0.053566] (rb_chassis) StdoutLine: {'line': b'[ 33%] Built target base_chassis\n'}
[0.060036] (rb_msgs) StdoutLine: {'line': b'[ 12%] Built target ament_cmake_python_symlink_rb_msgs\n'}
[0.067488] (rb_msgs) StdoutLine: {'line': b'[ 23%] Built target rb_msgs__rosidl_typesupport_fastrtps_cpp\n'}
[0.067762] (rb_msgs) StdoutLine: {'line': b'[ 35%] Built target rb_msgs__rosidl_typesupport_c\n'}
[0.070329] (rb_msgs) StdoutLine: {'line': b'[ 46%] Built target rb_msgs__rosidl_typesupport_fastrtps_c\n'}
[0.070545] (rb_msgs) StdoutLine: {'line': b'[ 57%] Built target rb_msgs__rosidl_typesupport_cpp\n'}
[0.071200] (rb_msgs) StdoutLine: {'line': b'[ 69%] Built target rb_msgs__rosidl_typesupport_introspection_c\n'}
[0.071548] (rb_msgs) StdoutLine: {'line': b'[ 80%] Built target rb_msgs__rosidl_typesupport_introspection_cpp\n'}
[0.079637] (rb_chassis) StdoutLine: {'line': b'[ 66%] Built target omni_chassis\n'}
[0.086644] (rb_msgs) StdoutLine: {'line': b'[ 80%] Built target rb_msgs\n'}
[0.099870] (-) TimerEvent: {}
[0.100661] (rb_chassis) StdoutLine: {'line': b'[100%] Built target rb_chassis_node\n'}
[0.104201] (rb_msgs) StdoutLine: {'line': b'[ 81%] Built target rb_msgs__py\n'}
[0.109358] (rb_chassis) CommandEnded: {'returncode': 0}
[0.109936] (rb_chassis) JobProgress: {'identifier': 'rb_chassis', 'progress': 'install'}
[0.117366] (rb_chassis) Command: {'cmd': ['/usr/bin/cmake', '--install', '/home/user/robocup_basketball_ws/build/rb_chassis'], 'cwd': '/home/user/robocup_basketball_ws/build/rb_chassis', 'env': OrderedDict([('SHLVL', '0'), ('LD_LIBRARY_PATH', '/opt/ros/humble/opt/rviz_ogre_vendor/lib:/opt/ros/humble/lib/x86_64-linux-gnu:/opt/ros/humble/lib'), ('HOME', '/home/user'), ('OLDPWD', '/home/user/robocup_basketball_ws'), ('ROS_PYTHON_VERSION', '3'), ('LC_CTYPE', 'C.UTF-8'), ('ROS_DISTRO', 'humble'), ('_', '/usr/bin/colcon'), ('ROS_VERSION', '2'), ('TERM', 'dumb'), ('ROS_LOCALHOST_ONLY', '0'), ('PATH', '/opt/ros/humble/bin:/usr/local/bin:/usr/bin:/bin'), ('AMENT_PREFIX_PATH', '/opt/ros/humble'), ('PWD', '/home/user/robocup_basketball_ws/build/rb_chassis'), ('PYTHONPATH', '/opt/ros/humble/lib/python3.10/site-packages:/opt/ros/humble/local/lib/python3.10/dist-packages'), ('COLCON', '1'), ('CMAKE_PREFIX_PATH', '/opt/ros/humble')]), 'shell': False}
[0.122746] (rb_chassis) StdoutLine: {'line': b'-- Install configuration: ""\n'}
[0.122958] (rb_chassis) StdoutLine: {'line': b'-- Execute custom install script\n'}
[0.123080] (rb_chassis) StdoutLine: {'line': b'-- Up-to-date symlink: /home/user/robocup_basketball_ws/install/rb_chassis/lib/libbase_chassis.a\n'}
[0.123191] (rb_chassis) StdoutLine: {'line': b'-- Up-to-date symlink: /home/user/robocup_basketball_ws/install/rb_chassis/lib/libomni_chassis.a\n'}
[0.123313] (rb_chassis) StdoutLine: {'line': b'-- Up-to-date symlink: /home/user/robocup_basketball_ws/install/rb_chassis/lib/rb_chassis/rb_chassis_node\n'}
[0.123484] (rb_chassis) StdoutLine: {'line': b'-- Up-to-date symlink: /home/user/robocup_basketball_ws/install/rb_chassis/include/chassis_lib/base_chassis.h\n'}
[0.123547] (rb_chassis) StdoutLine: {'line': b'-- Up-to-date symlink: /home/user/robocup_basketball_ws/install/rb_chassis/include/chassis_lib/omni_chassis.h\n'}
[0.123655] (rb_chassis) StdoutLine: {'line': b'-- Up-to-date symlink: /home/user/robocup_basketball_ws/install/rb_chassis/include/utils/utils.h\n'}
[0.123710] (rb_chassis) StdoutLine: {'line': b'-- Up-to-date symlink: /home/user/robocup_basketball_ws/install/rb_chassis/share/rb_chassis/launch/chassis.launch.py\n'}
[0.123817] (rb_chassis) StdoutLine: {'line': b'-- Up-to-date symlink: /home/user/robocup_basketball_ws/install/rb_chassis/share/rb_chassis/config/chassis.yaml\n'}
[0.123873] (rb_chassis) StdoutLine: {'line': b'-- Up-to-date symlink: /home/user/robocup_basketball_ws/install/rb_chassis/share/rb_chassis/environment/library_path.sh\n'}
[0.123979] (rb_chassis) StdoutLine: {'line': b'-- Up-to-date symlink: /home/user/robocup_basketball_ws/install/rb_chassis/share/rb_chassis/environment/library_path.dsv\n'}
[0.124035] (rb_chassis) StdoutLine: {'line': b'-- Up-to-date symlink: /home/user/robocup_basketball_ws/install/rb_chassis/share/ament_index/resource_index/package_run_dependencies/rb_chassis\n'}
[0.124144] (rb_chassis) StdoutLine: {'line': b'-- Up-to-date symlink: /home/user/robocup_basketball_ws/install/rb_chassis/share/ament_index/resource_index/parent_prefix_path/rb_chassis\n'}
[0.124200] (rb_chassis) StdoutLine: {'line': b'-- Up-to-date symlink: /home/user/robocup_basketball_ws/install/rb_chassis/share/rb_chassis/environment/ament_prefix_path.sh\n'}
[0.124408] (rb_chassis) StdoutLine: {'line': b'-- Up-to-date symlink: /home/user/robocup_basketball_ws/install/rb_chassis/share/rb_chassis/environment/ament_prefix_path.dsv\n'}
[0.124510] (rb_chassis) StdoutLine: {'line': b'-- Up-to-date symlink: /home/user/robocup_basketball_ws/install/rb_chassis/share/rb_chassis/environment/path.sh\n'}
[0.124566] (rb_chassis) StdoutLine: {'line': b'-- Up-to-date symlink: /home/user/robocup_basketball_ws/install/rb_chassis/share/rb_chassis/environment/path.dsv\n'}
[0.124623] (rb_chassis) StdoutLine: {'line': b'-- Up-to-date symlink: /home/user/robocup_basketball_ws/install/rb_chassis/share/rb_chassis/local_setup.bash\n'}
[0.124679] (rb_chassis) StdoutLine: {'line': b'-- Up-to-date symlink: /home/user/robocup_basketball_ws/install/rb_chassis/share/rb_chassis/local_setup.sh\n'}
[0.124845] (rb_chassis) StdoutLine: {'line': b'-- Up-to-date symlink: /home/user/robocup_basketball_ws/install/rb_chassis/share/rb_chassis/local_setup.zsh\n'}
[0.124906] (rb_chassis) StdoutLine: {'line': b'-- Up-to-date symlink: /home/user/robocup_basketball_ws/install/rb_chassis/share/rb_chassis/local_setup.dsv\n'}
[0.124959] (rb_chassis) StdoutLine: {'line': b'-- Symlinking: /home/user/robocup_basketball_ws/install/rb_chassis/share/rb_chassis/package.dsv\n'}
[0.125011] (rb_msgs) StdoutLine: {'line': b'[ 91%] Built target rb_msgs__rosidl_generator_py\n'}
[0.132666] (rb_chassis) StdoutLine: {'line': b'-- Up-to-date symlink: /home/user/robocup_basketball_ws/install/rb_chassis/share/ament_index/resource_index/packages/rb_chassis\n'}
[0.132892] (rb_chassis) StdoutLine: {'line': b'-- Up-to-date symlink: /home/user/robocup_basketball_ws/install/rb_chassis/share/rb_chassis/cmake/ament_cmake_export_include_directories-extras.cmake\n'}
[0.132954] (rb_chassis) StdoutLine: {'line': b'-- Up-to-date symlink: /home/user/robocup_basketball_ws/install/rb_chassis/share/rb_chassis/cmake/ament_cmake_export_libraries-extras.cmake\n'}
[0.133011] (rb_chassis) StdoutLine: {'line': b'-- Up-to-date symlink: /home/user/robocup_basketball_ws/install/rb_chassis/share/rb_chassis/cmake/ament_cmake_export_dependencies-extras.cmake\n'}
[0.133067] (rb_chassis) StdoutLine: {'line': b'-- Up-to-date symlink: /home/user/robocup_basketball_ws/install/rb_chassis/share/rb_chassis/cmake/rb_chassisConfig.cmake\n'}
[0.133133] (rb_chassis) StdoutLine: {'line': b'-- Up-to-date symlink: /home/user/robocup_basketball_ws/install/rb_chassis/share/rb_chassis/cmake/rb_chassisConfig-version.cmake\n'}
[0.133190] (rb_chassis) StdoutLine: {'line': b'-- Up-to-date symlink: /home/user/robocup_basketball_ws/install/rb_chassis/share/rb_chassis/package.xml\n'}
[0.133710] (rb_chassis) CommandEnded: {'returncode': 0}
[0.151863] (rb_chassis) JobEnded: {'identifier': 'rb_chassis', 'rc': 0}
[0.152146] (rb_msgs) StdoutLine: {'line': b'[ 94%] Built target rb_msgs__rosidl_typesupport_c__pyext\n'}
[0.152228] (rb_msgs) StdoutLine: {'line': b'[100%] Built target rb_msgs__rosidl_typesupport_introspection_c__pyext\n'}
[0.152289] (rb_msgs) StdoutLine: {'line': b'[100%] Built target rb_msgs__rosidl_typesupport_fastrtps_c__pyext\n'}
[0.200089] (-) TimerEvent: {}
[0.201350] (rb_msgs) StdoutLine: {'line': b'running egg_info\n'}
[0.201618] (rb_msgs) StdoutLine: {'line': b'writing rb_msgs.egg-info/PKG-INFO\n'}
[0.201785] (rb_msgs) StdoutLine: {'line': b'writing dependency_links to rb_msgs.egg-info/dependency_links.txt\n'}
[0.201839] (rb_msgs) StdoutLine: {'line': b'writing top-level names to rb_msgs.egg-info/top_level.txt\n'}
[0.203078] (rb_msgs) StdoutLine: {'line': b"reading manifest file 'rb_msgs.egg-info/SOURCES.txt'\n"}
[0.203444] (rb_msgs) StdoutLine: {'line': b"writing manifest file 'rb_msgs.egg-info/SOURCES.txt'\n"}
[0.220106] (rb_msgs) StdoutLine: {'line': b'[100%] Built target ament_cmake_python_build_rb_msgs_egg\n'}
[0.229008] (rb_msgs) CommandEnded: {'returncode': 0}
[0.229351] (rb_msgs) JobProgress: {'identifier': 'rb_msgs', 'progress': 'install'}
[0.229830] (rb_msgs) Command: {'cmd': ['/usr/bin/cmake', '--install', '/home/user/robocup_basketball_ws/build/rb_msgs'], 'cwd': '/home/user/robocup_basketball_ws/build/rb_msgs', 'env': OrderedDict([('SHLVL', '0'), ('LD_LIBRARY_PATH', '/opt/ros/humble/opt/rviz_ogre_vendor/lib:/opt/ros/humble/lib/x86_64-linux-gnu:/opt/ros/humble/lib'), ('HOME', '/home/user'), ('OLDPWD', '/home/user/robocup_basketball_ws'), ('ROS_PYTHON_VERSION', '3'), ('LC_CTYPE', 'C.UTF-8'), ('ROS_DISTRO', 'humble'), ('_', '/usr/bin/colcon'), ('ROS_VERSION', '2'), ('TERM', 'dumb'), ('ROS_LOCALHOST_ONLY', '0'), ('PATH', '/opt/ros/humble/bin:/usr/local/bin:/usr/bin:/bin'), ('AMENT_PREFIX_PATH', '/opt/ros/humble'), ('PWD', '/home/user/robocup_basketball_ws/build/rb_msgs'), ('PYTHONPATH', '/opt/ros/humble/lib/python3.10/site-packages:/opt/ros/humble/local/lib/python3.10/dist-packages'), ('COLCON', '1'), ('CMAKE_PREFIX_PATH', '/opt/ros/humble')]), 'shell': False}
[0.235352] (rb_msgs) StdoutLine: {'line': b'-- Install configuration: ""\n'}
[0.235872] (rb_msgs) StdoutLine: {'line': b'-- Execute custom install script\n'}
[0.235935] (rb_msgs) StdoutLine: {'line': b'-- Up-to-date symlink: /home/user/robocup_basketball_ws/install/rb_msgs/share/ament_index/resource_index/rosidl_interfaces/rb_msgs\n'}
[0.236222] (rb_msgs) StdoutLine: {'line': b'-- Up-to-date symlink: /home/user/robocup_basketball_ws/install/rb_msgs/include/rb_msgs/rb_msgs/msg/detail/detection__functions.h\n'}
[0.236323] (rb_msgs) StdoutLine: {'line': b'-- Up-to-date symlink: /home/user/robocup_basketball_ws/install/rb_msgs/include/rb_msgs/rb_msgs/msg/detail/detection__struct.h\n'}
[0.236387] (rb_msgs) StdoutLine: {'line': b'-- Up-to-date symlink: /home/user/robocup_basketball_ws/install/rb_msgs/include/rb_msgs/rb_msgs/msg/detail/detection__type_support.h\n'}
[0.236420] (rb_msgs) StdoutLine: {'line': b'-- Up-to-date symlink: /home/user/robocup_basketball_ws/install/rb_msgs/include/rb_msgs/rb_msgs/msg/detail/detection_array__functions.h\n'}
[0.236448] (rb_msgs) StdoutLine: {'line': b'-- Up-to-date symlink: /home/user/robocup_basketball_ws/install/rb_msgs/include/rb_msgs/rb_msgs/msg/detail/detection_array__struct.h\n'}
[0.236509] (rb_msgs) StdoutLine: {'line': b'-- Up-to-date symlink: /home/user/robocup_basketball_ws/install/rb_msgs/include/rb_msgs/rb_msgs/msg/detail/detection_array__type_support.h\n'}
[0.236539] (rb_msgs) StdoutLine: {'line': b'-- Up-to-date symlink: /home/user/robocup_basketball_ws/install/rb_msgs/include/rb_msgs/rb_msgs/msg/detail/mission_status__functions.h\n'}
[0.236567] (rb_msgs) StdoutLine: {'line': b'-- Up-to-date symlink: /home/user/robocup_basketball_ws/install/rb_msgs/include/rb_msgs/rb_msgs/msg/detail/mission_status__struct.h\n'}
[0.236637] (rb_msgs) StdoutLine: {'line': b'-- Up-to-date symlink: /home/user/robocup_basketball_ws/install/rb_msgs/include/rb_msgs/rb_msgs/msg/detail/mission_status__type_support.h\n'}
[0.236666] (rb_msgs) StdoutLine: {'line': b'-- Up-to-date symlink: /home/user/robocup_basketball_ws/install/rb_msgs/include/rb_msgs/rb_msgs/msg/detail/robot_state__functions.h\n'}
[0.236693] (rb_msgs) StdoutLine: {'line': b'-- Up-to-date symlink: /home/user/robocup_basketball_ws/install/rb_msgs/include/rb_msgs/rb_msgs/msg/detail/robot_state__struct.h\n'}
[0.236766] (rb_msgs) StdoutLine: {'line': b'-- Up-to-date symlink: /home/user/robocup_basketball_ws/install/rb_msgs/include/rb_msgs/rb_msgs/msg/detail/robot_state__type_support.h\n'}
[0.236794] (rb_msgs) StdoutLine: {'line': b'-- Up-to-date symlink: /home/user/robocup_basketball_ws/install/rb_msgs/include/rb_msgs/rb_msgs/msg/detection.h\n'}
[0.236821] (rb_msgs) StdoutLine: {'line': b'-- Up-to-date symlink: /home/user/robocup_basketball_ws/install/rb_msgs/include/rb_msgs/rb_msgs/msg/detection_array.h\n'}
[0.236889] (rb_msgs) StdoutLine: {'line': b'-- Up-to-date symlink: /home/user/robocup_basketball_ws/install/rb_msgs/include/rb_msgs/rb_msgs/msg/mission_status.h\n'}
[0.236948] (rb_msgs) StdoutLine: {'line': b'-- Up-to-date symlink: /home/user/robocup_basketball_ws/install/rb_msgs/include/rb_msgs/rb_msgs/msg/robot_state.h\n'}
[0.236976] (rb_msgs) StdoutLine: {'line': b'-- Up-to-date symlink: /home/user/robocup_basketball_ws/install/rb_msgs/include/rb_msgs/rb_msgs/msg/rosidl_generator_c__visibility_control.h\n'}
[0.237003] (rb_msgs) StdoutLine: {'line': b'-- Up-to-date symlink: /home/user/robocup_basketball_ws/install/rb_msgs/include/rb_msgs/rb_msgs/srv/detail/launch__functions.h\n'}
[0.237060] (rb_msgs) StdoutLine: {'line': b'-- Up-to-date symlink: /home/user/robocup_basketball_ws/install/rb_msgs/include/rb_msgs/rb_msgs/srv/detail/launch__struct.h\n'}
[0.237088] (rb_msgs) StdoutLine: {'line': b'-- Up-to-date symlink: /home/user/robocup_basketball_ws/install/rb_msgs/include/rb_msgs/rb_msgs/srv/detail/launch__type_support.h\n'}
[0.237115] (rb_msgs) StdoutLine: {'line': b'-- Up-to-date symlink: /home/user/robocup_basketball_ws/install/rb_msgs/include/rb_msgs/rb_msgs/srv/detail/set_mission__functions.h\n'}
[0.237187] (rb_msgs) StdoutLine: {'line': b'-- Up-to-date symlink: /home/user/robocup_basketball_ws/install/rb_msgs/include/rb_msgs/rb_msgs/srv/detail/set_mission__struct.h\n'}
[0.237224] (rb_msgs) StdoutLine: {'line': b'-- Up-to-date symlink: /home/user/robocup_basketball_ws/install/rb_msgs/include/rb_msgs/rb_msgs/srv/detail/set_mission__type_support.h\n'}
[0.237260] (rb_msgs) StdoutLine: {'line': b'-- Up-to-date symlink: /home/user/robocup_basketball_ws/install/rb_msgs/include/rb_msgs/rb_msgs/srv/launch.h\n'}
[0.237312] (rb_msgs) StdoutLine: {'line': b'-- Up-to-date symlink: /home/user/robocup_basketball_ws/install/rb_msgs/include/rb_msgs/rb_msgs/srv/set_mission.h\n'}
[0.237371] (rb_msgs) StdoutLine: {'line': b'-- Up-to-date symlink: /home/user/robocup_basketball_ws/install/rb_msgs/share/rb_msgs/environment/library_path.sh\n'}
[0.237427] (rb_msgs) StdoutLine: {'line': b'-- Up-to-date symlink: /home/user/robocup_basketball_ws/install/rb_msgs/share/rb_msgs/environment/library_path.dsv\n'}
[0.237683] (rb_msgs) StdoutLine: {'line': b'-- Up-to-date symlink: /home/user/robocup_basketball_ws/install/rb_msgs/include/rb_msgs/rb_msgs/msg/detail/detection__rosidl_typesupport_fastrtps_c.h\n'}
[0.237735] (rb_msgs) StdoutLine: {'line': b'-- Up-to-date symlink: /home/user/robocup_basketball_ws/install/rb_msgs/include/rb_msgs/rb_msgs/msg/detail/detection_array__rosidl_typesupport_fastrtps_c.h\n'}
[0.237785] (rb_msgs) StdoutLine: {'line': b'-- Up-to-date symlink: /home/user/robocup_basketball_ws/install/rb_msgs/include/rb_msgs/rb_msgs/msg/detail/mission_status__rosidl_typesupport_fastrtps_c.h\n'}
[0.237835] (rb_msgs) StdoutLine: {'line': b'-- Up-to-date symlink: /home/user/robocup_basketball_ws/install/rb_msgs/include/rb_msgs/rb_msgs/msg/detail/robot_state__rosidl_typesupport_fastrtps_c.h\n'}
[0.237884] (rb_msgs) StdoutLine: {'line': b'-- Up-to-date symlink: /home/user/robocup_basketball_ws/install/rb_msgs/include/rb_msgs/rb_msgs/msg/rosidl_typesupport_fastrtps_c__visibility_control.h\n'}
[0.237934] (rb_msgs) StdoutLine: {'line': b'-- Up-to-date symlink: /home/user/robocup_basketball_ws/install/rb_msgs/include/rb_msgs/rb_msgs/srv/detail/launch__rosidl_typesupport_fastrtps_c.h\n'}
[0.237983] (rb_msgs) StdoutLine: {'line': b'-- Up-to-date symlink: /home/user/robocup_basketball_ws/install/rb_msgs/include/rb_msgs/rb_msgs/srv/detail/set_mission__rosidl_typesupport_fastrtps_c.h\n'}
[0.238156] (rb_msgs) StdoutLine: {'line': b'-- Up-to-date symlink: /home/user/robocup_basketball_ws/install/rb_msgs/include/rb_msgs/rb_msgs/msg/detail/detection__rosidl_typesupport_introspection_c.h\n'}
[0.238204] (rb_msgs) StdoutLine: {'line': b'-- Up-to-date symlink: /home/user/robocup_basketball_ws/install/rb_msgs/include/rb_msgs/rb_msgs/msg/detail/detection_array__rosidl_typesupport_introspection_c.h\n'}
[0.238271] (rb_msgs) StdoutLine: {'line': b'-- Up-to-date symlink: /home/user/robocup_basketball_ws/install/rb_msgs/include/rb_msgs/rb_msgs/msg/detail/mission_status__rosidl_typesupport_introspection_c.h\n'}
[0.238328] (rb_msgs) StdoutLine: {'line': b'-- Up-to-date symlink: /home/user/robocup_basketball_ws/install/rb_msgs/include/rb_msgs/rb_msgs/msg/detail/robot_state__rosidl_typesupport_introspection_c.h\n'}
[0.238382] (rb_msgs) StdoutLine: {'line': b'-- Up-to-date symlink: /home/user/robocup_basketball_ws/install/rb_msgs/include/rb_msgs/rb_msgs/msg/rosidl_typesupport_introspection_c__visibility_control.h\n'}
[0.238450] (rb_msgs) StdoutLine: {'line': b'-- Up-to-date symlink: /home/user/robocup_basketball_ws/install/rb_msgs/include/rb_msgs/rb_msgs/srv/detail/launch__rosidl_typesupport_introspection_c.h\n'}
[0.238476] (rb_msgs) StdoutLine: {'line': b'-- Up-to-date symlink: /home/user/robocup_basketball_ws/install/rb_msgs/include/rb_msgs/rb_msgs/srv/detail/set_mission__rosidl_typesupport_introspection_c.h\n'}
[0.238729] (rb_msgs) StdoutLine: {'line': b'-- Up-to-date symlink: /home/user/robocup_basketball_ws/install/rb_msgs/include/rb_msgs/rb_msgs/msg/detail/detection__builder.hpp\n'}
[0.238779] (rb_msgs) StdoutLine: {'line': b'-- Up-to-date symlink: /home/user/robocup_basketball_ws/install/rb_msgs/include/rb_msgs/rb_msgs/msg/detail/detection__struct.hpp\n'}
[0.238827] (rb_msgs) StdoutLine: {'line': b'-- Up-to-date symlink: /home/user/robocup_basketball_ws/install/rb_msgs/include/rb_msgs/rb_msgs/msg/detail/detection__traits.hpp\n'}
[0.238876] (rb_msgs) StdoutLine: {'line': b'-- Up-to-date symlink: /home/user/robocup_basketball_ws/install/rb_msgs/include/rb_msgs/rb_msgs/msg/detail/detection__type_support.hpp\n'}
[0.238926] (rb_msgs) StdoutLine: {'line': b'-- Up-to-date symlink: /home/user/robocup_basketball_ws/install/rb_msgs/include/rb_msgs/rb_msgs/msg/detail/detection_array__builder.hpp\n'}
[0.238991] (rb_msgs) StdoutLine: {'line': b'-- Up-to-date symlink: /home/user/robocup_basketball_ws/install/rb_msgs/include/rb_msgs/rb_msgs/msg/detail/detection_array__struct.hpp\n'}
[0.239017] (rb_msgs) StdoutLine: {'line': b'-- Up-to-date symlink: /home/user/robocup_basketball_ws/install/rb_msgs/include/rb_msgs/rb_msgs/msg/detail/detection_array__traits.hpp\n'}
[0.239081] (rb_msgs) StdoutLine: {'line': b'-- Up-to-date symlink: /home/user/robocup_basketball_ws/install/rb_msgs/include/rb_msgs/rb_msgs/msg/detail/detection_array__type_support.hpp\n'}
[0.239108] (rb_msgs) StdoutLine: {'line': b'-- Up-to-date symlink: /home/user/robocup_basketball_ws/install/rb_msgs/include/rb_msgs/rb_msgs/msg/detail/mission_status__builder.hpp\n'}
[0.239169] (rb_msgs) StdoutLine: {'line': b'-- Up-to-date symlink: /home/user/robocup_basketball_ws/install/rb_msgs/include/rb_msgs/rb_msgs/msg/detail/mission_status__struct.hpp\n'}
[0.239223] (rb_msgs) StdoutLine: {'line': b'-- Up-to-date symlink: /home/user/robocup_basketball_ws/install/rb_msgs/include/rb_msgs/rb_msgs/msg/detail/mission_status__traits.hpp\n'}
[0.239252] (rb_msgs) StdoutLine: {'line': b'-- Up-to-date symlink: /home/user/robocup_basketball_ws/install/rb_msgs/include/rb_msgs/rb_msgs/msg/detail/mission_status__type_support.hpp\n'}
[0.239308] (rb_msgs) StdoutLine: {'line': b'-- Up-to-date symlink: /home/user/robocup_basketball_ws/install/rb_msgs/include/rb_msgs/rb_msgs/msg/detail/robot_state__builder.hpp\n'}
[0.239340] (rb_msgs) StdoutLine: {'line': b'-- Up-to-date symlink: /home/user/robocup_basketball_ws/install/rb_msgs/include/rb_msgs/rb_msgs/msg/detail/robot_state__struct.hpp\n'}
[0.239399] (rb_msgs) StdoutLine: {'line': b'-- Up-to-date symlink: /home/user/robocup_basketball_ws/install/rb_msgs/include/rb_msgs/rb_msgs/msg/detail/robot_state__traits.hpp\n'}
[0.239425] (rb_msgs) StdoutLine: {'line': b'-- Up-to-date symlink: /home/user/robocup_basketball_ws/install/rb_msgs/include/rb_msgs/rb_msgs/msg/detail/robot_state__type_support.hpp\n'}
[0.239488] (rb_msgs) StdoutLine: {'line': b'-- Up-to-date symlink: /home/user/robocup_basketball_ws/install/rb_msgs/include/rb_msgs/rb_msgs/msg/detection.hpp\n'}
[0.239515] (rb_msgs) StdoutLine: {'line': b'-- Up-to-date symlink: /home/user/robocup_basketball_ws/install/rb_msgs/include/rb_msgs/rb_msgs/msg/detection_array.hpp\n'}
[0.239565] (rb_msgs) StdoutLine: {'line': b'-- Up-to-date symlink: /home/user/robocup_basketball_ws/install/rb_msgs/include/rb_msgs/rb_msgs/msg/mission_status.hpp\n'}
[0.239618] (rb_msgs) StdoutLine: {'line': b'-- Up-to-date symlink: /home/user/robocup_basketball_ws/install/rb_msgs/include/rb_msgs/rb_msgs/msg/robot_state.hpp\n'}
[0.239645] (rb_msgs) StdoutLine: {'line': b'-- Up-to-date symlink: /home/user/robocup_basketball_ws/install/rb_msgs/include/rb_msgs/rb_msgs/msg/rosidl_generator_cpp__visibility_control.hpp\n'}
[0.239697] (rb_msgs) StdoutLine: {'line': b'-- Up-to-date symlink: /home/user/robocup_basketball_ws/install/rb_msgs/include/rb_msgs/rb_msgs/srv/detail/launch__builder.hpp\n'}
[0.239722] (rb_msgs) StdoutLine: {'line': b'-- Up-to-date symlink: /home/user/robocup_basketball_ws/install/rb_msgs/include/rb_msgs/rb_msgs/srv/detail/launch__struct.hpp\n'}
[0.239787] (rb_msgs) StdoutLine: {'line': b'-- Up-to-date symlink: /home/user/robocup_basketball_ws/install/rb_msgs/include/rb_msgs/rb_msgs/srv/detail/launch__traits.hpp\n'}
[0.239814] (rb_msgs) StdoutLine: {'line': b'-- Up-to-date symlink: /home/user/robocup_basketball_ws/install/rb_msgs/include/rb_msgs/rb_msgs/srv/detail/launch__type_support.hpp\n'}
[0.239874] (rb_msgs) StdoutLine: {'line': b'-- Up-to-date symlink: /home/user/robocup_basketball_ws/install/rb_msgs/include/rb_msgs/rb_msgs/srv/detail/set_mission__builder.hpp\n'}
[0.239901] (rb_msgs) StdoutLine: {'line': b'-- Up-to-date symlink: /home/user/robocup_basketball_ws/install/rb_msgs/include/rb_msgs/rb_msgs/srv/detail/set_mission__struct.hpp\n'}
[0.239954] (rb_msgs) StdoutLine: {'line': b'-- Up-to-date symlink: /home/user/robocup_basketball_ws/install/rb_msgs/include/rb_msgs/rb_msgs/srv/detail/set_mission__traits.hpp\n'}
[0.240002] (rb_msgs) StdoutLine: {'line': b'-- Up-to-date symlink: /home/user/robocup_basketball_ws/install/rb_msgs/include/rb_msgs/rb_msgs/srv/detail/set_mission__type_support.hpp\n'}
[0.240027] (rb_msgs) StdoutLine: {'line': b'-- Up-to-date symlink: /home/user/robocup_basketball_ws/install/rb_msgs/include/rb_msgs/rb_msgs/srv/launch.hpp\n'}
[0.240077] (rb_msgs) StdoutLine: {'line': b'-- Up-to-date symlink: /home/user/robocup_basketball_ws/install/rb_msgs/include/rb_msgs/rb_msgs/srv/set_mission.hpp\n'}
[0.240609] (rb_msgs) StdoutLine: {'line': b'-- Up-to-date symlink: /home/user/robocup_basketball_ws/install/rb_msgs/include/rb_msgs/rb_msgs/msg/detail/detection__rosidl_typesupport_fastrtps_cpp.hpp\n'}
[0.240677] (rb_msgs) StdoutLine: {'line': b'-- Up-to-date symlink: /home/user/robocup_basketball_ws/install/rb_msgs/include/rb_msgs/rb_msgs/msg/detail/detection_array__rosidl_typesupport_fastrtps_cpp.hpp\n'}
[0.240729] (rb_msgs) StdoutLine: {'line': b'-- Up-to-date symlink: /home/user/robocup_basketball_ws/install/rb_msgs/include/rb_msgs/rb_msgs/msg/detail/mission_status__rosidl_typesupport_fastrtps_cpp.hpp\n'}
[0.240779] (rb_msgs) StdoutLine: {'line': b'-- Up-to-date symlink: /home/user/robocup_basketball_ws/install/rb_msgs/include/rb_msgs/rb_msgs/msg/detail/robot_state__rosidl_typesupport_fastrtps_cpp.hpp\n'}
[0.240831] (rb_msgs) StdoutLine: {'line': b'-- Up-to-date symlink: /home/user/robocup_basketball_ws/install/rb_msgs/include/rb_msgs/rb_msgs/msg/rosidl_typesupport_fastrtps_cpp__visibility_control.h\n'}
[0.240879] (rb_msgs) StdoutLine: {'line': b'-- Up-to-date symlink: /home/user/robocup_basketball_ws/install/rb_msgs/include/rb_msgs/rb_msgs/srv/detail/launch__rosidl_typesupport_fastrtps_cpp.hpp\n'}
[0.240947] (rb_msgs) StdoutLine: {'line': b'-- Up-to-date symlink: /home/user/robocup_basketball_ws/install/rb_msgs/include/rb_msgs/rb_msgs/srv/detail/set_mission__rosidl_typesupport_fastrtps_cpp.hpp\n'}
[0.241220] (rb_msgs) StdoutLine: {'line': b'-- Up-to-date symlink: /home/user/robocup_basketball_ws/install/rb_msgs/include/rb_msgs/rb_msgs/msg/detail/detection__rosidl_typesupport_introspection_cpp.hpp\n'}
[0.241290] (rb_msgs) StdoutLine: {'line': b'-- Up-to-date symlink: /home/user/robocup_basketball_ws/install/rb_msgs/include/rb_msgs/rb_msgs/msg/detail/detection_array__rosidl_typesupport_introspection_cpp.hpp\n'}
[0.241352] (rb_msgs) StdoutLine: {'line': b'-- Up-to-date symlink: /home/user/robocup_basketball_ws/install/rb_msgs/include/rb_msgs/rb_msgs/msg/detail/mission_status__rosidl_typesupport_introspection_cpp.hpp\n'}
[0.241407] (rb_msgs) StdoutLine: {'line': b'-- Up-to-date symlink: /home/user/robocup_basketball_ws/install/rb_msgs/include/rb_msgs/rb_msgs/msg/detail/robot_state__rosidl_typesupport_introspection_cpp.hpp\n'}
[0.241457] (rb_msgs) StdoutLine: {'line': b'-- Up-to-date symlink: /home/user/robocup_basketball_ws/install/rb_msgs/include/rb_msgs/rb_msgs/srv/detail/launch__rosidl_typesupport_introspection_cpp.hpp\n'}
[0.241508] (rb_msgs) StdoutLine: {'line': b'-- Up-to-date symlink: /home/user/robocup_basketball_ws/install/rb_msgs/include/rb_msgs/rb_msgs/srv/detail/set_mission__rosidl_typesupport_introspection_cpp.hpp\n'}
[0.241558] (rb_msgs) StdoutLine: {'line': b'-- Up-to-date symlink: /home/user/robocup_basketball_ws/install/rb_msgs/share/rb_msgs/environment/pythonpath.sh\n'}
[0.241626] (rb_msgs) StdoutLine: {'line': b'-- Up-to-date symlink: /home/user/robocup_basketball_ws/install/rb_msgs/share/rb_msgs/environment/pythonpath.dsv\n'}
[0.241773] (rb_msgs) StdoutLine: {'line': b'-- Up-to-date symlink: /home/user/robocup_basketball_ws/install/rb_msgs/local/lib/python3.10/dist-packages/rb_msgs-0.1.0-py3.10.egg-info/PKG-INFO\n'}
[0.241820] (rb_msgs) StdoutLine: {'line': b'-- Up-to-date symlink: /home/user/robocup_basketball_ws/install/rb_msgs/local/lib/python3.10/dist-packages/rb_msgs-0.1.0-py3.10.egg-info/SOURCES.txt\n'}
[0.241870] (rb_msgs) StdoutLine: {'line': b'-- Up-to-date symlink: /home/user/robocup_basketball_ws/install/rb_msgs/local/lib/python3.10/dist-packages/rb_msgs-0.1.0-py3.10.egg-info/dependency_links.txt\n'}
[0.241919] (rb_msgs) StdoutLine: {'line': b'-- Up-to-date symlink: /home/user/robocup_basketball_ws/install/rb_msgs/local/lib/python3.10/dist-packages/rb_msgs-0.1.0-py3.10.egg-info/top_level.txt\n'}
[0.242335] (rb_msgs) StdoutLine: {'line': b'-- Up-to-date symlink: /home/user/robocup_basketball_ws/install/rb_msgs/local/lib/python3.10/dist-packages/rb_msgs/__init__.py\n'}
[0.242385] (rb_msgs) StdoutLine: {'line': b'-- Up-to-date symlink: /home/user/robocup_basketball_ws/install/rb_msgs/local/lib/python3.10/dist-packages/rb_msgs/_rb_msgs_s.ep.rosidl_typesupport_c.c\n'}
[0.242478] (rb_msgs) StdoutLine: {'line': b'-- Up-to-date symlink: /home/user/robocup_basketball_ws/install/rb_msgs/local/lib/python3.10/dist-packages/rb_msgs/_rb_msgs_s.ep.rosidl_typesupport_fastrtps_c.c\n'}
[0.242527] (rb_msgs) StdoutLine: {'line': b'-- Up-to-date symlink: /home/user/robocup_basketball_ws/install/rb_msgs/local/lib/python3.10/dist-packages/rb_msgs/_rb_msgs_s.ep.rosidl_typesupport_introspection_c.c\n'}
[0.242565] (rb_msgs) StdoutLine: {'line': b'-- Up-to-date symlink: /home/user/robocup_basketball_ws/install/rb_msgs/local/lib/python3.10/dist-packages/rb_msgs/librb_msgs__rosidl_generator_py.so\n'}
[0.242653] (rb_msgs) StdoutLine: {'line': b'-- Up-to-date symlink: /home/user/robocup_basketball_ws/install/rb_msgs/local/lib/python3.10/dist-packages/rb_msgs/msg/__init__.py\n'}
[0.242744] (rb_msgs) StdoutLine: {'line': b'-- Up-to-date symlink: /home/user/robocup_basketball_ws/install/rb_msgs/local/lib/python3.10/dist-packages/rb_msgs/msg/_detection.py\n'}
[0.242793] (rb_msgs) StdoutLine: {'line': b'-- Up-to-date symlink: /home/user/robocup_basketball_ws/install/rb_msgs/local/lib/python3.10/dist-packages/rb_msgs/msg/_detection_array.py\n'}
[0.242836] (rb_msgs) StdoutLine: {'line': b'-- Up-to-date symlink: /home/user/robocup_basketball_ws/install/rb_msgs/local/lib/python3.10/dist-packages/rb_msgs/msg/_detection_array_s.c\n'}
[0.242883] (rb_msgs) StdoutLine: {'line': b'-- Up-to-date symlink: /home/user/robocup_basketball_ws/install/rb_msgs/local/lib/python3.10/dist-packages/rb_msgs/msg/_detection_s.c\n'}
[0.242929] (rb_msgs) StdoutLine: {'line': b'-- Up-to-date symlink: /home/user/robocup_basketball_ws/install/rb_msgs/local/lib/python3.10/dist-packages/rb_msgs/msg/_mission_status.py\n'}
[0.243008] (rb_msgs) StdoutLine: {'line': b'-- Up-to-date symlink: /home/user/robocup_basketball_ws/install/rb_msgs/local/lib/python3.10/dist-packages/rb_msgs/msg/_mission_status_s.c\n'}
[0.243048] (rb_msgs) StdoutLine: {'line': b'-- Up-to-date symlink: /home/user/robocup_basketball_ws/install/rb_msgs/local/lib/python3.10/dist-packages/rb_msgs/msg/_robot_state.py\n'}
[0.243090] (rb_msgs) StdoutLine: {'line': b'-- Up-to-date symlink: /home/user/robocup_basketball_ws/install/rb_msgs/local/lib/python3.10/dist-packages/rb_msgs/msg/_robot_state_s.c\n'}
[0.243133] (rb_msgs) StdoutLine: {'line': b'-- Up-to-date symlink: /home/user/robocup_basketball_ws/install/rb_msgs/local/lib/python3.10/dist-packages/rb_msgs/rb_msgs_s__rosidl_typesupport_c.cpython-310-x86_64-linux-gnu.so\n'}
[0.243177] (rb_msgs) StdoutLine: {'line': b'-- Up-to-date symlink: /home/user/robocup_basketball_ws/install/rb_msgs/local/lib/python3.10/dist-packages/rb_msgs/rb_msgs_s__rosidl_typesupport_fastrtps_c.cpython-310-x86_64-linux-gnu.so\n'}
[0.243269] (rb_msgs) StdoutLine: {'line': b'-- Up-to-date symlink: /home/user/robocup_basketball_ws/install/rb_msgs/local/lib/python3.10/dist-packages/rb_msgs/rb_msgs_s__rosidl_typesupport_introspection_c.cpython-310-x86_64-linux-gnu.so\n'}
[0.243316] (rb_msgs) StdoutLine: {'line': b'-- Up-to-date symlink: /home/user/robocup_basketball_ws/install/rb_msgs/local/lib/python3.10/dist-packages/rb_msgs/srv/__init__.py\n'}
[0.243393] (rb_msgs) StdoutLine: {'line': b'-- Up-to-date symlink: /home/user/robocup_basketball_ws/install/rb_msgs/local/lib/python3.10/dist-packages/rb_msgs/srv/_launch.py\n'}
[0.243437] (rb_msgs) StdoutLine: {'line': b'-- Up-to-date symlink: /home/user/robocup_basketball_ws/install/rb_msgs/local/lib/python3.10/dist-packages/rb_msgs/srv/_launch_s.c\n'}
[0.243480] (rb_msgs) StdoutLine: {'line': b'-- Up-to-date symlink: /home/user/robocup_basketball_ws/install/rb_msgs/local/lib/python3.10/dist-packages/rb_msgs/srv/_set_mission.py\n'}
[0.243529] (rb_msgs) StdoutLine: {'line': b'-- Up-to-date symlink: /home/user/robocup_basketball_ws/install/rb_msgs/local/lib/python3.10/dist-packages/rb_msgs/srv/_set_mission_s.c\n'}
[0.243577] (rb_msgs) StdoutLine: {'line': b'-- Up-to-date symlink: /home/user/robocup_basketball_ws/install/rb_msgs/local/lib/python3.10/dist-packages/rb_msgs/rb_msgs_s__rosidl_typesupport_fastrtps_c.cpython-310-x86_64-linux-gnu.so\n'}
[0.243736] (rb_msgs) StdoutLine: {'line': b'-- Up-to-date symlink: /home/user/robocup_basketball_ws/install/rb_msgs/local/lib/python3.10/dist-packages/rb_msgs/rb_msgs_s__rosidl_typesupport_introspection_c.cpython-310-x86_64-linux-gnu.so\n'}
[0.243796] (rb_msgs) StdoutLine: {'line': b'-- Up-to-date symlink: /home/user/robocup_basketball_ws/install/rb_msgs/local/lib/python3.10/dist-packages/rb_msgs/rb_msgs_s__rosidl_typesupport_c.cpython-310-x86_64-linux-gnu.so\n'}
[0.243884] (rb_msgs) StdoutLine: {'line': b'-- Up-to-date symlink: /home/user/robocup_basketball_ws/install/rb_msgs/share/rb_msgs/msg/Detection.idl\n'}
[0.243937] (rb_msgs) StdoutLine: {'line': b'-- Up-to-date symlink: /home/user/robocup_basketball_ws/install/rb_msgs/share/rb_msgs/msg/DetectionArray.idl\n'}
[0.244011] (rb_msgs) StdoutLine: {'line': b'-- Up-to-date symlink: /home/user/robocup_basketball_ws/install/rb_msgs/share/rb_msgs/msg/RobotState.idl\n'}
[0.244057] (rb_msgs) StdoutLine: {'line': b'-- Up-to-date symlink: /home/user/robocup_basketball_ws/install/rb_msgs/share/rb_msgs/msg/MissionStatus.idl\n'}
[0.244128] (rb_msgs) StdoutLine: {'line': b'-- Up-to-date symlink: /home/user/robocup_basketball_ws/install/rb_msgs/share/rb_msgs/srv/Launch.idl\n'}
[0.244204] (rb_msgs) StdoutLine: {'line': b'-- Up-to-date symlink: /home/user/robocup_basketball_ws/install/rb_msgs/share/rb_msgs/srv/SetMission.idl\n'}
[0.244286] (rb_msgs) StdoutLine: {'line': b'-- Up-to-date symlink: /home/user/robocup_basketball_ws/install/rb_msgs/share/rb_msgs/msg/Detection.msg\n'}
[0.244358] (rb_msgs) StdoutLine: {'line': b'-- Up-to-date symlink: /home/user/robocup_basketball_ws/install/rb_msgs/share/rb_msgs/msg/DetectionArray.msg\n'}
[0.244416] (rb_msgs) StdoutLine: {'line': b'-- Up-to-date symlink: /home/user/robocup_basketball_ws/install/rb_msgs/share/rb_msgs/msg/RobotState.msg\n'}
[0.244492] (rb_msgs) StdoutLine: {'line': b'-- Up-to-date symlink: /home/user/robocup_basketball_ws/install/rb_msgs/share/rb_msgs/msg/MissionStatus.msg\n'}
[0.244547] (rb_msgs) StdoutLine: {'line': b'-- Up-to-date symlink: /home/user/robocup_basketball_ws/install/rb_msgs/share/rb_msgs/srv/Launch.srv\n'}
[0.244575] (rb_msgs) StdoutLine: {'line': b'-- Up-to-date symlink: /home/user/robocup_basketball_ws/install/rb_msgs/share/rb_msgs/srv/Launch_Request.msg\n'}
[0.244628] (rb_msgs) StdoutLine: {'line': b'-- Up-to-date symlink: /home/user/robocup_basketball_ws/install/rb_msgs/share/rb_msgs/srv/Launch_Response.msg\n'}
[0.244716] (rb_msgs) StdoutLine: {'line': b'-- Up-to-date symlink: /home/user/robocup_basketball_ws/install/rb_msgs/share/rb_msgs/srv/SetMission.srv\n'}
[0.244830] (rb_msgs) StdoutLine: {'line': b'-- Up-to-date symlink: /home/user/robocup_basketball_ws/install/rb_msgs/share/rb_msgs/srv/SetMission_Request.msg\n'}
[0.244927] (rb_msgs) StdoutLine: {'line': b'-- Up-to-date symlink: /home/user/robocup_basketball_ws/install/rb_msgs/share/rb_msgs/srv/SetMission_Response.msg\n'}
[0.245040] (rb_msgs) StdoutLine: {'line': b'-- Up-to-date symlink: /home/user/robocup_basketball_ws/install/rb_msgs/share/ament_index/resource_index/package_run_dependencies/rb_msgs\n'}
[0.245153] (rb_msgs) StdoutLine: {'line': b'-- Up-to-date symlink: /home/user/robocup_basketball_ws/install/rb_msgs/share/ament_index/resource_index/parent_prefix_path/rb_msgs\n'}
[0.245277] (rb_msgs) StdoutLine: {'line': b'-- Up-to-date symlink: /home/user/robocup_basketball_ws/install/rb_msgs/share/rb_msgs/environment/ament_prefix_path.sh\n'}
[0.245347] (rb_msgs) StdoutLine: {'line': b'-- Up-to-date symlink: /home/user/robocup_basketball_ws/install/rb_msgs/share/rb_msgs/environment/ament_prefix_path.dsv\n'}
[0.245468] (rb_msgs) StdoutLine: {'line': b'-- Up-to-date symlink: /home/user/robocup_basketball_ws/install/rb_msgs/share/rb_msgs/environment/path.sh\n'}
[0.245637] (rb_msgs) StdoutLine: {'line': b'-- Up-to-date symlink: /home/user/robocup_basketball_ws/install/rb_msgs/share/rb_msgs/environment/path.dsv\n'}
[0.245708] (rb_msgs) StdoutLine: {'line': b'-- Up-to-date symlink: /home/user/robocup_basketball_ws/install/rb_msgs/share/rb_msgs/local_setup.bash\n'}
[0.245875] (rb_msgs) StdoutLine: {'line': b'-- Up-to-date symlink: /home/user/robocup_basketball_ws/install/rb_msgs/share/rb_msgs/local_setup.sh\n'}
[0.245934] (rb_msgs) StdoutLine: {'line': b'-- Up-to-date symlink: /home/user/robocup_basketball_ws/install/rb_msgs/share/rb_msgs/local_setup.zsh\n'}
[0.245989] (rb_msgs) StdoutLine: {'line': b'-- Up-to-date symlink: /home/user/robocup_basketball_ws/install/rb_msgs/share/rb_msgs/local_setup.dsv\n'}
[0.246046] (rb_msgs) StdoutLine: {'line': b'-- Symlinking: /home/user/robocup_basketball_ws/install/rb_msgs/share/rb_msgs/package.dsv\n'}
[0.251125] (rb_msgs) StdoutLine: {'line': b'-- Up-to-date symlink: /home/user/robocup_basketball_ws/install/rb_msgs/share/ament_index/resource_index/packages/rb_msgs\n'}
[0.251260] (rb_msgs) StdoutLine: {'line': b'-- Up-to-date symlink: /home/user/robocup_basketball_ws/install/rb_msgs/share/rb_msgs/cmake/rosidl_cmake-extras.cmake\n'}
[0.251365] (rb_msgs) StdoutLine: {'line': b'-- Up-to-date symlink: /home/user/robocup_basketball_ws/install/rb_msgs/share/rb_msgs/cmake/ament_cmake_export_dependencies-extras.cmake\n'}
[0.251423] (rb_msgs) StdoutLine: {'line': b'-- Up-to-date symlink: /home/user/robocup_basketball_ws/install/rb_msgs/share/rb_msgs/cmake/ament_cmake_export_include_directories-extras.cmake\n'}
[0.251478] (rb_msgs) StdoutLine: {'line': b'-- Up-to-date symlink: /home/user/robocup_basketball_ws/install/rb_msgs/share/rb_msgs/cmake/ament_cmake_export_libraries-extras.cmake\n'}
[0.251533] (rb_msgs) StdoutLine: {'line': b'-- Up-to-date symlink: /home/user/robocup_basketball_ws/install/rb_msgs/share/rb_msgs/cmake/ament_cmake_export_targets-extras.cmake\n'}
[0.251625] (rb_msgs) StdoutLine: {'line': b'-- Up-to-date symlink: /home/user/robocup_basketball_ws/install/rb_msgs/share/rb_msgs/cmake/rosidl_cmake_export_typesupport_targets-extras.cmake\n'}
[0.251707] (rb_msgs) StdoutLine: {'line': b'-- Up-to-date symlink: /home/user/robocup_basketball_ws/install/rb_msgs/share/rb_msgs/cmake/rosidl_cmake_export_typesupport_libraries-extras.cmake\n'}
[0.251760] (rb_msgs) StdoutLine: {'line': b'-- Up-to-date symlink: /home/user/robocup_basketball_ws/install/rb_msgs/share/rb_msgs/cmake/rb_msgsConfig.cmake\n'}
[0.251815] (rb_msgs) StdoutLine: {'line': b'-- Up-to-date symlink: /home/user/robocup_basketball_ws/install/rb_msgs/share/rb_msgs/cmake/rb_msgsConfig-version.cmake\n'}
[0.251870] (rb_msgs) StdoutLine: {'line': b'-- Up-to-date symlink: /home/user/robocup_basketball_ws/install/rb_msgs/share/rb_msgs/package.xml\n'}
[0.251957] (rb_msgs) StdoutLine: {'line': b'-- Up-to-date: /home/user/robocup_basketball_ws/install/rb_msgs/lib/librb_msgs__rosidl_generator_c.so\n'}
[0.252011] (rb_msgs) StdoutLine: {'line': b'-- Up-to-date: /home/user/robocup_basketball_ws/install/rb_msgs/lib/librb_msgs__rosidl_typesupport_fastrtps_c.so\n'}
[0.252111] (rb_msgs) StdoutLine: {'line': b'-- Up-to-date: /home/user/robocup_basketball_ws/install/rb_msgs/lib/librb_msgs__rosidl_typesupport_introspection_c.so\n'}
[0.252165] (rb_msgs) StdoutLine: {'line': b'-- Up-to-date: /home/user/robocup_basketball_ws/install/rb_msgs/lib/librb_msgs__rosidl_typesupport_c.so\n'}
[0.252246] (rb_msgs) StdoutLine: {'line': b'-- Up-to-date: /home/user/robocup_basketball_ws/install/rb_msgs/lib/librb_msgs__rosidl_typesupport_fastrtps_cpp.so\n'}
[0.252331] (rb_msgs) StdoutLine: {'line': b'-- Up-to-date: /home/user/robocup_basketball_ws/install/rb_msgs/lib/librb_msgs__rosidl_typesupport_introspection_cpp.so\n'}
[0.252433] (rb_msgs) StdoutLine: {'line': b'-- Up-to-date: /home/user/robocup_basketball_ws/install/rb_msgs/lib/librb_msgs__rosidl_typesupport_cpp.so\n'}
[0.273817] (rb_msgs) StdoutLine: {'line': b"Listing '/home/user/robocup_basketball_ws/install/rb_msgs/local/lib/python3.10/dist-packages/rb_msgs'...\n"}
[0.273943] (rb_msgs) StdoutLine: {'line': b"Listing '/home/user/robocup_basketball_ws/install/rb_msgs/local/lib/python3.10/dist-packages/rb_msgs/msg'...\n"}
[0.274003] (rb_msgs) StdoutLine: {'line': b"Listing '/home/user/robocup_basketball_ws/install/rb_msgs/local/lib/python3.10/dist-packages/rb_msgs/srv'...\n"}
[0.276729] (rb_msgs) StdoutLine: {'line': b'-- Up-to-date: /home/user/robocup_basketball_ws/install/rb_msgs/lib/librb_msgs__rosidl_generator_py.so\n'}
[0.277198] (rb_msgs) StdoutLine: {'line': b'-- Up-to-date: /home/user/robocup_basketball_ws/install/rb_msgs/share/rb_msgs/cmake/export_rb_msgs__rosidl_generator_cExport.cmake\n'}
[0.277471] (rb_msgs) StdoutLine: {'line': b'-- Up-to-date: /home/user/robocup_basketball_ws/install/rb_msgs/share/rb_msgs/cmake/export_rb_msgs__rosidl_generator_cExport-noconfig.cmake\n'}
[0.277553] (rb_msgs) StdoutLine: {'line': b'-- Up-to-date: /home/user/robocup_basketball_ws/install/rb_msgs/share/rb_msgs/cmake/export_rb_msgs__rosidl_typesupport_fastrtps_cExport.cmake\n'}
[0.277615] (rb_msgs) StdoutLine: {'line': b'-- Up-to-date: /home/user/robocup_basketball_ws/install/rb_msgs/share/rb_msgs/cmake/export_rb_msgs__rosidl_typesupport_fastrtps_cExport-noconfig.cmake\n'}
[0.277670] (rb_msgs) StdoutLine: {'line': b'-- Up-to-date: /home/user/robocup_basketball_ws/install/rb_msgs/share/rb_msgs/cmake/rb_msgs__rosidl_typesupport_introspection_cExport.cmake\n'}
[0.277862] (rb_msgs) StdoutLine: {'line': b'-- Up-to-date: /home/user/robocup_basketball_ws/install/rb_msgs/share/rb_msgs/cmake/rb_msgs__rosidl_typesupport_introspection_cExport-noconfig.cmake\n'}
[0.277919] (rb_msgs) StdoutLine: {'line': b'-- Up-to-date: /home/user/robocup_basketball_ws/install/rb_msgs/share/rb_msgs/cmake/rb_msgs__rosidl_typesupport_cExport.cmake\n'}
[0.277973] (rb_msgs) StdoutLine: {'line': b'-- Up-to-date: /home/user/robocup_basketball_ws/install/rb_msgs/share/rb_msgs/cmake/rb_msgs__rosidl_typesupport_cExport-noconfig.cmake\n'}
[0.278024] (rb_msgs) StdoutLine: {'line': b'-- Up-to-date: /home/user/robocup_basketball_ws/install/rb_msgs/share/rb_msgs/cmake/export_rb_msgs__rosidl_generator_cppExport.cmake\n'}
[0.278093] (rb_msgs) StdoutLine: {'line': b'-- Up-to-date: /home/user/robocup_basketball_ws/install/rb_msgs/share/rb_msgs/cmake/export_rb_msgs__rosidl_typesupport_fastrtps_cppExport.cmake\n'}
[0.278146] (rb_msgs) StdoutLine: {'line': b'-- Up-to-date: /home/user/robocup_basketball_ws/install/rb_msgs/share/rb_msgs/cmake/export_rb_msgs__rosidl_typesupport_fastrtps_cppExport-noconfig.cmake\n'}
[0.278204] (rb_msgs) StdoutLine: {'line': b'-- Up-to-date: /home/user/robocup_basketball_ws/install/rb_msgs/share/rb_msgs/cmake/rb_msgs__rosidl_typesupport_introspection_cppExport.cmake\n'}
[0.278323] (rb_msgs) StdoutLine: {'line': b'-- Up-to-date: /home/user/robocup_basketball_ws/install/rb_msgs/share/rb_msgs/cmake/rb_msgs__rosidl_typesupport_introspection_cppExport-noconfig.cmake\n'}
[0.278383] (rb_msgs) StdoutLine: {'line': b'-- Up-to-date: /home/user/robocup_basketball_ws/install/rb_msgs/share/rb_msgs/cmake/rb_msgs__rosidl_typesupport_cppExport.cmake\n'}
[0.278409] (rb_msgs) StdoutLine: {'line': b'-- Up-to-date: /home/user/robocup_basketball_ws/install/rb_msgs/share/rb_msgs/cmake/rb_msgs__rosidl_typesupport_cppExport-noconfig.cmake\n'}
[0.278431] (rb_msgs) StdoutLine: {'line': b'-- Up-to-date: /home/user/robocup_basketball_ws/install/rb_msgs/share/rb_msgs/cmake/export_rb_msgs__rosidl_generator_pyExport.cmake\n'}
[0.278452] (rb_msgs) StdoutLine: {'line': b'-- Up-to-date: /home/user/robocup_basketball_ws/install/rb_msgs/share/rb_msgs/cmake/export_rb_msgs__rosidl_generator_pyExport-noconfig.cmake\n'}
[0.279362] (rb_msgs) CommandEnded: {'returncode': 0}
[0.287819] (rb_msgs) JobEnded: {'identifier': 'rb_msgs', 'rc': 0}
[0.288073] (rb_launcher) JobStarted: {'identifier': 'rb_launcher'}
[0.289425] (rb_localization) JobStarted: {'identifier': 'rb_localization'}
[0.291087] (rb_mission) JobStarted: {'identifier': 'rb_mission'}
[0.294047] (rb_perception) JobStarted: {'identifier': 'rb_perception'}
[0.296926] (rb_launcher) JobProgress: {'identifier': 'rb_launcher', 'progress': 'cmake'}
[0.297179] (rb_launcher) JobProgress: {'identifier': 'rb_launcher', 'progress': 'build'}
[0.297339] (rb_launcher) Command: {'cmd': ['/usr/bin/cmake', '--build', '/home/user/robocup_basketball_ws/build/rb_launcher', '--', '-j16', '-l16'], 'cwd': '/home/user/robocup_basketball_ws/build/rb_launcher', 'env': OrderedDict([('SHLVL', '0'), ('LD_LIBRARY_PATH', '/home/user/robocup_basketball_ws/install/rb_msgs/lib:/opt/ros/humble/opt/rviz_ogre_vendor/lib:/opt/ros/humble/lib/x86_64-linux-gnu:/opt/ros/humble/lib'), ('HOME', '/home/user'), ('OLDPWD', '/home/user/robocup_basketball_ws'), ('ROS_PYTHON_VERSION', '3'), ('LC_CTYPE', 'C.UTF-8'), ('ROS_DISTRO', 'humble'), ('_', '/usr/bin/colcon'), ('ROS_VERSION', '2'), ('TERM', 'dumb'), ('ROS_LOCALHOST_ONLY', '0'), ('PATH', '/opt/ros/humble/bin:/usr/local/bin:/usr/bin:/bin'), ('AMENT_PREFIX_PATH', '/home/user/robocup_basketball_ws/install/rb_msgs:/opt/ros/humble'), ('PWD', '/home/user/robocup_basketball_ws/build/rb_launcher'), ('PYTHONPATH', '/home/user/robocup_basketball_ws/install/rb_msgs/local/lib/python3.10/dist-packages:/opt/ros/humble/lib/python3.10/site-packages:/opt/ros/humble/local/lib/python3.10/dist-packages'), ('COLCON', '1'), ('CMAKE_PREFIX_PATH', '/home/user/robocup_basketball_ws/install/rb_msgs:/opt/ros/humble')]), 'shell': False}
[0.300186] (-) TimerEvent: {}
[0.400419] (-) TimerEvent: {}
[0.500596] (-) TimerEvent: {}
[0.561782] (rb_launcher) StdoutLine: {'line': b'[ 33%] Built target serial_base_lib\n'}
[0.562113] (rb_launcher) StdoutLine: {'line': b'[ 66%] Built target serial_R1_lib\n'}
[0.562144] (rb_launcher) StdoutLine: {'line': b'[100%] Built target rb_launcher_node\n'}
[0.600774] (-) TimerEvent: {}
[0.688363] (rb_launcher) CommandEnded: {'returncode': 0}
[0.689032] (rb_launcher) JobProgress: {'identifier': 'rb_launcher', 'progress': 'install'}
[0.689047] (rb_launcher) Command: {'cmd': ['/usr/bin/cmake', '--install', '/home/user/robocup_basketball_ws/build/rb_launcher'], 'cwd': '/home/user/robocup_basketball_ws/build/rb_launcher', 'env': OrderedDict([('SHLVL', '0'), ('LD_LIBRARY_PATH', '/home/user/robocup_basketball_ws/install/rb_msgs/lib:/opt/ros/humble/opt/rviz_ogre_vendor/lib:/opt/ros/humble/lib/x86_64-linux-gnu:/opt/ros/humble/lib'), ('HOME', '/home/user'), ('OLDPWD', '/home/user/robocup_basketball_ws'), ('ROS_PYTHON_VERSION', '3'), ('LC_CTYPE', 'C.UTF-8'), ('ROS_DISTRO', 'humble'), ('_', '/usr/bin/colcon'), ('ROS_VERSION', '2'), ('TERM', 'dumb'), ('ROS_LOCALHOST_ONLY', '0'), ('PATH', '/opt/ros/humble/bin:/usr/local/bin:/usr/bin:/bin'), ('AMENT_PREFIX_PATH', '/home/user/robocup_basketball_ws/install/rb_msgs:/opt/ros/humble'), ('PWD', '/home/user/robocup_basketball_ws/build/rb_launcher'), ('PYTHONPATH', '/home/user/robocup_basketball_ws/install/rb_msgs/local/lib/python3.10/dist-packages:/opt/ros/humble/lib/python3.10/site-packages:/opt/ros/humble/local/lib/python3.10/dist-packages'), ('COLCON', '1'), ('CMAKE_PREFIX_PATH', '/home/user/robocup_basketball_ws/install/rb_msgs:/opt/ros/humble')]), 'shell': False}
[0.695449] (rb_launcher) StdoutLine: {'line': b'-- Install configuration: ""\n'}
[0.695750] (rb_launcher) StdoutLine: {'line': b'-- Execute custom install script\n'}
[0.695911] (rb_launcher) StdoutLine: {'line': b'-- Up-to-date symlink: /home/user/robocup_basketball_ws/install/rb_launcher/lib/rb_launcher/rb_launcher_node\n'}
[0.696096] (rb_launcher) StdoutLine: {'line': b'-- Up-to-date symlink: /home/user/robocup_basketball_ws/install/rb_launcher/include/serial_port/serial_port.hpp\n'}
[0.696153] (rb_launcher) StdoutLine: {'line': b'-- Up-to-date symlink: /home/user/robocup_basketball_ws/install/rb_launcher/include/serial_port/serial_port_R1.hpp\n'}
[0.696216] (rb_launcher) StdoutLine: {'line': b'-- Up-to-date symlink: /home/user/robocup_basketball_ws/install/rb_launcher/include/utils/message.hpp\n'}
[0.696335] (rb_launcher) StdoutLine: {'line': b'-- Up-to-date symlink: /home/user/robocup_basketball_ws/install/rb_launcher/share/rb_launcher/launch/launcher.launch.py\n'}
[0.696436] (rb_launcher) StdoutLine: {'line': b'-- Up-to-date symlink: /home/user/robocup_basketball_ws/install/rb_launcher/share/rb_launcher/config/launcher.yaml\n'}
[0.696527] (rb_launcher) StdoutLine: {'line': b'-- Up-to-date symlink: /home/user/robocup_basketball_ws/install/rb_launcher/share/ament_index/resource_index/package_run_dependencies/rb_launcher\n'}
[0.696606] (rb_launcher) StdoutLine: {'line': b'-- Up-to-date symlink: /home/user/robocup_basketball_ws/install/rb_launcher/share/ament_index/resource_index/parent_prefix_path/rb_launcher\n'}
[0.696684] (rb_launcher) StdoutLine: {'line': b'-- Up-to-date symlink: /home/user/robocup_basketball_ws/install/rb_launcher/share/rb_launcher/environment/ament_prefix_path.sh\n'}
[0.696752] (rb_launcher) StdoutLine: {'line': b'-- Up-to-date symlink: /home/user/robocup_basketball_ws/install/rb_launcher/share/rb_launcher/environment/ament_prefix_path.dsv\n'}
[0.696821] (rb_launcher) StdoutLine: {'line': b'-- Up-to-date symlink: /home/user/robocup_basketball_ws/install/rb_launcher/share/rb_launcher/environment/path.sh\n'}
[0.696887] (rb_launcher) StdoutLine: {'line': b'-- Up-to-date symlink: /home/user/robocup_basketball_ws/install/rb_launcher/share/rb_launcher/environment/path.dsv\n'}
[0.696952] (rb_launcher) StdoutLine: {'line': b'-- Up-to-date symlink: /home/user/robocup_basketball_ws/install/rb_launcher/share/rb_launcher/local_setup.bash\n'}
[0.697016] (rb_launcher) StdoutLine: {'line': b'-- Up-to-date symlink: /home/user/robocup_basketball_ws/install/rb_launcher/share/rb_launcher/local_setup.sh\n'}
[0.697077] (rb_launcher) StdoutLine: {'line': b'-- Up-to-date symlink: /home/user/robocup_basketball_ws/install/rb_launcher/share/rb_launcher/local_setup.zsh\n'}
[0.697137] (rb_launcher) StdoutLine: {'line': b'-- Up-to-date symlink: /home/user/robocup_basketball_ws/install/rb_launcher/share/rb_launcher/local_setup.dsv\n'}
[0.697188] (rb_launcher) StdoutLine: {'line': b'-- Symlinking: /home/user/robocup_basketball_ws/install/rb_launcher/share/rb_launcher/package.dsv\n'}
[0.700861] (-) TimerEvent: {}
[0.704653] (rb_launcher) StdoutLine: {'line': b'-- Up-to-date symlink: /home/user/robocup_basketball_ws/install/rb_launcher/share/ament_index/resource_index/packages/rb_launcher\n'}
[0.704885] (rb_launcher) StdoutLine: {'line': b'-- Up-to-date symlink: /home/user/robocup_basketball_ws/install/rb_launcher/share/rb_launcher/cmake/ament_cmake_export_include_directories-extras.cmake\n'}
[0.704956] (rb_launcher) StdoutLine: {'line': b'-- Up-to-date symlink: /home/user/robocup_basketball_ws/install/rb_launcher/share/rb_launcher/cmake/rb_launcherConfig.cmake\n'}
[0.705014] (rb_launcher) StdoutLine: {'line': b'-- Up-to-date symlink: /home/user/robocup_basketball_ws/install/rb_launcher/share/rb_launcher/cmake/rb_launcherConfig-version.cmake\n'}
[0.705069] (rb_launcher) StdoutLine: {'line': b'-- Up-to-date symlink: /home/user/robocup_basketball_ws/install/rb_launcher/share/rb_launcher/package.xml\n'}
[0.706165] (rb_launcher) CommandEnded: {'returncode': 0}
[0.716007] (rb_launcher) JobEnded: {'identifier': 'rb_launcher', 'rc': 0}
[0.800990] (-) TimerEvent: {}
[0.887791] (rb_perception) Command: {'cmd': ['/usr/bin/python3', '-W', 'ignore:setup.py install is deprecated', '-W', 'ignore:easy_install command is deprecated', 'setup.py', 'develop', '--editable', '--build-directory', '/home/user/robocup_basketball_ws/build/rb_perception/build', '--no-deps', 'symlink_data'], 'cwd': '/home/user/robocup_basketball_ws/build/rb_perception', 'env': {'SHLVL': '0', 'LD_LIBRARY_PATH': '/home/user/robocup_basketball_ws/install/rb_msgs/lib:/opt/ros/humble/opt/rviz_ogre_vendor/lib:/opt/ros/humble/lib/x86_64-linux-gnu:/opt/ros/humble/lib', 'HOME': '/home/user', 'OLDPWD': '/home/user/robocup_basketball_ws', 'ROS_PYTHON_VERSION': '3', 'LC_CTYPE': 'C.UTF-8', 'ROS_DISTRO': 'humble', '_': '/usr/bin/colcon', 'ROS_VERSION': '2', 'TERM': 'dumb', 'ROS_LOCALHOST_ONLY': '0', 'PATH': '/opt/ros/humble/bin:/usr/local/bin:/usr/bin:/bin', 'AMENT_PREFIX_PATH': '/home/user/robocup_basketball_ws/install/rb_msgs:/opt/ros/humble', 'PWD': '/home/user/robocup_basketball_ws/build/rb_perception', 'PYTHONPATH': '/home/user/robocup_basketball_ws/build/rb_perception/prefix_override:/usr/lib/python3/dist-packages/colcon_core/task/python/colcon_distutils_commands:/home/user/robocup_basketball_ws/install/rb_perception/lib/python3.10/site-packages:/home/user/robocup_basketball_ws/install/rb_msgs/local/lib/python3.10/dist-packages:/opt/ros/humble/lib/python3.10/site-packages:/opt/ros/humble/local/lib/python3.10/dist-packages', 'COLCON': '1', 'CMAKE_PREFIX_PATH': '/home/user/robocup_basketball_ws/install/rb_msgs'}, 'shell': False}
[0.893324] (rb_mission) Command: {'cmd': ['/usr/bin/python3', '-W', 'ignore:setup.py install is deprecated', '-W', 'ignore:easy_install command is deprecated', 'setup.py', 'develop', '--editable', '--build-directory', '/home/user/robocup_basketball_ws/build/rb_mission/build', '--no-deps', 'symlink_data'], 'cwd': '/home/user/robocup_basketball_ws/build/rb_mission', 'env': {'SHLVL': '0', 'LD_LIBRARY_PATH': '/home/user/robocup_basketball_ws/install/rb_msgs/lib:/opt/ros/humble/opt/rviz_ogre_vendor/lib:/opt/ros/humble/lib/x86_64-linux-gnu:/opt/ros/humble/lib', 'HOME': '/home/user', 'OLDPWD': '/home/user/robocup_basketball_ws', 'ROS_PYTHON_VERSION': '3', 'LC_CTYPE': 'C.UTF-8', 'ROS_DISTRO': 'humble', '_': '/usr/bin/colcon', 'ROS_VERSION': '2', 'TERM': 'dumb', 'ROS_LOCALHOST_ONLY': '0', 'PATH': '/opt/ros/humble/bin:/usr/local/bin:/usr/bin:/bin', 'AMENT_PREFIX_PATH': '/home/user/robocup_basketball_ws/install/rb_msgs:/opt/ros/humble', 'PWD': '/home/user/robocup_basketball_ws/build/rb_mission', 'PYTHONPATH': '/home/user/robocup_basketball_ws/build/rb_mission/prefix_override:/usr/lib/python3/dist-packages/colcon_core/task/python/colcon_distutils_commands:/home/user/robocup_basketball_ws/install/rb_mission/lib/python3.10/site-packages:/home/user/robocup_basketball_ws/install/rb_msgs/local/lib/python3.10/dist-packages:/opt/ros/humble/lib/python3.10/site-packages:/opt/ros/humble/local/lib/python3.10/dist-packages', 'COLCON': '1', 'CMAKE_PREFIX_PATH': '/home/user/robocup_basketball_ws/install/rb_msgs'}, 'shell': False}
[0.901068] (-) TimerEvent: {}
[0.901254] (rb_localization) Command: {'cmd': ['/usr/bin/python3', '-W', 'ignore:setup.py install is deprecated', '-W', 'ignore:easy_install command is deprecated', 'setup.py', 'develop', '--editable', '--build-directory', '/home/user/robocup_basketball_ws/build/rb_localization/build', '--no-deps', 'symlink_data'], 'cwd': '/home/user/robocup_basketball_ws/build/rb_localization', 'env': {'SHLVL': '0', 'LD_LIBRARY_PATH': '/home/user/robocup_basketball_ws/install/rb_msgs/lib:/opt/ros/humble/opt/rviz_ogre_vendor/lib:/opt/ros/humble/lib/x86_64-linux-gnu:/opt/ros/humble/lib', 'HOME': '/home/user', 'OLDPWD': '/home/user/robocup_basketball_ws', 'ROS_PYTHON_VERSION': '3', 'LC_CTYPE': 'C.UTF-8', 'ROS_DISTRO': 'humble', '_': '/usr/bin/colcon', 'ROS_VERSION': '2', 'TERM': 'dumb', 'ROS_LOCALHOST_ONLY': '0', 'PATH': '/opt/ros/humble/bin:/usr/local/bin:/usr/bin:/bin', 'AMENT_PREFIX_PATH': '/home/user/robocup_basketball_ws/install/rb_msgs:/opt/ros/humble', 'PWD': '/home/user/robocup_basketball_ws/build/rb_localization', 'PYTHONPATH': '/home/user/robocup_basketball_ws/build/rb_localization/prefix_override:/usr/lib/python3/dist-packages/colcon_core/task/python/colcon_distutils_commands:/home/user/robocup_basketball_ws/install/rb_localization/lib/python3.10/site-packages:/home/user/robocup_basketball_ws/install/rb_msgs/local/lib/python3.10/dist-packages:/opt/ros/humble/lib/python3.10/site-packages:/opt/ros/humble/local/lib/python3.10/dist-packages', 'COLCON': '1', 'CMAKE_PREFIX_PATH': '/home/user/robocup_basketball_ws/install/rb_msgs'}, 'shell': False}
[1.001312] (-) TimerEvent: {}
[1.034558] (rb_mission) StdoutLine: {'line': b'running develop\n'}
[1.046846] (rb_localization) StdoutLine: {'line': b'running develop\n'}
[1.058517] (rb_perception) StdoutLine: {'line': b'running develop\n'}
[1.101404] (-) TimerEvent: {}
[1.115709] (rb_mission) StdoutLine: {'line': b'running egg_info\n'}
[1.115866] (rb_mission) StdoutLine: {'line': b'writing rb_mission.egg-info/PKG-INFO\n'}
[1.116070] (rb_mission) StdoutLine: {'line': b'writing dependency_links to rb_mission.egg-info/dependency_links.txt\n'}
[1.116183] (rb_mission) StdoutLine: {'line': b'writing entry points to rb_mission.egg-info/entry_points.txt\n'}
[1.116258] (rb_mission) StdoutLine: {'line': b'writing requirements to rb_mission.egg-info/requires.txt\n'}
[1.116313] (rb_mission) StdoutLine: {'line': b'writing top-level names to rb_mission.egg-info/top_level.txt\n'}
[1.117293] (rb_mission) StdoutLine: {'line': b"reading manifest file 'rb_mission.egg-info/SOURCES.txt'\n"}
[1.117639] (rb_mission) StdoutLine: {'line': b"writing manifest file 'rb_mission.egg-info/SOURCES.txt'\n"}
[1.118427] (rb_mission) StdoutLine: {'line': b'running build_ext\n'}
[1.118549] (rb_mission) StdoutLine: {'line': b'Creating /home/user/robocup_basketball_ws/install/rb_mission/lib/python3.10/site-packages/rb-mission.egg-link (link to .)\n'}
[1.119126] (rb_mission) StdoutLine: {'line': b'Installing mission_node script to /home/user/robocup_basketball_ws/install/rb_mission/lib/rb_mission\n'}
[1.119262] (rb_mission) StdoutLine: {'line': b'\n'}
[1.119324] (rb_mission) StdoutLine: {'line': b'Installed /home/user/robocup_basketball_ws/build/rb_mission\n'}
[1.119380] (rb_mission) StdoutLine: {'line': b'running symlink_data\n'}
[1.128151] (rb_localization) StdoutLine: {'line': b'running egg_info\n'}
[1.128323] (rb_localization) StdoutLine: {'line': b'writing rb_localization.egg-info/PKG-INFO\n'}
[1.128517] (rb_localization) StdoutLine: {'line': b'writing dependency_links to rb_localization.egg-info/dependency_links.txt\n'}
[1.128636] (rb_localization) StdoutLine: {'line': b'writing entry points to rb_localization.egg-info/entry_points.txt\n'}
[1.128693] (rb_localization) StdoutLine: {'line': b'writing requirements to rb_localization.egg-info/requires.txt\n'}
[1.128746] (rb_localization) StdoutLine: {'line': b'writing top-level names to rb_localization.egg-info/top_level.txt\n'}
[1.129838] (rb_localization) StdoutLine: {'line': b"reading manifest file 'rb_localization.egg-info/SOURCES.txt'\n"}
[1.130216] (rb_localization) StdoutLine: {'line': b"writing manifest file 'rb_localization.egg-info/SOURCES.txt'\n"}
[1.131201] (rb_localization) StdoutLine: {'line': b'running build_ext\n'}
[1.131329] (rb_localization) StdoutLine: {'line': b'Creating /home/user/robocup_basketball_ws/install/rb_localization/lib/python3.10/site-packages/rb-localization.egg-link (link to .)\n'}
[1.131991] (rb_localization) StdoutLine: {'line': b'Installing localization_node script to /home/user/robocup_basketball_ws/install/rb_localization/lib/rb_localization\n'}
[1.132138] (rb_localization) StdoutLine: {'line': b'\n'}
[1.132225] (rb_localization) StdoutLine: {'line': b'Installed /home/user/robocup_basketball_ws/build/rb_localization\n'}
[1.132406] (rb_localization) StdoutLine: {'line': b'running symlink_data\n'}
[1.137672] (rb_mission) CommandEnded: {'returncode': 0}
[1.142399] (rb_mission) JobEnded: {'identifier': 'rb_mission', 'rc': 0}
[1.143031] (rb_perception) StdoutLine: {'line': b'running egg_info\n'}
[1.143172] (rb_perception) StdoutLine: {'line': b'writing rb_perception.egg-info/PKG-INFO\n'}
[1.143291] (rb_perception) StdoutLine: {'line': b'writing dependency_links to rb_perception.egg-info/dependency_links.txt\n'}
[1.143379] (rb_perception) StdoutLine: {'line': b'writing entry points to rb_perception.egg-info/entry_points.txt\n'}
[1.143463] (rb_perception) StdoutLine: {'line': b'writing requirements to rb_perception.egg-info/requires.txt\n'}
[1.143560] (rb_perception) StdoutLine: {'line': b'writing top-level names to rb_perception.egg-info/top_level.txt\n'}
[1.143637] (rb_perception) StdoutLine: {'line': b"reading manifest file 'rb_perception.egg-info/SOURCES.txt'\n"}
[1.143724] (rb_perception) StdoutLine: {'line': b"writing manifest file 'rb_perception.egg-info/SOURCES.txt'\n"}
[1.143800] (rb_perception) StdoutLine: {'line': b'running build_ext\n'}
[1.143884] (rb_perception) StdoutLine: {'line': b'Creating /home/user/robocup_basketball_ws/install/rb_perception/lib/python3.10/site-packages/rb-perception.egg-link (link to .)\n'}
[1.143963] (rb_perception) StdoutLine: {'line': b'Installing perception_node script to /home/user/robocup_basketball_ws/install/rb_perception/lib/rb_perception\n'}
[1.144037] (rb_perception) StdoutLine: {'line': b'\n'}
[1.144113] (rb_perception) StdoutLine: {'line': b'Installed /home/user/robocup_basketball_ws/build/rb_perception\n'}
[1.144187] (rb_perception) StdoutLine: {'line': b'running symlink_data\n'}
[1.151616] (rb_localization) CommandEnded: {'returncode': 0}
[1.155631] (rb_localization) JobEnded: {'identifier': 'rb_localization', 'rc': 0}
[1.161127] (rb_perception) CommandEnded: {'returncode': 0}
[1.165248] (rb_perception) JobEnded: {'identifier': 'rb_perception', 'rc': 0}
[1.165726] (rb_bringup) JobStarted: {'identifier': 'rb_bringup'}
[1.173928] (rb_bringup) JobProgress: {'identifier': 'rb_bringup', 'progress': 'cmake'}
[1.174562] (rb_bringup) JobProgress: {'identifier': 'rb_bringup', 'progress': 'build'}
[1.174598] (rb_bringup) Command: {'cmd': ['/usr/bin/cmake', '--build', '/home/user/robocup_basketball_ws/build/rb_bringup', '--', '-j16', '-l16'], 'cwd': '/home/user/robocup_basketball_ws/build/rb_bringup', 'env': OrderedDict([('SHLVL', '0'), ('LD_LIBRARY_PATH', '/home/user/robocup_basketball_ws/install/rb_msgs/lib:/home/user/robocup_basketball_ws/install/rb_chassis/lib:/opt/ros/humble/opt/rviz_ogre_vendor/lib:/opt/ros/humble/lib/x86_64-linux-gnu:/opt/ros/humble/lib'), ('HOME', '/home/user'), ('OLDPWD', '/home/user/robocup_basketball_ws'), ('ROS_PYTHON_VERSION', '3'), ('LC_CTYPE', 'C.UTF-8'), ('ROS_DISTRO', 'humble'), ('_', '/usr/bin/colcon'), ('ROS_VERSION', '2'), ('TERM', 'dumb'), ('ROS_LOCALHOST_ONLY', '0'), ('PATH', '/opt/ros/humble/bin:/usr/local/bin:/usr/bin:/bin'), ('AMENT_PREFIX_PATH', '/home/user/robocup_basketball_ws/install/rb_perception:/home/user/robocup_basketball_ws/install/rb_mission:/home/user/robocup_basketball_ws/install/rb_localization:/home/user/robocup_basketball_ws/install/rb_launcher:/home/user/robocup_basketball_ws/install/rb_msgs:/home/user/robocup_basketball_ws/install/rb_chassis:/opt/ros/humble'), ('PWD', '/home/user/robocup_basketball_ws/build/rb_bringup'), ('PYTHONPATH', '/home/user/robocup_basketball_ws/build/rb_perception:/home/user/robocup_basketball_ws/install/rb_perception/lib/python3.10/site-packages:/home/user/robocup_basketball_ws/build/rb_mission:/home/user/robocup_basketball_ws/install/rb_mission/lib/python3.10/site-packages:/home/user/robocup_basketball_ws/build/rb_localization:/home/user/robocup_basketball_ws/install/rb_localization/lib/python3.10/site-packages:/home/user/robocup_basketball_ws/install/rb_msgs/local/lib/python3.10/dist-packages:/opt/ros/humble/lib/python3.10/site-packages:/opt/ros/humble/local/lib/python3.10/dist-packages'), ('COLCON', '1'), ('CMAKE_PREFIX_PATH', '/home/user/robocup_basketball_ws/install/rb_launcher:/home/user/robocup_basketball_ws/install/rb_msgs:/home/user/robocup_basketball_ws/install/rb_chassis:/opt/ros/humble')]), 'shell': False}
[1.201556] (-) TimerEvent: {}
[1.203304] (rb_bringup) CommandEnded: {'returncode': 0}
[1.204696] (rb_bringup) JobProgress: {'identifier': 'rb_bringup', 'progress': 'install'}
[1.204723] (rb_bringup) Command: {'cmd': ['/usr/bin/cmake', '--install', '/home/user/robocup_basketball_ws/build/rb_bringup'], 'cwd': '/home/user/robocup_basketball_ws/build/rb_bringup', 'env': OrderedDict([('SHLVL', '0'), ('LD_LIBRARY_PATH', '/home/user/robocup_basketball_ws/install/rb_msgs/lib:/home/user/robocup_basketball_ws/install/rb_chassis/lib:/opt/ros/humble/opt/rviz_ogre_vendor/lib:/opt/ros/humble/lib/x86_64-linux-gnu:/opt/ros/humble/lib'), ('HOME', '/home/user'), ('OLDPWD', '/home/user/robocup_basketball_ws'), ('ROS_PYTHON_VERSION', '3'), ('LC_CTYPE', 'C.UTF-8'), ('ROS_DISTRO', 'humble'), ('_', '/usr/bin/colcon'), ('ROS_VERSION', '2'), ('TERM', 'dumb'), ('ROS_LOCALHOST_ONLY', '0'), ('PATH', '/opt/ros/humble/bin:/usr/local/bin:/usr/bin:/bin'), ('AMENT_PREFIX_PATH', '/home/user/robocup_basketball_ws/install/rb_perception:/home/user/robocup_basketball_ws/install/rb_mission:/home/user/robocup_basketball_ws/install/rb_localization:/home/user/robocup_basketball_ws/install/rb_launcher:/home/user/robocup_basketball_ws/install/rb_msgs:/home/user/robocup_basketball_ws/install/rb_chassis:/opt/ros/humble'), ('PWD', '/home/user/robocup_basketball_ws/build/rb_bringup'), ('PYTHONPATH', '/home/user/robocup_basketball_ws/build/rb_perception:/home/user/robocup_basketball_ws/install/rb_perception/lib/python3.10/site-packages:/home/user/robocup_basketball_ws/build/rb_mission:/home/user/robocup_basketball_ws/install/rb_mission/lib/python3.10/site-packages:/home/user/robocup_basketball_ws/build/rb_localization:/home/user/robocup_basketball_ws/install/rb_localization/lib/python3.10/site-packages:/home/user/robocup_basketball_ws/install/rb_msgs/local/lib/python3.10/dist-packages:/opt/ros/humble/lib/python3.10/site-packages:/opt/ros/humble/local/lib/python3.10/dist-packages'), ('COLCON', '1'), ('CMAKE_PREFIX_PATH', '/home/user/robocup_basketball_ws/install/rb_launcher:/home/user/robocup_basketball_ws/install/rb_msgs:/home/user/robocup_basketball_ws/install/rb_chassis:/opt/ros/humble')]), 'shell': False}
[1.210643] (rb_bringup) StdoutLine: {'line': b'-- Install configuration: ""\n'}
[1.211005] (rb_bringup) StdoutLine: {'line': b'-- Execute custom install script\n'}
[1.211483] (rb_bringup) StdoutLine: {'line': b'-- Up-to-date symlink: /home/user/robocup_basketball_ws/install/rb_bringup/share/rb_bringup/launch/bringup_fsm_test.launch.py\n'}
[1.211550] (rb_bringup) StdoutLine: {'line': b'-- Up-to-date symlink: /home/user/robocup_basketball_ws/install/rb_bringup/share/rb_bringup/launch/bringup_full.launch.py\n'}
[1.211758] (rb_bringup) StdoutLine: {'line': b'-- Up-to-date symlink: /home/user/robocup_basketball_ws/install/rb_bringup/share/rb_bringup/launch/bringup_lidar_vision.launch.py\n'}
[1.211813] (rb_bringup) StdoutLine: {'line': b'-- Up-to-date symlink: /home/user/robocup_basketball_ws/install/rb_bringup/share/rb_bringup/launch/bringup_offline.launch.py\n'}
[1.211867] (rb_bringup) StdoutLine: {'line': b'-- Up-to-date symlink: /home/user/robocup_basketball_ws/install/rb_bringup/share/ament_index/resource_index/package_run_dependencies/rb_bringup\n'}
[1.212007] (rb_bringup) StdoutLine: {'line': b'-- Up-to-date symlink: /home/user/robocup_basketball_ws/install/rb_bringup/share/ament_index/resource_index/parent_prefix_path/rb_bringup\n'}
[1.212065] (rb_bringup) StdoutLine: {'line': b'-- Up-to-date symlink: /home/user/robocup_basketball_ws/install/rb_bringup/share/rb_bringup/environment/ament_prefix_path.sh\n'}
[1.212120] (rb_bringup) StdoutLine: {'line': b'-- Up-to-date symlink: /home/user/robocup_basketball_ws/install/rb_bringup/share/rb_bringup/environment/ament_prefix_path.dsv\n'}
[1.212175] (rb_bringup) StdoutLine: {'line': b'-- Up-to-date symlink: /home/user/robocup_basketball_ws/install/rb_bringup/share/rb_bringup/environment/path.sh\n'}
[1.212299] (rb_bringup) StdoutLine: {'line': b'-- Up-to-date symlink: /home/user/robocup_basketball_ws/install/rb_bringup/share/rb_bringup/environment/path.dsv\n'}
[1.212355] (rb_bringup) StdoutLine: {'line': b'-- Up-to-date symlink: /home/user/robocup_basketball_ws/install/rb_bringup/share/rb_bringup/local_setup.bash\n'}
[1.212409] (rb_bringup) StdoutLine: {'line': b'-- Up-to-date symlink: /home/user/robocup_basketball_ws/install/rb_bringup/share/rb_bringup/local_setup.sh\n'}
[1.212460] (rb_bringup) StdoutLine: {'line': b'-- Up-to-date symlink: /home/user/robocup_basketball_ws/install/rb_bringup/share/rb_bringup/local_setup.zsh\n'}
[1.212510] (rb_bringup) StdoutLine: {'line': b'-- Up-to-date symlink: /home/user/robocup_basketball_ws/install/rb_bringup/share/rb_bringup/local_setup.dsv\n'}
[1.212561] (rb_bringup) StdoutLine: {'line': b'-- Symlinking: /home/user/robocup_basketball_ws/install/rb_bringup/share/rb_bringup/package.dsv\n'}
[1.218765] (rb_bringup) StdoutLine: {'line': b'-- Up-to-date symlink: /home/user/robocup_basketball_ws/install/rb_bringup/share/ament_index/resource_index/packages/rb_bringup\n'}
[1.218873] (rb_bringup) StdoutLine: {'line': b'-- Up-to-date symlink: /home/user/robocup_basketball_ws/install/rb_bringup/share/rb_bringup/cmake/rb_bringupConfig.cmake\n'}
[1.218925] (rb_bringup) StdoutLine: {'line': b'-- Up-to-date symlink: /home/user/robocup_basketball_ws/install/rb_bringup/share/rb_bringup/cmake/rb_bringupConfig-version.cmake\n'}
[1.218976] (rb_bringup) StdoutLine: {'line': b'-- Up-to-date symlink: /home/user/robocup_basketball_ws/install/rb_bringup/share/rb_bringup/package.xml\n'}
[1.219784] (rb_bringup) CommandEnded: {'returncode': 0}
[1.229662] (rb_bringup) JobEnded: {'identifier': 'rb_bringup', 'rc': 0}
[1.230035] (-) EventReactorShutdown: {}
