[0.005s] Invoking command in '/home/user/robocup_basketball_ws/build/rb_chassis': CMAKE_PREFIX_PATH=/opt/ros/humble /usr/bin/cmake /home/user/robocup_basketball_ws/src/rb_chassis -DCMAKE_INSTALL_PREFIX=/home/user/robocup_basketball_ws/install/rb_chassis
[0.015s] -- Found ament_cmake: 1.3.11 (/opt/ros/humble/share/ament_cmake/cmake)
[0.096s] -- Override CMake install command with custom implementation using symlinks instead of copying resources
[0.099s] -- Found rclcpp: 16.0.12 (/opt/ros/humble/share/rclcpp/cmake)
[0.114s] -- Found rosidl_generator_c: 3.1.6 (/opt/ros/humble/share/rosidl_generator_c/cmake)
[0.115s] -- Found rosidl_adapter: 3.1.6 (/opt/ros/humble/share/rosidl_adapter/cmake)
[0.118s] -- Found rosidl_generator_cpp: 3.1.6 (/opt/ros/humble/share/rosidl_generator_cpp/cmake)
[0.123s] -- Using all available rosidl_typesupport_c: rosidl_typesupport_fastrtps_c;rosidl_typesupport_introspection_c
[0.129s] -- Using all available rosidl_typesupport_cpp: rosidl_typesupport_fastrtps_cpp;rosidl_typesupport_introspection_cpp
[0.146s] -- Found rmw_implementation_cmake: 6.1.2 (/opt/ros/humble/share/rmw_implementation_cmake/cmake)
[0.147s] -- Found rmw_fastrtps_cpp: 6.2.7 (/opt/ros/humble/share/rmw_fastrtps_cpp/cmake)
[0.207s] -- Using RMW implementation 'rmw_fastrtps_cpp' as default
[0.234s] -- Found geometry_msgs: 4.8.0 (/opt/ros/humble/share/geometry_msgs/cmake)
[0.240s] -- Found nav_msgs: 4.8.0 (/opt/ros/humble/share/nav_msgs/cmake)
[0.294s] -- Configuring done
[0.302s] -- Generating done
[0.305s] -- Build files have been written to: /home/user/robocup_basketball_ws/build/rb_chassis
[0.311s] Invoked command in '/home/user/robocup_basketball_ws/build/rb_chassis' returned '0': CMAKE_PREFIX_PATH=/opt/ros/humble /usr/bin/cmake /home/user/robocup_basketball_ws/src/rb_chassis -DCMAKE_INSTALL_PREFIX=/home/user/robocup_basketball_ws/install/rb_chassis
[0.311s] Invoking command in '/home/user/robocup_basketball_ws/build/rb_chassis': CMAKE_PREFIX_PATH=/opt/ros/humble /usr/bin/cmake --build /home/user/robocup_basketball_ws/build/rb_chassis -- -j16 -l16
[0.341s] Consolidate compiler generated dependencies of target base_chassis
[0.352s] [ 33%] Built target base_chassis
[0.361s] Consolidate compiler generated dependencies of target omni_chassis
[0.372s] [ 66%] Built target omni_chassis
[0.383s] Consolidate compiler generated dependencies of target rb_chassis_node
[0.393s] [ 83%] Building CXX object CMakeFiles/rb_chassis_node.dir/src/rb_chassis_node.cpp.o
[2.821s] [100%] Linking CXX executable rb_chassis_node
[3.169s] [100%] Built target rb_chassis_node
[3.183s] Invoked command in '/home/user/robocup_basketball_ws/build/rb_chassis' returned '0': CMAKE_PREFIX_PATH=/opt/ros/humble /usr/bin/cmake --build /home/user/robocup_basketball_ws/build/rb_chassis -- -j16 -l16
[3.190s] Invoking command in '/home/user/robocup_basketball_ws/build/rb_chassis': CMAKE_PREFIX_PATH=/opt/ros/humble /usr/bin/cmake --install /home/user/robocup_basketball_ws/build/rb_chassis
[3.197s] -- Install configuration: ""
[3.197s] -- Execute custom install script
[3.197s] -- Up-to-date symlink: /home/user/robocup_basketball_ws/install/rb_chassis/lib/libbase_chassis.a
[3.197s] -- Up-to-date symlink: /home/user/robocup_basketball_ws/install/rb_chassis/lib/libomni_chassis.a
[3.198s] -- Up-to-date symlink: /home/user/robocup_basketball_ws/install/rb_chassis/lib/rb_chassis/rb_chassis_node
[3.198s] -- Up-to-date symlink: /home/user/robocup_basketball_ws/install/rb_chassis/include/chassis_lib/base_chassis.h
[3.198s] -- Up-to-date symlink: /home/user/robocup_basketball_ws/install/rb_chassis/include/chassis_lib/omni_chassis.h
[3.198s] -- Up-to-date symlink: /home/user/robocup_basketball_ws/install/rb_chassis/include/utils/utils.h
[3.199s] -- Up-to-date symlink: /home/user/robocup_basketball_ws/install/rb_chassis/share/rb_chassis/launch/chassis.launch.py
[3.199s] -- Up-to-date symlink: /home/user/robocup_basketball_ws/install/rb_chassis/share/rb_chassis/config/chassis.yaml
[3.199s] -- Up-to-date symlink: /home/user/robocup_basketball_ws/install/rb_chassis/share/rb_chassis/environment/library_path.sh
[3.199s] -- Up-to-date symlink: /home/user/robocup_basketball_ws/install/rb_chassis/share/rb_chassis/environment/library_path.dsv
[3.199s] -- Up-to-date symlink: /home/user/robocup_basketball_ws/install/rb_chassis/share/ament_index/resource_index/package_run_dependencies/rb_chassis
[3.199s] -- Up-to-date symlink: /home/user/robocup_basketball_ws/install/rb_chassis/share/ament_index/resource_index/parent_prefix_path/rb_chassis
[3.199s] -- Up-to-date symlink: /home/user/robocup_basketball_ws/install/rb_chassis/share/rb_chassis/environment/ament_prefix_path.sh
[3.199s] -- Up-to-date symlink: /home/user/robocup_basketball_ws/install/rb_chassis/share/rb_chassis/environment/ament_prefix_path.dsv
[3.200s] -- Up-to-date symlink: /home/user/robocup_basketball_ws/install/rb_chassis/share/rb_chassis/environment/path.sh
[3.200s] -- Up-to-date symlink: /home/user/robocup_basketball_ws/install/rb_chassis/share/rb_chassis/environment/path.dsv
[3.200s] -- Up-to-date symlink: /home/user/robocup_basketball_ws/install/rb_chassis/share/rb_chassis/local_setup.bash
[3.200s] -- Up-to-date symlink: /home/user/robocup_basketball_ws/install/rb_chassis/share/rb_chassis/local_setup.sh
[3.200s] -- Up-to-date symlink: /home/user/robocup_basketball_ws/install/rb_chassis/share/rb_chassis/local_setup.zsh
[3.200s] -- Up-to-date symlink: /home/user/robocup_basketball_ws/install/rb_chassis/share/rb_chassis/local_setup.dsv
[3.200s] -- Symlinking: /home/user/robocup_basketball_ws/install/rb_chassis/share/rb_chassis/package.dsv
[3.206s] -- Up-to-date symlink: /home/user/robocup_basketball_ws/install/rb_chassis/share/ament_index/resource_index/packages/rb_chassis
[3.206s] -- Up-to-date symlink: /home/user/robocup_basketball_ws/install/rb_chassis/share/rb_chassis/cmake/ament_cmake_export_include_directories-extras.cmake
[3.206s] -- Up-to-date symlink: /home/user/robocup_basketball_ws/install/rb_chassis/share/rb_chassis/cmake/ament_cmake_export_libraries-extras.cmake
[3.206s] -- Up-to-date symlink: /home/user/robocup_basketball_ws/install/rb_chassis/share/rb_chassis/cmake/ament_cmake_export_dependencies-extras.cmake
[3.206s] -- Up-to-date symlink: /home/user/robocup_basketball_ws/install/rb_chassis/share/rb_chassis/cmake/rb_chassisConfig.cmake
[3.206s] -- Up-to-date symlink: /home/user/robocup_basketball_ws/install/rb_chassis/share/rb_chassis/cmake/rb_chassisConfig-version.cmake
[3.206s] -- Up-to-date symlink: /home/user/robocup_basketball_ws/install/rb_chassis/share/rb_chassis/package.xml
[3.207s] Invoked command in '/home/user/robocup_basketball_ws/build/rb_chassis' returned '0': CMAKE_PREFIX_PATH=/opt/ros/humble /usr/bin/cmake --install /home/user/robocup_basketball_ws/build/rb_chassis
