running develop
running egg_info
creating rb_mission.egg-info
writing rb_mission.egg-info/PKG-INFO
writing dependency_links to rb_mission.egg-info/dependency_links.txt
writing entry points to rb_mission.egg-info/entry_points.txt
writing requirements to rb_mission.egg-info/requires.txt
writing top-level names to rb_mission.egg-info/top_level.txt
writing manifest file 'rb_mission.egg-info/SOURCES.txt'
reading manifest file 'rb_mission.egg-info/SOURCES.txt'
writing manifest file 'rb_mission.egg-info/SOURCES.txt'
running build_ext
Creating /home/user/robocup_basketball_ws/install/rb_mission/lib/python3.10/site-packages/rb-mission.egg-link (link to .)
Installing mission_node script to /home/user/robocup_basketball_ws/install/rb_mission/lib/rb_mission

Installed /home/user/robocup_basketball_ws/build/rb_mission
running symlink_data
creating /home/user/robocup_basketball_ws/install/rb_mission/share/ament_index
creating /home/user/robocup_basketball_ws/install/rb_mission/share/ament_index/resource_index
creating /home/user/robocup_basketball_ws/install/rb_mission/share/ament_index/resource_index/packages
symbolically linking /home/user/robocup_basketball_ws/build/rb_mission/resource/rb_mission -> /home/user/robocup_basketball_ws/install/rb_mission/share/ament_index/resource_index/packages
symbolically linking /home/user/robocup_basketball_ws/build/rb_mission/package.xml -> /home/user/robocup_basketball_ws/install/rb_mission/share/rb_mission
creating /home/user/robocup_basketball_ws/install/rb_mission/share/rb_mission/launch
symbolically linking /home/user/robocup_basketball_ws/build/rb_mission/launch/mission.launch.py -> /home/user/robocup_basketball_ws/install/rb_mission/share/rb_mission/launch
creating /home/user/robocup_basketball_ws/install/rb_mission/share/rb_mission/config
symbolically linking /home/user/robocup_basketball_ws/build/rb_mission/config/mission.yaml -> /home/user/robocup_basketball_ws/install/rb_mission/share/rb_mission/config
