[0.011s] Invoking command in '/home/user/robocup_basketball_ws/build/rb_bringup': AMENT_PREFIX_PATH=/home/user/robocup_basketball_ws/install/rb_perception:/home/user/robocup_basketball_ws/install/rb_mission:/home/user/robocup_basketball_ws/install/rb_localization:/home/user/robocup_basketball_ws/install/rb_launcher:/home/user/robocup_basketball_ws/install/rb_msgs:/home/user/robocup_basketball_ws/install/rb_chassis:${AMENT_PREFIX_PATH} CMAKE_PREFIX_PATH=/home/user/robocup_basketball_ws/install/rb_launcher:/home/user/robocup_basketball_ws/install/rb_msgs:/home/user/robocup_basketball_ws/install/rb_chassis:/opt/ros/humble LD_LIBRARY_PATH=/home/user/robocup_basketball_ws/install/rb_msgs/lib:/home/user/robocup_basketball_ws/install/rb_chassis/lib:${LD_LIBRARY_PATH} PYTHONPATH=/home/user/robocup_basketball_ws/build/rb_perception:/home/user/robocup_basketball_ws/install/rb_perception/lib/python3.10/site-packages:/home/user/robocup_basketball_ws/build/rb_mission:/home/user/robocup_basketball_ws/install/rb_mission/lib/python3.10/site-packages:/home/user/robocup_basketball_ws/build/rb_localization:/home/user/robocup_basketball_ws/install/rb_localization/lib/python3.10/site-packages:/home/user/robocup_basketball_ws/install/rb_msgs/local/lib/python3.10/dist-packages:${PYTHONPATH} /usr/bin/cmake /home/user/robocup_basketball_ws/src/rb_bringup -DAMENT_CMAKE_SYMLINK_INSTALL=1 -DCMAKE_INSTALL_PREFIX=/home/user/robocup_basketball_ws/install/rb_bringup
[0.053s] -- The C compiler identification is GNU 11.4.0
[0.097s] -- The CXX compiler identification is GNU 11.4.0
[0.101s] -- Detecting C compiler ABI info
[0.153s] -- Detecting C compiler ABI info - done
[0.158s] -- Check for working C compiler: /usr/bin/cc - skipped
[0.158s] -- Detecting C compile features
[0.158s] -- Detecting C compile features - done
[0.160s] -- Detecting CXX compiler ABI info
[0.221s] -- Detecting CXX compiler ABI info - done
[0.229s] -- Check for working CXX compiler: /usr/bin/c++ - skipped
[0.229s] -- Detecting CXX compile features
[0.229s] -- Detecting CXX compile features - done
[0.230s] -- Found ament_cmake: 1.3.11 (/opt/ros/humble/share/ament_cmake/cmake)
[0.339s] -- Found Python3: /usr/bin/python3 (found version "3.10.12") found components: Interpreter 
[0.379s] -- Override CMake install command with custom implementation using symlinks instead of copying resources
[0.434s] -- Configuring done
[0.435s] -- Generating done
[0.436s] -- Build files have been written to: /home/user/robocup_basketball_ws/build/rb_bringup
[0.441s] Invoked command in '/home/user/robocup_basketball_ws/build/rb_bringup' returned '0': AMENT_PREFIX_PATH=/home/user/robocup_basketball_ws/install/rb_perception:/home/user/robocup_basketball_ws/install/rb_mission:/home/user/robocup_basketball_ws/install/rb_localization:/home/user/robocup_basketball_ws/install/rb_launcher:/home/user/robocup_basketball_ws/install/rb_msgs:/home/user/robocup_basketball_ws/install/rb_chassis:${AMENT_PREFIX_PATH} CMAKE_PREFIX_PATH=/home/user/robocup_basketball_ws/install/rb_launcher:/home/user/robocup_basketball_ws/install/rb_msgs:/home/user/robocup_basketball_ws/install/rb_chassis:/opt/ros/humble LD_LIBRARY_PATH=/home/user/robocup_basketball_ws/install/rb_msgs/lib:/home/user/robocup_basketball_ws/install/rb_chassis/lib:${LD_LIBRARY_PATH} PYTHONPATH=/home/user/robocup_basketball_ws/build/rb_perception:/home/user/robocup_basketball_ws/install/rb_perception/lib/python3.10/site-packages:/home/user/robocup_basketball_ws/build/rb_mission:/home/user/robocup_basketball_ws/install/rb_mission/lib/python3.10/site-packages:/home/user/robocup_basketball_ws/build/rb_localization:/home/user/robocup_basketball_ws/install/rb_localization/lib/python3.10/site-packages:/home/user/robocup_basketball_ws/install/rb_msgs/local/lib/python3.10/dist-packages:${PYTHONPATH} /usr/bin/cmake /home/user/robocup_basketball_ws/src/rb_bringup -DAMENT_CMAKE_SYMLINK_INSTALL=1 -DCMAKE_INSTALL_PREFIX=/home/user/robocup_basketball_ws/install/rb_bringup
[0.441s] Invoking command in '/home/user/robocup_basketball_ws/build/rb_bringup': AMENT_PREFIX_PATH=/home/user/robocup_basketball_ws/install/rb_perception:/home/user/robocup_basketball_ws/install/rb_mission:/home/user/robocup_basketball_ws/install/rb_localization:/home/user/robocup_basketball_ws/install/rb_launcher:/home/user/robocup_basketball_ws/install/rb_msgs:/home/user/robocup_basketball_ws/install/rb_chassis:${AMENT_PREFIX_PATH} CMAKE_PREFIX_PATH=/home/user/robocup_basketball_ws/install/rb_launcher:/home/user/robocup_basketball_ws/install/rb_msgs:/home/user/robocup_basketball_ws/install/rb_chassis:/opt/ros/humble LD_LIBRARY_PATH=/home/user/robocup_basketball_ws/install/rb_msgs/lib:/home/user/robocup_basketball_ws/install/rb_chassis/lib:${LD_LIBRARY_PATH} PYTHONPATH=/home/user/robocup_basketball_ws/build/rb_perception:/home/user/robocup_basketball_ws/install/rb_perception/lib/python3.10/site-packages:/home/user/robocup_basketball_ws/build/rb_mission:/home/user/robocup_basketball_ws/install/rb_mission/lib/python3.10/site-packages:/home/user/robocup_basketball_ws/build/rb_localization:/home/user/robocup_basketball_ws/install/rb_localization/lib/python3.10/site-packages:/home/user/robocup_basketball_ws/install/rb_msgs/local/lib/python3.10/dist-packages:${PYTHONPATH} /usr/bin/cmake --build /home/user/robocup_basketball_ws/build/rb_bringup -- -j16 -l16
[0.470s] Invoked command in '/home/user/robocup_basketball_ws/build/rb_bringup' returned '0': AMENT_PREFIX_PATH=/home/user/robocup_basketball_ws/install/rb_perception:/home/user/robocup_basketball_ws/install/rb_mission:/home/user/robocup_basketball_ws/install/rb_localization:/home/user/robocup_basketball_ws/install/rb_launcher:/home/user/robocup_basketball_ws/install/rb_msgs:/home/user/robocup_basketball_ws/install/rb_chassis:${AMENT_PREFIX_PATH} CMAKE_PREFIX_PATH=/home/user/robocup_basketball_ws/install/rb_launcher:/home/user/robocup_basketball_ws/install/rb_msgs:/home/user/robocup_basketball_ws/install/rb_chassis:/opt/ros/humble LD_LIBRARY_PATH=/home/user/robocup_basketball_ws/install/rb_msgs/lib:/home/user/robocup_basketball_ws/install/rb_chassis/lib:${LD_LIBRARY_PATH} PYTHONPATH=/home/user/robocup_basketball_ws/build/rb_perception:/home/user/robocup_basketball_ws/install/rb_perception/lib/python3.10/site-packages:/home/user/robocup_basketball_ws/build/rb_mission:/home/user/robocup_basketball_ws/install/rb_mission/lib/python3.10/site-packages:/home/user/robocup_basketball_ws/build/rb_localization:/home/user/robocup_basketball_ws/install/rb_localization/lib/python3.10/site-packages:/home/user/robocup_basketball_ws/install/rb_msgs/local/lib/python3.10/dist-packages:${PYTHONPATH} /usr/bin/cmake --build /home/user/robocup_basketball_ws/build/rb_bringup -- -j16 -l16
[0.471s] Invoking command in '/home/user/robocup_basketball_ws/build/rb_bringup': AMENT_PREFIX_PATH=/home/user/robocup_basketball_ws/install/rb_perception:/home/user/robocup_basketball_ws/install/rb_mission:/home/user/robocup_basketball_ws/install/rb_localization:/home/user/robocup_basketball_ws/install/rb_launcher:/home/user/robocup_basketball_ws/install/rb_msgs:/home/user/robocup_basketball_ws/install/rb_chassis:${AMENT_PREFIX_PATH} CMAKE_PREFIX_PATH=/home/user/robocup_basketball_ws/install/rb_launcher:/home/user/robocup_basketball_ws/install/rb_msgs:/home/user/robocup_basketball_ws/install/rb_chassis:/opt/ros/humble LD_LIBRARY_PATH=/home/user/robocup_basketball_ws/install/rb_msgs/lib:/home/user/robocup_basketball_ws/install/rb_chassis/lib:${LD_LIBRARY_PATH} PYTHONPATH=/home/user/robocup_basketball_ws/build/rb_perception:/home/user/robocup_basketball_ws/install/rb_perception/lib/python3.10/site-packages:/home/user/robocup_basketball_ws/build/rb_mission:/home/user/robocup_basketball_ws/install/rb_mission/lib/python3.10/site-packages:/home/user/robocup_basketball_ws/build/rb_localization:/home/user/robocup_basketball_ws/install/rb_localization/lib/python3.10/site-packages:/home/user/robocup_basketball_ws/install/rb_msgs/local/lib/python3.10/dist-packages:${PYTHONPATH} /usr/bin/cmake --install /home/user/robocup_basketball_ws/build/rb_bringup
[0.476s] -- Install configuration: ""
[0.477s] -- Execute custom install script
[0.477s] -- Symlinking: /home/user/robocup_basketball_ws/install/rb_bringup/share/rb_bringup/launch/bringup_full.launch.py
[0.484s] -- Symlinking: /home/user/robocup_basketball_ws/install/rb_bringup/share/rb_bringup/launch/bringup_offline.launch.py
[0.490s] -- Symlinking: /home/user/robocup_basketball_ws/install/rb_bringup/share/ament_index/resource_index/package_run_dependencies/rb_bringup
[0.496s] -- Symlinking: /home/user/robocup_basketball_ws/install/rb_bringup/share/ament_index/resource_index/parent_prefix_path/rb_bringup
[0.500s] -- Symlinking: /home/user/robocup_basketball_ws/install/rb_bringup/share/rb_bringup/environment/ament_prefix_path.sh
[0.507s] -- Symlinking: /home/user/robocup_basketball_ws/install/rb_bringup/share/rb_bringup/environment/ament_prefix_path.dsv
[0.512s] -- Symlinking: /home/user/robocup_basketball_ws/install/rb_bringup/share/rb_bringup/environment/path.sh
[0.520s] -- Symlinking: /home/user/robocup_basketball_ws/install/rb_bringup/share/rb_bringup/environment/path.dsv
[0.526s] -- Symlinking: /home/user/robocup_basketball_ws/install/rb_bringup/share/rb_bringup/local_setup.bash
[0.533s] -- Symlinking: /home/user/robocup_basketball_ws/install/rb_bringup/share/rb_bringup/local_setup.sh
[0.539s] -- Symlinking: /home/user/robocup_basketball_ws/install/rb_bringup/share/rb_bringup/local_setup.zsh
[0.544s] -- Symlinking: /home/user/robocup_basketball_ws/install/rb_bringup/share/rb_bringup/local_setup.dsv
[0.551s] -- Symlinking: /home/user/robocup_basketball_ws/install/rb_bringup/share/rb_bringup/package.dsv
[0.557s] -- Symlinking: /home/user/robocup_basketball_ws/install/rb_bringup/share/ament_index/resource_index/packages/rb_bringup
[0.564s] -- Symlinking: /home/user/robocup_basketball_ws/install/rb_bringup/share/rb_bringup/cmake/rb_bringupConfig.cmake
[0.570s] -- Symlinking: /home/user/robocup_basketball_ws/install/rb_bringup/share/rb_bringup/cmake/rb_bringupConfig-version.cmake
[0.577s] -- Symlinking: /home/user/robocup_basketball_ws/install/rb_bringup/share/rb_bringup/package.xml
[0.583s] Invoked command in '/home/user/robocup_basketball_ws/build/rb_bringup' returned '0': AMENT_PREFIX_PATH=/home/user/robocup_basketball_ws/install/rb_perception:/home/user/robocup_basketball_ws/install/rb_mission:/home/user/robocup_basketball_ws/install/rb_localization:/home/user/robocup_basketball_ws/install/rb_launcher:/home/user/robocup_basketball_ws/install/rb_msgs:/home/user/robocup_basketball_ws/install/rb_chassis:${AMENT_PREFIX_PATH} CMAKE_PREFIX_PATH=/home/user/robocup_basketball_ws/install/rb_launcher:/home/user/robocup_basketball_ws/install/rb_msgs:/home/user/robocup_basketball_ws/install/rb_chassis:/opt/ros/humble LD_LIBRARY_PATH=/home/user/robocup_basketball_ws/install/rb_msgs/lib:/home/user/robocup_basketball_ws/install/rb_chassis/lib:${LD_LIBRARY_PATH} PYTHONPATH=/home/user/robocup_basketball_ws/build/rb_perception:/home/user/robocup_basketball_ws/install/rb_perception/lib/python3.10/site-packages:/home/user/robocup_basketball_ws/build/rb_mission:/home/user/robocup_basketball_ws/install/rb_mission/lib/python3.10/site-packages:/home/user/robocup_basketball_ws/build/rb_localization:/home/user/robocup_basketball_ws/install/rb_localization/lib/python3.10/site-packages:/home/user/robocup_basketball_ws/install/rb_msgs/local/lib/python3.10/dist-packages:${PYTHONPATH} /usr/bin/cmake --install /home/user/robocup_basketball_ws/build/rb_bringup
