[0.005s] Invoking command in '/home/user/robocup_basketball_ws/build/rb_msgs': CMAKE_PREFIX_PATH=/opt/ros/humble /usr/bin/cmake /home/user/robocup_basketball_ws/src/rb_msgs -DCMAKE_INSTALL_PREFIX=/home/user/robocup_basketball_ws/install/rb_msgs
[0.046s] -- The C compiler identification is GNU 11.4.0
[0.083s] -- The CXX compiler identification is GNU 11.4.0
[0.087s] -- Detecting C compiler ABI info
[0.142s] -- Detecting C compiler ABI info - done
[0.150s] -- Check for working C compiler: /usr/bin/cc - skipped
[0.150s] -- Detecting C compile features
[0.150s] -- Detecting C compile features - done
[0.153s] -- Detecting CXX compiler ABI info
[0.209s] -- Detecting CXX compiler ABI info - done
[0.216s] -- Check for working CXX compiler: /usr/bin/c++ - skipped
[0.216s] -- Detecting CXX compile features
[0.216s] -- Detecting CXX compile features - done
[0.217s] -- Found ament_cmake: 1.3.11 (/opt/ros/humble/share/ament_cmake/cmake)
[0.322s] -- Found Python3: /usr/bin/python3 (found version "3.10.12") found components: Interpreter 
[0.374s] -- Found rosidl_default_generators: 1.2.0 (/opt/ros/humble/share/rosidl_default_generators/cmake)
[0.376s] -- Using all available rosidl_typesupport_c: rosidl_typesupport_fastrtps_c;rosidl_typesupport_introspection_c
[0.379s] -- Found rosidl_adapter: 3.1.6 (/opt/ros/humble/share/rosidl_adapter/cmake)
[0.400s] -- Using all available rosidl_typesupport_cpp: rosidl_typesupport_fastrtps_cpp;rosidl_typesupport_introspection_cpp
[0.417s] -- Found std_msgs: 4.8.0 (/opt/ros/humble/share/std_msgs/cmake)
[0.431s] -- Found geometry_msgs: 4.8.0 (/opt/ros/humble/share/geometry_msgs/cmake)
[0.675s] -- Found ament_cmake_ros: 0.10.0 (/opt/ros/humble/share/ament_cmake_ros/cmake)
[0.851s] -- Using all available rosidl_typesupport_c: rosidl_typesupport_fastrtps_c;rosidl_typesupport_introspection_c
[1.071s] -- Using all available rosidl_typesupport_cpp: rosidl_typesupport_fastrtps_cpp;rosidl_typesupport_introspection_cpp
[1.089s] -- Found PythonInterp: /usr/bin/python3 (found suitable version "3.10.12", minimum required is "3.6") 
[1.089s] -- Found python_cmake_module: 0.10.0 (/opt/ros/humble/share/python_cmake_module/cmake)
[1.108s] -- Found PythonLibs: /usr/lib/x86_64-linux-gnu/libpython3.10.so (found suitable version "3.10.12", minimum required is "3.5") 
[1.108s] -- Using PYTHON_EXECUTABLE: /usr/bin/python3
[1.108s] -- Using PYTHON_INCLUDE_DIRS: /usr/include/python3.10
[1.108s] -- Using PYTHON_LIBRARIES: /usr/lib/x86_64-linux-gnu/libpython3.10.so
[1.124s] -- Found PythonExtra: .so  
[1.168s] -- Configuring done
[1.190s] -- Generating done
[1.198s] -- Build files have been written to: /home/user/robocup_basketball_ws/build/rb_msgs
[1.202s] Invoked command in '/home/user/robocup_basketball_ws/build/rb_msgs' returned '0': CMAKE_PREFIX_PATH=/opt/ros/humble /usr/bin/cmake /home/user/robocup_basketball_ws/src/rb_msgs -DCMAKE_INSTALL_PREFIX=/home/user/robocup_basketball_ws/install/rb_msgs
[1.203s] Invoking command in '/home/user/robocup_basketball_ws/build/rb_msgs': CMAKE_PREFIX_PATH=/opt/ros/humble /usr/bin/cmake --build /home/user/robocup_basketball_ws/build/rb_msgs -- -j16 -l16
[1.236s] [  1%] Generating C code for ROS interfaces
[1.244s] [  2%] Generating C++ code for ROS interfaces
[1.251s] [  2%] Built target ament_cmake_python_copy_rb_msgs
[1.403s] running egg_info
[1.403s] creating rb_msgs.egg-info
[1.403s] writing rb_msgs.egg-info/PKG-INFO
[1.403s] writing dependency_links to rb_msgs.egg-info/dependency_links.txt
[1.403s] writing top-level names to rb_msgs.egg-info/top_level.txt
[1.404s] writing manifest file 'rb_msgs.egg-info/SOURCES.txt'
[1.405s] reading manifest file 'rb_msgs.egg-info/SOURCES.txt'
[1.405s] writing manifest file 'rb_msgs.egg-info/SOURCES.txt'
[1.426s] [  2%] Built target ament_cmake_python_build_rb_msgs_egg
[1.789s] [  4%] Building C object CMakeFiles/rb_msgs__rosidl_generator_c.dir/rosidl_generator_c/rb_msgs/msg/detail/detection__functions.c.o
[1.789s] [  5%] Building C object CMakeFiles/rb_msgs__rosidl_generator_c.dir/rosidl_generator_c/rb_msgs/srv/detail/launch__functions.c.o
[1.789s] [  7%] Building C object CMakeFiles/rb_msgs__rosidl_generator_c.dir/rosidl_generator_c/rb_msgs/srv/detail/set_mission__functions.c.o
[1.790s] [  8%] Building C object CMakeFiles/rb_msgs__rosidl_generator_c.dir/rosidl_generator_c/rb_msgs/msg/detail/detection_array__functions.c.o
[1.790s] [ 11%] Building C object CMakeFiles/rb_msgs__rosidl_generator_c.dir/rosidl_generator_c/rb_msgs/msg/detail/robot_state__functions.c.o
[1.790s] [ 11%] Building C object CMakeFiles/rb_msgs__rosidl_generator_c.dir/rosidl_generator_c/rb_msgs/msg/detail/mission_status__functions.c.o
[1.840s] [ 12%] Linking C shared library librb_msgs__rosidl_generator_c.so
[1.864s] [ 12%] Built target rb_msgs__cpp
[1.870s] [ 14%] Generating C++ introspection for ROS interfaces
[1.872s] [ 14%] Built target rb_msgs__rosidl_generator_c
[1.872s] [ 15%] Generating C++ type support dispatch for ROS interfaces
[1.872s] [ 16%] Generating C++ type support for eProsima Fast-RTPS
[1.880s] [ 19%] Generating C type support dispatch for ROS interfaces
[1.880s] [ 19%] Generating C introspection for ROS interfaces
[1.882s] [ 21%] Generating C type support for eProsima Fast-RTPS
[2.343s] [ 23%] Building CXX object CMakeFiles/rb_msgs__rosidl_typesupport_cpp.dir/rosidl_typesupport_cpp/rb_msgs/srv/set_mission__type_support.cpp.o
[2.343s] [ 23%] Building CXX object CMakeFiles/rb_msgs__rosidl_typesupport_cpp.dir/rosidl_typesupport_cpp/rb_msgs/msg/robot_state__type_support.cpp.o
[2.343s] [ 25%] Building CXX object CMakeFiles/rb_msgs__rosidl_typesupport_cpp.dir/rosidl_typesupport_cpp/rb_msgs/msg/detection_array__type_support.cpp.o
[2.344s] [ 26%] Building CXX object CMakeFiles/rb_msgs__rosidl_typesupport_cpp.dir/rosidl_typesupport_cpp/rb_msgs/msg/detection__type_support.cpp.o
[2.344s] [ 28%] Building CXX object CMakeFiles/rb_msgs__rosidl_typesupport_cpp.dir/rosidl_typesupport_cpp/rb_msgs/msg/mission_status__type_support.cpp.o
[2.344s] [ 29%] Building CXX object CMakeFiles/rb_msgs__rosidl_typesupport_cpp.dir/rosidl_typesupport_cpp/rb_msgs/srv/launch__type_support.cpp.o
[2.357s] [ 32%] Building CXX object CMakeFiles/rb_msgs__rosidl_typesupport_c.dir/rosidl_typesupport_c/rb_msgs/msg/robot_state__type_support.cpp.o
[2.357s] [ 32%] Building CXX object CMakeFiles/rb_msgs__rosidl_typesupport_c.dir/rosidl_typesupport_c/rb_msgs/msg/detection__type_support.cpp.o
[2.359s] [ 33%] Building CXX object CMakeFiles/rb_msgs__rosidl_typesupport_c.dir/rosidl_typesupport_c/rb_msgs/msg/mission_status__type_support.cpp.o
[2.360s] [ 35%] Building CXX object CMakeFiles/rb_msgs__rosidl_typesupport_c.dir/rosidl_typesupport_c/rb_msgs/msg/detection_array__type_support.cpp.o
[2.371s] [ 36%] Building CXX object CMakeFiles/rb_msgs__rosidl_typesupport_c.dir/rosidl_typesupport_c/rb_msgs/srv/set_mission__type_support.cpp.o
[2.371s] [ 38%] Building CXX object CMakeFiles/rb_msgs__rosidl_typesupport_c.dir/rosidl_typesupport_c/rb_msgs/srv/launch__type_support.cpp.o
[2.420s] [ 39%] Linking CXX shared library librb_msgs__rosidl_typesupport_c.so
[2.464s] [ 42%] Building C object CMakeFiles/rb_msgs__rosidl_typesupport_introspection_c.dir/rosidl_typesupport_introspection_c/rb_msgs/msg/detail/detection__type_support.c.o
[2.464s] [ 42%] Building C object CMakeFiles/rb_msgs__rosidl_typesupport_introspection_c.dir/rosidl_typesupport_introspection_c/rb_msgs/msg/detail/mission_status__type_support.c.o
[2.464s] [ 43%] Building C object CMakeFiles/rb_msgs__rosidl_typesupport_introspection_c.dir/rosidl_typesupport_introspection_c/rb_msgs/msg/detail/detection_array__type_support.c.o
[2.465s] [ 45%] Building C object CMakeFiles/rb_msgs__rosidl_typesupport_introspection_c.dir/rosidl_typesupport_introspection_c/rb_msgs/srv/detail/launch__type_support.c.o
[2.468s] [ 45%] Built target rb_msgs__rosidl_typesupport_c
[2.471s] [ 47%] Building C object CMakeFiles/rb_msgs__rosidl_typesupport_introspection_c.dir/rosidl_typesupport_introspection_c/rb_msgs/msg/detail/robot_state__type_support.c.o
[2.471s] [ 47%] Building C object CMakeFiles/rb_msgs__rosidl_typesupport_introspection_c.dir/rosidl_typesupport_introspection_c/rb_msgs/srv/detail/set_mission__type_support.c.o
[2.518s] [ 49%] Linking C shared library librb_msgs__rosidl_typesupport_introspection_c.so
[2.534s] [ 52%] Building CXX object CMakeFiles/rb_msgs__rosidl_typesupport_introspection_cpp.dir/rosidl_typesupport_introspection_cpp/rb_msgs/msg/detail/mission_status__type_support.cpp.o
[2.534s] [ 52%] Building CXX object CMakeFiles/rb_msgs__rosidl_typesupport_introspection_cpp.dir/rosidl_typesupport_introspection_cpp/rb_msgs/srv/detail/launch__type_support.cpp.o
[2.535s] [ 53%] Building CXX object CMakeFiles/rb_msgs__rosidl_typesupport_introspection_cpp.dir/rosidl_typesupport_introspection_cpp/rb_msgs/msg/detail/detection__type_support.cpp.o
[2.538s] [ 54%] Building CXX object CMakeFiles/rb_msgs__rosidl_typesupport_introspection_cpp.dir/rosidl_typesupport_introspection_cpp/rb_msgs/msg/detail/detection_array__type_support.cpp.o
[2.538s] [ 56%] Building CXX object CMakeFiles/rb_msgs__rosidl_typesupport_introspection_cpp.dir/rosidl_typesupport_introspection_cpp/rb_msgs/msg/detail/robot_state__type_support.cpp.o
[2.542s] [ 57%] Building CXX object CMakeFiles/rb_msgs__rosidl_typesupport_introspection_cpp.dir/rosidl_typesupport_introspection_cpp/rb_msgs/srv/detail/set_mission__type_support.cpp.o
[2.555s] [ 57%] Built target rb_msgs__rosidl_typesupport_introspection_c
[2.689s] [ 59%] Linking CXX shared library librb_msgs__rosidl_typesupport_cpp.so
[2.707s] [ 60%] Building CXX object CMakeFiles/rb_msgs__rosidl_typesupport_fastrtps_c.dir/rosidl_typesupport_fastrtps_c/rb_msgs/msg/detail/robot_state__type_support_c.cpp.o
[2.707s] [ 66%] Building CXX object CMakeFiles/rb_msgs__rosidl_typesupport_fastrtps_c.dir/rosidl_typesupport_fastrtps_c/rb_msgs/msg/detail/mission_status__type_support_c.cpp.o
[2.707s] [ 66%] Building CXX object CMakeFiles/rb_msgs__rosidl_typesupport_fastrtps_c.dir/rosidl_typesupport_fastrtps_c/rb_msgs/srv/detail/launch__type_support_c.cpp.o
[2.707s] [ 66%] Building CXX object CMakeFiles/rb_msgs__rosidl_typesupport_fastrtps_c.dir/rosidl_typesupport_fastrtps_c/rb_msgs/msg/detail/detection__type_support_c.cpp.o
[2.707s] [ 66%] Building CXX object CMakeFiles/rb_msgs__rosidl_typesupport_fastrtps_c.dir/rosidl_typesupport_fastrtps_c/rb_msgs/msg/detail/detection_array__type_support_c.cpp.o
[2.710s] [ 67%] Building CXX object CMakeFiles/rb_msgs__rosidl_typesupport_fastrtps_c.dir/rosidl_typesupport_fastrtps_c/rb_msgs/srv/detail/set_mission__type_support_c.cpp.o
[2.743s] [ 67%] Built target rb_msgs__rosidl_typesupport_cpp
[2.789s] [ 69%] Building CXX object CMakeFiles/rb_msgs__rosidl_typesupport_fastrtps_cpp.dir/rosidl_typesupport_fastrtps_cpp/rb_msgs/msg/detail/dds_fastrtps/detection__type_support.cpp.o
[2.790s] [ 70%] Building CXX object CMakeFiles/rb_msgs__rosidl_typesupport_fastrtps_cpp.dir/rosidl_typesupport_fastrtps_cpp/rb_msgs/msg/detail/dds_fastrtps/detection_array__type_support.cpp.o
[2.794s] [ 71%] Building CXX object CMakeFiles/rb_msgs__rosidl_typesupport_fastrtps_cpp.dir/rosidl_typesupport_fastrtps_cpp/rb_msgs/msg/detail/dds_fastrtps/robot_state__type_support.cpp.o
[2.802s] [ 73%] Building CXX object CMakeFiles/rb_msgs__rosidl_typesupport_fastrtps_cpp.dir/rosidl_typesupport_fastrtps_cpp/rb_msgs/msg/detail/dds_fastrtps/mission_status__type_support.cpp.o
[2.959s] [ 74%] Building CXX object CMakeFiles/rb_msgs__rosidl_typesupport_fastrtps_cpp.dir/rosidl_typesupport_fastrtps_cpp/rb_msgs/srv/detail/dds_fastrtps/launch__type_support.cpp.o
[2.988s] [ 76%] Building CXX object CMakeFiles/rb_msgs__rosidl_typesupport_fastrtps_cpp.dir/rosidl_typesupport_fastrtps_cpp/rb_msgs/srv/detail/dds_fastrtps/set_mission__type_support.cpp.o
[3.042s] [ 77%] Linking CXX shared library librb_msgs__rosidl_typesupport_introspection_cpp.so
[3.126s] [ 77%] Built target rb_msgs__rosidl_typesupport_introspection_cpp
[3.192s] [ 78%] Linking CXX shared library librb_msgs__rosidl_typesupport_fastrtps_c.so
[3.262s] [ 78%] Built target rb_msgs__rosidl_typesupport_fastrtps_c
[3.329s] [ 80%] Linking CXX shared library librb_msgs__rosidl_typesupport_fastrtps_cpp.so
[3.384s] [ 80%] Built target rb_msgs__rosidl_typesupport_fastrtps_cpp
[3.400s] [ 80%] Built target rb_msgs
[3.417s] [ 81%] Generating Python code for ROS interfaces
[4.327s] [ 81%] Built target rb_msgs__py
[4.343s] [ 83%] Building C object CMakeFiles/rb_msgs__rosidl_generator_py.dir/rosidl_generator_py/rb_msgs/msg/_detection_array_s.c.o
[4.343s] [ 84%] Building C object CMakeFiles/rb_msgs__rosidl_generator_py.dir/rosidl_generator_py/rb_msgs/srv/_set_mission_s.c.o
[4.345s] [ 85%] Building C object CMakeFiles/rb_msgs__rosidl_generator_py.dir/rosidl_generator_py/rb_msgs/msg/_detection_s.c.o
[4.345s] [ 87%] Building C object CMakeFiles/rb_msgs__rosidl_generator_py.dir/rosidl_generator_py/rb_msgs/msg/_robot_state_s.c.o
[4.345s] [ 88%] Building C object CMakeFiles/rb_msgs__rosidl_generator_py.dir/rosidl_generator_py/rb_msgs/msg/_mission_status_s.c.o
[4.345s] [ 90%] Building C object CMakeFiles/rb_msgs__rosidl_generator_py.dir/rosidl_generator_py/rb_msgs/srv/_launch_s.c.o
[4.449s] [ 91%] Linking C shared library rosidl_generator_py/rb_msgs/librb_msgs__rosidl_generator_py.so
[4.482s] [ 91%] Built target rb_msgs__rosidl_generator_py
[4.498s] [ 94%] Building C object CMakeFiles/rb_msgs__rosidl_typesupport_fastrtps_c__pyext.dir/rosidl_generator_py/rb_msgs/_rb_msgs_s.ep.rosidl_typesupport_fastrtps_c.c.o
[4.498s] [ 94%] Building C object CMakeFiles/rb_msgs__rosidl_typesupport_introspection_c__pyext.dir/rosidl_generator_py/rb_msgs/_rb_msgs_s.ep.rosidl_typesupport_introspection_c.c.o
[4.500s] [ 95%] Building C object CMakeFiles/rb_msgs__rosidl_typesupport_c__pyext.dir/rosidl_generator_py/rb_msgs/_rb_msgs_s.ep.rosidl_typesupport_c.c.o
[4.576s] [ 97%] Linking C shared library rosidl_generator_py/rb_msgs/rb_msgs_s__rosidl_typesupport_introspection_c.cpython-310-x86_64-linux-gnu.so
[4.581s] [ 98%] Linking C shared library rosidl_generator_py/rb_msgs/rb_msgs_s__rosidl_typesupport_fastrtps_c.cpython-310-x86_64-linux-gnu.so
[4.582s] [100%] Linking C shared library rosidl_generator_py/rb_msgs/rb_msgs_s__rosidl_typesupport_c.cpython-310-x86_64-linux-gnu.so
[4.608s] [100%] Built target rb_msgs__rosidl_typesupport_introspection_c__pyext
[4.616s] [100%] Built target rb_msgs__rosidl_typesupport_c__pyext
[4.620s] [100%] Built target rb_msgs__rosidl_typesupport_fastrtps_c__pyext
[4.631s] Invoked command in '/home/user/robocup_basketball_ws/build/rb_msgs' returned '0': CMAKE_PREFIX_PATH=/opt/ros/humble /usr/bin/cmake --build /home/user/robocup_basketball_ws/build/rb_msgs -- -j16 -l16
[4.637s] Invoking command in '/home/user/robocup_basketball_ws/build/rb_msgs': CMAKE_PREFIX_PATH=/opt/ros/humble /usr/bin/cmake --install /home/user/robocup_basketball_ws/build/rb_msgs
[4.644s] -- Install configuration: ""
[4.645s] -- Installing: /home/user/robocup_basketball_ws/install/rb_msgs/share/ament_index/resource_index/rosidl_interfaces/rb_msgs
[4.645s] -- Installing: /home/user/robocup_basketball_ws/install/rb_msgs/include/rb_msgs/rb_msgs
[4.645s] -- Installing: /home/user/robocup_basketball_ws/install/rb_msgs/include/rb_msgs/rb_msgs/msg
[4.645s] -- Installing: /home/user/robocup_basketball_ws/install/rb_msgs/include/rb_msgs/rb_msgs/msg/robot_state.h
[4.645s] -- Installing: /home/user/robocup_basketball_ws/install/rb_msgs/include/rb_msgs/rb_msgs/msg/detection_array.h
[4.645s] -- Installing: /home/user/robocup_basketball_ws/install/rb_msgs/include/rb_msgs/rb_msgs/msg/mission_status.h
[4.645s] -- Installing: /home/user/robocup_basketball_ws/install/rb_msgs/include/rb_msgs/rb_msgs/msg/detail
[4.645s] -- Installing: /home/user/robocup_basketball_ws/install/rb_msgs/include/rb_msgs/rb_msgs/msg/detail/robot_state__type_support.h
[4.645s] -- Installing: /home/user/robocup_basketball_ws/install/rb_msgs/include/rb_msgs/rb_msgs/msg/detail/mission_status__type_support.h
[4.645s] -- Installing: /home/user/robocup_basketball_ws/install/rb_msgs/include/rb_msgs/rb_msgs/msg/detail/detection_array__functions.c
[4.645s] -- Installing: /home/user/robocup_basketball_ws/install/rb_msgs/include/rb_msgs/rb_msgs/msg/detail/detection_array__functions.h
[4.646s] -- Installing: /home/user/robocup_basketball_ws/install/rb_msgs/include/rb_msgs/rb_msgs/msg/detail/robot_state__functions.h
[4.646s] -- Installing: /home/user/robocup_basketball_ws/install/rb_msgs/include/rb_msgs/rb_msgs/msg/detail/detection__functions.c
[4.646s] -- Installing: /home/user/robocup_basketball_ws/install/rb_msgs/include/rb_msgs/rb_msgs/msg/detail/detection__type_support.h
[4.646s] -- Installing: /home/user/robocup_basketball_ws/install/rb_msgs/include/rb_msgs/rb_msgs/msg/detail/detection_array__struct.h
[4.646s] -- Installing: /home/user/robocup_basketball_ws/install/rb_msgs/include/rb_msgs/rb_msgs/msg/detail/detection__functions.h
[4.646s] -- Installing: /home/user/robocup_basketball_ws/install/rb_msgs/include/rb_msgs/rb_msgs/msg/detail/detection__struct.h
[4.646s] -- Installing: /home/user/robocup_basketball_ws/install/rb_msgs/include/rb_msgs/rb_msgs/msg/detail/mission_status__functions.c
[4.646s] -- Installing: /home/user/robocup_basketball_ws/install/rb_msgs/include/rb_msgs/rb_msgs/msg/detail/robot_state__struct.h
[4.646s] -- Installing: /home/user/robocup_basketball_ws/install/rb_msgs/include/rb_msgs/rb_msgs/msg/detail/mission_status__functions.h
[4.646s] -- Installing: /home/user/robocup_basketball_ws/install/rb_msgs/include/rb_msgs/rb_msgs/msg/detail/mission_status__struct.h
[4.646s] -- Installing: /home/user/robocup_basketball_ws/install/rb_msgs/include/rb_msgs/rb_msgs/msg/detail/robot_state__functions.c
[4.647s] -- Installing: /home/user/robocup_basketball_ws/install/rb_msgs/include/rb_msgs/rb_msgs/msg/detail/detection_array__type_support.h
[4.647s] -- Installing: /home/user/robocup_basketball_ws/install/rb_msgs/include/rb_msgs/rb_msgs/msg/rosidl_generator_c__visibility_control.h
[4.647s] -- Installing: /home/user/robocup_basketball_ws/install/rb_msgs/include/rb_msgs/rb_msgs/msg/detection.h
[4.647s] -- Installing: /home/user/robocup_basketball_ws/install/rb_msgs/include/rb_msgs/rb_msgs/srv
[4.647s] -- Installing: /home/user/robocup_basketball_ws/install/rb_msgs/include/rb_msgs/rb_msgs/srv/set_mission.h
[4.647s] -- Installing: /home/user/robocup_basketball_ws/install/rb_msgs/include/rb_msgs/rb_msgs/srv/launch.h
[4.647s] -- Installing: /home/user/robocup_basketball_ws/install/rb_msgs/include/rb_msgs/rb_msgs/srv/detail
[4.647s] -- Installing: /home/user/robocup_basketball_ws/install/rb_msgs/include/rb_msgs/rb_msgs/srv/detail/launch__struct.h
[4.647s] -- Installing: /home/user/robocup_basketball_ws/install/rb_msgs/include/rb_msgs/rb_msgs/srv/detail/set_mission__struct.h
[4.647s] -- Installing: /home/user/robocup_basketball_ws/install/rb_msgs/include/rb_msgs/rb_msgs/srv/detail/launch__functions.c
[4.647s] -- Installing: /home/user/robocup_basketball_ws/install/rb_msgs/include/rb_msgs/rb_msgs/srv/detail/launch__functions.h
[4.647s] -- Installing: /home/user/robocup_basketball_ws/install/rb_msgs/include/rb_msgs/rb_msgs/srv/detail/launch__type_support.h
[4.648s] -- Installing: /home/user/robocup_basketball_ws/install/rb_msgs/include/rb_msgs/rb_msgs/srv/detail/set_mission__functions.c
[4.648s] -- Installing: /home/user/robocup_basketball_ws/install/rb_msgs/include/rb_msgs/rb_msgs/srv/detail/set_mission__functions.h
[4.648s] -- Installing: /home/user/robocup_basketball_ws/install/rb_msgs/include/rb_msgs/rb_msgs/srv/detail/set_mission__type_support.h
[4.648s] -- Installing: /home/user/robocup_basketball_ws/install/rb_msgs/share/rb_msgs/environment/library_path.sh
[4.648s] -- Installing: /home/user/robocup_basketball_ws/install/rb_msgs/share/rb_msgs/environment/library_path.dsv
[4.648s] -- Installing: /home/user/robocup_basketball_ws/install/rb_msgs/lib/librb_msgs__rosidl_generator_c.so
[4.649s] -- Set runtime path of "/home/user/robocup_basketball_ws/install/rb_msgs/lib/librb_msgs__rosidl_generator_c.so" to ""
[4.649s] -- Up-to-date: /home/user/robocup_basketball_ws/install/rb_msgs/include/rb_msgs/rb_msgs
[4.649s] -- Up-to-date: /home/user/robocup_basketball_ws/install/rb_msgs/include/rb_msgs/rb_msgs/msg
[4.649s] -- Installing: /home/user/robocup_basketball_ws/install/rb_msgs/include/rb_msgs/rb_msgs/msg/rosidl_typesupport_fastrtps_c__visibility_control.h
[4.649s] -- Up-to-date: /home/user/robocup_basketball_ws/install/rb_msgs/include/rb_msgs/rb_msgs/msg/detail
[4.649s] -- Installing: /home/user/robocup_basketball_ws/install/rb_msgs/include/rb_msgs/rb_msgs/msg/detail/detection_array__rosidl_typesupport_fastrtps_c.h
[4.649s] -- Installing: /home/user/robocup_basketball_ws/install/rb_msgs/include/rb_msgs/rb_msgs/msg/detail/robot_state__rosidl_typesupport_fastrtps_c.h
[4.649s] -- Installing: /home/user/robocup_basketball_ws/install/rb_msgs/include/rb_msgs/rb_msgs/msg/detail/mission_status__rosidl_typesupport_fastrtps_c.h
[4.649s] -- Installing: /home/user/robocup_basketball_ws/install/rb_msgs/include/rb_msgs/rb_msgs/msg/detail/detection__rosidl_typesupport_fastrtps_c.h
[4.649s] -- Up-to-date: /home/user/robocup_basketball_ws/install/rb_msgs/include/rb_msgs/rb_msgs/srv
[4.649s] -- Up-to-date: /home/user/robocup_basketball_ws/install/rb_msgs/include/rb_msgs/rb_msgs/srv/detail
[4.649s] -- Installing: /home/user/robocup_basketball_ws/install/rb_msgs/include/rb_msgs/rb_msgs/srv/detail/set_mission__rosidl_typesupport_fastrtps_c.h
[4.649s] -- Installing: /home/user/robocup_basketball_ws/install/rb_msgs/include/rb_msgs/rb_msgs/srv/detail/launch__rosidl_typesupport_fastrtps_c.h
[4.649s] -- Installing: /home/user/robocup_basketball_ws/install/rb_msgs/lib/librb_msgs__rosidl_typesupport_fastrtps_c.so
[4.650s] -- Set runtime path of "/home/user/robocup_basketball_ws/install/rb_msgs/lib/librb_msgs__rosidl_typesupport_fastrtps_c.so" to ""
[4.650s] -- Up-to-date: /home/user/robocup_basketball_ws/install/rb_msgs/include/rb_msgs/rb_msgs
[4.650s] -- Up-to-date: /home/user/robocup_basketball_ws/install/rb_msgs/include/rb_msgs/rb_msgs/msg
[4.650s] -- Up-to-date: /home/user/robocup_basketball_ws/install/rb_msgs/include/rb_msgs/rb_msgs/msg/detail
[4.650s] -- Installing: /home/user/robocup_basketball_ws/install/rb_msgs/include/rb_msgs/rb_msgs/msg/detail/robot_state__rosidl_typesupport_introspection_c.h
[4.650s] -- Installing: /home/user/robocup_basketball_ws/install/rb_msgs/include/rb_msgs/rb_msgs/msg/detail/detection__type_support.c
[4.650s] -- Installing: /home/user/robocup_basketball_ws/install/rb_msgs/include/rb_msgs/rb_msgs/msg/detail/detection__rosidl_typesupport_introspection_c.h
[4.650s] -- Installing: /home/user/robocup_basketball_ws/install/rb_msgs/include/rb_msgs/rb_msgs/msg/detail/mission_status__type_support.c
[4.650s] -- Installing: /home/user/robocup_basketball_ws/install/rb_msgs/include/rb_msgs/rb_msgs/msg/detail/mission_status__rosidl_typesupport_introspection_c.h
[4.650s] -- Installing: /home/user/robocup_basketball_ws/install/rb_msgs/include/rb_msgs/rb_msgs/msg/detail/detection_array__rosidl_typesupport_introspection_c.h
[4.651s] -- Installing: /home/user/robocup_basketball_ws/install/rb_msgs/include/rb_msgs/rb_msgs/msg/detail/detection_array__type_support.c
[4.651s] -- Installing: /home/user/robocup_basketball_ws/install/rb_msgs/include/rb_msgs/rb_msgs/msg/detail/robot_state__type_support.c
[4.651s] -- Installing: /home/user/robocup_basketball_ws/install/rb_msgs/include/rb_msgs/rb_msgs/msg/rosidl_typesupport_introspection_c__visibility_control.h
[4.651s] -- Up-to-date: /home/user/robocup_basketball_ws/install/rb_msgs/include/rb_msgs/rb_msgs/srv
[4.651s] -- Up-to-date: /home/user/robocup_basketball_ws/install/rb_msgs/include/rb_msgs/rb_msgs/srv/detail
[4.651s] -- Installing: /home/user/robocup_basketball_ws/install/rb_msgs/include/rb_msgs/rb_msgs/srv/detail/launch__rosidl_typesupport_introspection_c.h
[4.651s] -- Installing: /home/user/robocup_basketball_ws/install/rb_msgs/include/rb_msgs/rb_msgs/srv/detail/launch__type_support.c
[4.651s] -- Installing: /home/user/robocup_basketball_ws/install/rb_msgs/include/rb_msgs/rb_msgs/srv/detail/set_mission__type_support.c
[4.651s] -- Installing: /home/user/robocup_basketball_ws/install/rb_msgs/include/rb_msgs/rb_msgs/srv/detail/set_mission__rosidl_typesupport_introspection_c.h
[4.651s] -- Installing: /home/user/robocup_basketball_ws/install/rb_msgs/lib/librb_msgs__rosidl_typesupport_introspection_c.so
[4.651s] -- Set runtime path of "/home/user/robocup_basketball_ws/install/rb_msgs/lib/librb_msgs__rosidl_typesupport_introspection_c.so" to ""
[4.651s] -- Installing: /home/user/robocup_basketball_ws/install/rb_msgs/lib/librb_msgs__rosidl_typesupport_c.so
[4.652s] -- Set runtime path of "/home/user/robocup_basketball_ws/install/rb_msgs/lib/librb_msgs__rosidl_typesupport_c.so" to ""
[4.652s] -- Up-to-date: /home/user/robocup_basketball_ws/install/rb_msgs/include/rb_msgs/rb_msgs
[4.652s] -- Up-to-date: /home/user/robocup_basketball_ws/install/rb_msgs/include/rb_msgs/rb_msgs/msg
[4.652s] -- Installing: /home/user/robocup_basketball_ws/install/rb_msgs/include/rb_msgs/rb_msgs/msg/rosidl_generator_cpp__visibility_control.hpp
[4.652s] -- Installing: /home/user/robocup_basketball_ws/install/rb_msgs/include/rb_msgs/rb_msgs/msg/detection_array.hpp
[4.652s] -- Installing: /home/user/robocup_basketball_ws/install/rb_msgs/include/rb_msgs/rb_msgs/msg/robot_state.hpp
[4.652s] -- Installing: /home/user/robocup_basketball_ws/install/rb_msgs/include/rb_msgs/rb_msgs/msg/mission_status.hpp
[4.652s] -- Up-to-date: /home/user/robocup_basketball_ws/install/rb_msgs/include/rb_msgs/rb_msgs/msg/detail
[4.652s] -- Installing: /home/user/robocup_basketball_ws/install/rb_msgs/include/rb_msgs/rb_msgs/msg/detail/detection__builder.hpp
[4.653s] -- Installing: /home/user/robocup_basketball_ws/install/rb_msgs/include/rb_msgs/rb_msgs/msg/detail/detection_array__struct.hpp
[4.653s] -- Installing: /home/user/robocup_basketball_ws/install/rb_msgs/include/rb_msgs/rb_msgs/msg/detail/robot_state__type_support.hpp
[4.653s] -- Installing: /home/user/robocup_basketball_ws/install/rb_msgs/include/rb_msgs/rb_msgs/msg/detail/mission_status__traits.hpp
[4.653s] -- Installing: /home/user/robocup_basketball_ws/install/rb_msgs/include/rb_msgs/rb_msgs/msg/detail/detection__type_support.hpp
[4.653s] -- Installing: /home/user/robocup_basketball_ws/install/rb_msgs/include/rb_msgs/rb_msgs/msg/detail/mission_status__type_support.hpp
[4.653s] -- Installing: /home/user/robocup_basketball_ws/install/rb_msgs/include/rb_msgs/rb_msgs/msg/detail/mission_status__builder.hpp
[4.653s] -- Installing: /home/user/robocup_basketball_ws/install/rb_msgs/include/rb_msgs/rb_msgs/msg/detail/robot_state__traits.hpp
[4.653s] -- Installing: /home/user/robocup_basketball_ws/install/rb_msgs/include/rb_msgs/rb_msgs/msg/detail/mission_status__struct.hpp
[4.653s] -- Installing: /home/user/robocup_basketball_ws/install/rb_msgs/include/rb_msgs/rb_msgs/msg/detail/detection__traits.hpp
[4.653s] -- Installing: /home/user/robocup_basketball_ws/install/rb_msgs/include/rb_msgs/rb_msgs/msg/detail/robot_state__builder.hpp
[4.653s] -- Installing: /home/user/robocup_basketball_ws/install/rb_msgs/include/rb_msgs/rb_msgs/msg/detail/detection_array__type_support.hpp
[4.653s] -- Installing: /home/user/robocup_basketball_ws/install/rb_msgs/include/rb_msgs/rb_msgs/msg/detail/detection__struct.hpp
[4.653s] -- Installing: /home/user/robocup_basketball_ws/install/rb_msgs/include/rb_msgs/rb_msgs/msg/detail/detection_array__traits.hpp
[4.653s] -- Installing: /home/user/robocup_basketball_ws/install/rb_msgs/include/rb_msgs/rb_msgs/msg/detail/detection_array__builder.hpp
[4.653s] -- Installing: /home/user/robocup_basketball_ws/install/rb_msgs/include/rb_msgs/rb_msgs/msg/detail/robot_state__struct.hpp
[4.653s] -- Installing: /home/user/robocup_basketball_ws/install/rb_msgs/include/rb_msgs/rb_msgs/msg/detection.hpp
[4.653s] -- Up-to-date: /home/user/robocup_basketball_ws/install/rb_msgs/include/rb_msgs/rb_msgs/srv
[4.653s] -- Installing: /home/user/robocup_basketball_ws/install/rb_msgs/include/rb_msgs/rb_msgs/srv/set_mission.hpp
[4.653s] -- Installing: /home/user/robocup_basketball_ws/install/rb_msgs/include/rb_msgs/rb_msgs/srv/launch.hpp
[4.653s] -- Up-to-date: /home/user/robocup_basketball_ws/install/rb_msgs/include/rb_msgs/rb_msgs/srv/detail
[4.653s] -- Installing: /home/user/robocup_basketball_ws/install/rb_msgs/include/rb_msgs/rb_msgs/srv/detail/launch__struct.hpp
[4.653s] -- Installing: /home/user/robocup_basketball_ws/install/rb_msgs/include/rb_msgs/rb_msgs/srv/detail/launch__builder.hpp
[4.653s] -- Installing: /home/user/robocup_basketball_ws/install/rb_msgs/include/rb_msgs/rb_msgs/srv/detail/set_mission__traits.hpp
[4.653s] -- Installing: /home/user/robocup_basketball_ws/install/rb_msgs/include/rb_msgs/rb_msgs/srv/detail/set_mission__struct.hpp
[4.653s] -- Installing: /home/user/robocup_basketball_ws/install/rb_msgs/include/rb_msgs/rb_msgs/srv/detail/set_mission__builder.hpp
[4.653s] -- Installing: /home/user/robocup_basketball_ws/install/rb_msgs/include/rb_msgs/rb_msgs/srv/detail/launch__traits.hpp
[4.654s] -- Installing: /home/user/robocup_basketball_ws/install/rb_msgs/include/rb_msgs/rb_msgs/srv/detail/set_mission__type_support.hpp
[4.654s] -- Installing: /home/user/robocup_basketball_ws/install/rb_msgs/include/rb_msgs/rb_msgs/srv/detail/launch__type_support.hpp
[4.654s] -- Up-to-date: /home/user/robocup_basketball_ws/install/rb_msgs/include/rb_msgs/rb_msgs
[4.654s] -- Up-to-date: /home/user/robocup_basketball_ws/install/rb_msgs/include/rb_msgs/rb_msgs/msg
[4.654s] -- Installing: /home/user/robocup_basketball_ws/install/rb_msgs/include/rb_msgs/rb_msgs/msg/rosidl_typesupport_fastrtps_cpp__visibility_control.h
[4.654s] -- Up-to-date: /home/user/robocup_basketball_ws/install/rb_msgs/include/rb_msgs/rb_msgs/msg/detail
[4.654s] -- Installing: /home/user/robocup_basketball_ws/install/rb_msgs/include/rb_msgs/rb_msgs/msg/detail/detection__rosidl_typesupport_fastrtps_cpp.hpp
[4.654s] -- Installing: /home/user/robocup_basketball_ws/install/rb_msgs/include/rb_msgs/rb_msgs/msg/detail/mission_status__rosidl_typesupport_fastrtps_cpp.hpp
[4.654s] -- Installing: /home/user/robocup_basketball_ws/install/rb_msgs/include/rb_msgs/rb_msgs/msg/detail/robot_state__rosidl_typesupport_fastrtps_cpp.hpp
[4.654s] -- Installing: /home/user/robocup_basketball_ws/install/rb_msgs/include/rb_msgs/rb_msgs/msg/detail/dds_fastrtps
[4.654s] -- Installing: /home/user/robocup_basketball_ws/install/rb_msgs/include/rb_msgs/rb_msgs/msg/detail/detection_array__rosidl_typesupport_fastrtps_cpp.hpp
[4.654s] -- Up-to-date: /home/user/robocup_basketball_ws/install/rb_msgs/include/rb_msgs/rb_msgs/srv
[4.654s] -- Up-to-date: /home/user/robocup_basketball_ws/install/rb_msgs/include/rb_msgs/rb_msgs/srv/detail
[4.654s] -- Installing: /home/user/robocup_basketball_ws/install/rb_msgs/include/rb_msgs/rb_msgs/srv/detail/set_mission__rosidl_typesupport_fastrtps_cpp.hpp
[4.654s] -- Installing: /home/user/robocup_basketball_ws/install/rb_msgs/include/rb_msgs/rb_msgs/srv/detail/launch__rosidl_typesupport_fastrtps_cpp.hpp
[4.654s] -- Installing: /home/user/robocup_basketball_ws/install/rb_msgs/include/rb_msgs/rb_msgs/srv/detail/dds_fastrtps
[4.654s] -- Installing: /home/user/robocup_basketball_ws/install/rb_msgs/lib/librb_msgs__rosidl_typesupport_fastrtps_cpp.so
[4.654s] -- Set runtime path of "/home/user/robocup_basketball_ws/install/rb_msgs/lib/librb_msgs__rosidl_typesupport_fastrtps_cpp.so" to ""
[4.654s] -- Up-to-date: /home/user/robocup_basketball_ws/install/rb_msgs/include/rb_msgs/rb_msgs
[4.654s] -- Up-to-date: /home/user/robocup_basketball_ws/install/rb_msgs/include/rb_msgs/rb_msgs/msg
[4.654s] -- Up-to-date: /home/user/robocup_basketball_ws/install/rb_msgs/include/rb_msgs/rb_msgs/msg/detail
[4.654s] -- Installing: /home/user/robocup_basketball_ws/install/rb_msgs/include/rb_msgs/rb_msgs/msg/detail/mission_status__rosidl_typesupport_introspection_cpp.hpp
[4.654s] -- Installing: /home/user/robocup_basketball_ws/install/rb_msgs/include/rb_msgs/rb_msgs/msg/detail/robot_state__type_support.cpp
[4.654s] -- Installing: /home/user/robocup_basketball_ws/install/rb_msgs/include/rb_msgs/rb_msgs/msg/detail/detection__type_support.cpp
[4.655s] -- Installing: /home/user/robocup_basketball_ws/install/rb_msgs/include/rb_msgs/rb_msgs/msg/detail/detection__rosidl_typesupport_introspection_cpp.hpp
[4.655s] -- Installing: /home/user/robocup_basketball_ws/install/rb_msgs/include/rb_msgs/rb_msgs/msg/detail/mission_status__type_support.cpp
[4.655s] -- Installing: /home/user/robocup_basketball_ws/install/rb_msgs/include/rb_msgs/rb_msgs/msg/detail/detection_array__type_support.cpp
[4.655s] -- Installing: /home/user/robocup_basketball_ws/install/rb_msgs/include/rb_msgs/rb_msgs/msg/detail/robot_state__rosidl_typesupport_introspection_cpp.hpp
[4.655s] -- Installing: /home/user/robocup_basketball_ws/install/rb_msgs/include/rb_msgs/rb_msgs/msg/detail/detection_array__rosidl_typesupport_introspection_cpp.hpp
[4.655s] -- Up-to-date: /home/user/robocup_basketball_ws/install/rb_msgs/include/rb_msgs/rb_msgs/srv
[4.655s] -- Up-to-date: /home/user/robocup_basketball_ws/install/rb_msgs/include/rb_msgs/rb_msgs/srv/detail
[4.655s] -- Installing: /home/user/robocup_basketball_ws/install/rb_msgs/include/rb_msgs/rb_msgs/srv/detail/launch__type_support.cpp
[4.655s] -- Installing: /home/user/robocup_basketball_ws/install/rb_msgs/include/rb_msgs/rb_msgs/srv/detail/launch__rosidl_typesupport_introspection_cpp.hpp
[4.655s] -- Installing: /home/user/robocup_basketball_ws/install/rb_msgs/include/rb_msgs/rb_msgs/srv/detail/set_mission__type_support.cpp
[4.655s] -- Installing: /home/user/robocup_basketball_ws/install/rb_msgs/include/rb_msgs/rb_msgs/srv/detail/set_mission__rosidl_typesupport_introspection_cpp.hpp
[4.655s] -- Installing: /home/user/robocup_basketball_ws/install/rb_msgs/lib/librb_msgs__rosidl_typesupport_introspection_cpp.so
[4.655s] -- Set runtime path of "/home/user/robocup_basketball_ws/install/rb_msgs/lib/librb_msgs__rosidl_typesupport_introspection_cpp.so" to ""
[4.655s] -- Installing: /home/user/robocup_basketball_ws/install/rb_msgs/lib/librb_msgs__rosidl_typesupport_cpp.so
[4.655s] -- Set runtime path of "/home/user/robocup_basketball_ws/install/rb_msgs/lib/librb_msgs__rosidl_typesupport_cpp.so" to ""
[4.655s] -- Installing: /home/user/robocup_basketball_ws/install/rb_msgs/share/rb_msgs/environment/pythonpath.sh
[4.655s] -- Installing: /home/user/robocup_basketball_ws/install/rb_msgs/share/rb_msgs/environment/pythonpath.dsv
[4.655s] -- Installing: /home/user/robocup_basketball_ws/install/rb_msgs/local/lib/python3.10/dist-packages/rb_msgs-0.1.0-py3.10.egg-info
[4.655s] -- Installing: /home/user/robocup_basketball_ws/install/rb_msgs/local/lib/python3.10/dist-packages/rb_msgs-0.1.0-py3.10.egg-info/SOURCES.txt
[4.655s] -- Installing: /home/user/robocup_basketball_ws/install/rb_msgs/local/lib/python3.10/dist-packages/rb_msgs-0.1.0-py3.10.egg-info/dependency_links.txt
[4.655s] -- Installing: /home/user/robocup_basketball_ws/install/rb_msgs/local/lib/python3.10/dist-packages/rb_msgs-0.1.0-py3.10.egg-info/PKG-INFO
[4.656s] -- Installing: /home/user/robocup_basketball_ws/install/rb_msgs/local/lib/python3.10/dist-packages/rb_msgs-0.1.0-py3.10.egg-info/top_level.txt
[4.656s] -- Installing: /home/user/robocup_basketball_ws/install/rb_msgs/local/lib/python3.10/dist-packages/rb_msgs
[4.656s] -- Installing: /home/user/robocup_basketball_ws/install/rb_msgs/local/lib/python3.10/dist-packages/rb_msgs/_rb_msgs_s.ep.rosidl_typesupport_c.c
[4.656s] -- Installing: /home/user/robocup_basketball_ws/install/rb_msgs/local/lib/python3.10/dist-packages/rb_msgs/__init__.py
[4.656s] -- Installing: /home/user/robocup_basketball_ws/install/rb_msgs/local/lib/python3.10/dist-packages/rb_msgs/librb_msgs__rosidl_generator_py.so
[4.656s] -- Installing: /home/user/robocup_basketball_ws/install/rb_msgs/local/lib/python3.10/dist-packages/rb_msgs/rb_msgs_s__rosidl_typesupport_fastrtps_c.cpython-310-x86_64-linux-gnu.so
[4.656s] -- Installing: /home/user/robocup_basketball_ws/install/rb_msgs/local/lib/python3.10/dist-packages/rb_msgs/rb_msgs_s__rosidl_typesupport_introspection_c.cpython-310-x86_64-linux-gnu.so
[4.656s] -- Installing: /home/user/robocup_basketball_ws/install/rb_msgs/local/lib/python3.10/dist-packages/rb_msgs/_rb_msgs_s.ep.rosidl_typesupport_fastrtps_c.c
[4.656s] -- Installing: /home/user/robocup_basketball_ws/install/rb_msgs/local/lib/python3.10/dist-packages/rb_msgs/_rb_msgs_s.ep.rosidl_typesupport_introspection_c.c
[4.656s] -- Installing: /home/user/robocup_basketball_ws/install/rb_msgs/local/lib/python3.10/dist-packages/rb_msgs/msg
[4.656s] -- Installing: /home/user/robocup_basketball_ws/install/rb_msgs/local/lib/python3.10/dist-packages/rb_msgs/msg/_mission_status.py
[4.656s] -- Installing: /home/user/robocup_basketball_ws/install/rb_msgs/local/lib/python3.10/dist-packages/rb_msgs/msg/_detection_s.c
[4.656s] -- Installing: /home/user/robocup_basketball_ws/install/rb_msgs/local/lib/python3.10/dist-packages/rb_msgs/msg/__init__.py
[4.656s] -- Installing: /home/user/robocup_basketball_ws/install/rb_msgs/local/lib/python3.10/dist-packages/rb_msgs/msg/_detection_array.py
[4.656s] -- Installing: /home/user/robocup_basketball_ws/install/rb_msgs/local/lib/python3.10/dist-packages/rb_msgs/msg/_detection.py
[4.656s] -- Installing: /home/user/robocup_basketball_ws/install/rb_msgs/local/lib/python3.10/dist-packages/rb_msgs/msg/_detection_array_s.c
[4.656s] -- Installing: /home/user/robocup_basketball_ws/install/rb_msgs/local/lib/python3.10/dist-packages/rb_msgs/msg/_mission_status_s.c
[4.656s] -- Installing: /home/user/robocup_basketball_ws/install/rb_msgs/local/lib/python3.10/dist-packages/rb_msgs/msg/_robot_state.py
[4.656s] -- Installing: /home/user/robocup_basketball_ws/install/rb_msgs/local/lib/python3.10/dist-packages/rb_msgs/msg/_robot_state_s.c
[4.656s] -- Installing: /home/user/robocup_basketball_ws/install/rb_msgs/local/lib/python3.10/dist-packages/rb_msgs/srv
[4.656s] -- Installing: /home/user/robocup_basketball_ws/install/rb_msgs/local/lib/python3.10/dist-packages/rb_msgs/srv/_set_mission.py
[4.656s] -- Installing: /home/user/robocup_basketball_ws/install/rb_msgs/local/lib/python3.10/dist-packages/rb_msgs/srv/__init__.py
[4.656s] -- Installing: /home/user/robocup_basketball_ws/install/rb_msgs/local/lib/python3.10/dist-packages/rb_msgs/srv/_launch.py
[4.656s] -- Installing: /home/user/robocup_basketball_ws/install/rb_msgs/local/lib/python3.10/dist-packages/rb_msgs/srv/_launch_s.c
[4.656s] -- Installing: /home/user/robocup_basketball_ws/install/rb_msgs/local/lib/python3.10/dist-packages/rb_msgs/srv/_set_mission_s.c
[4.656s] -- Installing: /home/user/robocup_basketball_ws/install/rb_msgs/local/lib/python3.10/dist-packages/rb_msgs/rb_msgs_s__rosidl_typesupport_c.cpython-310-x86_64-linux-gnu.so
[4.690s] Listing '/home/user/robocup_basketball_ws/install/rb_msgs/local/lib/python3.10/dist-packages/rb_msgs'...
[4.690s] Compiling '/home/user/robocup_basketball_ws/install/rb_msgs/local/lib/python3.10/dist-packages/rb_msgs/__init__.py'...
[4.690s] Listing '/home/user/robocup_basketball_ws/install/rb_msgs/local/lib/python3.10/dist-packages/rb_msgs/msg'...
[4.690s] Compiling '/home/user/robocup_basketball_ws/install/rb_msgs/local/lib/python3.10/dist-packages/rb_msgs/msg/__init__.py'...
[4.690s] Compiling '/home/user/robocup_basketball_ws/install/rb_msgs/local/lib/python3.10/dist-packages/rb_msgs/msg/_detection.py'...
[4.690s] Compiling '/home/user/robocup_basketball_ws/install/rb_msgs/local/lib/python3.10/dist-packages/rb_msgs/msg/_detection_array.py'...
[4.690s] Compiling '/home/user/robocup_basketball_ws/install/rb_msgs/local/lib/python3.10/dist-packages/rb_msgs/msg/_mission_status.py'...
[4.690s] Compiling '/home/user/robocup_basketball_ws/install/rb_msgs/local/lib/python3.10/dist-packages/rb_msgs/msg/_robot_state.py'...
[4.690s] Listing '/home/user/robocup_basketball_ws/install/rb_msgs/local/lib/python3.10/dist-packages/rb_msgs/srv'...
[4.690s] Compiling '/home/user/robocup_basketball_ws/install/rb_msgs/local/lib/python3.10/dist-packages/rb_msgs/srv/__init__.py'...
[4.690s] Compiling '/home/user/robocup_basketball_ws/install/rb_msgs/local/lib/python3.10/dist-packages/rb_msgs/srv/_launch.py'...
[4.690s] Compiling '/home/user/robocup_basketball_ws/install/rb_msgs/local/lib/python3.10/dist-packages/rb_msgs/srv/_set_mission.py'...
[4.693s] -- Installing: /home/user/robocup_basketball_ws/install/rb_msgs/local/lib/python3.10/dist-packages/rb_msgs/rb_msgs_s__rosidl_typesupport_fastrtps_c.cpython-310-x86_64-linux-gnu.so
[4.693s] -- Set runtime path of "/home/user/robocup_basketball_ws/install/rb_msgs/local/lib/python3.10/dist-packages/rb_msgs/rb_msgs_s__rosidl_typesupport_fastrtps_c.cpython-310-x86_64-linux-gnu.so" to ""
[4.694s] -- Installing: /home/user/robocup_basketball_ws/install/rb_msgs/local/lib/python3.10/dist-packages/rb_msgs/rb_msgs_s__rosidl_typesupport_introspection_c.cpython-310-x86_64-linux-gnu.so
[4.694s] -- Set runtime path of "/home/user/robocup_basketball_ws/install/rb_msgs/local/lib/python3.10/dist-packages/rb_msgs/rb_msgs_s__rosidl_typesupport_introspection_c.cpython-310-x86_64-linux-gnu.so" to ""
[4.694s] -- Installing: /home/user/robocup_basketball_ws/install/rb_msgs/local/lib/python3.10/dist-packages/rb_msgs/rb_msgs_s__rosidl_typesupport_c.cpython-310-x86_64-linux-gnu.so
[4.694s] -- Set runtime path of "/home/user/robocup_basketball_ws/install/rb_msgs/local/lib/python3.10/dist-packages/rb_msgs/rb_msgs_s__rosidl_typesupport_c.cpython-310-x86_64-linux-gnu.so" to ""
[4.694s] -- Installing: /home/user/robocup_basketball_ws/install/rb_msgs/lib/librb_msgs__rosidl_generator_py.so
[4.694s] -- Set runtime path of "/home/user/robocup_basketball_ws/install/rb_msgs/lib/librb_msgs__rosidl_generator_py.so" to ""
[4.694s] -- Installing: /home/user/robocup_basketball_ws/install/rb_msgs/share/rb_msgs/msg/Detection.idl
[4.694s] -- Installing: /home/user/robocup_basketball_ws/install/rb_msgs/share/rb_msgs/msg/DetectionArray.idl
[4.694s] -- Installing: /home/user/robocup_basketball_ws/install/rb_msgs/share/rb_msgs/msg/RobotState.idl
[4.694s] -- Installing: /home/user/robocup_basketball_ws/install/rb_msgs/share/rb_msgs/msg/MissionStatus.idl
[4.694s] -- Installing: /home/user/robocup_basketball_ws/install/rb_msgs/share/rb_msgs/srv/Launch.idl
[4.694s] -- Installing: /home/user/robocup_basketball_ws/install/rb_msgs/share/rb_msgs/srv/SetMission.idl
[4.695s] -- Installing: /home/user/robocup_basketball_ws/install/rb_msgs/share/rb_msgs/msg/Detection.msg
[4.695s] -- Installing: /home/user/robocup_basketball_ws/install/rb_msgs/share/rb_msgs/msg/DetectionArray.msg
[4.695s] -- Installing: /home/user/robocup_basketball_ws/install/rb_msgs/share/rb_msgs/msg/RobotState.msg
[4.695s] -- Installing: /home/user/robocup_basketball_ws/install/rb_msgs/share/rb_msgs/msg/MissionStatus.msg
[4.695s] -- Installing: /home/user/robocup_basketball_ws/install/rb_msgs/share/rb_msgs/srv/Launch.srv
[4.695s] -- Installing: /home/user/robocup_basketball_ws/install/rb_msgs/share/rb_msgs/srv/Launch_Request.msg
[4.695s] -- Installing: /home/user/robocup_basketball_ws/install/rb_msgs/share/rb_msgs/srv/Launch_Response.msg
[4.695s] -- Installing: /home/user/robocup_basketball_ws/install/rb_msgs/share/rb_msgs/srv/SetMission.srv
[4.695s] -- Installing: /home/user/robocup_basketball_ws/install/rb_msgs/share/rb_msgs/srv/SetMission_Request.msg
[4.695s] -- Installing: /home/user/robocup_basketball_ws/install/rb_msgs/share/rb_msgs/srv/SetMission_Response.msg
[4.695s] -- Installing: /home/user/robocup_basketball_ws/install/rb_msgs/share/ament_index/resource_index/package_run_dependencies/rb_msgs
[4.695s] -- Installing: /home/user/robocup_basketball_ws/install/rb_msgs/share/ament_index/resource_index/parent_prefix_path/rb_msgs
[4.695s] -- Installing: /home/user/robocup_basketball_ws/install/rb_msgs/share/rb_msgs/environment/ament_prefix_path.sh
[4.695s] -- Installing: /home/user/robocup_basketball_ws/install/rb_msgs/share/rb_msgs/environment/ament_prefix_path.dsv
[4.695s] -- Installing: /home/user/robocup_basketball_ws/install/rb_msgs/share/rb_msgs/environment/path.sh
[4.695s] -- Installing: /home/user/robocup_basketball_ws/install/rb_msgs/share/rb_msgs/environment/path.dsv
[4.695s] -- Installing: /home/user/robocup_basketball_ws/install/rb_msgs/share/rb_msgs/local_setup.bash
[4.695s] -- Installing: /home/user/robocup_basketball_ws/install/rb_msgs/share/rb_msgs/local_setup.sh
[4.695s] -- Installing: /home/user/robocup_basketball_ws/install/rb_msgs/share/rb_msgs/local_setup.zsh
[4.695s] -- Installing: /home/user/robocup_basketball_ws/install/rb_msgs/share/rb_msgs/local_setup.dsv
[4.696s] -- Installing: /home/user/robocup_basketball_ws/install/rb_msgs/share/rb_msgs/package.dsv
[4.696s] -- Installing: /home/user/robocup_basketball_ws/install/rb_msgs/share/ament_index/resource_index/packages/rb_msgs
[4.696s] -- Installing: /home/user/robocup_basketball_ws/install/rb_msgs/share/rb_msgs/cmake/export_rb_msgs__rosidl_generator_cExport.cmake
[4.696s] -- Installing: /home/user/robocup_basketball_ws/install/rb_msgs/share/rb_msgs/cmake/export_rb_msgs__rosidl_generator_cExport-noconfig.cmake
[4.696s] -- Installing: /home/user/robocup_basketball_ws/install/rb_msgs/share/rb_msgs/cmake/export_rb_msgs__rosidl_typesupport_fastrtps_cExport.cmake
[4.696s] -- Installing: /home/user/robocup_basketball_ws/install/rb_msgs/share/rb_msgs/cmake/export_rb_msgs__rosidl_typesupport_fastrtps_cExport-noconfig.cmake
[4.696s] -- Installing: /home/user/robocup_basketball_ws/install/rb_msgs/share/rb_msgs/cmake/rb_msgs__rosidl_typesupport_introspection_cExport.cmake
[4.696s] -- Installing: /home/user/robocup_basketball_ws/install/rb_msgs/share/rb_msgs/cmake/rb_msgs__rosidl_typesupport_introspection_cExport-noconfig.cmake
[4.696s] -- Installing: /home/user/robocup_basketball_ws/install/rb_msgs/share/rb_msgs/cmake/rb_msgs__rosidl_typesupport_cExport.cmake
[4.696s] -- Installing: /home/user/robocup_basketball_ws/install/rb_msgs/share/rb_msgs/cmake/rb_msgs__rosidl_typesupport_cExport-noconfig.cmake
[4.696s] -- Installing: /home/user/robocup_basketball_ws/install/rb_msgs/share/rb_msgs/cmake/export_rb_msgs__rosidl_generator_cppExport.cmake
[4.696s] -- Installing: /home/user/robocup_basketball_ws/install/rb_msgs/share/rb_msgs/cmake/export_rb_msgs__rosidl_typesupport_fastrtps_cppExport.cmake
[4.696s] -- Installing: /home/user/robocup_basketball_ws/install/rb_msgs/share/rb_msgs/cmake/export_rb_msgs__rosidl_typesupport_fastrtps_cppExport-noconfig.cmake
[4.696s] -- Installing: /home/user/robocup_basketball_ws/install/rb_msgs/share/rb_msgs/cmake/rb_msgs__rosidl_typesupport_introspection_cppExport.cmake
[4.696s] -- Installing: /home/user/robocup_basketball_ws/install/rb_msgs/share/rb_msgs/cmake/rb_msgs__rosidl_typesupport_introspection_cppExport-noconfig.cmake
[4.696s] -- Installing: /home/user/robocup_basketball_ws/install/rb_msgs/share/rb_msgs/cmake/rb_msgs__rosidl_typesupport_cppExport.cmake
[4.696s] -- Installing: /home/user/robocup_basketball_ws/install/rb_msgs/share/rb_msgs/cmake/rb_msgs__rosidl_typesupport_cppExport-noconfig.cmake
[4.696s] -- Installing: /home/user/robocup_basketball_ws/install/rb_msgs/share/rb_msgs/cmake/export_rb_msgs__rosidl_generator_pyExport.cmake
[4.696s] -- Installing: /home/user/robocup_basketball_ws/install/rb_msgs/share/rb_msgs/cmake/export_rb_msgs__rosidl_generator_pyExport-noconfig.cmake
[4.696s] -- Installing: /home/user/robocup_basketball_ws/install/rb_msgs/share/rb_msgs/cmake/rosidl_cmake-extras.cmake
[4.696s] -- Installing: /home/user/robocup_basketball_ws/install/rb_msgs/share/rb_msgs/cmake/ament_cmake_export_dependencies-extras.cmake
[4.697s] -- Installing: /home/user/robocup_basketball_ws/install/rb_msgs/share/rb_msgs/cmake/ament_cmake_export_include_directories-extras.cmake
[4.697s] -- Installing: /home/user/robocup_basketball_ws/install/rb_msgs/share/rb_msgs/cmake/ament_cmake_export_libraries-extras.cmake
[4.697s] -- Installing: /home/user/robocup_basketball_ws/install/rb_msgs/share/rb_msgs/cmake/ament_cmake_export_targets-extras.cmake
[4.697s] -- Installing: /home/user/robocup_basketball_ws/install/rb_msgs/share/rb_msgs/cmake/rosidl_cmake_export_typesupport_targets-extras.cmake
[4.697s] -- Installing: /home/user/robocup_basketball_ws/install/rb_msgs/share/rb_msgs/cmake/rosidl_cmake_export_typesupport_libraries-extras.cmake
[4.697s] -- Installing: /home/user/robocup_basketball_ws/install/rb_msgs/share/rb_msgs/cmake/rb_msgsConfig.cmake
[4.697s] -- Installing: /home/user/robocup_basketball_ws/install/rb_msgs/share/rb_msgs/cmake/rb_msgsConfig-version.cmake
[4.697s] -- Installing: /home/user/robocup_basketball_ws/install/rb_msgs/share/rb_msgs/package.xml
[4.698s] Invoked command in '/home/user/robocup_basketball_ws/build/rb_msgs' returned '0': CMAKE_PREFIX_PATH=/opt/ros/humble /usr/bin/cmake --install /home/user/robocup_basketball_ws/build/rb_msgs
