Consolidate compiler generated dependencies of target base_chassis
[ 33%] Built target base_chassis
Consolidate compiler generated dependencies of target omni_chassis
[ 66%] Built target omni_chassis
Consolidate compiler generated dependencies of target rb_chassis_node
[100%] Built target rb_chassis_node
-- Install configuration: ""
-- Installing: /home/user/robocup_basketball_ws/install/rb_chassis/lib/libbase_chassis.a
-- Installing: /home/user/robocup_basketball_ws/install/rb_chassis/lib/libomni_chassis.a
-- Installing: /home/user/robocup_basketball_ws/install/rb_chassis/lib/rb_chassis/rb_chassis_node
-- Set runtime path of "/home/user/robocup_basketball_ws/install/rb_chassis/lib/rb_chassis/rb_chassis_node" to ""
-- Installing: /home/user/robocup_basketball_ws/install/rb_chassis/include
-- Installing: /home/user/robocup_basketball_ws/install/rb_chassis/include/utils
-- Installing: /home/user/robocup_basketball_ws/install/rb_chassis/include/utils/utils.h
-- Installing: /home/user/robocup_basketball_ws/install/rb_chassis/include/chassis_lib
-- Installing: /home/user/robocup_basketball_ws/install/rb_chassis/include/chassis_lib/omni_chassis.h
-- Installing: /home/user/robocup_basketball_ws/install/rb_chassis/include/chassis_lib/base_chassis.h
-- Installing: /home/user/robocup_basketball_ws/install/rb_chassis/share/rb_chassis/launch
-- Installing: /home/user/robocup_basketball_ws/install/rb_chassis/share/rb_chassis/launch/chassis.launch.py
-- Installing: /home/user/robocup_basketball_ws/install/rb_chassis/share/rb_chassis/config
-- Installing: /home/user/robocup_basketball_ws/install/rb_chassis/share/rb_chassis/config/chassis.yaml
-- Installing: /home/user/robocup_basketball_ws/install/rb_chassis/share/rb_chassis/environment/library_path.sh
-- Installing: /home/user/robocup_basketball_ws/install/rb_chassis/share/rb_chassis/environment/library_path.dsv
-- Installing: /home/user/robocup_basketball_ws/install/rb_chassis/share/ament_index/resource_index/package_run_dependencies/rb_chassis
-- Installing: /home/user/robocup_basketball_ws/install/rb_chassis/share/ament_index/resource_index/parent_prefix_path/rb_chassis
-- Installing: /home/user/robocup_basketball_ws/install/rb_chassis/share/rb_chassis/environment/ament_prefix_path.sh
-- Installing: /home/user/robocup_basketball_ws/install/rb_chassis/share/rb_chassis/environment/ament_prefix_path.dsv
-- Installing: /home/user/robocup_basketball_ws/install/rb_chassis/share/rb_chassis/environment/path.sh
-- Installing: /home/user/robocup_basketball_ws/install/rb_chassis/share/rb_chassis/environment/path.dsv
-- Installing: /home/user/robocup_basketball_ws/install/rb_chassis/share/rb_chassis/local_setup.bash
-- Installing: /home/user/robocup_basketball_ws/install/rb_chassis/share/rb_chassis/local_setup.sh
-- Installing: /home/user/robocup_basketball_ws/install/rb_chassis/share/rb_chassis/local_setup.zsh
-- Installing: /home/user/robocup_basketball_ws/install/rb_chassis/share/rb_chassis/local_setup.dsv
-- Installing: /home/user/robocup_basketball_ws/install/rb_chassis/share/rb_chassis/package.dsv
-- Installing: /home/user/robocup_basketball_ws/install/rb_chassis/share/ament_index/resource_index/packages/rb_chassis
-- Installing: /home/user/robocup_basketball_ws/install/rb_chassis/share/rb_chassis/cmake/ament_cmake_export_include_directories-extras.cmake
-- Installing: /home/user/robocup_basketball_ws/install/rb_chassis/share/rb_chassis/cmake/ament_cmake_export_libraries-extras.cmake
-- Installing: /home/user/robocup_basketball_ws/install/rb_chassis/share/rb_chassis/cmake/ament_cmake_export_dependencies-extras.cmake
-- Installing: /home/user/robocup_basketball_ws/install/rb_chassis/share/rb_chassis/cmake/rb_chassisConfig.cmake
-- Installing: /home/user/robocup_basketball_ws/install/rb_chassis/share/rb_chassis/cmake/rb_chassisConfig-version.cmake
-- Installing: /home/user/robocup_basketball_ws/install/rb_chassis/share/rb_chassis/package.xml
