[0.005s] Invoking command in '/home/user/robocup_basketball_ws/build/rb_chassis': CMAKE_PREFIX_PATH=/opt/ros/humble /usr/bin/cmake /home/user/robocup_basketball_ws/src/rb_chassis -DAMENT_CMAKE_SYMLINK_INSTALL=1 -DCMAKE_INSTALL_PREFIX=/home/user/robocup_basketball_ws/install/rb_chassis
[0.013s] -- Found ament_cmake: 1.3.11 (/opt/ros/humble/share/ament_cmake/cmake)
[0.104s] -- Override CMake install command with custom implementation using symlinks instead of copying resources
[0.111s] -- Found rclcpp: 16.0.12 (/opt/ros/humble/share/rclcpp/cmake)
[0.129s] -- Found rosidl_generator_c: 3.1.6 (/opt/ros/humble/share/rosidl_generator_c/cmake)
[0.130s] -- Found rosidl_adapter: 3.1.6 (/opt/ros/humble/share/rosidl_adapter/cmake)
[0.134s] -- Found rosidl_generator_cpp: 3.1.6 (/opt/ros/humble/share/rosidl_generator_cpp/cmake)
[0.140s] -- Using all available rosidl_typesupport_c: rosidl_typesupport_fastrtps_c;rosidl_typesupport_introspection_c
[0.147s] -- Using all available rosidl_typesupport_cpp: rosidl_typesupport_fastrtps_cpp;rosidl_typesupport_introspection_cpp
[0.165s] -- Found rmw_implementation_cmake: 6.1.2 (/opt/ros/humble/share/rmw_implementation_cmake/cmake)
[0.166s] -- Found rmw_fastrtps_cpp: 6.2.7 (/opt/ros/humble/share/rmw_fastrtps_cpp/cmake)
[0.240s] -- Using RMW implementation 'rmw_fastrtps_cpp' as default
[0.271s] -- Found geometry_msgs: 4.8.0 (/opt/ros/humble/share/geometry_msgs/cmake)
[0.278s] -- Found nav_msgs: 4.8.0 (/opt/ros/humble/share/nav_msgs/cmake)
[0.333s] -- Configuring done
[0.342s] -- Generating done
[0.345s] -- Build files have been written to: /home/user/robocup_basketball_ws/build/rb_chassis
[0.350s] Invoked command in '/home/user/robocup_basketball_ws/build/rb_chassis' returned '0': CMAKE_PREFIX_PATH=/opt/ros/humble /usr/bin/cmake /home/user/robocup_basketball_ws/src/rb_chassis -DAMENT_CMAKE_SYMLINK_INSTALL=1 -DCMAKE_INSTALL_PREFIX=/home/user/robocup_basketball_ws/install/rb_chassis
[0.351s] Invoking command in '/home/user/robocup_basketball_ws/build/rb_chassis': CMAKE_PREFIX_PATH=/opt/ros/humble /usr/bin/cmake --build /home/user/robocup_basketball_ws/build/rb_chassis -- -j16 -l16
[0.382s] Consolidate compiler generated dependencies of target base_chassis
[0.394s] [ 33%] Built target base_chassis
[0.403s] Consolidate compiler generated dependencies of target omni_chassis
[0.415s] [ 66%] Built target omni_chassis
[0.427s] Consolidate compiler generated dependencies of target rb_chassis_node
[0.439s] [ 83%] Linking CXX executable rb_chassis_node
[0.798s] [100%] Built target rb_chassis_node
[0.807s] Invoked command in '/home/user/robocup_basketball_ws/build/rb_chassis' returned '0': CMAKE_PREFIX_PATH=/opt/ros/humble /usr/bin/cmake --build /home/user/robocup_basketball_ws/build/rb_chassis -- -j16 -l16
[0.813s] Invoking command in '/home/user/robocup_basketball_ws/build/rb_chassis': CMAKE_PREFIX_PATH=/opt/ros/humble /usr/bin/cmake --install /home/user/robocup_basketball_ws/build/rb_chassis
[0.818s] -- Install configuration: ""
[0.819s] -- Execute custom install script
[0.819s] -- Symlinking: /home/user/robocup_basketball_ws/install/rb_chassis/lib/libbase_chassis.a
[0.828s] -- Symlinking: /home/user/robocup_basketball_ws/install/rb_chassis/lib/libomni_chassis.a
[0.835s] -- Symlinking: /home/user/robocup_basketball_ws/install/rb_chassis/lib/rb_chassis/rb_chassis_node
[0.843s] -- Symlinking: /home/user/robocup_basketball_ws/install/rb_chassis/include/chassis_lib/base_chassis.h
[0.850s] -- Symlinking: /home/user/robocup_basketball_ws/install/rb_chassis/include/chassis_lib/omni_chassis.h
[0.857s] -- Symlinking: /home/user/robocup_basketball_ws/install/rb_chassis/include/utils/utils.h
[0.865s] -- Symlinking: /home/user/robocup_basketball_ws/install/rb_chassis/share/rb_chassis/launch/chassis.launch.py
[0.872s] -- Symlinking: /home/user/robocup_basketball_ws/install/rb_chassis/share/rb_chassis/config/chassis.yaml
[0.879s] -- Symlinking: /home/user/robocup_basketball_ws/install/rb_chassis/share/rb_chassis/environment/library_path.sh
[0.887s] -- Symlinking: /home/user/robocup_basketball_ws/install/rb_chassis/share/rb_chassis/environment/library_path.dsv
[0.894s] -- Symlinking: /home/user/robocup_basketball_ws/install/rb_chassis/share/ament_index/resource_index/package_run_dependencies/rb_chassis
[0.902s] -- Symlinking: /home/user/robocup_basketball_ws/install/rb_chassis/share/ament_index/resource_index/parent_prefix_path/rb_chassis
[0.917s] -- Symlinking: /home/user/robocup_basketball_ws/install/rb_chassis/share/rb_chassis/environment/ament_prefix_path.sh
[0.917s] -- Symlinking: /home/user/robocup_basketball_ws/install/rb_chassis/share/rb_chassis/environment/ament_prefix_path.dsv
[0.921s] -- Symlinking: /home/user/robocup_basketball_ws/install/rb_chassis/share/rb_chassis/environment/path.sh
[0.927s] -- Symlinking: /home/user/robocup_basketball_ws/install/rb_chassis/share/rb_chassis/environment/path.dsv
[0.932s] -- Symlinking: /home/user/robocup_basketball_ws/install/rb_chassis/share/rb_chassis/local_setup.bash
[0.938s] -- Symlinking: /home/user/robocup_basketball_ws/install/rb_chassis/share/rb_chassis/local_setup.sh
[0.944s] -- Symlinking: /home/user/robocup_basketball_ws/install/rb_chassis/share/rb_chassis/local_setup.zsh
[0.948s] -- Symlinking: /home/user/robocup_basketball_ws/install/rb_chassis/share/rb_chassis/local_setup.dsv
[0.954s] -- Symlinking: /home/user/robocup_basketball_ws/install/rb_chassis/share/rb_chassis/package.dsv
[0.960s] -- Symlinking: /home/user/robocup_basketball_ws/install/rb_chassis/share/ament_index/resource_index/packages/rb_chassis
[0.966s] -- Symlinking: /home/user/robocup_basketball_ws/install/rb_chassis/share/rb_chassis/cmake/ament_cmake_export_include_directories-extras.cmake
[0.971s] -- Symlinking: /home/user/robocup_basketball_ws/install/rb_chassis/share/rb_chassis/cmake/ament_cmake_export_libraries-extras.cmake
[0.978s] -- Symlinking: /home/user/robocup_basketball_ws/install/rb_chassis/share/rb_chassis/cmake/ament_cmake_export_dependencies-extras.cmake
[0.982s] -- Symlinking: /home/user/robocup_basketball_ws/install/rb_chassis/share/rb_chassis/cmake/rb_chassisConfig.cmake
[0.990s] -- Symlinking: /home/user/robocup_basketball_ws/install/rb_chassis/share/rb_chassis/cmake/rb_chassisConfig-version.cmake
[0.996s] -- Symlinking: /home/user/robocup_basketball_ws/install/rb_chassis/share/rb_chassis/package.xml
