/home/user/robocup_basketball_ws/src/rb_launcher/src/rb_launcher_node.cpp: In constructor ‘RbLauncherNode::RbLauncherNode()’:
/home/user/robocup_basketball_ws/src/rb_launcher/src/rb_launcher_node.cpp:91:64: error: no matching function for call to ‘duration_cast<std::chrono::milliseconds>(int)’
   91 |           std::chrono::duration_cast<std::chrono::milliseconds>(
      |           ~~~~~~~~~~~~~~~~~~~~~~~~~~~~~~~~~~~~~~~~~~~~~~~~~~~~~^
   92 |               static_cast<int>(reconnect_period_s_ * 1000.0)),
      |               ~~~~~~~~~~~~~~~~~~~~~~~~~~~~~~~~~~~~~~~~~~~~~~~   
In file included from /home/user/robocup_basketball_ws/src/rb_launcher/src/rb_launcher_node.cpp:14:
/usr/include/c++/11/chrono:267:7: note: candidate: ‘template<class _ToDur, class _Rep, class _Period> constexpr std::chrono::__enable_if_is_duration<_ToDur> std::chrono::duration_cast(const std::chrono::duration<_Rep, _Period>&)’
  267 |       duration_cast(const duration<_Rep, _Period>& __d)
      |       ^~~~~~~~~~~~~
/usr/include/c++/11/chrono:267:7: note:   template argument deduction/substitution failed:
/home/user/robocup_basketball_ws/src/rb_launcher/src/rb_launcher_node.cpp:91:64: note:   mismatched types ‘const std::chrono::duration<_Rep, _Period>’ and ‘int’
   91 |           std::chrono::duration_cast<std::chrono::milliseconds>(
      |           ~~~~~~~~~~~~~~~~~~~~~~~~~~~~~~~~~~~~~~~~~~~~~~~~~~~~~^
   92 |               static_cast<int>(reconnect_period_s_ * 1000.0)),
      |               ~~~~~~~~~~~~~~~~~~~~~~~~~~~~~~~~~~~~~~~~~~~~~~~   
In file included from /usr/include/c++/11/memory:76,
                 from /home/user/robocup_basketball_ws/src/rb_launcher/src/rb_launcher_node.cpp:15:
/usr/include/c++/11/bits/unique_ptr.h: In instantiation of ‘typename std::_MakeUniq<_Tp>::__single_object std::make_unique(_Args&& ...) [with _Tp = SerialPortR1; _Args = {boost::asio::io_context&, std::__cxx11::basic_string<char, std::char_traits<char>, std::allocator<char> >&, unsigned int&}; typename std::_MakeUniq<_Tp>::__single_object = std::unique_ptr<SerialPortR1>]’:
/home/user/robocup_basketball_ws/src/rb_launcher/src/rb_launcher_node.cpp:107:47:   required from here
/usr/include/c++/11/bits/unique_ptr.h:962:30: error: no matching function for call to ‘SerialPortR1::SerialPortR1(boost::asio::io_context&, std::__cxx11::basic_string<char>&, unsigned int&)’
  962 |     { return unique_ptr<_Tp>(new _Tp(std::forward<_Args>(__args)...)); }
      |                              ^~~~~~~~~~~~~~~~~~~~~~~~~~~~~~~~~~~~~~~
In file included from /home/user/robocup_basketball_ws/src/rb_launcher/src/rb_launcher_node.cpp:24:
/home/user/robocup_basketball_ws/src/rb_launcher/include/serial_port/serial_port_R1.hpp:18:3: note: candidate: ‘SerialPortR1::SerialPortR1(boost::asio::io_context&, const string&)’
   18 |   SerialPortR1(io_context& ioc, const std::string& port) : SerialPort(ioc, port) {}
      |   ^~~~~~~~~~~~
/home/user/robocup_basketball_ws/src/rb_launcher/include/serial_port/serial_port_R1.hpp:18:3: note:   candidate expects 2 arguments, 3 provided
gmake[2]: *** [CMakeFiles/rb_launcher_node.dir/build.make:76: CMakeFiles/rb_launcher_node.dir/src/rb_launcher_node.cpp.o] Error 1
gmake[1]: *** [CMakeFiles/Makefile2:194: CMakeFiles/rb_launcher_node.dir/all] Error 2
gmake: *** [Makefile:146: all] Error 2
