-- The C compiler identification is GNU 11.4.0
-- The CXX compiler identification is GNU 11.4.0
-- Detecting C compiler ABI info
-- Detecting C compiler ABI info - done
-- Check for working C compiler: /usr/bin/cc - skipped
-- Detecting C compile features
-- Detecting C compile features - done
-- Detecting CXX compiler ABI info
-- Detecting CXX compiler ABI info - done
-- Check for working CXX compiler: /usr/bin/c++ - skipped
-- Detecting CXX compile features
-- Detecting CXX compile features - done
-- Found ament_cmake: 1.3.11 (/opt/ros/humble/share/ament_cmake/cmake)
-- Found Python3: /usr/bin/python3 (found version "3.10.12") found components: Interpreter 
-- Found rclcpp: 16.0.12 (/opt/ros/humble/share/rclcpp/cmake)
-- Found rosidl_generator_c: 3.1.6 (/opt/ros/humble/share/rosidl_generator_c/cmake)
-- Found rosidl_adapter: 3.1.6 (/opt/ros/humble/share/rosidl_adapter/cmake)
-- Found rosidl_generator_cpp: 3.1.6 (/opt/ros/humble/share/rosidl_generator_cpp/cmake)
-- Using all available rosidl_typesupport_c: rosidl_typesupport_fastrtps_c;rosidl_typesupport_introspection_c
-- Using all available rosidl_typesupport_cpp: rosidl_typesupport_fastrtps_cpp;rosidl_typesupport_introspection_cpp
-- Found rmw_implementation_cmake: 6.1.2 (/opt/ros/humble/share/rmw_implementation_cmake/cmake)
-- Found rmw_fastrtps_cpp: 6.2.7 (/opt/ros/humble/share/rmw_fastrtps_cpp/cmake)
-- Found OpenSSL: /usr/lib/x86_64-linux-gnu/libcrypto.so (found version "3.0.2")  
-- Found FastRTPS: /opt/ros/humble/include  
-- Using RMW implementation 'rmw_fastrtps_cpp' as default
-- Looking for pthread.h
-- Looking for pthread.h - found
-- Performing Test CMAKE_HAVE_LIBC_PTHREAD
-- Performing Test CMAKE_HAVE_LIBC_PTHREAD - Success
-- Found Threads: TRUE  
-- Found rb_msgs: 0.1.0 (/home/user/robocup_basketball_ws/install/rb_msgs/share/rb_msgs/cmake)
-- Found Boost: /usr/lib/x86_64-linux-gnu/cmake/Boost-1.74.0/BoostConfig.cmake (found version "1.74.0") found components: system 
-- Configuring done
-- Generating done
-- Build files have been written to: /home/user/robocup_basketball_ws/build/rb_launcher
[ 16%] Building CXX object CMakeFiles/serial_base_lib.dir/src/serial_port.cpp.o
[ 33%] Linking CXX static library libserial_base_lib.a
[ 33%] Built target serial_base_lib
[ 50%] Building CXX object CMakeFiles/serial_R1_lib.dir/src/serial_port_R1.cpp.o
[ 66%] Linking CXX static library libserial_R1_lib.a
[ 66%] Built target serial_R1_lib
[ 83%] Building CXX object CMakeFiles/rb_launcher_node.dir/src/rb_launcher_node.cpp.o
/home/user/robocup_basketball_ws/src/rb_launcher/src/rb_launcher_node.cpp: In constructor ‘RbLauncherNode::RbLauncherNode()’:
/home/user/robocup_basketball_ws/src/rb_launcher/src/rb_launcher_node.cpp:91:64: error: no matching function for call to ‘duration_cast<std::chrono::milliseconds>(int)’
   91 |           std::chrono::duration_cast<std::chrono::milliseconds>(
      |           ~~~~~~~~~~~~~~~~~~~~~~~~~~~~~~~~~~~~~~~~~~~~~~~~~~~~~^
   92 |               static_cast<int>(reconnect_period_s_ * 1000.0)),
      |               ~~~~~~~~~~~~~~~~~~~~~~~~~~~~~~~~~~~~~~~~~~~~~~~   
In file included from /home/user/robocup_basketball_ws/src/rb_launcher/src/rb_launcher_node.cpp:14:
/usr/include/c++/11/chrono:267:7: note: candidate: ‘template<class _ToDur, class _Rep, class _Period> constexpr std::chrono::__enable_if_is_duration<_ToDur> std::chrono::duration_cast(const std::chrono::duration<_Rep, _Period>&)’
  267 |       duration_cast(const duration<_Rep, _Period>& __d)
      |       ^~~~~~~~~~~~~
/usr/include/c++/11/chrono:267:7: note:   template argument deduction/substitution failed:
/home/user/robocup_basketball_ws/src/rb_launcher/src/rb_launcher_node.cpp:91:64: note:   mismatched types ‘const std::chrono::duration<_Rep, _Period>’ and ‘int’
   91 |           std::chrono::duration_cast<std::chrono::milliseconds>(
      |           ~~~~~~~~~~~~~~~~~~~~~~~~~~~~~~~~~~~~~~~~~~~~~~~~~~~~~^
   92 |               static_cast<int>(reconnect_period_s_ * 1000.0)),
      |               ~~~~~~~~~~~~~~~~~~~~~~~~~~~~~~~~~~~~~~~~~~~~~~~   
In file included from /usr/include/c++/11/memory:76,
                 from /home/user/robocup_basketball_ws/src/rb_launcher/src/rb_launcher_node.cpp:15:
/usr/include/c++/11/bits/unique_ptr.h: In instantiation of ‘typename std::_MakeUniq<_Tp>::__single_object std::make_unique(_Args&& ...) [with _Tp = SerialPortR1; _Args = {boost::asio::io_context&, std::__cxx11::basic_string<char, std::char_traits<char>, std::allocator<char> >&, unsigned int&}; typename std::_MakeUniq<_Tp>::__single_object = std::unique_ptr<SerialPortR1>]’:
/home/user/robocup_basketball_ws/src/rb_launcher/src/rb_launcher_node.cpp:107:47:   required from here
/usr/include/c++/11/bits/unique_ptr.h:962:30: error: no matching function for call to ‘SerialPortR1::SerialPortR1(boost::asio::io_context&, std::__cxx11::basic_string<char>&, unsigned int&)’
  962 |     { return unique_ptr<_Tp>(new _Tp(std::forward<_Args>(__args)...)); }
      |                              ^~~~~~~~~~~~~~~~~~~~~~~~~~~~~~~~~~~~~~~
In file included from /home/user/robocup_basketball_ws/src/rb_launcher/src/rb_launcher_node.cpp:24:
/home/user/robocup_basketball_ws/src/rb_launcher/include/serial_port/serial_port_R1.hpp:18:3: note: candidate: ‘SerialPortR1::SerialPortR1(boost::asio::io_context&, const string&)’
   18 |   SerialPortR1(io_context& ioc, const std::string& port) : SerialPort(ioc, port) {}
      |   ^~~~~~~~~~~~
/home/user/robocup_basketball_ws/src/rb_launcher/include/serial_port/serial_port_R1.hpp:18:3: note:   candidate expects 2 arguments, 3 provided
gmake[2]: *** [CMakeFiles/rb_launcher_node.dir/build.make:76: CMakeFiles/rb_launcher_node.dir/src/rb_launcher_node.cpp.o] Error 1
gmake[1]: *** [CMakeFiles/Makefile2:194: CMakeFiles/rb_launcher_node.dir/all] Error 2
gmake: *** [Makefile:146: all] Error 2
