[0.006s] Invoking command in '/home/user/robocup_basketball_ws/build/rb_launcher': AMENT_PREFIX_PATH=/home/user/robocup_basketball_ws/install/rb_msgs:${AMENT_PREFIX_PATH} CMAKE_PREFIX_PATH=/home/user/robocup_basketball_ws/install/rb_msgs:/opt/ros/humble LD_LIBRARY_PATH=/home/user/robocup_basketball_ws/install/rb_msgs/lib:${LD_LIBRARY_PATH} PYTHONPATH=/home/user/robocup_basketball_ws/install/rb_msgs/local/lib/python3.10/dist-packages:${PYTHONPATH} /usr/bin/cmake /home/user/robocup_basketball_ws/src/rb_launcher -DCMAKE_INSTALL_PREFIX=/home/user/robocup_basketball_ws/install/rb_launcher
[0.045s] -- The C compiler identification is GNU 11.4.0
[0.085s] -- The CXX compiler identification is GNU 11.4.0
[0.090s] -- Detecting C compiler ABI info
[0.144s] -- Detecting C compiler ABI info - done
[0.150s] -- Check for working C compiler: /usr/bin/cc - skipped
[0.151s] -- Detecting C compile features
[0.151s] -- Detecting C compile features - done
[0.153s] -- Detecting CXX compiler ABI info
[0.213s] -- Detecting CXX compiler ABI info - done
[0.220s] -- Check for working CXX compiler: /usr/bin/c++ - skipped
[0.220s] -- Detecting CXX compile features
[0.220s] -- Detecting CXX compile features - done
[0.222s] -- Found ament_cmake: 1.3.11 (/opt/ros/humble/share/ament_cmake/cmake)
[0.329s] -- Found Python3: /usr/bin/python3 (found version "3.10.12") found components: Interpreter 
[0.401s] -- Found rclcpp: 16.0.12 (/opt/ros/humble/share/rclcpp/cmake)
[0.423s] -- Found rosidl_generator_c: 3.1.6 (/opt/ros/humble/share/rosidl_generator_c/cmake)
[0.426s] -- Found rosidl_adapter: 3.1.6 (/opt/ros/humble/share/rosidl_adapter/cmake)
[0.430s] -- Found rosidl_generator_cpp: 3.1.6 (/opt/ros/humble/share/rosidl_generator_cpp/cmake)
[0.437s] -- Using all available rosidl_typesupport_c: rosidl_typesupport_fastrtps_c;rosidl_typesupport_introspection_c
[0.445s] -- Using all available rosidl_typesupport_cpp: rosidl_typesupport_fastrtps_cpp;rosidl_typesupport_introspection_cpp
[0.470s] -- Found rmw_implementation_cmake: 6.1.2 (/opt/ros/humble/share/rmw_implementation_cmake/cmake)
[0.472s] -- Found rmw_fastrtps_cpp: 6.2.7 (/opt/ros/humble/share/rmw_fastrtps_cpp/cmake)
[0.531s] -- Found OpenSSL: /usr/lib/x86_64-linux-gnu/libcrypto.so (found version "3.0.2")  
[0.550s] -- Found FastRTPS: /opt/ros/humble/include  
[0.575s] -- Using RMW implementation 'rmw_fastrtps_cpp' as default
[0.579s] -- Looking for pthread.h
[0.632s] -- Looking for pthread.h - found
[0.632s] -- Performing Test CMAKE_HAVE_LIBC_PTHREAD
[0.687s] -- Performing Test CMAKE_HAVE_LIBC_PTHREAD - Success
[0.688s] -- Found Threads: TRUE  
[0.716s] -- Found rb_msgs: 0.1.0 (/home/user/robocup_basketball_ws/install/rb_msgs/share/rb_msgs/cmake)
[0.738s] -- Found Boost: /usr/lib/x86_64-linux-gnu/cmake/Boost-1.74.0/BoostConfig.cmake (found version "1.74.0") found components: system 
[0.780s] -- Configuring done
[0.787s] -- Generating done
[0.789s] -- Build files have been written to: /home/user/robocup_basketball_ws/build/rb_launcher
[0.795s] Invoked command in '/home/user/robocup_basketball_ws/build/rb_launcher' returned '0': AMENT_PREFIX_PATH=/home/user/robocup_basketball_ws/install/rb_msgs:${AMENT_PREFIX_PATH} CMAKE_PREFIX_PATH=/home/user/robocup_basketball_ws/install/rb_msgs:/opt/ros/humble LD_LIBRARY_PATH=/home/user/robocup_basketball_ws/install/rb_msgs/lib:${LD_LIBRARY_PATH} PYTHONPATH=/home/user/robocup_basketball_ws/install/rb_msgs/local/lib/python3.10/dist-packages:${PYTHONPATH} /usr/bin/cmake /home/user/robocup_basketball_ws/src/rb_launcher -DCMAKE_INSTALL_PREFIX=/home/user/robocup_basketball_ws/install/rb_launcher
[0.795s] Invoking command in '/home/user/robocup_basketball_ws/build/rb_launcher': AMENT_PREFIX_PATH=/home/user/robocup_basketball_ws/install/rb_msgs:${AMENT_PREFIX_PATH} CMAKE_PREFIX_PATH=/home/user/robocup_basketball_ws/install/rb_msgs:/opt/ros/humble LD_LIBRARY_PATH=/home/user/robocup_basketball_ws/install/rb_msgs/lib:${LD_LIBRARY_PATH} PYTHONPATH=/home/user/robocup_basketball_ws/install/rb_msgs/local/lib/python3.10/dist-packages:${PYTHONPATH} /usr/bin/cmake --build /home/user/robocup_basketball_ws/build/rb_launcher -- -j16 -l16
[0.837s] [ 16%] Building CXX object CMakeFiles/serial_base_lib.dir/src/serial_port.cpp.o
[2.047s] [ 33%] Linking CXX static library libserial_base_lib.a
[2.087s] [ 33%] Built target serial_base_lib
[2.103s] [ 50%] Building CXX object CMakeFiles/serial_R1_lib.dir/src/serial_port_R1.cpp.o
[3.079s] [ 66%] Linking CXX static library libserial_R1_lib.a
[3.108s] [ 66%] Built target serial_R1_lib
[3.125s] [ 83%] Building CXX object CMakeFiles/rb_launcher_node.dir/src/rb_launcher_node.cpp.o
[5.008s] /home/user/robocup_basketball_ws/src/rb_launcher/src/rb_launcher_node.cpp: In constructor ‘RbLauncherNode::RbLauncherNode()’:
[5.008s] /home/user/robocup_basketball_ws/src/rb_launcher/src/rb_launcher_node.cpp:91:64: error: no matching function for call to ‘duration_cast<std::chrono::milliseconds>(int)’
[5.008s]    91 |           std::chrono::duration_cast<std::chrono::milliseconds>(
[5.008s]       |           ~~~~~~~~~~~~~~~~~~~~~~~~~~~~~~~~~~~~~~~~~~~~~~~~~~~~~^
[5.008s]    92 |               static_cast<int>(reconnect_period_s_ * 1000.0)),
[5.008s]       |               ~~~~~~~~~~~~~~~~~~~~~~~~~~~~~~~~~~~~~~~~~~~~~~~   
[5.009s] In file included from /home/user/robocup_basketball_ws/src/rb_launcher/src/rb_launcher_node.cpp:14:
[5.009s] /usr/include/c++/11/chrono:267:7: note: candidate: ‘template<class _ToDur, class _Rep, class _Period> constexpr std::chrono::__enable_if_is_duration<_ToDur> std::chrono::duration_cast(const std::chrono::duration<_Rep, _Period>&)’
[5.009s]   267 |       duration_cast(const duration<_Rep, _Period>& __d)
[5.009s]       |       ^~~~~~~~~~~~~
[5.009s] /usr/include/c++/11/chrono:267:7: note:   template argument deduction/substitution failed:
[5.009s] /home/user/robocup_basketball_ws/src/rb_launcher/src/rb_launcher_node.cpp:91:64: note:   mismatched types ‘const std::chrono::duration<_Rep, _Period>’ and ‘int’
[5.009s]    91 |           std::chrono::duration_cast<std::chrono::milliseconds>(
[5.009s]       |           ~~~~~~~~~~~~~~~~~~~~~~~~~~~~~~~~~~~~~~~~~~~~~~~~~~~~~^
[5.009s]    92 |               static_cast<int>(reconnect_period_s_ * 1000.0)),
[5.009s]       |               ~~~~~~~~~~~~~~~~~~~~~~~~~~~~~~~~~~~~~~~~~~~~~~~   
[5.275s] In file included from /usr/include/c++/11/memory:76,
[5.276s]                  from /home/user/robocup_basketball_ws/src/rb_launcher/src/rb_launcher_node.cpp:15:
[5.276s] /usr/include/c++/11/bits/unique_ptr.h: In instantiation of ‘typename std::_MakeUniq<_Tp>::__single_object std::make_unique(_Args&& ...) [with _Tp = SerialPortR1; _Args = {boost::asio::io_context&, std::__cxx11::basic_string<char, std::char_traits<char>, std::allocator<char> >&, unsigned int&}; typename std::_MakeUniq<_Tp>::__single_object = std::unique_ptr<SerialPortR1>]’:
[5.276s] /home/user/robocup_basketball_ws/src/rb_launcher/src/rb_launcher_node.cpp:107:47:   required from here
[5.276s] /usr/include/c++/11/bits/unique_ptr.h:962:30: error: no matching function for call to ‘SerialPortR1::SerialPortR1(boost::asio::io_context&, std::__cxx11::basic_string<char>&, unsigned int&)’
[5.276s]   962 |     { return unique_ptr<_Tp>(new _Tp(std::forward<_Args>(__args)...)); }
[5.276s]       |                              ^~~~~~~~~~~~~~~~~~~~~~~~~~~~~~~~~~~~~~~
[5.276s] In file included from /home/user/robocup_basketball_ws/src/rb_launcher/src/rb_launcher_node.cpp:24:
[5.276s] /home/user/robocup_basketball_ws/src/rb_launcher/include/serial_port/serial_port_R1.hpp:18:3: note: candidate: ‘SerialPortR1::SerialPortR1(boost::asio::io_context&, const string&)’
[5.276s]    18 |   SerialPortR1(io_context& ioc, const std::string& port) : SerialPort(ioc, port) {}
[5.276s]       |   ^~~~~~~~~~~~
[5.287s] /home/user/robocup_basketball_ws/src/rb_launcher/include/serial_port/serial_port_R1.hpp:18:3: note:   candidate expects 2 arguments, 3 provided
[6.021s] gmake[2]: *** [CMakeFiles/rb_launcher_node.dir/build.make:76: CMakeFiles/rb_launcher_node.dir/src/rb_launcher_node.cpp.o] Error 1
[6.021s] gmake[1]: *** [CMakeFiles/Makefile2:194: CMakeFiles/rb_launcher_node.dir/all] Error 2
[6.021s] gmake: *** [Makefile:146: all] Error 2
[6.022s] Invoked command in '/home/user/robocup_basketball_ws/build/rb_launcher' returned '2': AMENT_PREFIX_PATH=/home/user/robocup_basketball_ws/install/rb_msgs:${AMENT_PREFIX_PATH} CMAKE_PREFIX_PATH=/home/user/robocup_basketball_ws/install/rb_msgs:/opt/ros/humble LD_LIBRARY_PATH=/home/user/robocup_basketball_ws/install/rb_msgs/lib:${LD_LIBRARY_PATH} PYTHONPATH=/home/user/robocup_basketball_ws/install/rb_msgs/local/lib/python3.10/dist-packages:${PYTHONPATH} /usr/bin/cmake --build /home/user/robocup_basketball_ws/build/rb_launcher -- -j16 -l16
