running develop
running egg_info
creating rb_localization.egg-info
writing rb_localization.egg-info/PKG-INFO
writing dependency_links to rb_localization.egg-info/dependency_links.txt
writing entry points to rb_localization.egg-info/entry_points.txt
writing requirements to rb_localization.egg-info/requires.txt
writing top-level names to rb_localization.egg-info/top_level.txt
writing manifest file 'rb_localization.egg-info/SOURCES.txt'
reading manifest file 'rb_localization.egg-info/SOURCES.txt'
writing manifest file 'rb_localization.egg-info/SOURCES.txt'
running build_ext
Creating /home/user/robocup_basketball_ws/install/rb_localization/lib/python3.10/site-packages/rb-localization.egg-link (link to .)
Installing localization_node script to /home/user/robocup_basketball_ws/install/rb_localization/lib/rb_localization

Installed /home/user/robocup_basketball_ws/build/rb_localization
running symlink_data
creating /home/user/robocup_basketball_ws/install/rb_localization/share/ament_index
creating /home/user/robocup_basketball_ws/install/rb_localization/share/ament_index/resource_index
creating /home/user/robocup_basketball_ws/install/rb_localization/share/ament_index/resource_index/packages
symbolically linking /home/user/robocup_basketball_ws/build/rb_localization/resource/rb_localization -> /home/user/robocup_basketball_ws/install/rb_localization/share/ament_index/resource_index/packages
symbolically linking /home/user/robocup_basketball_ws/build/rb_localization/package.xml -> /home/user/robocup_basketball_ws/install/rb_localization/share/rb_localization
creating /home/user/robocup_basketball_ws/install/rb_localization/share/rb_localization/launch
symbolically linking /home/user/robocup_basketball_ws/build/rb_localization/launch/localization.launch.py -> /home/user/robocup_basketball_ws/install/rb_localization/share/rb_localization/launch
creating /home/user/robocup_basketball_ws/install/rb_localization/share/rb_localization/config
symbolically linking /home/user/robocup_basketball_ws/build/rb_localization/config/localization.yaml -> /home/user/robocup_basketball_ws/install/rb_localization/share/rb_localization/config
