[0.003s] Invoking command in '/home/user/robocup_basketball_ws/build/rb_chassis': CMAKE_PREFIX_PATH=/opt/ros/humble /usr/bin/cmake /home/user/robocup_basketball_ws/src/rb_chassis -DCMAKE_INSTALL_PREFIX=/home/user/robocup_basketball_ws/install/rb_chassis
[0.046s] -- The C compiler identification is GNU 11.4.0
[0.082s] -- The CXX compiler identification is GNU 11.4.0
[0.086s] -- Detecting C compiler ABI info
[0.137s] -- Detecting C compiler ABI info - done
[0.144s] -- Check for working C compiler: /usr/bin/cc - skipped
[0.144s] -- Detecting C compile features
[0.145s] -- Detecting C compile features - done
[0.147s] -- Detecting CXX compiler ABI info
[0.204s] -- Detecting CXX compiler ABI info - done
[0.211s] -- Check for working CXX compiler: /usr/bin/c++ - skipped
[0.212s] -- Detecting CXX compile features
[0.212s] -- Detecting CXX compile features - done
[0.213s] -- Found ament_cmake: 1.3.11 (/opt/ros/humble/share/ament_cmake/cmake)
[0.320s] -- Found Python3: /usr/bin/python3 (found version "3.10.12") found components: Interpreter 
[0.376s] -- Found rclcpp: 16.0.12 (/opt/ros/humble/share/rclcpp/cmake)
[0.399s] -- Found rosidl_generator_c: 3.1.6 (/opt/ros/humble/share/rosidl_generator_c/cmake)
[0.401s] -- Found rosidl_adapter: 3.1.6 (/opt/ros/humble/share/rosidl_adapter/cmake)
[0.405s] -- Found rosidl_generator_cpp: 3.1.6 (/opt/ros/humble/share/rosidl_generator_cpp/cmake)
[0.412s] -- Using all available rosidl_typesupport_c: rosidl_typesupport_fastrtps_c;rosidl_typesupport_introspection_c
[0.420s] -- Using all available rosidl_typesupport_cpp: rosidl_typesupport_fastrtps_cpp;rosidl_typesupport_introspection_cpp
[0.444s] -- Found rmw_implementation_cmake: 6.1.2 (/opt/ros/humble/share/rmw_implementation_cmake/cmake)
[0.446s] -- Found rmw_fastrtps_cpp: 6.2.7 (/opt/ros/humble/share/rmw_fastrtps_cpp/cmake)
[0.502s] -- Found OpenSSL: /usr/lib/x86_64-linux-gnu/libcrypto.so (found version "3.0.2")  
[0.518s] -- Found FastRTPS: /opt/ros/humble/include  
[0.544s] -- Using RMW implementation 'rmw_fastrtps_cpp' as default
[0.550s] -- Looking for pthread.h
[0.601s] -- Looking for pthread.h - found
[0.602s] -- Performing Test CMAKE_HAVE_LIBC_PTHREAD
[0.651s] -- Performing Test CMAKE_HAVE_LIBC_PTHREAD - Success
[0.652s] -- Found Threads: TRUE  
[0.684s] -- Found geometry_msgs: 4.8.0 (/opt/ros/humble/share/geometry_msgs/cmake)
[0.691s] -- Found nav_msgs: 4.8.0 (/opt/ros/humble/share/nav_msgs/cmake)
[0.747s] -- Configuring done
[0.755s] -- Generating done
[0.759s] -- Build files have been written to: /home/user/robocup_basketball_ws/build/rb_chassis
[0.765s] Invoked command in '/home/user/robocup_basketball_ws/build/rb_chassis' returned '0': CMAKE_PREFIX_PATH=/opt/ros/humble /usr/bin/cmake /home/user/robocup_basketball_ws/src/rb_chassis -DCMAKE_INSTALL_PREFIX=/home/user/robocup_basketball_ws/install/rb_chassis
[0.766s] Invoking command in '/home/user/robocup_basketball_ws/build/rb_chassis': CMAKE_PREFIX_PATH=/opt/ros/humble /usr/bin/cmake --build /home/user/robocup_basketball_ws/build/rb_chassis -- -j16 -l16
[0.805s] [ 16%] Building CXX object CMakeFiles/base_chassis.dir/src/base_chassis.cpp.o
[7.706s] [ 33%] Linking CXX static library libbase_chassis.a
[7.840s] [ 33%] Built target base_chassis
[7.856s] [ 50%] Building CXX object CMakeFiles/omni_chassis.dir/src/omni_chassis.cpp.o
[9.618s] [ 66%] Linking CXX static library libomni_chassis.a
[9.653s] [ 66%] Built target omni_chassis
[9.670s] [ 83%] Building CXX object CMakeFiles/rb_chassis_node.dir/src/rb_chassis_node.cpp.o
[12.228s] [100%] Linking CXX executable rb_chassis_node
[12.571s] [100%] Built target rb_chassis_node
