[0.000000] (-) TimerEvent: {}
[0.000277] (rb_chassis) JobQueued: {'identifier': 'rb_chassis', 'dependencies': OrderedDict()}
[0.000356] (rb_msgs) JobQueued: {'identifier': 'rb_msgs', 'dependencies': OrderedDict()}
[0.000375] (rb_launcher) JobQueued: {'identifier': 'rb_launcher', 'dependencies': OrderedDict([('rb_msgs', '/home/user/robocup_basketball_ws/install/rb_msgs')])}
[0.000395] (rb_localization) JobQueued: {'identifier': 'rb_localization', 'dependencies': OrderedDict([('rb_msgs', '/home/user/robocup_basketball_ws/install/rb_msgs')])}
[0.000413] (rb_mission) JobQueued: {'identifier': 'rb_mission', 'dependencies': OrderedDict([('rb_msgs', '/home/user/robocup_basketball_ws/install/rb_msgs')])}
[0.000430] (rb_perception) JobQueued: {'identifier': 'rb_perception', 'dependencies': OrderedDict([('rb_msgs', '/home/user/robocup_basketball_ws/install/rb_msgs')])}
[0.000452] (rb_bringup) JobQueued: {'identifier': 'rb_bringup', 'dependencies': OrderedDict([('rb_chassis', '/home/user/robocup_basketball_ws/install/rb_chassis'), ('rb_msgs', '/home/user/robocup_basketball_ws/install/rb_msgs'), ('rb_launcher', '/home/user/robocup_basketball_ws/install/rb_launcher'), ('rb_localization', '/home/user/robocup_basketball_ws/install/rb_localization'), ('rb_mission', '/home/user/robocup_basketball_ws/install/rb_mission'), ('rb_perception', '/home/user/robocup_basketball_ws/install/rb_perception')])}
[0.000484] (rb_msgs) JobStarted: {'identifier': 'rb_msgs'}
[0.003056] (rb_chassis) JobStarted: {'identifier': 'rb_chassis'}
[0.004783] (rb_msgs) JobProgress: {'identifier': 'rb_msgs', 'progress': 'cmake'}
[0.005046] (rb_msgs) JobProgress: {'identifier': 'rb_msgs', 'progress': 'build'}
[0.005403] (rb_msgs) Command: {'cmd': ['/usr/bin/cmake', '--build', '/home/user/robocup_basketball_ws/build/rb_msgs', '--', '-j16', '-l16'], 'cwd': '/home/user/robocup_basketball_ws/build/rb_msgs', 'env': OrderedDict([('SHLVL', '0'), ('LD_LIBRARY_PATH', '/opt/ros/humble/opt/rviz_ogre_vendor/lib:/opt/ros/humble/lib/x86_64-linux-gnu:/opt/ros/humble/lib'), ('HOME', '/home/user'), ('OLDPWD', '/home/user/robocup_basketball_ws'), ('ROS_PYTHON_VERSION', '3'), ('LC_CTYPE', 'C.UTF-8'), ('ROS_DISTRO', 'humble'), ('_', '/usr/bin/colcon'), ('ROS_VERSION', '2'), ('TERM', 'dumb'), ('ROS_LOCALHOST_ONLY', '0'), ('PATH', '/opt/ros/humble/bin:/usr/local/bin:/usr/bin:/bin'), ('AMENT_PREFIX_PATH', '/opt/ros/humble'), ('PWD', '/home/user/robocup_basketball_ws/build/rb_msgs'), ('PYTHONPATH', '/opt/ros/humble/lib/python3.10/site-packages:/opt/ros/humble/local/lib/python3.10/dist-packages'), ('COLCON', '1'), ('CMAKE_PREFIX_PATH', '/opt/ros/humble')]), 'shell': False}
[0.006529] (rb_chassis) JobProgress: {'identifier': 'rb_chassis', 'progress': 'cmake'}
[0.006664] (rb_chassis) JobProgress: {'identifier': 'rb_chassis', 'progress': 'build'}
[0.006784] (rb_chassis) Command: {'cmd': ['/usr/bin/cmake', '--build', '/home/user/robocup_basketball_ws/build/rb_chassis', '--', '-j16', '-l16'], 'cwd': '/home/user/robocup_basketball_ws/build/rb_chassis', 'env': OrderedDict([('SHLVL', '0'), ('LD_LIBRARY_PATH', '/opt/ros/humble/opt/rviz_ogre_vendor/lib:/opt/ros/humble/lib/x86_64-linux-gnu:/opt/ros/humble/lib'), ('HOME', '/home/user'), ('OLDPWD', '/home/user/robocup_basketball_ws'), ('ROS_PYTHON_VERSION', '3'), ('LC_CTYPE', 'C.UTF-8'), ('ROS_DISTRO', 'humble'), ('_', '/usr/bin/colcon'), ('ROS_VERSION', '2'), ('TERM', 'dumb'), ('ROS_LOCALHOST_ONLY', '0'), ('PATH', '/opt/ros/humble/bin:/usr/local/bin:/usr/bin:/bin'), ('AMENT_PREFIX_PATH', '/opt/ros/humble'), ('PWD', '/home/user/robocup_basketball_ws/build/rb_chassis'), ('PYTHONPATH', '/opt/ros/humble/lib/python3.10/site-packages:/opt/ros/humble/local/lib/python3.10/dist-packages'), ('COLCON', '1'), ('CMAKE_PREFIX_PATH', '/opt/ros/humble')]), 'shell': False}
[0.049905] (rb_msgs) StdoutLine: {'line': b'[  1%] Built target rb_msgs__cpp\n'}
[0.050649] (rb_chassis) StdoutLine: {'line': b'[ 33%] Built target base_chassis\n'}
[0.052634] (rb_msgs) StdoutLine: {'line': b'[ 12%] Built target rb_msgs__rosidl_generator_c\n'}
[0.056028] (rb_msgs) StdoutLine: {'line': b'[ 12%] Built target ament_cmake_python_symlink_rb_msgs\n'}
[0.067568] (rb_msgs) StdoutLine: {'line': b'[ 23%] Built target rb_msgs__rosidl_typesupport_introspection_cpp\n'}
[0.069336] (rb_msgs) StdoutLine: {'line': b'[ 35%] Built target rb_msgs__rosidl_typesupport_c\n'}
[0.069735] (rb_msgs) StdoutLine: {'line': b'[ 46%] Built target rb_msgs__rosidl_typesupport_fastrtps_cpp\n'}
[0.072967] (rb_msgs) StdoutLine: {'line': b'[ 57%] Built target rb_msgs__rosidl_typesupport_cpp\n'}
[0.073418] (rb_chassis) StdoutLine: {'line': b'[ 66%] Built target omni_chassis\n'}
[0.076528] (rb_msgs) StdoutLine: {'line': b'[ 69%] Built target rb_msgs__rosidl_typesupport_introspection_c\n'}
[0.077865] (rb_msgs) StdoutLine: {'line': b'[ 80%] Built target rb_msgs__rosidl_typesupport_fastrtps_c\n'}
[0.095455] (rb_msgs) StdoutLine: {'line': b'[ 80%] Built target rb_msgs\n'}
[0.097439] (rb_chassis) StdoutLine: {'line': b'[100%] Built target rb_chassis_node\n'}
[0.099668] (-) TimerEvent: {}
[0.107383] (rb_chassis) CommandEnded: {'returncode': 0}
[0.107925] (rb_chassis) JobProgress: {'identifier': 'rb_chassis', 'progress': 'install'}
[0.115255] (rb_chassis) Command: {'cmd': ['/usr/bin/cmake', '--install', '/home/user/robocup_basketball_ws/build/rb_chassis'], 'cwd': '/home/user/robocup_basketball_ws/build/rb_chassis', 'env': OrderedDict([('SHLVL', '0'), ('LD_LIBRARY_PATH', '/opt/ros/humble/opt/rviz_ogre_vendor/lib:/opt/ros/humble/lib/x86_64-linux-gnu:/opt/ros/humble/lib'), ('HOME', '/home/user'), ('OLDPWD', '/home/user/robocup_basketball_ws'), ('ROS_PYTHON_VERSION', '3'), ('LC_CTYPE', 'C.UTF-8'), ('ROS_DISTRO', 'humble'), ('_', '/usr/bin/colcon'), ('ROS_VERSION', '2'), ('TERM', 'dumb'), ('ROS_LOCALHOST_ONLY', '0'), ('PATH', '/opt/ros/humble/bin:/usr/local/bin:/usr/bin:/bin'), ('AMENT_PREFIX_PATH', '/opt/ros/humble'), ('PWD', '/home/user/robocup_basketball_ws/build/rb_chassis'), ('PYTHONPATH', '/opt/ros/humble/lib/python3.10/site-packages:/opt/ros/humble/local/lib/python3.10/dist-packages'), ('COLCON', '1'), ('CMAKE_PREFIX_PATH', '/opt/ros/humble')]), 'shell': False}
[0.116346] (rb_msgs) StdoutLine: {'line': b'[ 81%] Built target rb_msgs__py\n'}
[0.122588] (rb_chassis) StdoutLine: {'line': b'-- Install configuration: ""\n'}
[0.123019] (rb_chassis) StdoutLine: {'line': b'-- Execute custom install script\n'}
[0.123284] (rb_chassis) StdoutLine: {'line': b'-- Up-to-date symlink: /home/user/robocup_basketball_ws/install/rb_chassis/lib/libbase_chassis.a\n'}
[0.123406] (rb_chassis) StdoutLine: {'line': b'-- Up-to-date symlink: /home/user/robocup_basketball_ws/install/rb_chassis/lib/libomni_chassis.a\n'}
[0.123657] (rb_chassis) StdoutLine: {'line': b'-- Up-to-date symlink: /home/user/robocup_basketball_ws/install/rb_chassis/lib/rb_chassis/rb_chassis_node\n'}
[0.123979] (rb_chassis) StdoutLine: {'line': b'-- Up-to-date symlink: /home/user/robocup_basketball_ws/install/rb_chassis/include/chassis_lib/base_chassis.h\n'}
[0.124090] (rb_chassis) StdoutLine: {'line': b'-- Up-to-date symlink: /home/user/robocup_basketball_ws/install/rb_chassis/include/chassis_lib/omni_chassis.h\n'}
[0.124206] (rb_chassis) StdoutLine: {'line': b'-- Up-to-date symlink: /home/user/robocup_basketball_ws/install/rb_chassis/include/utils/utils.h\n'}
[0.124432] (rb_chassis) StdoutLine: {'line': b'-- Up-to-date symlink: /home/user/robocup_basketball_ws/install/rb_chassis/share/rb_chassis/launch/chassis.launch.py\n'}
[0.124662] (rb_chassis) StdoutLine: {'line': b'-- Up-to-date symlink: /home/user/robocup_basketball_ws/install/rb_chassis/share/rb_chassis/config/chassis.yaml\n'}
[0.124798] (rb_chassis) StdoutLine: {'line': b'-- Up-to-date symlink: /home/user/robocup_basketball_ws/install/rb_chassis/share/rb_chassis/environment/library_path.sh\n'}
[0.124927] (rb_chassis) StdoutLine: {'line': b'-- Up-to-date symlink: /home/user/robocup_basketball_ws/install/rb_chassis/share/rb_chassis/environment/library_path.dsv\n'}
[0.125067] (rb_chassis) StdoutLine: {'line': b'-- Up-to-date symlink: /home/user/robocup_basketball_ws/install/rb_chassis/share/ament_index/resource_index/package_run_dependencies/rb_chassis\n'}
[0.125212] (rb_chassis) StdoutLine: {'line': b'-- Up-to-date symlink: /home/user/robocup_basketball_ws/install/rb_chassis/share/ament_index/resource_index/parent_prefix_path/rb_chassis\n'}
[0.125348] (rb_chassis) StdoutLine: {'line': b'-- Up-to-date symlink: /home/user/robocup_basketball_ws/install/rb_chassis/share/rb_chassis/environment/ament_prefix_path.sh\n'}
[0.125482] (rb_chassis) StdoutLine: {'line': b'-- Up-to-date symlink: /home/user/robocup_basketball_ws/install/rb_chassis/share/rb_chassis/environment/ament_prefix_path.dsv\n'}
[0.125702] (rb_chassis) StdoutLine: {'line': b'-- Up-to-date symlink: /home/user/robocup_basketball_ws/install/rb_chassis/share/rb_chassis/environment/path.sh\n'}
[0.125820] (rb_chassis) StdoutLine: {'line': b'-- Up-to-date symlink: /home/user/robocup_basketball_ws/install/rb_chassis/share/rb_chassis/environment/path.dsv\n'}
[0.125940] (rb_chassis) StdoutLine: {'line': b'-- Up-to-date symlink: /home/user/robocup_basketball_ws/install/rb_chassis/share/rb_chassis/local_setup.bash\n'}
[0.126083] (rb_chassis) StdoutLine: {'line': b'-- Up-to-date symlink: /home/user/robocup_basketball_ws/install/rb_chassis/share/rb_chassis/local_setup.sh\n'}
[0.126243] (rb_chassis) StdoutLine: {'line': b'-- Up-to-date symlink: /home/user/robocup_basketball_ws/install/rb_chassis/share/rb_chassis/local_setup.zsh\n'}
[0.126418] (rb_chassis) StdoutLine: {'line': b'-- Up-to-date symlink: /home/user/robocup_basketball_ws/install/rb_chassis/share/rb_chassis/local_setup.dsv\n'}
[0.126530] (rb_chassis) StdoutLine: {'line': b'-- Symlinking: /home/user/robocup_basketball_ws/install/rb_chassis/share/rb_chassis/package.dsv\n'}
[0.133202] (rb_chassis) StdoutLine: {'line': b'-- Up-to-date symlink: /home/user/robocup_basketball_ws/install/rb_chassis/share/ament_index/resource_index/packages/rb_chassis\n'}
[0.133442] (rb_chassis) StdoutLine: {'line': b'-- Up-to-date symlink: /home/user/robocup_basketball_ws/install/rb_chassis/share/rb_chassis/cmake/ament_cmake_export_include_directories-extras.cmake\n'}
[0.133585] (rb_chassis) StdoutLine: {'line': b'-- Up-to-date symlink: /home/user/robocup_basketball_ws/install/rb_chassis/share/rb_chassis/cmake/ament_cmake_export_libraries-extras.cmake\n'}
[0.133651] (rb_chassis) StdoutLine: {'line': b'-- Up-to-date symlink: /home/user/robocup_basketball_ws/install/rb_chassis/share/rb_chassis/cmake/ament_cmake_export_dependencies-extras.cmake\n'}
[0.133801] (rb_chassis) StdoutLine: {'line': b'-- Up-to-date symlink: /home/user/robocup_basketball_ws/install/rb_chassis/share/rb_chassis/cmake/rb_chassisConfig.cmake\n'}
[0.133874] (rb_chassis) StdoutLine: {'line': b'-- Up-to-date symlink: /home/user/robocup_basketball_ws/install/rb_chassis/share/rb_chassis/cmake/rb_chassisConfig-version.cmake\n'}
[0.133988] (rb_chassis) StdoutLine: {'line': b'-- Up-to-date symlink: /home/user/robocup_basketball_ws/install/rb_chassis/share/rb_chassis/package.xml\n'}
[0.135190] (rb_chassis) CommandEnded: {'returncode': 0}
[0.153136] (rb_chassis) JobEnded: {'identifier': 'rb_chassis', 'rc': 0}
[0.153641] (rb_msgs) StdoutLine: {'line': b'[ 91%] Built target rb_msgs__rosidl_generator_py\n'}
[0.153726] (rb_msgs) StdoutLine: {'line': b'[ 94%] Built target rb_msgs__rosidl_typesupport_introspection_c__pyext\n'}
[0.154812] (rb_msgs) StdoutLine: {'line': b'[100%] Built target rb_msgs__rosidl_typesupport_c__pyext\n'}
[0.154883] (rb_msgs) StdoutLine: {'line': b'[100%] Built target rb_msgs__rosidl_typesupport_fastrtps_c__pyext\n'}
[0.189918] (rb_msgs) StdoutLine: {'line': b'running egg_info\n'}
[0.190084] (rb_msgs) StdoutLine: {'line': b'writing rb_msgs.egg-info/PKG-INFO\n'}
[0.190235] (rb_msgs) StdoutLine: {'line': b'writing dependency_links to rb_msgs.egg-info/dependency_links.txt\n'}
[0.190334] (rb_msgs) StdoutLine: {'line': b'writing top-level names to rb_msgs.egg-info/top_level.txt\n'}
[0.191672] (rb_msgs) StdoutLine: {'line': b"reading manifest file 'rb_msgs.egg-info/SOURCES.txt'\n"}
[0.192002] (rb_msgs) StdoutLine: {'line': b"writing manifest file 'rb_msgs.egg-info/SOURCES.txt'\n"}
[0.199769] (-) TimerEvent: {}
[0.210320] (rb_msgs) StdoutLine: {'line': b'[100%] Built target ament_cmake_python_build_rb_msgs_egg\n'}
[0.220156] (rb_msgs) CommandEnded: {'returncode': 0}
[0.221230] (rb_msgs) JobProgress: {'identifier': 'rb_msgs', 'progress': 'install'}
[0.221259] (rb_msgs) Command: {'cmd': ['/usr/bin/cmake', '--install', '/home/user/robocup_basketball_ws/build/rb_msgs'], 'cwd': '/home/user/robocup_basketball_ws/build/rb_msgs', 'env': OrderedDict([('SHLVL', '0'), ('LD_LIBRARY_PATH', '/opt/ros/humble/opt/rviz_ogre_vendor/lib:/opt/ros/humble/lib/x86_64-linux-gnu:/opt/ros/humble/lib'), ('HOME', '/home/user'), ('OLDPWD', '/home/user/robocup_basketball_ws'), ('ROS_PYTHON_VERSION', '3'), ('LC_CTYPE', 'C.UTF-8'), ('ROS_DISTRO', 'humble'), ('_', '/usr/bin/colcon'), ('ROS_VERSION', '2'), ('TERM', 'dumb'), ('ROS_LOCALHOST_ONLY', '0'), ('PATH', '/opt/ros/humble/bin:/usr/local/bin:/usr/bin:/bin'), ('AMENT_PREFIX_PATH', '/opt/ros/humble'), ('PWD', '/home/user/robocup_basketball_ws/build/rb_msgs'), ('PYTHONPATH', '/opt/ros/humble/lib/python3.10/site-packages:/opt/ros/humble/local/lib/python3.10/dist-packages'), ('COLCON', '1'), ('CMAKE_PREFIX_PATH', '/opt/ros/humble')]), 'shell': False}
[0.225433] (rb_msgs) StdoutLine: {'line': b'-- Install configuration: ""\n'}
[0.225722] (rb_msgs) StdoutLine: {'line': b'-- Execute custom install script\n'}
[0.225802] (rb_msgs) StdoutLine: {'line': b'-- Up-to-date symlink: /home/user/robocup_basketball_ws/install/rb_msgs/share/ament_index/resource_index/rosidl_interfaces/rb_msgs\n'}
[0.226028] (rb_msgs) StdoutLine: {'line': b'-- Up-to-date symlink: /home/user/robocup_basketball_ws/install/rb_msgs/include/rb_msgs/rb_msgs/msg/detail/detection__functions.h\n'}
[0.226152] (rb_msgs) StdoutLine: {'line': b'-- Up-to-date symlink: /home/user/robocup_basketball_ws/install/rb_msgs/include/rb_msgs/rb_msgs/msg/detail/detection__struct.h\n'}
[0.226216] (rb_msgs) StdoutLine: {'line': b'-- Up-to-date symlink: /home/user/robocup_basketball_ws/install/rb_msgs/include/rb_msgs/rb_msgs/msg/detail/detection__type_support.h\n'}
[0.226354] (rb_msgs) StdoutLine: {'line': b'-- Up-to-date symlink: /home/user/robocup_basketball_ws/install/rb_msgs/include/rb_msgs/rb_msgs/msg/detail/detection_array__functions.h\n'}
[0.226463] (rb_msgs) StdoutLine: {'line': b'-- Up-to-date symlink: /home/user/robocup_basketball_ws/install/rb_msgs/include/rb_msgs/rb_msgs/msg/detail/detection_array__struct.h\n'}
[0.226617] (rb_msgs) StdoutLine: {'line': b'-- Up-to-date symlink: /home/user/robocup_basketball_ws/install/rb_msgs/include/rb_msgs/rb_msgs/msg/detail/detection_array__type_support.h\n'}
[0.226677] (rb_msgs) StdoutLine: {'line': b'-- Up-to-date symlink: /home/user/robocup_basketball_ws/install/rb_msgs/include/rb_msgs/rb_msgs/msg/detail/mission_status__functions.h\n'}
[0.226733] (rb_msgs) StdoutLine: {'line': b'-- Up-to-date symlink: /home/user/robocup_basketball_ws/install/rb_msgs/include/rb_msgs/rb_msgs/msg/detail/mission_status__struct.h\n'}
[0.226787] (rb_msgs) StdoutLine: {'line': b'-- Up-to-date symlink: /home/user/robocup_basketball_ws/install/rb_msgs/include/rb_msgs/rb_msgs/msg/detail/mission_status__type_support.h\n'}
[0.226841] (rb_msgs) StdoutLine: {'line': b'-- Up-to-date symlink: /home/user/robocup_basketball_ws/install/rb_msgs/include/rb_msgs/rb_msgs/msg/detail/robot_state__functions.h\n'}
[0.226895] (rb_msgs) StdoutLine: {'line': b'-- Up-to-date symlink: /home/user/robocup_basketball_ws/install/rb_msgs/include/rb_msgs/rb_msgs/msg/detail/robot_state__struct.h\n'}
[0.226959] (rb_msgs) StdoutLine: {'line': b'-- Up-to-date symlink: /home/user/robocup_basketball_ws/install/rb_msgs/include/rb_msgs/rb_msgs/msg/detail/robot_state__type_support.h\n'}
[0.227013] (rb_msgs) StdoutLine: {'line': b'-- Up-to-date symlink: /home/user/robocup_basketball_ws/install/rb_msgs/include/rb_msgs/rb_msgs/msg/detection.h\n'}
[0.227066] (rb_msgs) StdoutLine: {'line': b'-- Up-to-date symlink: /home/user/robocup_basketball_ws/install/rb_msgs/include/rb_msgs/rb_msgs/msg/detection_array.h\n'}
[0.227119] (rb_msgs) StdoutLine: {'line': b'-- Up-to-date symlink: /home/user/robocup_basketball_ws/install/rb_msgs/include/rb_msgs/rb_msgs/msg/mission_status.h\n'}
[0.227223] (rb_msgs) StdoutLine: {'line': b'-- Up-to-date symlink: /home/user/robocup_basketball_ws/install/rb_msgs/include/rb_msgs/rb_msgs/msg/robot_state.h\n'}
[0.227275] (rb_msgs) StdoutLine: {'line': b'-- Up-to-date symlink: /home/user/robocup_basketball_ws/install/rb_msgs/include/rb_msgs/rb_msgs/msg/rosidl_generator_c__visibility_control.h\n'}
[0.227328] (rb_msgs) StdoutLine: {'line': b'-- Up-to-date symlink: /home/user/robocup_basketball_ws/install/rb_msgs/include/rb_msgs/rb_msgs/srv/detail/launch__functions.h\n'}
[0.227393] (rb_msgs) StdoutLine: {'line': b'-- Up-to-date symlink: /home/user/robocup_basketball_ws/install/rb_msgs/include/rb_msgs/rb_msgs/srv/detail/launch__struct.h\n'}
[0.227477] (rb_msgs) StdoutLine: {'line': b'-- Up-to-date symlink: /home/user/robocup_basketball_ws/install/rb_msgs/include/rb_msgs/rb_msgs/srv/detail/launch__type_support.h\n'}
[0.227579] (rb_msgs) StdoutLine: {'line': b'-- Up-to-date symlink: /home/user/robocup_basketball_ws/install/rb_msgs/include/rb_msgs/rb_msgs/srv/detail/set_mission__functions.h\n'}
[0.227631] (rb_msgs) StdoutLine: {'line': b'-- Up-to-date symlink: /home/user/robocup_basketball_ws/install/rb_msgs/include/rb_msgs/rb_msgs/srv/detail/set_mission__struct.h\n'}
[0.227688] (rb_msgs) StdoutLine: {'line': b'-- Up-to-date symlink: /home/user/robocup_basketball_ws/install/rb_msgs/include/rb_msgs/rb_msgs/srv/detail/set_mission__type_support.h\n'}
[0.227742] (rb_msgs) StdoutLine: {'line': b'-- Up-to-date symlink: /home/user/robocup_basketball_ws/install/rb_msgs/include/rb_msgs/rb_msgs/srv/launch.h\n'}
[0.227805] (rb_msgs) StdoutLine: {'line': b'-- Up-to-date symlink: /home/user/robocup_basketball_ws/install/rb_msgs/include/rb_msgs/rb_msgs/srv/set_mission.h\n'}
[0.227859] (rb_msgs) StdoutLine: {'line': b'-- Up-to-date symlink: /home/user/robocup_basketball_ws/install/rb_msgs/share/rb_msgs/environment/library_path.sh\n'}
[0.227913] (rb_msgs) StdoutLine: {'line': b'-- Up-to-date symlink: /home/user/robocup_basketball_ws/install/rb_msgs/share/rb_msgs/environment/library_path.dsv\n'}
[0.227966] (rb_msgs) StdoutLine: {'line': b'-- Up-to-date symlink: /home/user/robocup_basketball_ws/install/rb_msgs/include/rb_msgs/rb_msgs/msg/detail/detection__rosidl_typesupport_fastrtps_c.h\n'}
[0.228020] (rb_msgs) StdoutLine: {'line': b'-- Up-to-date symlink: /home/user/robocup_basketball_ws/install/rb_msgs/include/rb_msgs/rb_msgs/msg/detail/detection_array__rosidl_typesupport_fastrtps_c.h\n'}
[0.228074] (rb_msgs) StdoutLine: {'line': b'-- Up-to-date symlink: /home/user/robocup_basketball_ws/install/rb_msgs/include/rb_msgs/rb_msgs/msg/detail/mission_status__rosidl_typesupport_fastrtps_c.h\n'}
[0.228168] (rb_msgs) StdoutLine: {'line': b'-- Up-to-date symlink: /home/user/robocup_basketball_ws/install/rb_msgs/include/rb_msgs/rb_msgs/msg/detail/robot_state__rosidl_typesupport_fastrtps_c.h\n'}
[0.228224] (rb_msgs) StdoutLine: {'line': b'-- Up-to-date symlink: /home/user/robocup_basketball_ws/install/rb_msgs/include/rb_msgs/rb_msgs/msg/rosidl_typesupport_fastrtps_c__visibility_control.h\n'}
[0.228277] (rb_msgs) StdoutLine: {'line': b'-- Up-to-date symlink: /home/user/robocup_basketball_ws/install/rb_msgs/include/rb_msgs/rb_msgs/srv/detail/launch__rosidl_typesupport_fastrtps_c.h\n'}
[0.228331] (rb_msgs) StdoutLine: {'line': b'-- Up-to-date symlink: /home/user/robocup_basketball_ws/install/rb_msgs/include/rb_msgs/rb_msgs/srv/detail/set_mission__rosidl_typesupport_fastrtps_c.h\n'}
[0.228384] (rb_msgs) StdoutLine: {'line': b'-- Up-to-date symlink: /home/user/robocup_basketball_ws/install/rb_msgs/include/rb_msgs/rb_msgs/msg/detail/detection__rosidl_typesupport_introspection_c.h\n'}
[0.228437] (rb_msgs) StdoutLine: {'line': b'-- Up-to-date symlink: /home/user/robocup_basketball_ws/install/rb_msgs/include/rb_msgs/rb_msgs/msg/detail/detection_array__rosidl_typesupport_introspection_c.h\n'}
[0.228537] (rb_msgs) StdoutLine: {'line': b'-- Up-to-date symlink: /home/user/robocup_basketball_ws/install/rb_msgs/include/rb_msgs/rb_msgs/msg/detail/mission_status__rosidl_typesupport_introspection_c.h\n'}
[0.228596] (rb_msgs) StdoutLine: {'line': b'-- Up-to-date symlink: /home/user/robocup_basketball_ws/install/rb_msgs/include/rb_msgs/rb_msgs/msg/detail/robot_state__rosidl_typesupport_introspection_c.h\n'}
[0.228650] (rb_msgs) StdoutLine: {'line': b'-- Up-to-date symlink: /home/user/robocup_basketball_ws/install/rb_msgs/include/rb_msgs/rb_msgs/msg/rosidl_typesupport_introspection_c__visibility_control.h\n'}
[0.228705] (rb_msgs) StdoutLine: {'line': b'-- Up-to-date symlink: /home/user/robocup_basketball_ws/install/rb_msgs/include/rb_msgs/rb_msgs/srv/detail/launch__rosidl_typesupport_introspection_c.h\n'}
[0.228760] (rb_msgs) StdoutLine: {'line': b'-- Up-to-date symlink: /home/user/robocup_basketball_ws/install/rb_msgs/include/rb_msgs/rb_msgs/srv/detail/set_mission__rosidl_typesupport_introspection_c.h\n'}
[0.228813] (rb_msgs) StdoutLine: {'line': b'-- Up-to-date symlink: /home/user/robocup_basketball_ws/install/rb_msgs/include/rb_msgs/rb_msgs/msg/detail/detection__builder.hpp\n'}
[0.228876] (rb_msgs) StdoutLine: {'line': b'-- Up-to-date symlink: /home/user/robocup_basketball_ws/install/rb_msgs/include/rb_msgs/rb_msgs/msg/detail/detection__struct.hpp\n'}
[0.228932] (rb_msgs) StdoutLine: {'line': b'-- Up-to-date symlink: /home/user/robocup_basketball_ws/install/rb_msgs/include/rb_msgs/rb_msgs/msg/detail/detection__traits.hpp\n'}
[0.228987] (rb_msgs) StdoutLine: {'line': b'-- Up-to-date symlink: /home/user/robocup_basketball_ws/install/rb_msgs/include/rb_msgs/rb_msgs/msg/detail/detection__type_support.hpp\n'}
[0.229040] (rb_msgs) StdoutLine: {'line': b'-- Up-to-date symlink: /home/user/robocup_basketball_ws/install/rb_msgs/include/rb_msgs/rb_msgs/msg/detail/detection_array__builder.hpp\n'}
[0.229106] (rb_msgs) StdoutLine: {'line': b'-- Up-to-date symlink: /home/user/robocup_basketball_ws/install/rb_msgs/include/rb_msgs/rb_msgs/msg/detail/detection_array__struct.hpp\n'}
[0.229162] (rb_msgs) StdoutLine: {'line': b'-- Up-to-date symlink: /home/user/robocup_basketball_ws/install/rb_msgs/include/rb_msgs/rb_msgs/msg/detail/detection_array__traits.hpp\n'}
[0.229224] (rb_msgs) StdoutLine: {'line': b'-- Up-to-date symlink: /home/user/robocup_basketball_ws/install/rb_msgs/include/rb_msgs/rb_msgs/msg/detail/detection_array__type_support.hpp\n'}
[0.229453] (rb_msgs) StdoutLine: {'line': b'-- Up-to-date symlink: /home/user/robocup_basketball_ws/install/rb_msgs/include/rb_msgs/rb_msgs/msg/detail/mission_status__builder.hpp\n'}
[0.229576] (rb_msgs) StdoutLine: {'line': b'-- Up-to-date symlink: /home/user/robocup_basketball_ws/install/rb_msgs/include/rb_msgs/rb_msgs/msg/detail/mission_status__struct.hpp\n'}
[0.229653] (rb_msgs) StdoutLine: {'line': b'-- Up-to-date symlink: /home/user/robocup_basketball_ws/install/rb_msgs/include/rb_msgs/rb_msgs/msg/detail/mission_status__traits.hpp\n'}
[0.229715] (rb_msgs) StdoutLine: {'line': b'-- Up-to-date symlink: /home/user/robocup_basketball_ws/install/rb_msgs/include/rb_msgs/rb_msgs/msg/detail/mission_status__type_support.hpp\n'}
[0.229774] (rb_msgs) StdoutLine: {'line': b'-- Up-to-date symlink: /home/user/robocup_basketball_ws/install/rb_msgs/include/rb_msgs/rb_msgs/msg/detail/robot_state__builder.hpp\n'}
[0.229831] (rb_msgs) StdoutLine: {'line': b'-- Up-to-date symlink: /home/user/robocup_basketball_ws/install/rb_msgs/include/rb_msgs/rb_msgs/msg/detail/robot_state__struct.hpp\n'}
[0.229888] (rb_msgs) StdoutLine: {'line': b'-- Up-to-date symlink: /home/user/robocup_basketball_ws/install/rb_msgs/include/rb_msgs/rb_msgs/msg/detail/robot_state__traits.hpp\n'}
[0.229986] (rb_msgs) StdoutLine: {'line': b'-- Up-to-date symlink: /home/user/robocup_basketball_ws/install/rb_msgs/include/rb_msgs/rb_msgs/msg/detail/robot_state__type_support.hpp\n'}
[0.230049] (rb_msgs) StdoutLine: {'line': b'-- Up-to-date symlink: /home/user/robocup_basketball_ws/install/rb_msgs/include/rb_msgs/rb_msgs/msg/detection.hpp\n'}
[0.230173] (rb_msgs) StdoutLine: {'line': b'-- Up-to-date symlink: /home/user/robocup_basketball_ws/install/rb_msgs/include/rb_msgs/rb_msgs/msg/detection_array.hpp\n'}
[0.230265] (rb_msgs) StdoutLine: {'line': b'-- Up-to-date symlink: /home/user/robocup_basketball_ws/install/rb_msgs/include/rb_msgs/rb_msgs/msg/mission_status.hpp\n'}
[0.230325] (rb_msgs) StdoutLine: {'line': b'-- Up-to-date symlink: /home/user/robocup_basketball_ws/install/rb_msgs/include/rb_msgs/rb_msgs/msg/robot_state.hpp\n'}
[0.230383] (rb_msgs) StdoutLine: {'line': b'-- Up-to-date symlink: /home/user/robocup_basketball_ws/install/rb_msgs/include/rb_msgs/rb_msgs/msg/rosidl_generator_cpp__visibility_control.hpp\n'}
[0.230443] (rb_msgs) StdoutLine: {'line': b'-- Up-to-date symlink: /home/user/robocup_basketball_ws/install/rb_msgs/include/rb_msgs/rb_msgs/srv/detail/launch__builder.hpp\n'}
[0.230580] (rb_msgs) StdoutLine: {'line': b'-- Up-to-date symlink: /home/user/robocup_basketball_ws/install/rb_msgs/include/rb_msgs/rb_msgs/srv/detail/launch__struct.hpp\n'}
[0.230637] (rb_msgs) StdoutLine: {'line': b'-- Up-to-date symlink: /home/user/robocup_basketball_ws/install/rb_msgs/include/rb_msgs/rb_msgs/srv/detail/launch__traits.hpp\n'}
[0.230692] (rb_msgs) StdoutLine: {'line': b'-- Up-to-date symlink: /home/user/robocup_basketball_ws/install/rb_msgs/include/rb_msgs/rb_msgs/srv/detail/launch__type_support.hpp\n'}
[0.230785] (rb_msgs) StdoutLine: {'line': b'-- Up-to-date symlink: /home/user/robocup_basketball_ws/install/rb_msgs/include/rb_msgs/rb_msgs/srv/detail/set_mission__builder.hpp\n'}
[0.230844] (rb_msgs) StdoutLine: {'line': b'-- Up-to-date symlink: /home/user/robocup_basketball_ws/install/rb_msgs/include/rb_msgs/rb_msgs/srv/detail/set_mission__struct.hpp\n'}
[0.230903] (rb_msgs) StdoutLine: {'line': b'-- Up-to-date symlink: /home/user/robocup_basketball_ws/install/rb_msgs/include/rb_msgs/rb_msgs/srv/detail/set_mission__traits.hpp\n'}
[0.231033] (rb_msgs) StdoutLine: {'line': b'-- Up-to-date symlink: /home/user/robocup_basketball_ws/install/rb_msgs/include/rb_msgs/rb_msgs/srv/detail/set_mission__type_support.hpp\n'}
[0.231097] (rb_msgs) StdoutLine: {'line': b'-- Up-to-date symlink: /home/user/robocup_basketball_ws/install/rb_msgs/include/rb_msgs/rb_msgs/srv/launch.hpp\n'}
[0.231156] (rb_msgs) StdoutLine: {'line': b'-- Up-to-date symlink: /home/user/robocup_basketball_ws/install/rb_msgs/include/rb_msgs/rb_msgs/srv/set_mission.hpp\n'}
[0.231257] (rb_msgs) StdoutLine: {'line': b'-- Up-to-date symlink: /home/user/robocup_basketball_ws/install/rb_msgs/include/rb_msgs/rb_msgs/msg/detail/detection__rosidl_typesupport_fastrtps_cpp.hpp\n'}
[0.231310] (rb_msgs) StdoutLine: {'line': b'-- Up-to-date symlink: /home/user/robocup_basketball_ws/install/rb_msgs/include/rb_msgs/rb_msgs/msg/detail/detection_array__rosidl_typesupport_fastrtps_cpp.hpp\n'}
[0.231363] (rb_msgs) StdoutLine: {'line': b'-- Up-to-date symlink: /home/user/robocup_basketball_ws/install/rb_msgs/include/rb_msgs/rb_msgs/msg/detail/mission_status__rosidl_typesupport_fastrtps_cpp.hpp\n'}
[0.231415] (rb_msgs) StdoutLine: {'line': b'-- Up-to-date symlink: /home/user/robocup_basketball_ws/install/rb_msgs/include/rb_msgs/rb_msgs/msg/detail/robot_state__rosidl_typesupport_fastrtps_cpp.hpp\n'}
[0.231477] (rb_msgs) StdoutLine: {'line': b'-- Up-to-date symlink: /home/user/robocup_basketball_ws/install/rb_msgs/include/rb_msgs/rb_msgs/msg/rosidl_typesupport_fastrtps_cpp__visibility_control.h\n'}
[0.231572] (rb_msgs) StdoutLine: {'line': b'-- Up-to-date symlink: /home/user/robocup_basketball_ws/install/rb_msgs/include/rb_msgs/rb_msgs/srv/detail/launch__rosidl_typesupport_fastrtps_cpp.hpp\n'}
[0.231633] (rb_msgs) StdoutLine: {'line': b'-- Up-to-date symlink: /home/user/robocup_basketball_ws/install/rb_msgs/include/rb_msgs/rb_msgs/srv/detail/set_mission__rosidl_typesupport_fastrtps_cpp.hpp\n'}
[0.231694] (rb_msgs) StdoutLine: {'line': b'-- Up-to-date symlink: /home/user/robocup_basketball_ws/install/rb_msgs/include/rb_msgs/rb_msgs/msg/detail/detection__rosidl_typesupport_introspection_cpp.hpp\n'}
[0.231750] (rb_msgs) StdoutLine: {'line': b'-- Up-to-date symlink: /home/user/robocup_basketball_ws/install/rb_msgs/include/rb_msgs/rb_msgs/msg/detail/detection_array__rosidl_typesupport_introspection_cpp.hpp\n'}
[0.231893] (rb_msgs) StdoutLine: {'line': b'-- Up-to-date symlink: /home/user/robocup_basketball_ws/install/rb_msgs/include/rb_msgs/rb_msgs/msg/detail/mission_status__rosidl_typesupport_introspection_cpp.hpp\n'}
[0.231950] (rb_msgs) StdoutLine: {'line': b'-- Up-to-date symlink: /home/user/robocup_basketball_ws/install/rb_msgs/include/rb_msgs/rb_msgs/msg/detail/robot_state__rosidl_typesupport_introspection_cpp.hpp\n'}
[0.232056] (rb_msgs) StdoutLine: {'line': b'-- Up-to-date symlink: /home/user/robocup_basketball_ws/install/rb_msgs/include/rb_msgs/rb_msgs/srv/detail/launch__rosidl_typesupport_introspection_cpp.hpp\n'}
[0.232131] (rb_msgs) StdoutLine: {'line': b'-- Up-to-date symlink: /home/user/robocup_basketball_ws/install/rb_msgs/include/rb_msgs/rb_msgs/srv/detail/set_mission__rosidl_typesupport_introspection_cpp.hpp\n'}
[0.232192] (rb_msgs) StdoutLine: {'line': b'-- Up-to-date symlink: /home/user/robocup_basketball_ws/install/rb_msgs/share/rb_msgs/environment/pythonpath.sh\n'}
[0.232255] (rb_msgs) StdoutLine: {'line': b'-- Up-to-date symlink: /home/user/robocup_basketball_ws/install/rb_msgs/share/rb_msgs/environment/pythonpath.dsv\n'}
[0.232315] (rb_msgs) StdoutLine: {'line': b'-- Up-to-date symlink: /home/user/robocup_basketball_ws/install/rb_msgs/local/lib/python3.10/dist-packages/rb_msgs-0.1.0-py3.10.egg-info/PKG-INFO\n'}
[0.232375] (rb_msgs) StdoutLine: {'line': b'-- Up-to-date symlink: /home/user/robocup_basketball_ws/install/rb_msgs/local/lib/python3.10/dist-packages/rb_msgs-0.1.0-py3.10.egg-info/SOURCES.txt\n'}
[0.232546] (rb_msgs) StdoutLine: {'line': b'-- Up-to-date symlink: /home/user/robocup_basketball_ws/install/rb_msgs/local/lib/python3.10/dist-packages/rb_msgs-0.1.0-py3.10.egg-info/dependency_links.txt\n'}
[0.232605] (rb_msgs) StdoutLine: {'line': b'-- Up-to-date symlink: /home/user/robocup_basketball_ws/install/rb_msgs/local/lib/python3.10/dist-packages/rb_msgs-0.1.0-py3.10.egg-info/top_level.txt\n'}
[0.232659] (rb_msgs) StdoutLine: {'line': b'-- Up-to-date symlink: /home/user/robocup_basketball_ws/install/rb_msgs/local/lib/python3.10/dist-packages/rb_msgs/__init__.py\n'}
[0.232716] (rb_msgs) StdoutLine: {'line': b'-- Up-to-date symlink: /home/user/robocup_basketball_ws/install/rb_msgs/local/lib/python3.10/dist-packages/rb_msgs/_rb_msgs_s.ep.rosidl_typesupport_c.c\n'}
[0.232823] (rb_msgs) StdoutLine: {'line': b'-- Up-to-date symlink: /home/user/robocup_basketball_ws/install/rb_msgs/local/lib/python3.10/dist-packages/rb_msgs/_rb_msgs_s.ep.rosidl_typesupport_fastrtps_c.c\n'}
[0.232876] (rb_msgs) StdoutLine: {'line': b'-- Up-to-date symlink: /home/user/robocup_basketball_ws/install/rb_msgs/local/lib/python3.10/dist-packages/rb_msgs/_rb_msgs_s.ep.rosidl_typesupport_introspection_c.c\n'}
[0.232931] (rb_msgs) StdoutLine: {'line': b'-- Up-to-date symlink: /home/user/robocup_basketball_ws/install/rb_msgs/local/lib/python3.10/dist-packages/rb_msgs/librb_msgs__rosidl_generator_py.so\n'}
[0.233017] (rb_msgs) StdoutLine: {'line': b'-- Up-to-date symlink: /home/user/robocup_basketball_ws/install/rb_msgs/local/lib/python3.10/dist-packages/rb_msgs/msg/__init__.py\n'}
[0.233112] (rb_msgs) StdoutLine: {'line': b'-- Up-to-date symlink: /home/user/robocup_basketball_ws/install/rb_msgs/local/lib/python3.10/dist-packages/rb_msgs/msg/_detection.py\n'}
[0.233171] (rb_msgs) StdoutLine: {'line': b'-- Up-to-date symlink: /home/user/robocup_basketball_ws/install/rb_msgs/local/lib/python3.10/dist-packages/rb_msgs/msg/_detection_array.py\n'}
[0.233258] (rb_msgs) StdoutLine: {'line': b'-- Up-to-date symlink: /home/user/robocup_basketball_ws/install/rb_msgs/local/lib/python3.10/dist-packages/rb_msgs/msg/_detection_array_s.c\n'}
[0.233315] (rb_msgs) StdoutLine: {'line': b'-- Up-to-date symlink: /home/user/robocup_basketball_ws/install/rb_msgs/local/lib/python3.10/dist-packages/rb_msgs/msg/_detection_s.c\n'}
[0.233397] (rb_msgs) StdoutLine: {'line': b'-- Up-to-date symlink: /home/user/robocup_basketball_ws/install/rb_msgs/local/lib/python3.10/dist-packages/rb_msgs/msg/_mission_status.py\n'}
[0.233500] (rb_msgs) StdoutLine: {'line': b'-- Up-to-date symlink: /home/user/robocup_basketball_ws/install/rb_msgs/local/lib/python3.10/dist-packages/rb_msgs/msg/_mission_status_s.c\n'}
[0.233583] (rb_msgs) StdoutLine: {'line': b'-- Up-to-date symlink: /home/user/robocup_basketball_ws/install/rb_msgs/local/lib/python3.10/dist-packages/rb_msgs/msg/_robot_state.py\n'}
[0.233658] (rb_msgs) StdoutLine: {'line': b'-- Up-to-date symlink: /home/user/robocup_basketball_ws/install/rb_msgs/local/lib/python3.10/dist-packages/rb_msgs/msg/_robot_state_s.c\n'}
[0.233714] (rb_msgs) StdoutLine: {'line': b'-- Up-to-date symlink: /home/user/robocup_basketball_ws/install/rb_msgs/local/lib/python3.10/dist-packages/rb_msgs/rb_msgs_s__rosidl_typesupport_c.cpython-310-x86_64-linux-gnu.so\n'}
[0.233797] (rb_msgs) StdoutLine: {'line': b'-- Up-to-date symlink: /home/user/robocup_basketball_ws/install/rb_msgs/local/lib/python3.10/dist-packages/rb_msgs/rb_msgs_s__rosidl_typesupport_fastrtps_c.cpython-310-x86_64-linux-gnu.so\n'}
[0.233853] (rb_msgs) StdoutLine: {'line': b'-- Up-to-date symlink: /home/user/robocup_basketball_ws/install/rb_msgs/local/lib/python3.10/dist-packages/rb_msgs/rb_msgs_s__rosidl_typesupport_introspection_c.cpython-310-x86_64-linux-gnu.so\n'}
[0.233909] (rb_msgs) StdoutLine: {'line': b'-- Up-to-date symlink: /home/user/robocup_basketball_ws/install/rb_msgs/local/lib/python3.10/dist-packages/rb_msgs/srv/__init__.py\n'}
[0.234018] (rb_msgs) StdoutLine: {'line': b'-- Up-to-date symlink: /home/user/robocup_basketball_ws/install/rb_msgs/local/lib/python3.10/dist-packages/rb_msgs/srv/_launch.py\n'}
[0.234075] (rb_msgs) StdoutLine: {'line': b'-- Up-to-date symlink: /home/user/robocup_basketball_ws/install/rb_msgs/local/lib/python3.10/dist-packages/rb_msgs/srv/_launch_s.c\n'}
[0.234169] (rb_msgs) StdoutLine: {'line': b'-- Up-to-date symlink: /home/user/robocup_basketball_ws/install/rb_msgs/local/lib/python3.10/dist-packages/rb_msgs/srv/_set_mission.py\n'}
[0.234224] (rb_msgs) StdoutLine: {'line': b'-- Up-to-date symlink: /home/user/robocup_basketball_ws/install/rb_msgs/local/lib/python3.10/dist-packages/rb_msgs/srv/_set_mission_s.c\n'}
[0.234278] (rb_msgs) StdoutLine: {'line': b'-- Up-to-date symlink: /home/user/robocup_basketball_ws/install/rb_msgs/local/lib/python3.10/dist-packages/rb_msgs/rb_msgs_s__rosidl_typesupport_fastrtps_c.cpython-310-x86_64-linux-gnu.so\n'}
[0.234389] (rb_msgs) StdoutLine: {'line': b'-- Up-to-date symlink: /home/user/robocup_basketball_ws/install/rb_msgs/local/lib/python3.10/dist-packages/rb_msgs/rb_msgs_s__rosidl_typesupport_introspection_c.cpython-310-x86_64-linux-gnu.so\n'}
[0.234451] (rb_msgs) StdoutLine: {'line': b'-- Up-to-date symlink: /home/user/robocup_basketball_ws/install/rb_msgs/local/lib/python3.10/dist-packages/rb_msgs/rb_msgs_s__rosidl_typesupport_c.cpython-310-x86_64-linux-gnu.so\n'}
[0.234701] (rb_msgs) StdoutLine: {'line': b'-- Up-to-date symlink: /home/user/robocup_basketball_ws/install/rb_msgs/share/rb_msgs/msg/Detection.idl\n'}
[0.234750] (rb_msgs) StdoutLine: {'line': b'-- Up-to-date symlink: /home/user/robocup_basketball_ws/install/rb_msgs/share/rb_msgs/msg/DetectionArray.idl\n'}
[0.234784] (rb_msgs) StdoutLine: {'line': b'-- Up-to-date symlink: /home/user/robocup_basketball_ws/install/rb_msgs/share/rb_msgs/msg/RobotState.idl\n'}
[0.234813] (rb_msgs) StdoutLine: {'line': b'-- Up-to-date symlink: /home/user/robocup_basketball_ws/install/rb_msgs/share/rb_msgs/msg/MissionStatus.idl\n'}
[0.234843] (rb_msgs) StdoutLine: {'line': b'-- Up-to-date symlink: /home/user/robocup_basketball_ws/install/rb_msgs/share/rb_msgs/srv/Launch.idl\n'}
[0.234872] (rb_msgs) StdoutLine: {'line': b'-- Up-to-date symlink: /home/user/robocup_basketball_ws/install/rb_msgs/share/rb_msgs/srv/SetMission.idl\n'}
[0.234900] (rb_msgs) StdoutLine: {'line': b'-- Up-to-date symlink: /home/user/robocup_basketball_ws/install/rb_msgs/share/rb_msgs/msg/Detection.msg\n'}
[0.234928] (rb_msgs) StdoutLine: {'line': b'-- Up-to-date symlink: /home/user/robocup_basketball_ws/install/rb_msgs/share/rb_msgs/msg/DetectionArray.msg\n'}
[0.234982] (rb_msgs) StdoutLine: {'line': b'-- Up-to-date symlink: /home/user/robocup_basketball_ws/install/rb_msgs/share/rb_msgs/msg/RobotState.msg\n'}
[0.235009] (rb_msgs) StdoutLine: {'line': b'-- Up-to-date symlink: /home/user/robocup_basketball_ws/install/rb_msgs/share/rb_msgs/msg/MissionStatus.msg\n'}
[0.235038] (rb_msgs) StdoutLine: {'line': b'-- Up-to-date symlink: /home/user/robocup_basketball_ws/install/rb_msgs/share/rb_msgs/srv/Launch.srv\n'}
[0.235063] (rb_msgs) StdoutLine: {'line': b'-- Up-to-date symlink: /home/user/robocup_basketball_ws/install/rb_msgs/share/rb_msgs/srv/Launch_Request.msg\n'}
[0.235089] (rb_msgs) StdoutLine: {'line': b'-- Up-to-date symlink: /home/user/robocup_basketball_ws/install/rb_msgs/share/rb_msgs/srv/Launch_Response.msg\n'}
[0.235115] (rb_msgs) StdoutLine: {'line': b'-- Up-to-date symlink: /home/user/robocup_basketball_ws/install/rb_msgs/share/rb_msgs/srv/SetMission.srv\n'}
[0.235140] (rb_msgs) StdoutLine: {'line': b'-- Up-to-date symlink: /home/user/robocup_basketball_ws/install/rb_msgs/share/rb_msgs/srv/SetMission_Request.msg\n'}
[0.235165] (rb_msgs) StdoutLine: {'line': b'-- Up-to-date symlink: /home/user/robocup_basketball_ws/install/rb_msgs/share/rb_msgs/srv/SetMission_Response.msg\n'}
[0.235191] (rb_msgs) StdoutLine: {'line': b'-- Up-to-date symlink: /home/user/robocup_basketball_ws/install/rb_msgs/share/ament_index/resource_index/package_run_dependencies/rb_msgs\n'}
[0.235216] (rb_msgs) StdoutLine: {'line': b'-- Up-to-date symlink: /home/user/robocup_basketball_ws/install/rb_msgs/share/ament_index/resource_index/parent_prefix_path/rb_msgs\n'}
[0.235241] (rb_msgs) StdoutLine: {'line': b'-- Up-to-date symlink: /home/user/robocup_basketball_ws/install/rb_msgs/share/rb_msgs/environment/ament_prefix_path.sh\n'}
[0.235266] (rb_msgs) StdoutLine: {'line': b'-- Up-to-date symlink: /home/user/robocup_basketball_ws/install/rb_msgs/share/rb_msgs/environment/ament_prefix_path.dsv\n'}
[0.235293] (rb_msgs) StdoutLine: {'line': b'-- Up-to-date symlink: /home/user/robocup_basketball_ws/install/rb_msgs/share/rb_msgs/environment/path.sh\n'}
[0.235319] (rb_msgs) StdoutLine: {'line': b'-- Up-to-date symlink: /home/user/robocup_basketball_ws/install/rb_msgs/share/rb_msgs/environment/path.dsv\n'}
[0.235346] (rb_msgs) StdoutLine: {'line': b'-- Up-to-date symlink: /home/user/robocup_basketball_ws/install/rb_msgs/share/rb_msgs/local_setup.bash\n'}
[0.235372] (rb_msgs) StdoutLine: {'line': b'-- Up-to-date symlink: /home/user/robocup_basketball_ws/install/rb_msgs/share/rb_msgs/local_setup.sh\n'}
[0.235398] (rb_msgs) StdoutLine: {'line': b'-- Up-to-date symlink: /home/user/robocup_basketball_ws/install/rb_msgs/share/rb_msgs/local_setup.zsh\n'}
[0.235422] (rb_msgs) StdoutLine: {'line': b'-- Up-to-date symlink: /home/user/robocup_basketball_ws/install/rb_msgs/share/rb_msgs/local_setup.dsv\n'}
[0.235451] (rb_msgs) StdoutLine: {'line': b'-- Symlinking: /home/user/robocup_basketball_ws/install/rb_msgs/share/rb_msgs/package.dsv\n'}
[0.240599] (rb_msgs) StdoutLine: {'line': b'-- Up-to-date symlink: /home/user/robocup_basketball_ws/install/rb_msgs/share/ament_index/resource_index/packages/rb_msgs\n'}
[0.240638] (rb_msgs) StdoutLine: {'line': b'-- Up-to-date symlink: /home/user/robocup_basketball_ws/install/rb_msgs/share/rb_msgs/cmake/rosidl_cmake-extras.cmake\n'}
[0.240714] (rb_msgs) StdoutLine: {'line': b'-- Up-to-date symlink: /home/user/robocup_basketball_ws/install/rb_msgs/share/rb_msgs/cmake/ament_cmake_export_dependencies-extras.cmake\n'}
[0.240744] (rb_msgs) StdoutLine: {'line': b'-- Up-to-date symlink: /home/user/robocup_basketball_ws/install/rb_msgs/share/rb_msgs/cmake/ament_cmake_export_include_directories-extras.cmake\n'}
[0.240800] (rb_msgs) StdoutLine: {'line': b'-- Up-to-date symlink: /home/user/robocup_basketball_ws/install/rb_msgs/share/rb_msgs/cmake/ament_cmake_export_libraries-extras.cmake\n'}
[0.240856] (rb_msgs) StdoutLine: {'line': b'-- Up-to-date symlink: /home/user/robocup_basketball_ws/install/rb_msgs/share/rb_msgs/cmake/ament_cmake_export_targets-extras.cmake\n'}
[0.240909] (rb_msgs) StdoutLine: {'line': b'-- Up-to-date symlink: /home/user/robocup_basketball_ws/install/rb_msgs/share/rb_msgs/cmake/rosidl_cmake_export_typesupport_targets-extras.cmake\n'}
[0.240973] (rb_msgs) StdoutLine: {'line': b'-- Up-to-date symlink: /home/user/robocup_basketball_ws/install/rb_msgs/share/rb_msgs/cmake/rosidl_cmake_export_typesupport_libraries-extras.cmake\n'}
[0.241045] (rb_msgs) StdoutLine: {'line': b'-- Up-to-date symlink: /home/user/robocup_basketball_ws/install/rb_msgs/share/rb_msgs/cmake/rb_msgsConfig.cmake\n'}
[0.241097] (rb_msgs) StdoutLine: {'line': b'-- Up-to-date symlink: /home/user/robocup_basketball_ws/install/rb_msgs/share/rb_msgs/cmake/rb_msgsConfig-version.cmake\n'}
[0.241160] (rb_msgs) StdoutLine: {'line': b'-- Up-to-date symlink: /home/user/robocup_basketball_ws/install/rb_msgs/share/rb_msgs/package.xml\n'}
[0.241292] (rb_msgs) StdoutLine: {'line': b'-- Up-to-date: /home/user/robocup_basketball_ws/install/rb_msgs/lib/librb_msgs__rosidl_generator_c.so\n'}
[0.241435] (rb_msgs) StdoutLine: {'line': b'-- Up-to-date: /home/user/robocup_basketball_ws/install/rb_msgs/lib/librb_msgs__rosidl_typesupport_fastrtps_c.so\n'}
[0.241570] (rb_msgs) StdoutLine: {'line': b'-- Up-to-date: /home/user/robocup_basketball_ws/install/rb_msgs/lib/librb_msgs__rosidl_typesupport_introspection_c.so\n'}
[0.241678] (rb_msgs) StdoutLine: {'line': b'-- Up-to-date: /home/user/robocup_basketball_ws/install/rb_msgs/lib/librb_msgs__rosidl_typesupport_c.so\n'}
[0.241786] (rb_msgs) StdoutLine: {'line': b'-- Up-to-date: /home/user/robocup_basketball_ws/install/rb_msgs/lib/librb_msgs__rosidl_typesupport_fastrtps_cpp.so\n'}
[0.241904] (rb_msgs) StdoutLine: {'line': b'-- Up-to-date: /home/user/robocup_basketball_ws/install/rb_msgs/lib/librb_msgs__rosidl_typesupport_introspection_cpp.so\n'}
[0.242016] (rb_msgs) StdoutLine: {'line': b'-- Up-to-date: /home/user/robocup_basketball_ws/install/rb_msgs/lib/librb_msgs__rosidl_typesupport_cpp.so\n'}
[0.263621] (rb_msgs) StdoutLine: {'line': b"Listing '/home/user/robocup_basketball_ws/install/rb_msgs/local/lib/python3.10/dist-packages/rb_msgs'...\n"}
[0.263745] (rb_msgs) StdoutLine: {'line': b"Listing '/home/user/robocup_basketball_ws/install/rb_msgs/local/lib/python3.10/dist-packages/rb_msgs/msg'...\n"}
[0.263778] (rb_msgs) StdoutLine: {'line': b"Listing '/home/user/robocup_basketball_ws/install/rb_msgs/local/lib/python3.10/dist-packages/rb_msgs/srv'...\n"}
[0.266736] (rb_msgs) StdoutLine: {'line': b'-- Up-to-date: /home/user/robocup_basketball_ws/install/rb_msgs/lib/librb_msgs__rosidl_generator_py.so\n'}
[0.266897] (rb_msgs) StdoutLine: {'line': b'-- Up-to-date: /home/user/robocup_basketball_ws/install/rb_msgs/share/rb_msgs/cmake/export_rb_msgs__rosidl_generator_cExport.cmake\n'}
[0.266943] (rb_msgs) StdoutLine: {'line': b'-- Up-to-date: /home/user/robocup_basketball_ws/install/rb_msgs/share/rb_msgs/cmake/export_rb_msgs__rosidl_generator_cExport-noconfig.cmake\n'}
[0.266974] (rb_msgs) StdoutLine: {'line': b'-- Up-to-date: /home/user/robocup_basketball_ws/install/rb_msgs/share/rb_msgs/cmake/export_rb_msgs__rosidl_typesupport_fastrtps_cExport.cmake\n'}
[0.267005] (rb_msgs) StdoutLine: {'line': b'-- Up-to-date: /home/user/robocup_basketball_ws/install/rb_msgs/share/rb_msgs/cmake/export_rb_msgs__rosidl_typesupport_fastrtps_cExport-noconfig.cmake\n'}
[0.267034] (rb_msgs) StdoutLine: {'line': b'-- Up-to-date: /home/user/robocup_basketball_ws/install/rb_msgs/share/rb_msgs/cmake/rb_msgs__rosidl_typesupport_introspection_cExport.cmake\n'}
[0.267062] (rb_msgs) StdoutLine: {'line': b'-- Up-to-date: /home/user/robocup_basketball_ws/install/rb_msgs/share/rb_msgs/cmake/rb_msgs__rosidl_typesupport_introspection_cExport-noconfig.cmake\n'}
[0.267090] (rb_msgs) StdoutLine: {'line': b'-- Up-to-date: /home/user/robocup_basketball_ws/install/rb_msgs/share/rb_msgs/cmake/rb_msgs__rosidl_typesupport_cExport.cmake\n'}
[0.267118] (rb_msgs) StdoutLine: {'line': b'-- Up-to-date: /home/user/robocup_basketball_ws/install/rb_msgs/share/rb_msgs/cmake/rb_msgs__rosidl_typesupport_cExport-noconfig.cmake\n'}
[0.267146] (rb_msgs) StdoutLine: {'line': b'-- Up-to-date: /home/user/robocup_basketball_ws/install/rb_msgs/share/rb_msgs/cmake/export_rb_msgs__rosidl_generator_cppExport.cmake\n'}
[0.267266] (rb_msgs) StdoutLine: {'line': b'-- Up-to-date: /home/user/robocup_basketball_ws/install/rb_msgs/share/rb_msgs/cmake/export_rb_msgs__rosidl_typesupport_fastrtps_cppExport.cmake\n'}
[0.267294] (rb_msgs) StdoutLine: {'line': b'-- Up-to-date: /home/user/robocup_basketball_ws/install/rb_msgs/share/rb_msgs/cmake/export_rb_msgs__rosidl_typesupport_fastrtps_cppExport-noconfig.cmake\n'}
[0.267324] (rb_msgs) StdoutLine: {'line': b'-- Up-to-date: /home/user/robocup_basketball_ws/install/rb_msgs/share/rb_msgs/cmake/rb_msgs__rosidl_typesupport_introspection_cppExport.cmake\n'}
[0.267350] (rb_msgs) StdoutLine: {'line': b'-- Up-to-date: /home/user/robocup_basketball_ws/install/rb_msgs/share/rb_msgs/cmake/rb_msgs__rosidl_typesupport_introspection_cppExport-noconfig.cmake\n'}
[0.267378] (rb_msgs) StdoutLine: {'line': b'-- Up-to-date: /home/user/robocup_basketball_ws/install/rb_msgs/share/rb_msgs/cmake/rb_msgs__rosidl_typesupport_cppExport.cmake\n'}
[0.267404] (rb_msgs) StdoutLine: {'line': b'-- Up-to-date: /home/user/robocup_basketball_ws/install/rb_msgs/share/rb_msgs/cmake/rb_msgs__rosidl_typesupport_cppExport-noconfig.cmake\n'}
[0.267431] (rb_msgs) StdoutLine: {'line': b'-- Up-to-date: /home/user/robocup_basketball_ws/install/rb_msgs/share/rb_msgs/cmake/export_rb_msgs__rosidl_generator_pyExport.cmake\n'}
[0.267468] (rb_msgs) StdoutLine: {'line': b'-- Up-to-date: /home/user/robocup_basketball_ws/install/rb_msgs/share/rb_msgs/cmake/export_rb_msgs__rosidl_generator_pyExport-noconfig.cmake\n'}
[0.268419] (rb_msgs) CommandEnded: {'returncode': 0}
[0.276371] (rb_msgs) JobEnded: {'identifier': 'rb_msgs', 'rc': 0}
[0.276695] (rb_launcher) JobStarted: {'identifier': 'rb_launcher'}
[0.277811] (rb_localization) JobStarted: {'identifier': 'rb_localization'}
[0.280247] (rb_mission) JobStarted: {'identifier': 'rb_mission'}
[0.282889] (rb_perception) JobStarted: {'identifier': 'rb_perception'}
[0.286106] (rb_launcher) JobProgress: {'identifier': 'rb_launcher', 'progress': 'cmake'}
[0.286563] (rb_launcher) JobProgress: {'identifier': 'rb_launcher', 'progress': 'build'}
[0.286574] (rb_launcher) Command: {'cmd': ['/usr/bin/cmake', '--build', '/home/user/robocup_basketball_ws/build/rb_launcher', '--', '-j16', '-l16'], 'cwd': '/home/user/robocup_basketball_ws/build/rb_launcher', 'env': OrderedDict([('SHLVL', '0'), ('LD_LIBRARY_PATH', '/home/user/robocup_basketball_ws/install/rb_msgs/lib:/opt/ros/humble/opt/rviz_ogre_vendor/lib:/opt/ros/humble/lib/x86_64-linux-gnu:/opt/ros/humble/lib'), ('HOME', '/home/user'), ('OLDPWD', '/home/user/robocup_basketball_ws'), ('ROS_PYTHON_VERSION', '3'), ('LC_CTYPE', 'C.UTF-8'), ('ROS_DISTRO', 'humble'), ('_', '/usr/bin/colcon'), ('ROS_VERSION', '2'), ('TERM', 'dumb'), ('ROS_LOCALHOST_ONLY', '0'), ('PATH', '/opt/ros/humble/bin:/usr/local/bin:/usr/bin:/bin'), ('AMENT_PREFIX_PATH', '/home/user/robocup_basketball_ws/install/rb_msgs:/opt/ros/humble'), ('PWD', '/home/user/robocup_basketball_ws/build/rb_launcher'), ('PYTHONPATH', '/home/user/robocup_basketball_ws/install/rb_msgs/local/lib/python3.10/dist-packages:/opt/ros/humble/lib/python3.10/site-packages:/opt/ros/humble/local/lib/python3.10/dist-packages'), ('COLCON', '1'), ('CMAKE_PREFIX_PATH', '/home/user/robocup_basketball_ws/install/rb_msgs:/opt/ros/humble')]), 'shell': False}
[0.299916] (-) TimerEvent: {}
[0.400092] (-) TimerEvent: {}
[0.500347] (-) TimerEvent: {}
[0.551041] (rb_launcher) StdoutLine: {'line': b'[ 33%] Built target serial_base_lib\n'}
[0.551191] (rb_launcher) StdoutLine: {'line': b'[ 66%] Built target serial_R1_lib\n'}
[0.551222] (rb_launcher) StdoutLine: {'line': b'[100%] Built target rb_launcher_node\n'}
[0.600555] (-) TimerEvent: {}
[0.683060] (rb_launcher) CommandEnded: {'returncode': 0}
[0.684079] (rb_launcher) JobProgress: {'identifier': 'rb_launcher', 'progress': 'install'}
[0.684098] (rb_launcher) Command: {'cmd': ['/usr/bin/cmake', '--install', '/home/user/robocup_basketball_ws/build/rb_launcher'], 'cwd': '/home/user/robocup_basketball_ws/build/rb_launcher', 'env': OrderedDict([('SHLVL', '0'), ('LD_LIBRARY_PATH', '/home/user/robocup_basketball_ws/install/rb_msgs/lib:/opt/ros/humble/opt/rviz_ogre_vendor/lib:/opt/ros/humble/lib/x86_64-linux-gnu:/opt/ros/humble/lib'), ('HOME', '/home/user'), ('OLDPWD', '/home/user/robocup_basketball_ws'), ('ROS_PYTHON_VERSION', '3'), ('LC_CTYPE', 'C.UTF-8'), ('ROS_DISTRO', 'humble'), ('_', '/usr/bin/colcon'), ('ROS_VERSION', '2'), ('TERM', 'dumb'), ('ROS_LOCALHOST_ONLY', '0'), ('PATH', '/opt/ros/humble/bin:/usr/local/bin:/usr/bin:/bin'), ('AMENT_PREFIX_PATH', '/home/user/robocup_basketball_ws/install/rb_msgs:/opt/ros/humble'), ('PWD', '/home/user/robocup_basketball_ws/build/rb_launcher'), ('PYTHONPATH', '/home/user/robocup_basketball_ws/install/rb_msgs/local/lib/python3.10/dist-packages:/opt/ros/humble/lib/python3.10/site-packages:/opt/ros/humble/local/lib/python3.10/dist-packages'), ('COLCON', '1'), ('CMAKE_PREFIX_PATH', '/home/user/robocup_basketball_ws/install/rb_msgs:/opt/ros/humble')]), 'shell': False}
[0.690194] (rb_launcher) StdoutLine: {'line': b'-- Install configuration: ""\n'}
[0.690685] (rb_launcher) StdoutLine: {'line': b'-- Execute custom install script\n'}
[0.690926] (rb_launcher) StdoutLine: {'line': b'-- Up-to-date symlink: /home/user/robocup_basketball_ws/install/rb_launcher/lib/rb_launcher/rb_launcher_node\n'}
[0.691320] (rb_launcher) StdoutLine: {'line': b'-- Up-to-date symlink: /home/user/robocup_basketball_ws/install/rb_launcher/include/serial_port/serial_port.hpp\n'}
[0.691344] (rb_launcher) StdoutLine: {'line': b'-- Up-to-date symlink: /home/user/robocup_basketball_ws/install/rb_launcher/include/serial_port/serial_port_R1.hpp\n'}
[0.691421] (rb_launcher) StdoutLine: {'line': b'-- Up-to-date symlink: /home/user/robocup_basketball_ws/install/rb_launcher/include/utils/message.hpp\n'}
[0.691743] (rb_launcher) StdoutLine: {'line': b'-- Up-to-date symlink: /home/user/robocup_basketball_ws/install/rb_launcher/share/rb_launcher/launch/launcher.launch.py\n'}
[0.691888] (rb_launcher) StdoutLine: {'line': b'-- Up-to-date symlink: /home/user/robocup_basketball_ws/install/rb_launcher/share/rb_launcher/config/launcher.yaml\n'}
[0.692045] (rb_launcher) StdoutLine: {'line': b'-- Up-to-date symlink: /home/user/robocup_basketball_ws/install/rb_launcher/share/ament_index/resource_index/package_run_dependencies/rb_launcher\n'}
[0.692192] (rb_launcher) StdoutLine: {'line': b'-- Up-to-date symlink: /home/user/robocup_basketball_ws/install/rb_launcher/share/ament_index/resource_index/parent_prefix_path/rb_launcher\n'}
[0.692334] (rb_launcher) StdoutLine: {'line': b'-- Up-to-date symlink: /home/user/robocup_basketball_ws/install/rb_launcher/share/rb_launcher/environment/ament_prefix_path.sh\n'}
[0.692471] (rb_launcher) StdoutLine: {'line': b'-- Up-to-date symlink: /home/user/robocup_basketball_ws/install/rb_launcher/share/rb_launcher/environment/ament_prefix_path.dsv\n'}
[0.692617] (rb_launcher) StdoutLine: {'line': b'-- Up-to-date symlink: /home/user/robocup_basketball_ws/install/rb_launcher/share/rb_launcher/environment/path.sh\n'}
[0.692746] (rb_launcher) StdoutLine: {'line': b'-- Up-to-date symlink: /home/user/robocup_basketball_ws/install/rb_launcher/share/rb_launcher/environment/path.dsv\n'}
[0.692872] (rb_launcher) StdoutLine: {'line': b'-- Up-to-date symlink: /home/user/robocup_basketball_ws/install/rb_launcher/share/rb_launcher/local_setup.bash\n'}
[0.692997] (rb_launcher) StdoutLine: {'line': b'-- Up-to-date symlink: /home/user/robocup_basketball_ws/install/rb_launcher/share/rb_launcher/local_setup.sh\n'}
[0.693121] (rb_launcher) StdoutLine: {'line': b'-- Up-to-date symlink: /home/user/robocup_basketball_ws/install/rb_launcher/share/rb_launcher/local_setup.zsh\n'}
[0.693242] (rb_launcher) StdoutLine: {'line': b'-- Up-to-date symlink: /home/user/robocup_basketball_ws/install/rb_launcher/share/rb_launcher/local_setup.dsv\n'}
[0.693336] (rb_launcher) StdoutLine: {'line': b'-- Symlinking: /home/user/robocup_basketball_ws/install/rb_launcher/share/rb_launcher/package.dsv\n'}
[0.700691] (-) TimerEvent: {}
[0.702109] (rb_launcher) StdoutLine: {'line': b'-- Up-to-date symlink: /home/user/robocup_basketball_ws/install/rb_launcher/share/ament_index/resource_index/packages/rb_launcher\n'}
[0.702252] (rb_launcher) StdoutLine: {'line': b'-- Up-to-date symlink: /home/user/robocup_basketball_ws/install/rb_launcher/share/rb_launcher/cmake/ament_cmake_export_include_directories-extras.cmake\n'}
[0.702286] (rb_launcher) StdoutLine: {'line': b'-- Up-to-date symlink: /home/user/robocup_basketball_ws/install/rb_launcher/share/rb_launcher/cmake/rb_launcherConfig.cmake\n'}
[0.702365] (rb_launcher) StdoutLine: {'line': b'-- Up-to-date symlink: /home/user/robocup_basketball_ws/install/rb_launcher/share/rb_launcher/cmake/rb_launcherConfig-version.cmake\n'}
[0.702438] (rb_launcher) StdoutLine: {'line': b'-- Up-to-date symlink: /home/user/robocup_basketball_ws/install/rb_launcher/share/rb_launcher/package.xml\n'}
[0.703728] (rb_launcher) CommandEnded: {'returncode': 0}
[0.712224] (rb_launcher) JobEnded: {'identifier': 'rb_launcher', 'rc': 0}
[0.800780] (-) TimerEvent: {}
[0.884343] (rb_localization) Command: {'cmd': ['/usr/bin/python3', '-W', 'ignore:setup.py install is deprecated', '-W', 'ignore:easy_install command is deprecated', 'setup.py', 'develop', '--editable', '--build-directory', '/home/user/robocup_basketball_ws/build/rb_localization/build', '--no-deps', 'symlink_data'], 'cwd': '/home/user/robocup_basketball_ws/build/rb_localization', 'env': {'SHLVL': '0', 'LD_LIBRARY_PATH': '/home/user/robocup_basketball_ws/install/rb_msgs/lib:/opt/ros/humble/opt/rviz_ogre_vendor/lib:/opt/ros/humble/lib/x86_64-linux-gnu:/opt/ros/humble/lib', 'HOME': '/home/user', 'OLDPWD': '/home/user/robocup_basketball_ws', 'ROS_PYTHON_VERSION': '3', 'LC_CTYPE': 'C.UTF-8', 'ROS_DISTRO': 'humble', '_': '/usr/bin/colcon', 'ROS_VERSION': '2', 'TERM': 'dumb', 'ROS_LOCALHOST_ONLY': '0', 'PATH': '/opt/ros/humble/bin:/usr/local/bin:/usr/bin:/bin', 'AMENT_PREFIX_PATH': '/home/user/robocup_basketball_ws/install/rb_msgs:/opt/ros/humble', 'PWD': '/home/user/robocup_basketball_ws/build/rb_localization', 'PYTHONPATH': '/home/user/robocup_basketball_ws/build/rb_localization/prefix_override:/usr/lib/python3/dist-packages/colcon_core/task/python/colcon_distutils_commands:/home/user/robocup_basketball_ws/install/rb_localization/lib/python3.10/site-packages:/home/user/robocup_basketball_ws/install/rb_msgs/local/lib/python3.10/dist-packages:/opt/ros/humble/lib/python3.10/site-packages:/opt/ros/humble/local/lib/python3.10/dist-packages', 'COLCON': '1', 'CMAKE_PREFIX_PATH': '/home/user/robocup_basketball_ws/install/rb_msgs'}, 'shell': False}
[0.888282] (rb_mission) Command: {'cmd': ['/usr/bin/python3', '-W', 'ignore:setup.py install is deprecated', '-W', 'ignore:easy_install command is deprecated', 'setup.py', 'develop', '--editable', '--build-directory', '/home/user/robocup_basketball_ws/build/rb_mission/build', '--no-deps', 'symlink_data'], 'cwd': '/home/user/robocup_basketball_ws/build/rb_mission', 'env': {'SHLVL': '0', 'LD_LIBRARY_PATH': '/home/user/robocup_basketball_ws/install/rb_msgs/lib:/opt/ros/humble/opt/rviz_ogre_vendor/lib:/opt/ros/humble/lib/x86_64-linux-gnu:/opt/ros/humble/lib', 'HOME': '/home/user', 'OLDPWD': '/home/user/robocup_basketball_ws', 'ROS_PYTHON_VERSION': '3', 'LC_CTYPE': 'C.UTF-8', 'ROS_DISTRO': 'humble', '_': '/usr/bin/colcon', 'ROS_VERSION': '2', 'TERM': 'dumb', 'ROS_LOCALHOST_ONLY': '0', 'PATH': '/opt/ros/humble/bin:/usr/local/bin:/usr/bin:/bin', 'AMENT_PREFIX_PATH': '/home/user/robocup_basketball_ws/install/rb_msgs:/opt/ros/humble', 'PWD': '/home/user/robocup_basketball_ws/build/rb_mission', 'PYTHONPATH': '/home/user/robocup_basketball_ws/build/rb_mission/prefix_override:/usr/lib/python3/dist-packages/colcon_core/task/python/colcon_distutils_commands:/home/user/robocup_basketball_ws/install/rb_mission/lib/python3.10/site-packages:/home/user/robocup_basketball_ws/install/rb_msgs/local/lib/python3.10/dist-packages:/opt/ros/humble/lib/python3.10/site-packages:/opt/ros/humble/local/lib/python3.10/dist-packages', 'COLCON': '1', 'CMAKE_PREFIX_PATH': '/home/user/robocup_basketball_ws/install/rb_msgs'}, 'shell': False}
[0.893702] (rb_perception) Command: {'cmd': ['/usr/bin/python3', '-W', 'ignore:setup.py install is deprecated', '-W', 'ignore:easy_install command is deprecated', 'setup.py', 'develop', '--editable', '--build-directory', '/home/user/robocup_basketball_ws/build/rb_perception/build', '--no-deps', 'symlink_data'], 'cwd': '/home/user/robocup_basketball_ws/build/rb_perception', 'env': {'SHLVL': '0', 'LD_LIBRARY_PATH': '/home/user/robocup_basketball_ws/install/rb_msgs/lib:/opt/ros/humble/opt/rviz_ogre_vendor/lib:/opt/ros/humble/lib/x86_64-linux-gnu:/opt/ros/humble/lib', 'HOME': '/home/user', 'OLDPWD': '/home/user/robocup_basketball_ws', 'ROS_PYTHON_VERSION': '3', 'LC_CTYPE': 'C.UTF-8', 'ROS_DISTRO': 'humble', '_': '/usr/bin/colcon', 'ROS_VERSION': '2', 'TERM': 'dumb', 'ROS_LOCALHOST_ONLY': '0', 'PATH': '/opt/ros/humble/bin:/usr/local/bin:/usr/bin:/bin', 'AMENT_PREFIX_PATH': '/home/user/robocup_basketball_ws/install/rb_msgs:/opt/ros/humble', 'PWD': '/home/user/robocup_basketball_ws/build/rb_perception', 'PYTHONPATH': '/home/user/robocup_basketball_ws/build/rb_perception/prefix_override:/usr/lib/python3/dist-packages/colcon_core/task/python/colcon_distutils_commands:/home/user/robocup_basketball_ws/install/rb_perception/lib/python3.10/site-packages:/home/user/robocup_basketball_ws/install/rb_msgs/local/lib/python3.10/dist-packages:/opt/ros/humble/lib/python3.10/site-packages:/opt/ros/humble/local/lib/python3.10/dist-packages', 'COLCON': '1', 'CMAKE_PREFIX_PATH': '/home/user/robocup_basketball_ws/install/rb_msgs'}, 'shell': False}
[0.900931] (-) TimerEvent: {}
[1.001077] (-) TimerEvent: {}
[1.034604] (rb_localization) StdoutLine: {'line': b'running develop\n'}
[1.037606] (rb_mission) StdoutLine: {'line': b'running develop\n'}
[1.045224] (rb_perception) StdoutLine: {'line': b'running develop\n'}
[1.101201] (-) TimerEvent: {}
[1.115570] (rb_localization) StdoutLine: {'line': b'running egg_info\n'}
[1.115756] (rb_localization) StdoutLine: {'line': b'writing rb_localization.egg-info/PKG-INFO\n'}
[1.115822] (rb_localization) StdoutLine: {'line': b'writing dependency_links to rb_localization.egg-info/dependency_links.txt\n'}
[1.115942] (rb_localization) StdoutLine: {'line': b'writing entry points to rb_localization.egg-info/entry_points.txt\n'}
[1.115998] (rb_localization) StdoutLine: {'line': b'writing requirements to rb_localization.egg-info/requires.txt\n'}
[1.116051] (rb_localization) StdoutLine: {'line': b'writing top-level names to rb_localization.egg-info/top_level.txt\n'}
[1.117000] (rb_localization) StdoutLine: {'line': b"reading manifest file 'rb_localization.egg-info/SOURCES.txt'\n"}
[1.117514] (rb_localization) StdoutLine: {'line': b"writing manifest file 'rb_localization.egg-info/SOURCES.txt'\n"}
[1.117574] (rb_mission) StdoutLine: {'line': b'running egg_info\n'}
[1.117676] (rb_mission) StdoutLine: {'line': b'writing rb_mission.egg-info/PKG-INFO\n'}
[1.117774] (rb_mission) StdoutLine: {'line': b'writing dependency_links to rb_mission.egg-info/dependency_links.txt\n'}
[1.117914] (rb_mission) StdoutLine: {'line': b'writing entry points to rb_mission.egg-info/entry_points.txt\n'}
[1.117968] (rb_mission) StdoutLine: {'line': b'writing requirements to rb_mission.egg-info/requires.txt\n'}
[1.118021] (rb_mission) StdoutLine: {'line': b'writing top-level names to rb_mission.egg-info/top_level.txt\n'}
[1.118275] (rb_localization) StdoutLine: {'line': b'running build_ext\n'}
[1.118442] (rb_localization) StdoutLine: {'line': b'Creating /home/user/robocup_basketball_ws/install/rb_localization/lib/python3.10/site-packages/rb-localization.egg-link (link to .)\n'}
[1.119112] (rb_localization) StdoutLine: {'line': b'Installing localization_node script to /home/user/robocup_basketball_ws/install/rb_localization/lib/rb_localization\n'}
[1.119193] (rb_mission) StdoutLine: {'line': b"reading manifest file 'rb_mission.egg-info/SOURCES.txt'\n"}
[1.119257] (rb_localization) StdoutLine: {'line': b'\n'}
[1.119312] (rb_localization) StdoutLine: {'line': b'Installed /home/user/robocup_basketball_ws/build/rb_localization\n'}
[1.119375] (rb_localization) StdoutLine: {'line': b'running symlink_data\n'}
[1.119483] (rb_mission) StdoutLine: {'line': b"writing manifest file 'rb_mission.egg-info/SOURCES.txt'\n"}
[1.120328] (rb_mission) StdoutLine: {'line': b'running build_ext\n'}
[1.120452] (rb_mission) StdoutLine: {'line': b'Creating /home/user/robocup_basketball_ws/install/rb_mission/lib/python3.10/site-packages/rb-mission.egg-link (link to .)\n'}
[1.120961] (rb_mission) StdoutLine: {'line': b'Installing mission_node script to /home/user/robocup_basketball_ws/install/rb_mission/lib/rb_mission\n'}
[1.121094] (rb_mission) StdoutLine: {'line': b'\n'}
[1.121158] (rb_mission) StdoutLine: {'line': b'Installed /home/user/robocup_basketball_ws/build/rb_mission\n'}
[1.121214] (rb_mission) StdoutLine: {'line': b'running symlink_data\n'}
[1.125760] (rb_perception) StdoutLine: {'line': b'running egg_info\n'}
[1.125914] (rb_perception) StdoutLine: {'line': b'writing rb_perception.egg-info/PKG-INFO\n'}
[1.126033] (rb_perception) StdoutLine: {'line': b'writing dependency_links to rb_perception.egg-info/dependency_links.txt\n'}
[1.126124] (rb_perception) StdoutLine: {'line': b'writing entry points to rb_perception.egg-info/entry_points.txt\n'}
[1.126219] (rb_perception) StdoutLine: {'line': b'writing requirements to rb_perception.egg-info/requires.txt\n'}
[1.126279] (rb_perception) StdoutLine: {'line': b'writing top-level names to rb_perception.egg-info/top_level.txt\n'}
[1.127500] (rb_perception) StdoutLine: {'line': b"reading manifest file 'rb_perception.egg-info/SOURCES.txt'\n"}
[1.127995] (rb_perception) StdoutLine: {'line': b"writing manifest file 'rb_perception.egg-info/SOURCES.txt'\n"}
[1.129195] (rb_perception) StdoutLine: {'line': b'running build_ext\n'}
[1.129315] (rb_perception) StdoutLine: {'line': b'Creating /home/user/robocup_basketball_ws/install/rb_perception/lib/python3.10/site-packages/rb-perception.egg-link (link to .)\n'}
[1.130154] (rb_perception) StdoutLine: {'line': b'Installing perception_node script to /home/user/robocup_basketball_ws/install/rb_perception/lib/rb_perception\n'}
[1.130496] (rb_perception) StdoutLine: {'line': b'\n'}
[1.130613] (rb_perception) StdoutLine: {'line': b'Installed /home/user/robocup_basketball_ws/build/rb_perception\n'}
[1.130688] (rb_perception) StdoutLine: {'line': b'running symlink_data\n'}
[1.141302] (rb_localization) CommandEnded: {'returncode': 0}
[1.146935] (rb_localization) JobEnded: {'identifier': 'rb_localization', 'rc': 0}
[1.147736] (rb_mission) CommandEnded: {'returncode': 0}
[1.151631] (rb_mission) JobEnded: {'identifier': 'rb_mission', 'rc': 0}
[1.152634] (rb_perception) CommandEnded: {'returncode': 0}
[1.156116] (rb_perception) JobEnded: {'identifier': 'rb_perception', 'rc': 0}
[1.156680] (rb_bringup) JobStarted: {'identifier': 'rb_bringup'}
[1.165886] (rb_bringup) JobProgress: {'identifier': 'rb_bringup', 'progress': 'cmake'}
[1.166585] (rb_bringup) JobProgress: {'identifier': 'rb_bringup', 'progress': 'build'}
[1.166614] (rb_bringup) Command: {'cmd': ['/usr/bin/cmake', '--build', '/home/user/robocup_basketball_ws/build/rb_bringup', '--', '-j16', '-l16'], 'cwd': '/home/user/robocup_basketball_ws/build/rb_bringup', 'env': OrderedDict([('SHLVL', '0'), ('LD_LIBRARY_PATH', '/home/user/robocup_basketball_ws/install/rb_msgs/lib:/home/user/robocup_basketball_ws/install/rb_chassis/lib:/opt/ros/humble/opt/rviz_ogre_vendor/lib:/opt/ros/humble/lib/x86_64-linux-gnu:/opt/ros/humble/lib'), ('HOME', '/home/user'), ('OLDPWD', '/home/user/robocup_basketball_ws'), ('ROS_PYTHON_VERSION', '3'), ('LC_CTYPE', 'C.UTF-8'), ('ROS_DISTRO', 'humble'), ('_', '/usr/bin/colcon'), ('ROS_VERSION', '2'), ('TERM', 'dumb'), ('ROS_LOCALHOST_ONLY', '0'), ('PATH', '/opt/ros/humble/bin:/usr/local/bin:/usr/bin:/bin'), ('AMENT_PREFIX_PATH', '/home/user/robocup_basketball_ws/install/rb_perception:/home/user/robocup_basketball_ws/install/rb_mission:/home/user/robocup_basketball_ws/install/rb_localization:/home/user/robocup_basketball_ws/install/rb_launcher:/home/user/robocup_basketball_ws/install/rb_msgs:/home/user/robocup_basketball_ws/install/rb_chassis:/opt/ros/humble'), ('PWD', '/home/user/robocup_basketball_ws/build/rb_bringup'), ('PYTHONPATH', '/home/user/robocup_basketball_ws/build/rb_perception:/home/user/robocup_basketball_ws/install/rb_perception/lib/python3.10/site-packages:/home/user/robocup_basketball_ws/build/rb_mission:/home/user/robocup_basketball_ws/install/rb_mission/lib/python3.10/site-packages:/home/user/robocup_basketball_ws/build/rb_localization:/home/user/robocup_basketball_ws/install/rb_localization/lib/python3.10/site-packages:/home/user/robocup_basketball_ws/install/rb_msgs/local/lib/python3.10/dist-packages:/opt/ros/humble/lib/python3.10/site-packages:/opt/ros/humble/local/lib/python3.10/dist-packages'), ('COLCON', '1'), ('CMAKE_PREFIX_PATH', '/home/user/robocup_basketball_ws/install/rb_launcher:/home/user/robocup_basketball_ws/install/rb_msgs:/home/user/robocup_basketball_ws/install/rb_chassis:/opt/ros/humble')]), 'shell': False}
[1.193927] (rb_bringup) CommandEnded: {'returncode': 0}
[1.194691] (rb_bringup) JobProgress: {'identifier': 'rb_bringup', 'progress': 'install'}
[1.194722] (rb_bringup) Command: {'cmd': ['/usr/bin/cmake', '--install', '/home/user/robocup_basketball_ws/build/rb_bringup'], 'cwd': '/home/user/robocup_basketball_ws/build/rb_bringup', 'env': OrderedDict([('SHLVL', '0'), ('LD_LIBRARY_PATH', '/home/user/robocup_basketball_ws/install/rb_msgs/lib:/home/user/robocup_basketball_ws/install/rb_chassis/lib:/opt/ros/humble/opt/rviz_ogre_vendor/lib:/opt/ros/humble/lib/x86_64-linux-gnu:/opt/ros/humble/lib'), ('HOME', '/home/user'), ('OLDPWD', '/home/user/robocup_basketball_ws'), ('ROS_PYTHON_VERSION', '3'), ('LC_CTYPE', 'C.UTF-8'), ('ROS_DISTRO', 'humble'), ('_', '/usr/bin/colcon'), ('ROS_VERSION', '2'), ('TERM', 'dumb'), ('ROS_LOCALHOST_ONLY', '0'), ('PATH', '/opt/ros/humble/bin:/usr/local/bin:/usr/bin:/bin'), ('AMENT_PREFIX_PATH', '/home/user/robocup_basketball_ws/install/rb_perception:/home/user/robocup_basketball_ws/install/rb_mission:/home/user/robocup_basketball_ws/install/rb_localization:/home/user/robocup_basketball_ws/install/rb_launcher:/home/user/robocup_basketball_ws/install/rb_msgs:/home/user/robocup_basketball_ws/install/rb_chassis:/opt/ros/humble'), ('PWD', '/home/user/robocup_basketball_ws/build/rb_bringup'), ('PYTHONPATH', '/home/user/robocup_basketball_ws/build/rb_perception:/home/user/robocup_basketball_ws/install/rb_perception/lib/python3.10/site-packages:/home/user/robocup_basketball_ws/build/rb_mission:/home/user/robocup_basketball_ws/install/rb_mission/lib/python3.10/site-packages:/home/user/robocup_basketball_ws/build/rb_localization:/home/user/robocup_basketball_ws/install/rb_localization/lib/python3.10/site-packages:/home/user/robocup_basketball_ws/install/rb_msgs/local/lib/python3.10/dist-packages:/opt/ros/humble/lib/python3.10/site-packages:/opt/ros/humble/local/lib/python3.10/dist-packages'), ('COLCON', '1'), ('CMAKE_PREFIX_PATH', '/home/user/robocup_basketball_ws/install/rb_launcher:/home/user/robocup_basketball_ws/install/rb_msgs:/home/user/robocup_basketball_ws/install/rb_chassis:/opt/ros/humble')]), 'shell': False}
[1.199822] (rb_bringup) StdoutLine: {'line': b'-- Install configuration: ""\n'}
[1.200096] (rb_bringup) StdoutLine: {'line': b'-- Execute custom install script\n'}
[1.200371] (rb_bringup) StdoutLine: {'line': b'-- Up-to-date symlink: /home/user/robocup_basketball_ws/install/rb_bringup/share/rb_bringup/launch/bringup_fsm_test.launch.py\n'}
[1.200431] (rb_bringup) StdoutLine: {'line': b'-- Up-to-date symlink: /home/user/robocup_basketball_ws/install/rb_bringup/share/rb_bringup/launch/bringup_full.launch.py\n'}
[1.200604] (rb_bringup) StdoutLine: {'line': b'-- Up-to-date symlink: /home/user/robocup_basketball_ws/install/rb_bringup/share/rb_bringup/launch/bringup_offline.launch.py\n'}
[1.200662] (rb_bringup) StdoutLine: {'line': b'-- Up-to-date symlink: /home/user/robocup_basketball_ws/install/rb_bringup/share/ament_index/resource_index/package_run_dependencies/rb_bringup\n'}
[1.200717] (rb_bringup) StdoutLine: {'line': b'-- Up-to-date symlink: /home/user/robocup_basketball_ws/install/rb_bringup/share/ament_index/resource_index/parent_prefix_path/rb_bringup\n'}
[1.200943] (rb_bringup) StdoutLine: {'line': b'-- Up-to-date symlink: /home/user/robocup_basketball_ws/install/rb_bringup/share/rb_bringup/environment/ament_prefix_path.sh\n'}
[1.200998] (rb_bringup) StdoutLine: {'line': b'-- Up-to-date symlink: /home/user/robocup_basketball_ws/install/rb_bringup/share/rb_bringup/environment/ament_prefix_path.dsv\n'}
[1.201051] (rb_bringup) StdoutLine: {'line': b'-- Up-to-date symlink: /home/user/robocup_basketball_ws/install/rb_bringup/share/rb_bringup/environment/path.sh\n'}
[1.201104] (rb_bringup) StdoutLine: {'line': b'-- Up-to-date symlink: /home/user/robocup_basketball_ws/install/rb_bringup/share/rb_bringup/environment/path.dsv\n'}
[1.201160] (rb_bringup) StdoutLine: {'line': b'-- Up-to-date symlink: /home/user/robocup_basketball_ws/install/rb_bringup/share/rb_bringup/local_setup.bash\n'}
[1.201213] (-) TimerEvent: {}
[1.201230] (rb_bringup) StdoutLine: {'line': b'-- Up-to-date symlink: /home/user/robocup_basketball_ws/install/rb_bringup/share/rb_bringup/local_setup.sh\n'}
[1.201357] (rb_bringup) StdoutLine: {'line': b'-- Up-to-date symlink: /home/user/robocup_basketball_ws/install/rb_bringup/share/rb_bringup/local_setup.zsh\n'}
[1.201411] (rb_bringup) StdoutLine: {'line': b'-- Up-to-date symlink: /home/user/robocup_basketball_ws/install/rb_bringup/share/rb_bringup/local_setup.dsv\n'}
[1.201469] (rb_bringup) StdoutLine: {'line': b'-- Symlinking: /home/user/robocup_basketball_ws/install/rb_bringup/share/rb_bringup/package.dsv\n'}
[1.207932] (rb_bringup) StdoutLine: {'line': b'-- Up-to-date symlink: /home/user/robocup_basketball_ws/install/rb_bringup/share/ament_index/resource_index/packages/rb_bringup\n'}
[1.208094] (rb_bringup) StdoutLine: {'line': b'-- Up-to-date symlink: /home/user/robocup_basketball_ws/install/rb_bringup/share/rb_bringup/cmake/rb_bringupConfig.cmake\n'}
[1.208155] (rb_bringup) StdoutLine: {'line': b'-- Up-to-date symlink: /home/user/robocup_basketball_ws/install/rb_bringup/share/rb_bringup/cmake/rb_bringupConfig-version.cmake\n'}
[1.208210] (rb_bringup) StdoutLine: {'line': b'-- Up-to-date symlink: /home/user/robocup_basketball_ws/install/rb_bringup/share/rb_bringup/package.xml\n'}
[1.209365] (rb_bringup) CommandEnded: {'returncode': 0}
[1.219390] (rb_bringup) JobEnded: {'identifier': 'rb_bringup', 'rc': 0}
[1.219694] (-) EventReactorShutdown: {}
