[0.000000] (-) TimerEvent: {}
[0.000091] (-) JobUnselected: {'identifier': 'rb_chassis'}
[0.000115] (-) JobUnselected: {'identifier': 'rb_msgs'}
[0.000134] (rb_launcher) JobQueued: {'identifier': 'rb_launcher', 'dependencies': OrderedDict([('rb_msgs', '/home/user/robocup_basketball_ws/install/rb_msgs')])}
[0.000158] (rb_launcher) JobStarted: {'identifier': 'rb_launcher'}
[0.006070] (rb_launcher) JobProgress: {'identifier': 'rb_launcher', 'progress': 'cmake'}
[0.006580] (rb_launcher) JobProgress: {'identifier': 'rb_launcher', 'progress': 'build'}
[0.007184] (rb_launcher) Command: {'cmd': ['/usr/bin/cmake', '--build', '/home/user/robocup_basketball_ws/build/rb_launcher', '--', '-j16', '-l16'], 'cwd': '/home/user/robocup_basketball_ws/build/rb_launcher', 'env': OrderedDict([('SHLVL', '0'), ('LD_LIBRARY_PATH', '/home/user/robocup_basketball_ws/install/rb_msgs/lib:/opt/ros/humble/opt/rviz_ogre_vendor/lib:/opt/ros/humble/lib/x86_64-linux-gnu:/opt/ros/humble/lib'), ('HOME', '/home/user'), ('OLDPWD', '/home/user/robocup_basketball_ws'), ('ROS_PYTHON_VERSION', '3'), ('LC_CTYPE', 'C.UTF-8'), ('ROS_DISTRO', 'humble'), ('_', '/usr/bin/colcon'), ('ROS_VERSION', '2'), ('TERM', 'dumb'), ('ROS_LOCALHOST_ONLY', '0'), ('PATH', '/opt/ros/humble/bin:/usr/local/bin:/usr/bin:/bin'), ('AMENT_PREFIX_PATH', '/home/user/robocup_basketball_ws/install/rb_msgs:/opt/ros/humble'), ('PWD', '/home/user/robocup_basketball_ws/build/rb_launcher'), ('PYTHONPATH', '/home/user/robocup_basketball_ws/install/rb_msgs/local/lib/python3.10/dist-packages:/opt/ros/humble/lib/python3.10/site-packages:/opt/ros/humble/local/lib/python3.10/dist-packages'), ('COLCON', '1'), ('CMAKE_PREFIX_PATH', '/home/user/robocup_basketball_ws/install/rb_msgs:/opt/ros/humble')]), 'shell': False}
[0.054845] (rb_launcher) StdoutLine: {'line': b'[ 33%] Built target serial_base_lib\n'}
[0.078183] (rb_launcher) StdoutLine: {'line': b'[ 66%] Built target serial_R1_lib\n'}
[0.091584] (rb_launcher) StdoutLine: {'line': b'Consolidate compiler generated dependencies of target rb_launcher_node\n'}
[0.099580] (-) TimerEvent: {}
[0.104246] (rb_launcher) StdoutLine: {'line': b'[ 83%] Building CXX object CMakeFiles/rb_launcher_node.dir/src/rb_launcher_node.cpp.o\n'}
[0.199841] (-) TimerEvent: {}
[0.300008] (-) TimerEvent: {}
[0.400360] (-) TimerEvent: {}
[0.500697] (-) TimerEvent: {}
[0.601006] (-) TimerEvent: {}
[0.701223] (-) TimerEvent: {}
[0.801458] (-) TimerEvent: {}
[0.901680] (-) TimerEvent: {}
[1.001955] (-) TimerEvent: {}
[1.102195] (-) TimerEvent: {}
[1.202523] (-) TimerEvent: {}
[1.302849] (-) TimerEvent: {}
[1.403181] (-) TimerEvent: {}
[1.503483] (-) TimerEvent: {}
[1.603779] (-) TimerEvent: {}
[1.704077] (-) TimerEvent: {}
[1.804248] (-) TimerEvent: {}
[1.904420] (-) TimerEvent: {}
[2.004680] (-) TimerEvent: {}
[2.104914] (-) TimerEvent: {}
[2.205212] (-) TimerEvent: {}
[2.305415] (-) TimerEvent: {}
[2.405704] (-) TimerEvent: {}
[2.506032] (-) TimerEvent: {}
[2.606218] (-) TimerEvent: {}
[2.706416] (-) TimerEvent: {}
[2.806618] (-) TimerEvent: {}
[2.906896] (-) TimerEvent: {}
[3.007063] (-) TimerEvent: {}
[3.107256] (-) TimerEvent: {}
[3.207543] (-) TimerEvent: {}
[3.307823] (-) TimerEvent: {}
[3.408081] (-) TimerEvent: {}
[3.508372] (-) TimerEvent: {}
[3.608657] (-) TimerEvent: {}
[3.708918] (-) TimerEvent: {}
[3.809197] (-) TimerEvent: {}
[3.837595] (rb_launcher) StdoutLine: {'line': b'[100%] Linking CXX executable rb_launcher_node\n'}
[3.909332] (-) TimerEvent: {}
[4.008474] (rb_launcher) StdoutLine: {'line': b'[100%] Built target rb_launcher_node\n'}
[4.009394] (-) TimerEvent: {}
[4.022076] (rb_launcher) CommandEnded: {'returncode': 0}
[4.022639] (rb_launcher) JobProgress: {'identifier': 'rb_launcher', 'progress': 'install'}
[4.029681] (rb_launcher) Command: {'cmd': ['/usr/bin/cmake', '--install', '/home/user/robocup_basketball_ws/build/rb_launcher'], 'cwd': '/home/user/robocup_basketball_ws/build/rb_launcher', 'env': OrderedDict([('SHLVL', '0'), ('LD_LIBRARY_PATH', '/home/user/robocup_basketball_ws/install/rb_msgs/lib:/opt/ros/humble/opt/rviz_ogre_vendor/lib:/opt/ros/humble/lib/x86_64-linux-gnu:/opt/ros/humble/lib'), ('HOME', '/home/user'), ('OLDPWD', '/home/user/robocup_basketball_ws'), ('ROS_PYTHON_VERSION', '3'), ('LC_CTYPE', 'C.UTF-8'), ('ROS_DISTRO', 'humble'), ('_', '/usr/bin/colcon'), ('ROS_VERSION', '2'), ('TERM', 'dumb'), ('ROS_LOCALHOST_ONLY', '0'), ('PATH', '/opt/ros/humble/bin:/usr/local/bin:/usr/bin:/bin'), ('AMENT_PREFIX_PATH', '/home/user/robocup_basketball_ws/install/rb_msgs:/opt/ros/humble'), ('PWD', '/home/user/robocup_basketball_ws/build/rb_launcher'), ('PYTHONPATH', '/home/user/robocup_basketball_ws/install/rb_msgs/local/lib/python3.10/dist-packages:/opt/ros/humble/lib/python3.10/site-packages:/opt/ros/humble/local/lib/python3.10/dist-packages'), ('COLCON', '1'), ('CMAKE_PREFIX_PATH', '/home/user/robocup_basketball_ws/install/rb_msgs:/opt/ros/humble')]), 'shell': False}
[4.037432] (rb_launcher) StdoutLine: {'line': b'-- Install configuration: ""\n'}
[4.037655] (rb_launcher) StdoutLine: {'line': b'-- Installing: /home/user/robocup_basketball_ws/install/rb_launcher/lib/rb_launcher/rb_launcher_node\n'}
[4.039721] (rb_launcher) StdoutLine: {'line': b'-- Set runtime path of "/home/user/robocup_basketball_ws/install/rb_launcher/lib/rb_launcher/rb_launcher_node" to ""\n'}
[4.039800] (rb_launcher) StdoutLine: {'line': b'-- Up-to-date: /home/user/robocup_basketball_ws/install/rb_launcher/include\n'}
[4.039834] (rb_launcher) StdoutLine: {'line': b'-- Up-to-date: /home/user/robocup_basketball_ws/install/rb_launcher/include/serial_port\n'}
[4.039861] (rb_launcher) StdoutLine: {'line': b'-- Up-to-date: /home/user/robocup_basketball_ws/install/rb_launcher/include/serial_port/serial_port_R1.hpp\n'}
[4.039888] (rb_launcher) StdoutLine: {'line': b'-- Up-to-date: /home/user/robocup_basketball_ws/install/rb_launcher/include/serial_port/serial_port.hpp\n'}
[4.039914] (rb_launcher) StdoutLine: {'line': b'-- Up-to-date: /home/user/robocup_basketball_ws/install/rb_launcher/include/utils\n'}
[4.039939] (rb_launcher) StdoutLine: {'line': b'-- Up-to-date: /home/user/robocup_basketball_ws/install/rb_launcher/include/utils/message.hpp\n'}
[4.039964] (rb_launcher) StdoutLine: {'line': b'-- Up-to-date: /home/user/robocup_basketball_ws/install/rb_launcher/share/rb_launcher/launch\n'}
[4.039988] (rb_launcher) StdoutLine: {'line': b'-- Up-to-date: /home/user/robocup_basketball_ws/install/rb_launcher/share/rb_launcher/launch/launcher.launch.py\n'}
[4.040013] (rb_launcher) StdoutLine: {'line': b'-- Up-to-date: /home/user/robocup_basketball_ws/install/rb_launcher/share/rb_launcher/config\n'}
[4.040038] (rb_launcher) StdoutLine: {'line': b'-- Up-to-date: /home/user/robocup_basketball_ws/install/rb_launcher/share/rb_launcher/config/launcher.yaml\n'}
[4.040062] (rb_launcher) StdoutLine: {'line': b'-- Up-to-date: /home/user/robocup_basketball_ws/install/rb_launcher/share/ament_index/resource_index/package_run_dependencies/rb_launcher\n'}
[4.040087] (rb_launcher) StdoutLine: {'line': b'-- Up-to-date: /home/user/robocup_basketball_ws/install/rb_launcher/share/ament_index/resource_index/parent_prefix_path/rb_launcher\n'}
[4.040240] (rb_launcher) StdoutLine: {'line': b'-- Up-to-date: /home/user/robocup_basketball_ws/install/rb_launcher/share/rb_launcher/environment/ament_prefix_path.sh\n'}
[4.040411] (rb_launcher) StdoutLine: {'line': b'-- Up-to-date: /home/user/robocup_basketball_ws/install/rb_launcher/share/rb_launcher/environment/ament_prefix_path.dsv\n'}
[4.040444] (rb_launcher) StdoutLine: {'line': b'-- Up-to-date: /home/user/robocup_basketball_ws/install/rb_launcher/share/rb_launcher/environment/path.sh\n'}
[4.040469] (rb_launcher) StdoutLine: {'line': b'-- Up-to-date: /home/user/robocup_basketball_ws/install/rb_launcher/share/rb_launcher/environment/path.dsv\n'}
[4.040494] (rb_launcher) StdoutLine: {'line': b'-- Up-to-date: /home/user/robocup_basketball_ws/install/rb_launcher/share/rb_launcher/local_setup.bash\n'}
[4.040526] (rb_launcher) StdoutLine: {'line': b'-- Up-to-date: /home/user/robocup_basketball_ws/install/rb_launcher/share/rb_launcher/local_setup.sh\n'}
[4.040548] (rb_launcher) StdoutLine: {'line': b'-- Up-to-date: /home/user/robocup_basketball_ws/install/rb_launcher/share/rb_launcher/local_setup.zsh\n'}
[4.040572] (rb_launcher) StdoutLine: {'line': b'-- Up-to-date: /home/user/robocup_basketball_ws/install/rb_launcher/share/rb_launcher/local_setup.dsv\n'}
[4.040594] (rb_launcher) StdoutLine: {'line': b'-- Installing: /home/user/robocup_basketball_ws/install/rb_launcher/share/rb_launcher/package.dsv\n'}
[4.040616] (rb_launcher) StdoutLine: {'line': b'-- Up-to-date: /home/user/robocup_basketball_ws/install/rb_launcher/share/ament_index/resource_index/packages/rb_launcher\n'}
[4.040637] (rb_launcher) StdoutLine: {'line': b'-- Up-to-date: /home/user/robocup_basketball_ws/install/rb_launcher/share/rb_launcher/cmake/ament_cmake_export_include_directories-extras.cmake\n'}
[4.040657] (rb_launcher) StdoutLine: {'line': b'-- Up-to-date: /home/user/robocup_basketball_ws/install/rb_launcher/share/rb_launcher/cmake/rb_launcherConfig.cmake\n'}
[4.040678] (rb_launcher) StdoutLine: {'line': b'-- Up-to-date: /home/user/robocup_basketball_ws/install/rb_launcher/share/rb_launcher/cmake/rb_launcherConfig-version.cmake\n'}
[4.040699] (rb_launcher) StdoutLine: {'line': b'-- Up-to-date: /home/user/robocup_basketball_ws/install/rb_launcher/share/rb_launcher/package.xml\n'}
[4.041845] (rb_launcher) CommandEnded: {'returncode': 0}
[4.055298] (rb_launcher) JobEnded: {'identifier': 'rb_launcher', 'rc': 0}
[4.055505] (-) EventReactorShutdown: {}
