[0.065s] DEBUG:colcon:Command line arguments: ['/usr/bin/colcon', 'build', '--symlink-install']
[0.065s] DEBUG:colcon:Parsed command line arguments: Namespace(log_base=None, log_level=None, verb_name='build', build_base='build', install_base='install', merge_install=False, symlink_install=True, test_result_base=None, continue_on_error=False, executor='parallel', parallel_workers=16, event_handlers=None, ignore_user_meta=False, metas=['./colcon.meta'], base_paths=['.'], packages_ignore=None, packages_ignore_regex=None, paths=None, packages_up_to=None, packages_up_to_regex=None, packages_above=None, packages_above_and_dependencies=None, packages_above_depth=None, packages_select_by_dep=None, packages_skip_by_dep=None, packages_skip_up_to=None, packages_select_build_failed=False, packages_skip_build_finished=False, packages_select_test_failures=False, packages_skip_test_passed=False, packages_select=None, packages_skip=None, packages_select_regex=None, packages_skip_regex=None, packages_start=None, packages_end=None, allow_overriding=[], cmake_args=None, cmake_target=None, cmake_target_skip_unavailable=False, cmake_clean_cache=False, cmake_clean_first=False, cmake_force_configure=False, ament_cmake_args=None, catkin_cmake_args=None, catkin_skip_building_tests=False, verb_parser=<colcon_defaults.argument_parser.defaults.DefaultArgumentsDecorator object at 0x7f1285cf9d50>, verb_extension=<colcon_core.verb.build.BuildVerb object at 0x7f1285e3f1f0>, main=<bound method BuildVerb.main of <colcon_core.verb.build.BuildVerb object at 0x7f1285e3f1f0>>)
[0.144s] Level 1:colcon.colcon_core.package_discovery:discover_packages(colcon_meta) check parameters
[0.144s] Level 1:colcon.colcon_core.package_discovery:discover_packages(recursive) check parameters
[0.144s] Level 1:colcon.colcon_core.package_discovery:discover_packages(ignore) check parameters
[0.144s] Level 1:colcon.colcon_core.package_discovery:discover_packages(path) check parameters
[0.144s] Level 1:colcon.colcon_core.package_discovery:discover_packages(colcon_meta) discover
[0.144s] Level 1:colcon.colcon_core.package_discovery:discover_packages(recursive) discover
[0.144s] INFO:colcon.colcon_core.package_discovery:Crawling recursively for packages in '/home/user/robocup_basketball_ws'
[0.144s] Level 1:colcon.colcon_core.package_identification:_identify(.) by extensions ['ignore', 'ignore_ament_install']
[0.144s] Level 1:colcon.colcon_core.package_identification:_identify(.) by extension 'ignore'
[0.145s] Level 1:colcon.colcon_core.package_identification:_identify(.) by extension 'ignore_ament_install'
[0.145s] Level 1:colcon.colcon_core.package_identification:_identify(.) by extensions ['colcon_pkg']
[0.145s] Level 1:colcon.colcon_core.package_identification:_identify(.) by extension 'colcon_pkg'
[0.145s] Level 1:colcon.colcon_core.package_identification:_identify(.) by extensions ['colcon_meta']
[0.145s] Level 1:colcon.colcon_core.package_identification:_identify(.) by extension 'colcon_meta'
[0.145s] Level 1:colcon.colcon_core.package_identification:_identify(.) by extensions ['ros']
[0.145s] Level 1:colcon.colcon_core.package_identification:_identify(.) by extension 'ros'
[0.151s] Level 1:colcon.colcon_core.package_identification:_identify(.) by extensions ['cmake', 'python']
[0.151s] Level 1:colcon.colcon_core.package_identification:_identify(.) by extension 'cmake'
[0.151s] Level 1:colcon.colcon_core.package_identification:_identify(.) by extension 'python'
[0.151s] Level 1:colcon.colcon_core.package_identification:_identify(.) by extensions ['python_setup_py']
[0.151s] Level 1:colcon.colcon_core.package_identification:_identify(.) by extension 'python_setup_py'
[0.151s] Level 1:colcon.colcon_core.package_identification:_identify(build) by extensions ['ignore', 'ignore_ament_install']
[0.151s] Level 1:colcon.colcon_core.package_identification:_identify(build) by extension 'ignore'
[0.151s] Level 1:colcon.colcon_core.package_identification:_identify(build) ignored
[0.151s] Level 1:colcon.colcon_core.package_identification:_identify(docs) by extensions ['ignore', 'ignore_ament_install']
[0.151s] Level 1:colcon.colcon_core.package_identification:_identify(docs) by extension 'ignore'
[0.151s] Level 1:colcon.colcon_core.package_identification:_identify(docs) by extension 'ignore_ament_install'
[0.151s] Level 1:colcon.colcon_core.package_identification:_identify(docs) by extensions ['colcon_pkg']
[0.151s] Level 1:colcon.colcon_core.package_identification:_identify(docs) by extension 'colcon_pkg'
[0.151s] Level 1:colcon.colcon_core.package_identification:_identify(docs) by extensions ['colcon_meta']
[0.151s] Level 1:colcon.colcon_core.package_identification:_identify(docs) by extension 'colcon_meta'
[0.152s] Level 1:colcon.colcon_core.package_identification:_identify(docs) by extensions ['ros']
[0.152s] Level 1:colcon.colcon_core.package_identification:_identify(docs) by extension 'ros'
[0.152s] Level 1:colcon.colcon_core.package_identification:_identify(docs) by extensions ['cmake', 'python']
[0.152s] Level 1:colcon.colcon_core.package_identification:_identify(docs) by extension 'cmake'
[0.152s] Level 1:colcon.colcon_core.package_identification:_identify(docs) by extension 'python'
[0.152s] Level 1:colcon.colcon_core.package_identification:_identify(docs) by extensions ['python_setup_py']
[0.152s] Level 1:colcon.colcon_core.package_identification:_identify(docs) by extension 'python_setup_py'
[0.152s] Level 1:colcon.colcon_core.package_identification:_identify(install) by extensions ['ignore', 'ignore_ament_install']
[0.152s] Level 1:colcon.colcon_core.package_identification:_identify(install) by extension 'ignore'
[0.152s] Level 1:colcon.colcon_core.package_identification:_identify(install) ignored
[0.152s] Level 1:colcon.colcon_core.package_identification:_identify(log) by extensions ['ignore', 'ignore_ament_install']
[0.152s] Level 1:colcon.colcon_core.package_identification:_identify(log) by extension 'ignore'
[0.152s] Level 1:colcon.colcon_core.package_identification:_identify(log) ignored
[0.152s] Level 1:colcon.colcon_core.package_identification:_identify(src) by extensions ['ignore', 'ignore_ament_install']
[0.152s] Level 1:colcon.colcon_core.package_identification:_identify(src) by extension 'ignore'
[0.152s] Level 1:colcon.colcon_core.package_identification:_identify(src) by extension 'ignore_ament_install'
[0.152s] Level 1:colcon.colcon_core.package_identification:_identify(src) by extensions ['colcon_pkg']
[0.152s] Level 1:colcon.colcon_core.package_identification:_identify(src) by extension 'colcon_pkg'
[0.152s] Level 1:colcon.colcon_core.package_identification:_identify(src) by extensions ['colcon_meta']
[0.152s] Level 1:colcon.colcon_core.package_identification:_identify(src) by extension 'colcon_meta'
[0.152s] Level 1:colcon.colcon_core.package_identification:_identify(src) by extensions ['ros']
[0.152s] Level 1:colcon.colcon_core.package_identification:_identify(src) by extension 'ros'
[0.152s] Level 1:colcon.colcon_core.package_identification:_identify(src) by extensions ['cmake', 'python']
[0.152s] Level 1:colcon.colcon_core.package_identification:_identify(src) by extension 'cmake'
[0.152s] Level 1:colcon.colcon_core.package_identification:_identify(src) by extension 'python'
[0.152s] Level 1:colcon.colcon_core.package_identification:_identify(src) by extensions ['python_setup_py']
[0.152s] Level 1:colcon.colcon_core.package_identification:_identify(src) by extension 'python_setup_py'
[0.152s] Level 1:colcon.colcon_core.package_identification:_identify(src/rb_bringup) by extensions ['ignore', 'ignore_ament_install']
[0.152s] Level 1:colcon.colcon_core.package_identification:_identify(src/rb_bringup) by extension 'ignore'
[0.152s] Level 1:colcon.colcon_core.package_identification:_identify(src/rb_bringup) by extension 'ignore_ament_install'
[0.152s] Level 1:colcon.colcon_core.package_identification:_identify(src/rb_bringup) by extensions ['colcon_pkg']
[0.152s] Level 1:colcon.colcon_core.package_identification:_identify(src/rb_bringup) by extension 'colcon_pkg'
[0.152s] Level 1:colcon.colcon_core.package_identification:_identify(src/rb_bringup) by extensions ['colcon_meta']
[0.152s] Level 1:colcon.colcon_core.package_identification:_identify(src/rb_bringup) by extension 'colcon_meta'
[0.152s] Level 1:colcon.colcon_core.package_identification:_identify(src/rb_bringup) by extensions ['ros']
[0.152s] Level 1:colcon.colcon_core.package_identification:_identify(src/rb_bringup) by extension 'ros'
[0.154s] DEBUG:colcon.colcon_core.package_identification:Package 'src/rb_bringup' with type 'ros.ament_cmake' and name 'rb_bringup'
[0.154s] Level 1:colcon.colcon_core.package_identification:_identify(src/rb_chassis) by extensions ['ignore', 'ignore_ament_install']
[0.154s] Level 1:colcon.colcon_core.package_identification:_identify(src/rb_chassis) by extension 'ignore'
[0.154s] Level 1:colcon.colcon_core.package_identification:_identify(src/rb_chassis) by extension 'ignore_ament_install'
[0.154s] Level 1:colcon.colcon_core.package_identification:_identify(src/rb_chassis) by extensions ['colcon_pkg']
[0.154s] Level 1:colcon.colcon_core.package_identification:_identify(src/rb_chassis) by extension 'colcon_pkg'
[0.154s] Level 1:colcon.colcon_core.package_identification:_identify(src/rb_chassis) by extensions ['colcon_meta']
[0.154s] Level 1:colcon.colcon_core.package_identification:_identify(src/rb_chassis) by extension 'colcon_meta'
[0.154s] Level 1:colcon.colcon_core.package_identification:_identify(src/rb_chassis) by extensions ['ros']
[0.154s] Level 1:colcon.colcon_core.package_identification:_identify(src/rb_chassis) by extension 'ros'
[0.154s] DEBUG:colcon.colcon_core.package_identification:Package 'src/rb_chassis' with type 'ros.ament_cmake' and name 'rb_chassis'
[0.154s] Level 1:colcon.colcon_core.package_identification:_identify(src/rb_launcher) by extensions ['ignore', 'ignore_ament_install']
[0.154s] Level 1:colcon.colcon_core.package_identification:_identify(src/rb_launcher) by extension 'ignore'
[0.154s] Level 1:colcon.colcon_core.package_identification:_identify(src/rb_launcher) by extension 'ignore_ament_install'
[0.154s] Level 1:colcon.colcon_core.package_identification:_identify(src/rb_launcher) by extensions ['colcon_pkg']
[0.154s] Level 1:colcon.colcon_core.package_identification:_identify(src/rb_launcher) by extension 'colcon_pkg'
[0.154s] Level 1:colcon.colcon_core.package_identification:_identify(src/rb_launcher) by extensions ['colcon_meta']
[0.154s] Level 1:colcon.colcon_core.package_identification:_identify(src/rb_launcher) by extension 'colcon_meta'
[0.154s] Level 1:colcon.colcon_core.package_identification:_identify(src/rb_launcher) by extensions ['ros']
[0.155s] Level 1:colcon.colcon_core.package_identification:_identify(src/rb_launcher) by extension 'ros'
[0.155s] DEBUG:colcon.colcon_core.package_identification:Package 'src/rb_launcher' with type 'ros.ament_cmake' and name 'rb_launcher'
[0.155s] Level 1:colcon.colcon_core.package_identification:_identify(src/rb_localization) by extensions ['ignore', 'ignore_ament_install']
[0.155s] Level 1:colcon.colcon_core.package_identification:_identify(src/rb_localization) by extension 'ignore'
[0.155s] Level 1:colcon.colcon_core.package_identification:_identify(src/rb_localization) by extension 'ignore_ament_install'
[0.155s] Level 1:colcon.colcon_core.package_identification:_identify(src/rb_localization) by extensions ['colcon_pkg']
[0.155s] Level 1:colcon.colcon_core.package_identification:_identify(src/rb_localization) by extension 'colcon_pkg'
[0.155s] Level 1:colcon.colcon_core.package_identification:_identify(src/rb_localization) by extensions ['colcon_meta']
[0.155s] Level 1:colcon.colcon_core.package_identification:_identify(src/rb_localization) by extension 'colcon_meta'
[0.155s] Level 1:colcon.colcon_core.package_identification:_identify(src/rb_localization) by extensions ['ros']
[0.155s] Level 1:colcon.colcon_core.package_identification:_identify(src/rb_localization) by extension 'ros'
[0.156s] DEBUG:colcon.colcon_core.package_identification:Package 'src/rb_localization' with type 'ros.ament_python' and name 'rb_localization'
[0.156s] Level 1:colcon.colcon_core.package_identification:_identify(src/rb_mission) by extensions ['ignore', 'ignore_ament_install']
[0.156s] Level 1:colcon.colcon_core.package_identification:_identify(src/rb_mission) by extension 'ignore'
[0.156s] Level 1:colcon.colcon_core.package_identification:_identify(src/rb_mission) by extension 'ignore_ament_install'
[0.156s] Level 1:colcon.colcon_core.package_identification:_identify(src/rb_mission) by extensions ['colcon_pkg']
[0.156s] Level 1:colcon.colcon_core.package_identification:_identify(src/rb_mission) by extension 'colcon_pkg'
[0.156s] Level 1:colcon.colcon_core.package_identification:_identify(src/rb_mission) by extensions ['colcon_meta']
[0.156s] Level 1:colcon.colcon_core.package_identification:_identify(src/rb_mission) by extension 'colcon_meta'
[0.156s] Level 1:colcon.colcon_core.package_identification:_identify(src/rb_mission) by extensions ['ros']
[0.156s] Level 1:colcon.colcon_core.package_identification:_identify(src/rb_mission) by extension 'ros'
[0.156s] DEBUG:colcon.colcon_core.package_identification:Package 'src/rb_mission' with type 'ros.ament_python' and name 'rb_mission'
[0.156s] Level 1:colcon.colcon_core.package_identification:_identify(src/rb_msgs) by extensions ['ignore', 'ignore_ament_install']
[0.156s] Level 1:colcon.colcon_core.package_identification:_identify(src/rb_msgs) by extension 'ignore'
[0.156s] Level 1:colcon.colcon_core.package_identification:_identify(src/rb_msgs) by extension 'ignore_ament_install'
[0.156s] Level 1:colcon.colcon_core.package_identification:_identify(src/rb_msgs) by extensions ['colcon_pkg']
[0.156s] Level 1:colcon.colcon_core.package_identification:_identify(src/rb_msgs) by extension 'colcon_pkg'
[0.156s] Level 1:colcon.colcon_core.package_identification:_identify(src/rb_msgs) by extensions ['colcon_meta']
[0.156s] Level 1:colcon.colcon_core.package_identification:_identify(src/rb_msgs) by extension 'colcon_meta'
[0.156s] Level 1:colcon.colcon_core.package_identification:_identify(src/rb_msgs) by extensions ['ros']
[0.156s] Level 1:colcon.colcon_core.package_identification:_identify(src/rb_msgs) by extension 'ros'
[0.157s] DEBUG:colcon.colcon_core.package_identification:Package 'src/rb_msgs' with type 'ros.ament_cmake' and name 'rb_msgs'
[0.157s] Level 1:colcon.colcon_core.package_identification:_identify(src/rb_perception) by extensions ['ignore', 'ignore_ament_install']
[0.157s] Level 1:colcon.colcon_core.package_identification:_identify(src/rb_perception) by extension 'ignore'
[0.157s] Level 1:colcon.colcon_core.package_identification:_identify(src/rb_perception) by extension 'ignore_ament_install'
[0.157s] Level 1:colcon.colcon_core.package_identification:_identify(src/rb_perception) by extensions ['colcon_pkg']
[0.157s] Level 1:colcon.colcon_core.package_identification:_identify(src/rb_perception) by extension 'colcon_pkg'
[0.157s] Level 1:colcon.colcon_core.package_identification:_identify(src/rb_perception) by extensions ['colcon_meta']
[0.157s] Level 1:colcon.colcon_core.package_identification:_identify(src/rb_perception) by extension 'colcon_meta'
[0.157s] Level 1:colcon.colcon_core.package_identification:_identify(src/rb_perception) by extensions ['ros']
[0.157s] Level 1:colcon.colcon_core.package_identification:_identify(src/rb_perception) by extension 'ros'
[0.157s] DEBUG:colcon.colcon_core.package_identification:Package 'src/rb_perception' with type 'ros.ament_python' and name 'rb_perception'
[0.157s] Level 1:colcon.colcon_core.package_identification:_identify(src/{rb_msgs,msg,) by extensions ['ignore', 'ignore_ament_install']
[0.157s] Level 1:colcon.colcon_core.package_identification:_identify(src/{rb_msgs,msg,) by extension 'ignore'
[0.157s] Level 1:colcon.colcon_core.package_identification:_identify(src/{rb_msgs,msg,) by extension 'ignore_ament_install'
[0.157s] Level 1:colcon.colcon_core.package_identification:_identify(src/{rb_msgs,msg,) by extensions ['colcon_pkg']
[0.157s] Level 1:colcon.colcon_core.package_identification:_identify(src/{rb_msgs,msg,) by extension 'colcon_pkg'
[0.157s] Level 1:colcon.colcon_core.package_identification:_identify(src/{rb_msgs,msg,) by extensions ['colcon_meta']
[0.158s] Level 1:colcon.colcon_core.package_identification:_identify(src/{rb_msgs,msg,) by extension 'colcon_meta'
[0.158s] Level 1:colcon.colcon_core.package_identification:_identify(src/{rb_msgs,msg,) by extensions ['ros']
[0.158s] Level 1:colcon.colcon_core.package_identification:_identify(src/{rb_msgs,msg,) by extension 'ros'
[0.158s] Level 1:colcon.colcon_core.package_identification:_identify(src/{rb_msgs,msg,) by extensions ['cmake', 'python']
[0.158s] Level 1:colcon.colcon_core.package_identification:_identify(src/{rb_msgs,msg,) by extension 'cmake'
[0.158s] Level 1:colcon.colcon_core.package_identification:_identify(src/{rb_msgs,msg,) by extension 'python'
[0.158s] Level 1:colcon.colcon_core.package_identification:_identify(src/{rb_msgs,msg,) by extensions ['python_setup_py']
[0.158s] Level 1:colcon.colcon_core.package_identification:_identify(src/{rb_msgs,msg,) by extension 'python_setup_py'
[0.158s] Level 1:colcon.colcon_core.package_identification:_identify(tools) by extensions ['ignore', 'ignore_ament_install']
[0.158s] Level 1:colcon.colcon_core.package_identification:_identify(tools) by extension 'ignore'
[0.158s] Level 1:colcon.colcon_core.package_identification:_identify(tools) by extension 'ignore_ament_install'
[0.158s] Level 1:colcon.colcon_core.package_identification:_identify(tools) by extensions ['colcon_pkg']
[0.158s] Level 1:colcon.colcon_core.package_identification:_identify(tools) by extension 'colcon_pkg'
[0.158s] Level 1:colcon.colcon_core.package_identification:_identify(tools) by extensions ['colcon_meta']
[0.158s] Level 1:colcon.colcon_core.package_identification:_identify(tools) by extension 'colcon_meta'
[0.158s] Level 1:colcon.colcon_core.package_identification:_identify(tools) by extensions ['ros']
[0.158s] Level 1:colcon.colcon_core.package_identification:_identify(tools) by extension 'ros'
[0.158s] Level 1:colcon.colcon_core.package_identification:_identify(tools) by extensions ['cmake', 'python']
[0.158s] Level 1:colcon.colcon_core.package_identification:_identify(tools) by extension 'cmake'
[0.158s] Level 1:colcon.colcon_core.package_identification:_identify(tools) by extension 'python'
[0.158s] Level 1:colcon.colcon_core.package_identification:_identify(tools) by extensions ['python_setup_py']
[0.158s] Level 1:colcon.colcon_core.package_identification:_identify(tools) by extension 'python_setup_py'
[0.158s] Level 1:colcon.colcon_core.package_identification:_identify(tools/__pycache__) by extensions ['ignore', 'ignore_ament_install']
[0.158s] Level 1:colcon.colcon_core.package_identification:_identify(tools/__pycache__) by extension 'ignore'
[0.158s] Level 1:colcon.colcon_core.package_identification:_identify(tools/__pycache__) by extension 'ignore_ament_install'
[0.158s] Level 1:colcon.colcon_core.package_identification:_identify(tools/__pycache__) by extensions ['colcon_pkg']
[0.158s] Level 1:colcon.colcon_core.package_identification:_identify(tools/__pycache__) by extension 'colcon_pkg'
[0.158s] Level 1:colcon.colcon_core.package_identification:_identify(tools/__pycache__) by extensions ['colcon_meta']
[0.158s] Level 1:colcon.colcon_core.package_identification:_identify(tools/__pycache__) by extension 'colcon_meta'
[0.158s] Level 1:colcon.colcon_core.package_identification:_identify(tools/__pycache__) by extensions ['ros']
[0.158s] Level 1:colcon.colcon_core.package_identification:_identify(tools/__pycache__) by extension 'ros'
[0.158s] Level 1:colcon.colcon_core.package_identification:_identify(tools/__pycache__) by extensions ['cmake', 'python']
[0.158s] Level 1:colcon.colcon_core.package_identification:_identify(tools/__pycache__) by extension 'cmake'
[0.158s] Level 1:colcon.colcon_core.package_identification:_identify(tools/__pycache__) by extension 'python'
[0.158s] Level 1:colcon.colcon_core.package_identification:_identify(tools/__pycache__) by extensions ['python_setup_py']
[0.158s] Level 1:colcon.colcon_core.package_identification:_identify(tools/__pycache__) by extension 'python_setup_py'
[0.158s] Level 1:colcon.colcon_core.package_discovery:discover_packages(recursive) using defaults
[0.158s] Level 1:colcon.colcon_core.package_discovery:discover_packages(ignore) discover
[0.158s] Level 1:colcon.colcon_core.package_discovery:discover_packages(ignore) using defaults
[0.158s] Level 1:colcon.colcon_core.package_discovery:discover_packages(path) discover
[0.158s] Level 1:colcon.colcon_core.package_discovery:discover_packages(path) using defaults
[0.171s] Level 1:colcon.colcon_core.package_discovery:discover_packages(prefix_path) check parameters
[0.171s] Level 1:colcon.colcon_core.package_discovery:discover_packages(prefix_path) discover
[0.172s] DEBUG:colcon.colcon_installed_package_information.package_discovery:Found 247 installed packages in /opt/ros/humble
[0.179s] Level 1:colcon.colcon_core.package_discovery:discover_packages(prefix_path) using defaults
[0.194s] Level 5:colcon.colcon_core.verb:set package 'rb_chassis' build argument 'cmake_args' from command line to 'None'
[0.194s] Level 5:colcon.colcon_core.verb:set package 'rb_chassis' build argument 'cmake_target' from command line to 'None'
[0.194s] Level 5:colcon.colcon_core.verb:set package 'rb_chassis' build argument 'cmake_target_skip_unavailable' from command line to 'False'
[0.194s] Level 5:colcon.colcon_core.verb:set package 'rb_chassis' build argument 'cmake_clean_cache' from command line to 'False'
[0.194s] Level 5:colcon.colcon_core.verb:set package 'rb_chassis' build argument 'cmake_clean_first' from command line to 'False'
[0.194s] Level 5:colcon.colcon_core.verb:set package 'rb_chassis' build argument 'cmake_force_configure' from command line to 'False'
[0.194s] Level 5:colcon.colcon_core.verb:set package 'rb_chassis' build argument 'ament_cmake_args' from command line to 'None'
[0.194s] Level 5:colcon.colcon_core.verb:set package 'rb_chassis' build argument 'catkin_cmake_args' from command line to 'None'
[0.194s] Level 5:colcon.colcon_core.verb:set package 'rb_chassis' build argument 'catkin_skip_building_tests' from command line to 'False'
[0.194s] DEBUG:colcon.colcon_core.verb:Building package 'rb_chassis' with the following arguments: {'ament_cmake_args': None, 'build_base': '/home/user/robocup_basketball_ws/build/rb_chassis', 'catkin_cmake_args': None, 'catkin_skip_building_tests': False, 'cmake_args': None, 'cmake_clean_cache': False, 'cmake_clean_first': False, 'cmake_force_configure': False, 'cmake_target': None, 'cmake_target_skip_unavailable': False, 'install_base': '/home/user/robocup_basketball_ws/install/rb_chassis', 'merge_install': False, 'path': '/home/user/robocup_basketball_ws/src/rb_chassis', 'symlink_install': True, 'test_result_base': None}
[0.194s] Level 5:colcon.colcon_core.verb:set package 'rb_msgs' build argument 'cmake_args' from command line to 'None'
[0.195s] Level 5:colcon.colcon_core.verb:set package 'rb_msgs' build argument 'cmake_target' from command line to 'None'
[0.195s] Level 5:colcon.colcon_core.verb:set package 'rb_msgs' build argument 'cmake_target_skip_unavailable' from command line to 'False'
[0.195s] Level 5:colcon.colcon_core.verb:set package 'rb_msgs' build argument 'cmake_clean_cache' from command line to 'False'
[0.195s] Level 5:colcon.colcon_core.verb:set package 'rb_msgs' build argument 'cmake_clean_first' from command line to 'False'
[0.195s] Level 5:colcon.colcon_core.verb:set package 'rb_msgs' build argument 'cmake_force_configure' from command line to 'False'
[0.195s] Level 5:colcon.colcon_core.verb:set package 'rb_msgs' build argument 'ament_cmake_args' from command line to 'None'
[0.195s] Level 5:colcon.colcon_core.verb:set package 'rb_msgs' build argument 'catkin_cmake_args' from command line to 'None'
[0.195s] Level 5:colcon.colcon_core.verb:set package 'rb_msgs' build argument 'catkin_skip_building_tests' from command line to 'False'
[0.195s] DEBUG:colcon.colcon_core.verb:Building package 'rb_msgs' with the following arguments: {'ament_cmake_args': None, 'build_base': '/home/user/robocup_basketball_ws/build/rb_msgs', 'catkin_cmake_args': None, 'catkin_skip_building_tests': False, 'cmake_args': None, 'cmake_clean_cache': False, 'cmake_clean_first': False, 'cmake_force_configure': False, 'cmake_target': None, 'cmake_target_skip_unavailable': False, 'install_base': '/home/user/robocup_basketball_ws/install/rb_msgs', 'merge_install': False, 'path': '/home/user/robocup_basketball_ws/src/rb_msgs', 'symlink_install': True, 'test_result_base': None}
[0.195s] Level 5:colcon.colcon_core.verb:set package 'rb_launcher' build argument 'cmake_args' from command line to 'None'
[0.195s] Level 5:colcon.colcon_core.verb:set package 'rb_launcher' build argument 'cmake_target' from command line to 'None'
[0.195s] Level 5:colcon.colcon_core.verb:set package 'rb_launcher' build argument 'cmake_target_skip_unavailable' from command line to 'False'
[0.195s] Level 5:colcon.colcon_core.verb:set package 'rb_launcher' build argument 'cmake_clean_cache' from command line to 'False'
[0.195s] Level 5:colcon.colcon_core.verb:set package 'rb_launcher' build argument 'cmake_clean_first' from command line to 'False'
[0.195s] Level 5:colcon.colcon_core.verb:set package 'rb_launcher' build argument 'cmake_force_configure' from command line to 'False'
[0.195s] Level 5:colcon.colcon_core.verb:set package 'rb_launcher' build argument 'ament_cmake_args' from command line to 'None'
[0.195s] Level 5:colcon.colcon_core.verb:set package 'rb_launcher' build argument 'catkin_cmake_args' from command line to 'None'
[0.195s] Level 5:colcon.colcon_core.verb:set package 'rb_launcher' build argument 'catkin_skip_building_tests' from command line to 'False'
[0.195s] DEBUG:colcon.colcon_core.verb:Building package 'rb_launcher' with the following arguments: {'ament_cmake_args': None, 'build_base': '/home/user/robocup_basketball_ws/build/rb_launcher', 'catkin_cmake_args': None, 'catkin_skip_building_tests': False, 'cmake_args': None, 'cmake_clean_cache': False, 'cmake_clean_first': False, 'cmake_force_configure': False, 'cmake_target': None, 'cmake_target_skip_unavailable': False, 'install_base': '/home/user/robocup_basketball_ws/install/rb_launcher', 'merge_install': False, 'path': '/home/user/robocup_basketball_ws/src/rb_launcher', 'symlink_install': True, 'test_result_base': None}
[0.195s] Level 5:colcon.colcon_core.verb:set package 'rb_localization' build argument 'cmake_args' from command line to 'None'
[0.195s] Level 5:colcon.colcon_core.verb:set package 'rb_localization' build argument 'cmake_target' from command line to 'None'
[0.195s] Level 5:colcon.colcon_core.verb:set package 'rb_localization' build argument 'cmake_target_skip_unavailable' from command line to 'False'
[0.195s] Level 5:colcon.colcon_core.verb:set package 'rb_localization' build argument 'cmake_clean_cache' from command line to 'False'
[0.195s] Level 5:colcon.colcon_core.verb:set package 'rb_localization' build argument 'cmake_clean_first' from command line to 'False'
[0.195s] Level 5:colcon.colcon_core.verb:set package 'rb_localization' build argument 'cmake_force_configure' from command line to 'False'
[0.195s] Level 5:colcon.colcon_core.verb:set package 'rb_localization' build argument 'ament_cmake_args' from command line to 'None'
[0.195s] Level 5:colcon.colcon_core.verb:set package 'rb_localization' build argument 'catkin_cmake_args' from command line to 'None'
[0.195s] Level 5:colcon.colcon_core.verb:set package 'rb_localization' build argument 'catkin_skip_building_tests' from command line to 'False'
[0.195s] DEBUG:colcon.colcon_core.verb:Building package 'rb_localization' with the following arguments: {'ament_cmake_args': None, 'build_base': '/home/user/robocup_basketball_ws/build/rb_localization', 'catkin_cmake_args': None, 'catkin_skip_building_tests': False, 'cmake_args': None, 'cmake_clean_cache': False, 'cmake_clean_first': False, 'cmake_force_configure': False, 'cmake_target': None, 'cmake_target_skip_unavailable': False, 'install_base': '/home/user/robocup_basketball_ws/install/rb_localization', 'merge_install': False, 'path': '/home/user/robocup_basketball_ws/src/rb_localization', 'symlink_install': True, 'test_result_base': None}
[0.195s] Level 5:colcon.colcon_core.verb:set package 'rb_mission' build argument 'cmake_args' from command line to 'None'
[0.195s] Level 5:colcon.colcon_core.verb:set package 'rb_mission' build argument 'cmake_target' from command line to 'None'
[0.195s] Level 5:colcon.colcon_core.verb:set package 'rb_mission' build argument 'cmake_target_skip_unavailable' from command line to 'False'
[0.195s] Level 5:colcon.colcon_core.verb:set package 'rb_mission' build argument 'cmake_clean_cache' from command line to 'False'
[0.195s] Level 5:colcon.colcon_core.verb:set package 'rb_mission' build argument 'cmake_clean_first' from command line to 'False'
[0.195s] Level 5:colcon.colcon_core.verb:set package 'rb_mission' build argument 'cmake_force_configure' from command line to 'False'
[0.195s] Level 5:colcon.colcon_core.verb:set package 'rb_mission' build argument 'ament_cmake_args' from command line to 'None'
[0.195s] Level 5:colcon.colcon_core.verb:set package 'rb_mission' build argument 'catkin_cmake_args' from command line to 'None'
[0.195s] Level 5:colcon.colcon_core.verb:set package 'rb_mission' build argument 'catkin_skip_building_tests' from command line to 'False'
[0.195s] DEBUG:colcon.colcon_core.verb:Building package 'rb_mission' with the following arguments: {'ament_cmake_args': None, 'build_base': '/home/user/robocup_basketball_ws/build/rb_mission', 'catkin_cmake_args': None, 'catkin_skip_building_tests': False, 'cmake_args': None, 'cmake_clean_cache': False, 'cmake_clean_first': False, 'cmake_force_configure': False, 'cmake_target': None, 'cmake_target_skip_unavailable': False, 'install_base': '/home/user/robocup_basketball_ws/install/rb_mission', 'merge_install': False, 'path': '/home/user/robocup_basketball_ws/src/rb_mission', 'symlink_install': True, 'test_result_base': None}
[0.196s] Level 5:colcon.colcon_core.verb:set package 'rb_perception' build argument 'cmake_args' from command line to 'None'
[0.196s] Level 5:colcon.colcon_core.verb:set package 'rb_perception' build argument 'cmake_target' from command line to 'None'
[0.196s] Level 5:colcon.colcon_core.verb:set package 'rb_perception' build argument 'cmake_target_skip_unavailable' from command line to 'False'
[0.196s] Level 5:colcon.colcon_core.verb:set package 'rb_perception' build argument 'cmake_clean_cache' from command line to 'False'
[0.196s] Level 5:colcon.colcon_core.verb:set package 'rb_perception' build argument 'cmake_clean_first' from command line to 'False'
[0.196s] Level 5:colcon.colcon_core.verb:set package 'rb_perception' build argument 'cmake_force_configure' from command line to 'False'
[0.196s] Level 5:colcon.colcon_core.verb:set package 'rb_perception' build argument 'ament_cmake_args' from command line to 'None'
[0.196s] Level 5:colcon.colcon_core.verb:set package 'rb_perception' build argument 'catkin_cmake_args' from command line to 'None'
[0.196s] Level 5:colcon.colcon_core.verb:set package 'rb_perception' build argument 'catkin_skip_building_tests' from command line to 'False'
[0.196s] DEBUG:colcon.colcon_core.verb:Building package 'rb_perception' with the following arguments: {'ament_cmake_args': None, 'build_base': '/home/user/robocup_basketball_ws/build/rb_perception', 'catkin_cmake_args': None, 'catkin_skip_building_tests': False, 'cmake_args': None, 'cmake_clean_cache': False, 'cmake_clean_first': False, 'cmake_force_configure': False, 'cmake_target': None, 'cmake_target_skip_unavailable': False, 'install_base': '/home/user/robocup_basketball_ws/install/rb_perception', 'merge_install': False, 'path': '/home/user/robocup_basketball_ws/src/rb_perception', 'symlink_install': True, 'test_result_base': None}
[0.196s] Level 5:colcon.colcon_core.verb:set package 'rb_bringup' build argument 'cmake_args' from command line to 'None'
[0.196s] Level 5:colcon.colcon_core.verb:set package 'rb_bringup' build argument 'cmake_target' from command line to 'None'
[0.196s] Level 5:colcon.colcon_core.verb:set package 'rb_bringup' build argument 'cmake_target_skip_unavailable' from command line to 'False'
[0.196s] Level 5:colcon.colcon_core.verb:set package 'rb_bringup' build argument 'cmake_clean_cache' from command line to 'False'
[0.196s] Level 5:colcon.colcon_core.verb:set package 'rb_bringup' build argument 'cmake_clean_first' from command line to 'False'
[0.196s] Level 5:colcon.colcon_core.verb:set package 'rb_bringup' build argument 'cmake_force_configure' from command line to 'False'
[0.196s] Level 5:colcon.colcon_core.verb:set package 'rb_bringup' build argument 'ament_cmake_args' from command line to 'None'
[0.196s] Level 5:colcon.colcon_core.verb:set package 'rb_bringup' build argument 'catkin_cmake_args' from command line to 'None'
[0.196s] Level 5:colcon.colcon_core.verb:set package 'rb_bringup' build argument 'catkin_skip_building_tests' from command line to 'False'
[0.196s] DEBUG:colcon.colcon_core.verb:Building package 'rb_bringup' with the following arguments: {'ament_cmake_args': None, 'build_base': '/home/user/robocup_basketball_ws/build/rb_bringup', 'catkin_cmake_args': None, 'catkin_skip_building_tests': False, 'cmake_args': None, 'cmake_clean_cache': False, 'cmake_clean_first': False, 'cmake_force_configure': False, 'cmake_target': None, 'cmake_target_skip_unavailable': False, 'install_base': '/home/user/robocup_basketball_ws/install/rb_bringup', 'merge_install': False, 'path': '/home/user/robocup_basketball_ws/src/rb_bringup', 'symlink_install': True, 'test_result_base': None}
[0.196s] INFO:colcon.colcon_core.executor:Executing jobs using 'parallel' executor
[0.197s] DEBUG:colcon.colcon_parallel_executor.executor.parallel:run_until_complete
[0.197s] INFO:colcon.colcon_ros.task.ament_cmake.build:Building ROS package in '/home/user/robocup_basketball_ws/src/rb_msgs' with build type 'ament_cmake'
[0.197s] INFO:colcon.colcon_cmake.task.cmake.build:Building CMake package in '/home/user/robocup_basketball_ws/src/rb_msgs'
[0.198s] INFO:colcon.colcon_core.plugin_system:Skipping extension 'colcon_core.shell.bat': Not used on non-Windows systems
[0.198s] INFO:colcon.colcon_core.shell:Skip shell extension 'powershell' for command environment: Not usable outside of PowerShell
[0.198s] DEBUG:colcon.colcon_core.shell:Skip shell extension 'dsv' for command environment
[0.200s] INFO:colcon.colcon_ros.task.ament_cmake.build:Building ROS package in '/home/user/robocup_basketball_ws/src/rb_chassis' with build type 'ament_cmake'
[0.200s] INFO:colcon.colcon_cmake.task.cmake.build:Building CMake package in '/home/user/robocup_basketball_ws/src/rb_chassis'
[0.200s] INFO:colcon.colcon_core.shell:Skip shell extension 'powershell' for command environment: Not usable outside of PowerShell
[0.200s] DEBUG:colcon.colcon_core.shell:Skip shell extension 'dsv' for command environment
[0.203s] DEBUG:colcon.colcon_core.event_handler.log_command:Invoking command in '/home/user/robocup_basketball_ws/build/rb_msgs': CMAKE_PREFIX_PATH=/opt/ros/humble /usr/bin/cmake /home/user/robocup_basketball_ws/src/rb_msgs -DAMENT_CMAKE_SYMLINK_INSTALL=1 -DCMAKE_INSTALL_PREFIX=/home/user/robocup_basketball_ws/install/rb_msgs
[0.204s] DEBUG:colcon.colcon_core.event_handler.log_command:Invoking command in '/home/user/robocup_basketball_ws/build/rb_chassis': CMAKE_PREFIX_PATH=/opt/ros/humble /usr/bin/cmake --build /home/user/robocup_basketball_ws/build/rb_chassis -- -j16 -l16
[0.301s] DEBUG:colcon.colcon_core.event_handler.log_command:Invoked command in '/home/user/robocup_basketball_ws/build/rb_chassis' returned '0': CMAKE_PREFIX_PATH=/opt/ros/humble /usr/bin/cmake --build /home/user/robocup_basketball_ws/build/rb_chassis -- -j16 -l16
[0.310s] DEBUG:colcon.colcon_core.event_handler.log_command:Invoking command in '/home/user/robocup_basketball_ws/build/rb_chassis': CMAKE_PREFIX_PATH=/opt/ros/humble /usr/bin/cmake --install /home/user/robocup_basketball_ws/build/rb_chassis
[0.318s] Level 1:colcon.colcon_core.environment:create_environment_scripts_only(rb_chassis)
[0.318s] DEBUG:colcon.colcon_core.event_handler.log_command:Invoked command in '/home/user/robocup_basketball_ws/build/rb_chassis' returned '0': CMAKE_PREFIX_PATH=/opt/ros/humble /usr/bin/cmake --install /home/user/robocup_basketball_ws/build/rb_chassis
[0.320s] Level 1:colcon.colcon_core.environment:checking '/home/user/robocup_basketball_ws/install/rb_chassis' for CMake module files
[0.321s] Level 1:colcon.colcon_core.environment:checking '/home/user/robocup_basketball_ws/install/rb_chassis' for CMake config files
[0.321s] Level 1:colcon.colcon_core.shell:create_environment_hook('rb_chassis', 'cmake_prefix_path')
[0.321s] INFO:colcon.colcon_core.shell:Creating environment hook '/home/user/robocup_basketball_ws/install/rb_chassis/share/rb_chassis/hook/cmake_prefix_path.ps1'
[0.322s] INFO:colcon.colcon_core.shell:Creating environment descriptor '/home/user/robocup_basketball_ws/install/rb_chassis/share/rb_chassis/hook/cmake_prefix_path.dsv'
[0.323s] INFO:colcon.colcon_core.shell:Creating environment hook '/home/user/robocup_basketball_ws/install/rb_chassis/share/rb_chassis/hook/cmake_prefix_path.sh'
[0.323s] Level 1:colcon.colcon_core.environment:checking '/home/user/robocup_basketball_ws/install/rb_chassis/lib'
[0.324s] Level 1:colcon.colcon_core.environment:checking '/home/user/robocup_basketball_ws/install/rb_chassis/bin'
[0.324s] Level 1:colcon.colcon_core.environment:checking '/home/user/robocup_basketball_ws/install/rb_chassis/lib/pkgconfig/rb_chassis.pc'
[0.324s] Level 1:colcon.colcon_core.environment:checking '/home/user/robocup_basketball_ws/install/rb_chassis/lib/python3.10/site-packages'
[0.324s] Level 1:colcon.colcon_core.environment:checking '/home/user/robocup_basketball_ws/install/rb_chassis/bin'
[0.325s] INFO:colcon.colcon_core.shell:Creating package script '/home/user/robocup_basketball_ws/install/rb_chassis/share/rb_chassis/package.ps1'
[0.325s] INFO:colcon.colcon_core.shell:Creating package descriptor '/home/user/robocup_basketball_ws/install/rb_chassis/share/rb_chassis/package.dsv'
[0.326s] INFO:colcon.colcon_core.shell:Creating package script '/home/user/robocup_basketball_ws/install/rb_chassis/share/rb_chassis/package.sh'
[0.326s] INFO:colcon.colcon_core.shell:Creating package script '/home/user/robocup_basketball_ws/install/rb_chassis/share/rb_chassis/package.bash'
[0.327s] INFO:colcon.colcon_core.shell:Creating package script '/home/user/robocup_basketball_ws/install/rb_chassis/share/rb_chassis/package.zsh'
[0.328s] Level 1:colcon.colcon_core.environment:create_file_with_runtime_dependencies(/home/user/robocup_basketball_ws/install/rb_chassis/share/colcon-core/packages/rb_chassis)
[0.328s] Level 1:colcon.colcon_core.environment:create_environment_scripts_only(rb_chassis)
[0.329s] Level 1:colcon.colcon_core.environment:checking '/home/user/robocup_basketball_ws/install/rb_chassis' for CMake module files
[0.329s] Level 1:colcon.colcon_core.environment:checking '/home/user/robocup_basketball_ws/install/rb_chassis' for CMake config files
[0.330s] Level 1:colcon.colcon_core.shell:create_environment_hook('rb_chassis', 'cmake_prefix_path')
[0.330s] INFO:colcon.colcon_core.shell:Creating environment hook '/home/user/robocup_basketball_ws/install/rb_chassis/share/rb_chassis/hook/cmake_prefix_path.ps1'
[0.330s] INFO:colcon.colcon_core.shell:Creating environment descriptor '/home/user/robocup_basketball_ws/install/rb_chassis/share/rb_chassis/hook/cmake_prefix_path.dsv'
[0.330s] INFO:colcon.colcon_core.shell:Creating environment hook '/home/user/robocup_basketball_ws/install/rb_chassis/share/rb_chassis/hook/cmake_prefix_path.sh'
[0.331s] Level 1:colcon.colcon_core.environment:checking '/home/user/robocup_basketball_ws/install/rb_chassis/lib'
[0.331s] Level 1:colcon.colcon_core.environment:checking '/home/user/robocup_basketball_ws/install/rb_chassis/bin'
[0.331s] Level 1:colcon.colcon_core.environment:checking '/home/user/robocup_basketball_ws/install/rb_chassis/lib/pkgconfig/rb_chassis.pc'
[0.331s] Level 1:colcon.colcon_core.environment:checking '/home/user/robocup_basketball_ws/install/rb_chassis/lib/python3.10/site-packages'
[0.331s] Level 1:colcon.colcon_core.environment:checking '/home/user/robocup_basketball_ws/install/rb_chassis/bin'
[0.332s] INFO:colcon.colcon_core.shell:Creating package script '/home/user/robocup_basketball_ws/install/rb_chassis/share/rb_chassis/package.ps1'
[0.332s] INFO:colcon.colcon_core.shell:Creating package descriptor '/home/user/robocup_basketball_ws/install/rb_chassis/share/rb_chassis/package.dsv'
[0.333s] INFO:colcon.colcon_core.shell:Creating package script '/home/user/robocup_basketball_ws/install/rb_chassis/share/rb_chassis/package.sh'
[0.333s] INFO:colcon.colcon_core.shell:Creating package script '/home/user/robocup_basketball_ws/install/rb_chassis/share/rb_chassis/package.bash'
[0.333s] INFO:colcon.colcon_core.shell:Creating package script '/home/user/robocup_basketball_ws/install/rb_chassis/share/rb_chassis/package.zsh'
[0.334s] Level 1:colcon.colcon_core.environment:create_file_with_runtime_dependencies(/home/user/robocup_basketball_ws/install/rb_chassis/share/colcon-core/packages/rb_chassis)
[1.309s] DEBUG:colcon.colcon_core.event_handler.log_command:Invoked command in '/home/user/robocup_basketball_ws/build/rb_msgs' returned '0': CMAKE_PREFIX_PATH=/opt/ros/humble /usr/bin/cmake /home/user/robocup_basketball_ws/src/rb_msgs -DAMENT_CMAKE_SYMLINK_INSTALL=1 -DCMAKE_INSTALL_PREFIX=/home/user/robocup_basketball_ws/install/rb_msgs
[1.309s] DEBUG:colcon.colcon_core.event_handler.log_command:Invoking command in '/home/user/robocup_basketball_ws/build/rb_msgs': CMAKE_PREFIX_PATH=/opt/ros/humble /usr/bin/cmake --build /home/user/robocup_basketball_ws/build/rb_msgs -- -j16 -l16
[4.511s] DEBUG:colcon.colcon_core.event_handler.log_command:Invoked command in '/home/user/robocup_basketball_ws/build/rb_msgs' returned '0': CMAKE_PREFIX_PATH=/opt/ros/humble /usr/bin/cmake --build /home/user/robocup_basketball_ws/build/rb_msgs -- -j16 -l16
[4.512s] DEBUG:colcon.colcon_core.event_handler.log_command:Invoking command in '/home/user/robocup_basketball_ws/build/rb_msgs': CMAKE_PREFIX_PATH=/opt/ros/humble /usr/bin/cmake --install /home/user/robocup_basketball_ws/build/rb_msgs
[5.536s] Level 1:colcon.colcon_core.environment:create_environment_scripts_only(rb_msgs)
[5.536s] DEBUG:colcon.colcon_core.event_handler.log_command:Invoked command in '/home/user/robocup_basketball_ws/build/rb_msgs' returned '0': CMAKE_PREFIX_PATH=/opt/ros/humble /usr/bin/cmake --install /home/user/robocup_basketball_ws/build/rb_msgs
[5.536s] Level 1:colcon.colcon_core.environment:checking '/home/user/robocup_basketball_ws/install/rb_msgs' for CMake module files
[5.537s] Level 1:colcon.colcon_core.environment:checking '/home/user/robocup_basketball_ws/install/rb_msgs' for CMake config files
[5.537s] Level 1:colcon.colcon_core.shell:create_environment_hook('rb_msgs', 'cmake_prefix_path')
[5.538s] INFO:colcon.colcon_core.shell:Creating environment hook '/home/user/robocup_basketball_ws/install/rb_msgs/share/rb_msgs/hook/cmake_prefix_path.ps1'
[5.538s] INFO:colcon.colcon_core.shell:Creating environment descriptor '/home/user/robocup_basketball_ws/install/rb_msgs/share/rb_msgs/hook/cmake_prefix_path.dsv'
[5.538s] INFO:colcon.colcon_core.shell:Creating environment hook '/home/user/robocup_basketball_ws/install/rb_msgs/share/rb_msgs/hook/cmake_prefix_path.sh'
[5.539s] Level 1:colcon.colcon_core.environment:checking '/home/user/robocup_basketball_ws/install/rb_msgs/lib'
[5.539s] Level 1:colcon.colcon_core.shell:create_environment_hook('rb_msgs', 'ld_library_path_lib')
[5.539s] INFO:colcon.colcon_core.shell:Creating environment hook '/home/user/robocup_basketball_ws/install/rb_msgs/share/rb_msgs/hook/ld_library_path_lib.ps1'
[5.539s] INFO:colcon.colcon_core.shell:Creating environment descriptor '/home/user/robocup_basketball_ws/install/rb_msgs/share/rb_msgs/hook/ld_library_path_lib.dsv'
[5.539s] INFO:colcon.colcon_core.shell:Creating environment hook '/home/user/robocup_basketball_ws/install/rb_msgs/share/rb_msgs/hook/ld_library_path_lib.sh'
[5.539s] Level 1:colcon.colcon_core.environment:checking '/home/user/robocup_basketball_ws/install/rb_msgs/bin'
[5.539s] Level 1:colcon.colcon_core.environment:checking '/home/user/robocup_basketball_ws/install/rb_msgs/lib/pkgconfig/rb_msgs.pc'
[5.540s] Level 1:colcon.colcon_core.environment:checking '/home/user/robocup_basketball_ws/install/rb_msgs/lib/python3.10/site-packages'
[5.540s] Level 1:colcon.colcon_core.environment:checking '/home/user/robocup_basketball_ws/install/rb_msgs/bin'
[5.540s] INFO:colcon.colcon_core.shell:Creating package script '/home/user/robocup_basketball_ws/install/rb_msgs/share/rb_msgs/package.ps1'
[5.540s] INFO:colcon.colcon_core.shell:Creating package descriptor '/home/user/robocup_basketball_ws/install/rb_msgs/share/rb_msgs/package.dsv'
[5.540s] INFO:colcon.colcon_core.shell:Creating package script '/home/user/robocup_basketball_ws/install/rb_msgs/share/rb_msgs/package.sh'
[5.541s] INFO:colcon.colcon_core.shell:Creating package script '/home/user/robocup_basketball_ws/install/rb_msgs/share/rb_msgs/package.bash'
[5.541s] INFO:colcon.colcon_core.shell:Creating package script '/home/user/robocup_basketball_ws/install/rb_msgs/share/rb_msgs/package.zsh'
[5.541s] Level 1:colcon.colcon_core.environment:create_file_with_runtime_dependencies(/home/user/robocup_basketball_ws/install/rb_msgs/share/colcon-core/packages/rb_msgs)
[5.541s] Level 1:colcon.colcon_core.environment:create_environment_scripts_only(rb_msgs)
[5.541s] Level 1:colcon.colcon_core.environment:checking '/home/user/robocup_basketball_ws/install/rb_msgs' for CMake module files
[5.542s] Level 1:colcon.colcon_core.environment:checking '/home/user/robocup_basketball_ws/install/rb_msgs' for CMake config files
[5.542s] Level 1:colcon.colcon_core.shell:create_environment_hook('rb_msgs', 'cmake_prefix_path')
[5.542s] INFO:colcon.colcon_core.shell:Creating environment hook '/home/user/robocup_basketball_ws/install/rb_msgs/share/rb_msgs/hook/cmake_prefix_path.ps1'
[5.542s] INFO:colcon.colcon_core.shell:Creating environment descriptor '/home/user/robocup_basketball_ws/install/rb_msgs/share/rb_msgs/hook/cmake_prefix_path.dsv'
[5.543s] INFO:colcon.colcon_core.shell:Creating environment hook '/home/user/robocup_basketball_ws/install/rb_msgs/share/rb_msgs/hook/cmake_prefix_path.sh'
[5.543s] Level 1:colcon.colcon_core.environment:checking '/home/user/robocup_basketball_ws/install/rb_msgs/lib'
[5.543s] Level 1:colcon.colcon_core.shell:create_environment_hook('rb_msgs', 'ld_library_path_lib')
[5.543s] INFO:colcon.colcon_core.shell:Creating environment hook '/home/user/robocup_basketball_ws/install/rb_msgs/share/rb_msgs/hook/ld_library_path_lib.ps1'
[5.543s] INFO:colcon.colcon_core.shell:Creating environment descriptor '/home/user/robocup_basketball_ws/install/rb_msgs/share/rb_msgs/hook/ld_library_path_lib.dsv'
[5.543s] INFO:colcon.colcon_core.shell:Creating environment hook '/home/user/robocup_basketball_ws/install/rb_msgs/share/rb_msgs/hook/ld_library_path_lib.sh'
[5.544s] Level 1:colcon.colcon_core.environment:checking '/home/user/robocup_basketball_ws/install/rb_msgs/bin'
[5.544s] Level 1:colcon.colcon_core.environment:checking '/home/user/robocup_basketball_ws/install/rb_msgs/lib/pkgconfig/rb_msgs.pc'
[5.544s] Level 1:colcon.colcon_core.environment:checking '/home/user/robocup_basketball_ws/install/rb_msgs/lib/python3.10/site-packages'
[5.544s] Level 1:colcon.colcon_core.environment:checking '/home/user/robocup_basketball_ws/install/rb_msgs/bin'
[5.544s] INFO:colcon.colcon_core.shell:Creating package script '/home/user/robocup_basketball_ws/install/rb_msgs/share/rb_msgs/package.ps1'
[5.544s] INFO:colcon.colcon_core.shell:Creating package descriptor '/home/user/robocup_basketball_ws/install/rb_msgs/share/rb_msgs/package.dsv'
[5.545s] INFO:colcon.colcon_core.shell:Creating package script '/home/user/robocup_basketball_ws/install/rb_msgs/share/rb_msgs/package.sh'
[5.545s] INFO:colcon.colcon_core.shell:Creating package script '/home/user/robocup_basketball_ws/install/rb_msgs/share/rb_msgs/package.bash'
[5.545s] INFO:colcon.colcon_core.shell:Creating package script '/home/user/robocup_basketball_ws/install/rb_msgs/share/rb_msgs/package.zsh'
[5.545s] Level 1:colcon.colcon_core.environment:create_file_with_runtime_dependencies(/home/user/robocup_basketball_ws/install/rb_msgs/share/colcon-core/packages/rb_msgs)
[5.545s] INFO:colcon.colcon_ros.task.ament_cmake.build:Building ROS package in '/home/user/robocup_basketball_ws/src/rb_launcher' with build type 'ament_cmake'
[5.545s] INFO:colcon.colcon_cmake.task.cmake.build:Building CMake package in '/home/user/robocup_basketball_ws/src/rb_launcher'
[5.545s] INFO:colcon.colcon_core.shell:Skip shell extension 'powershell' for command environment: Not usable outside of PowerShell
[5.545s] DEBUG:colcon.colcon_core.shell:Skip shell extension 'dsv' for command environment
[5.547s] INFO:colcon.colcon_ros.task.ament_python.build:Building ROS package in '/home/user/robocup_basketball_ws/src/rb_localization' with build type 'ament_python'
[5.547s] Level 1:colcon.colcon_core.shell:create_environment_hook('rb_localization', 'ament_prefix_path')
[5.547s] INFO:colcon.colcon_core.shell:Creating environment hook '/home/user/robocup_basketball_ws/install/rb_localization/share/rb_localization/hook/ament_prefix_path.ps1'
[5.548s] INFO:colcon.colcon_core.shell:Creating environment descriptor '/home/user/robocup_basketball_ws/install/rb_localization/share/rb_localization/hook/ament_prefix_path.dsv'
[5.548s] INFO:colcon.colcon_core.shell:Creating environment hook '/home/user/robocup_basketball_ws/install/rb_localization/share/rb_localization/hook/ament_prefix_path.sh'
[5.548s] INFO:colcon.colcon_core.shell:Skip shell extension 'powershell' for command environment: Not usable outside of PowerShell
[5.548s] DEBUG:colcon.colcon_core.shell:Skip shell extension 'dsv' for command environment
[5.549s] INFO:colcon.colcon_ros.task.ament_python.build:Building ROS package in '/home/user/robocup_basketball_ws/src/rb_mission' with build type 'ament_python'
[5.549s] Level 1:colcon.colcon_core.shell:create_environment_hook('rb_mission', 'ament_prefix_path')
[5.549s] INFO:colcon.colcon_core.shell:Creating environment hook '/home/user/robocup_basketball_ws/install/rb_mission/share/rb_mission/hook/ament_prefix_path.ps1'
[5.550s] INFO:colcon.colcon_core.shell:Creating environment descriptor '/home/user/robocup_basketball_ws/install/rb_mission/share/rb_mission/hook/ament_prefix_path.dsv'
[5.550s] INFO:colcon.colcon_core.shell:Creating environment hook '/home/user/robocup_basketball_ws/install/rb_mission/share/rb_mission/hook/ament_prefix_path.sh'
[5.550s] INFO:colcon.colcon_core.shell:Skip shell extension 'powershell' for command environment: Not usable outside of PowerShell
[5.550s] DEBUG:colcon.colcon_core.shell:Skip shell extension 'dsv' for command environment
[5.551s] INFO:colcon.colcon_ros.task.ament_python.build:Building ROS package in '/home/user/robocup_basketball_ws/src/rb_perception' with build type 'ament_python'
[5.552s] Level 1:colcon.colcon_core.shell:create_environment_hook('rb_perception', 'ament_prefix_path')
[5.552s] INFO:colcon.colcon_core.shell:Creating environment hook '/home/user/robocup_basketball_ws/install/rb_perception/share/rb_perception/hook/ament_prefix_path.ps1'
[5.552s] INFO:colcon.colcon_core.shell:Creating environment descriptor '/home/user/robocup_basketball_ws/install/rb_perception/share/rb_perception/hook/ament_prefix_path.dsv'
[5.552s] INFO:colcon.colcon_core.shell:Creating environment hook '/home/user/robocup_basketball_ws/install/rb_perception/share/rb_perception/hook/ament_prefix_path.sh'
[5.552s] INFO:colcon.colcon_core.shell:Skip shell extension 'powershell' for command environment: Not usable outside of PowerShell
[5.552s] DEBUG:colcon.colcon_core.shell:Skip shell extension 'dsv' for command environment
[5.555s] DEBUG:colcon.colcon_core.event_handler.log_command:Invoking command in '/home/user/robocup_basketball_ws/build/rb_launcher': AMENT_PREFIX_PATH=/home/user/robocup_basketball_ws/install/rb_msgs:${AMENT_PREFIX_PATH} CMAKE_PREFIX_PATH=/home/user/robocup_basketball_ws/install/rb_msgs:/opt/ros/humble LD_LIBRARY_PATH=/home/user/robocup_basketball_ws/install/rb_msgs/lib:${LD_LIBRARY_PATH} PYTHONPATH=/home/user/robocup_basketball_ws/install/rb_msgs/local/lib/python3.10/dist-packages:${PYTHONPATH} /usr/bin/cmake /home/user/robocup_basketball_ws/src/rb_launcher -DAMENT_CMAKE_SYMLINK_INSTALL=1 -DCMAKE_INSTALL_PREFIX=/home/user/robocup_basketball_ws/install/rb_launcher
[5.700s] INFO:colcon.colcon_core.task.python.build:Building Python package in '/home/user/robocup_basketball_ws/src/rb_localization'
[5.700s] INFO:colcon.colcon_core.shell:Skip shell extension 'powershell' for command environment: Not usable outside of PowerShell
[5.700s] DEBUG:colcon.colcon_core.shell:Skip shell extension 'dsv' for command environment
[5.837s] INFO:colcon.colcon_core.task.python.build:Building Python package in '/home/user/robocup_basketball_ws/src/rb_mission'
[5.838s] INFO:colcon.colcon_core.shell:Skip shell extension 'powershell' for command environment: Not usable outside of PowerShell
[5.838s] DEBUG:colcon.colcon_core.shell:Skip shell extension 'dsv' for command environment
[5.972s] INFO:colcon.colcon_core.task.python.build:Building Python package in '/home/user/robocup_basketball_ws/src/rb_perception'
[5.972s] INFO:colcon.colcon_core.shell:Skip shell extension 'powershell' for command environment: Not usable outside of PowerShell
[5.972s] DEBUG:colcon.colcon_core.shell:Skip shell extension 'dsv' for command environment
[5.976s] DEBUG:colcon.colcon_core.event_handler.log_command:Invoked command in '/home/user/robocup_basketball_ws/build/rb_launcher' returned '0': AMENT_PREFIX_PATH=/home/user/robocup_basketball_ws/install/rb_msgs:${AMENT_PREFIX_PATH} CMAKE_PREFIX_PATH=/home/user/robocup_basketball_ws/install/rb_msgs:/opt/ros/humble LD_LIBRARY_PATH=/home/user/robocup_basketball_ws/install/rb_msgs/lib:${LD_LIBRARY_PATH} PYTHONPATH=/home/user/robocup_basketball_ws/install/rb_msgs/local/lib/python3.10/dist-packages:${PYTHONPATH} /usr/bin/cmake /home/user/robocup_basketball_ws/src/rb_launcher -DAMENT_CMAKE_SYMLINK_INSTALL=1 -DCMAKE_INSTALL_PREFIX=/home/user/robocup_basketball_ws/install/rb_launcher
[5.977s] DEBUG:colcon.colcon_core.event_handler.log_command:Invoking command in '/home/user/robocup_basketball_ws/build/rb_launcher': AMENT_PREFIX_PATH=/home/user/robocup_basketball_ws/install/rb_msgs:${AMENT_PREFIX_PATH} CMAKE_PREFIX_PATH=/home/user/robocup_basketball_ws/install/rb_msgs:/opt/ros/humble LD_LIBRARY_PATH=/home/user/robocup_basketball_ws/install/rb_msgs/lib:${LD_LIBRARY_PATH} PYTHONPATH=/home/user/robocup_basketball_ws/install/rb_msgs/local/lib/python3.10/dist-packages:${PYTHONPATH} /usr/bin/cmake --build /home/user/robocup_basketball_ws/build/rb_launcher -- -j16 -l16
[6.201s] DEBUG:colcon.colcon_core.event_handler.log_command:Invoking command in '/home/user/robocup_basketball_ws/build/rb_localization': AMENT_PREFIX_PATH=/home/user/robocup_basketball_ws/install/rb_msgs:${AMENT_PREFIX_PATH} CMAKE_PREFIX_PATH=/home/user/robocup_basketball_ws/install/rb_msgs LD_LIBRARY_PATH=/home/user/robocup_basketball_ws/install/rb_msgs/lib:${LD_LIBRARY_PATH} PYTHONPATH=/home/user/robocup_basketball_ws/build/rb_localization/prefix_override:/usr/lib/python3/dist-packages/colcon_core/task/python/colcon_distutils_commands:/home/user/robocup_basketball_ws/install/rb_localization/lib/python3.10/site-packages:/home/user/robocup_basketball_ws/install/rb_msgs/local/lib/python3.10/dist-packages:${PYTHONPATH} /usr/bin/python3 -W ignore:setup.py install is deprecated -W ignore:easy_install command is deprecated setup.py develop --editable --build-directory /home/user/robocup_basketball_ws/build/rb_localization/build --no-deps symlink_data
[6.204s] DEBUG:colcon.colcon_core.event_handler.log_command:Invoking command in '/home/user/robocup_basketball_ws/build/rb_mission': AMENT_PREFIX_PATH=/home/user/robocup_basketball_ws/install/rb_msgs:${AMENT_PREFIX_PATH} CMAKE_PREFIX_PATH=/home/user/robocup_basketball_ws/install/rb_msgs LD_LIBRARY_PATH=/home/user/robocup_basketball_ws/install/rb_msgs/lib:${LD_LIBRARY_PATH} PYTHONPATH=/home/user/robocup_basketball_ws/build/rb_mission/prefix_override:/usr/lib/python3/dist-packages/colcon_core/task/python/colcon_distutils_commands:/home/user/robocup_basketball_ws/install/rb_mission/lib/python3.10/site-packages:/home/user/robocup_basketball_ws/install/rb_msgs/local/lib/python3.10/dist-packages:${PYTHONPATH} /usr/bin/python3 -W ignore:setup.py install is deprecated -W ignore:easy_install command is deprecated setup.py develop --editable --build-directory /home/user/robocup_basketball_ws/build/rb_mission/build --no-deps symlink_data
[6.218s] DEBUG:colcon.colcon_core.event_handler.log_command:Invoking command in '/home/user/robocup_basketball_ws/build/rb_perception': AMENT_PREFIX_PATH=/home/user/robocup_basketball_ws/install/rb_msgs:${AMENT_PREFIX_PATH} CMAKE_PREFIX_PATH=/home/user/robocup_basketball_ws/install/rb_msgs LD_LIBRARY_PATH=/home/user/robocup_basketball_ws/install/rb_msgs/lib:${LD_LIBRARY_PATH} PYTHONPATH=/home/user/robocup_basketball_ws/build/rb_perception/prefix_override:/usr/lib/python3/dist-packages/colcon_core/task/python/colcon_distutils_commands:/home/user/robocup_basketball_ws/install/rb_perception/lib/python3.10/site-packages:/home/user/robocup_basketball_ws/install/rb_msgs/local/lib/python3.10/dist-packages:${PYTHONPATH} /usr/bin/python3 -W ignore:setup.py install is deprecated -W ignore:easy_install command is deprecated setup.py develop --editable --build-directory /home/user/robocup_basketball_ws/build/rb_perception/build --no-deps symlink_data
[6.481s] Level 1:colcon.colcon_core.shell:create_environment_hook('rb_mission', 'pythonpath_develop')
[6.482s] INFO:colcon.colcon_core.shell:Creating environment hook '/home/user/robocup_basketball_ws/build/rb_mission/share/rb_mission/hook/pythonpath_develop.ps1'
[6.482s] DEBUG:colcon.colcon_core.event_handler.log_command:Invoked command in '/home/user/robocup_basketball_ws/build/rb_mission' returned '0': AMENT_PREFIX_PATH=/home/user/robocup_basketball_ws/install/rb_msgs:${AMENT_PREFIX_PATH} CMAKE_PREFIX_PATH=/home/user/robocup_basketball_ws/install/rb_msgs LD_LIBRARY_PATH=/home/user/robocup_basketball_ws/install/rb_msgs/lib:${LD_LIBRARY_PATH} PYTHONPATH=/home/user/robocup_basketball_ws/build/rb_mission/prefix_override:/usr/lib/python3/dist-packages/colcon_core/task/python/colcon_distutils_commands:/home/user/robocup_basketball_ws/install/rb_mission/lib/python3.10/site-packages:/home/user/robocup_basketball_ws/install/rb_msgs/local/lib/python3.10/dist-packages:${PYTHONPATH} /usr/bin/python3 -W ignore:setup.py install is deprecated -W ignore:easy_install command is deprecated setup.py develop --editable --build-directory /home/user/robocup_basketball_ws/build/rb_mission/build --no-deps symlink_data
[6.482s] INFO:colcon.colcon_core.shell:Creating environment descriptor '/home/user/robocup_basketball_ws/build/rb_mission/share/rb_mission/hook/pythonpath_develop.dsv'
[6.483s] INFO:colcon.colcon_core.shell:Creating environment hook '/home/user/robocup_basketball_ws/build/rb_mission/share/rb_mission/hook/pythonpath_develop.sh'
[6.483s] Level 1:colcon.colcon_core.environment:checking '/home/user/robocup_basketball_ws/install/rb_mission' for CMake module files
[6.484s] Level 1:colcon.colcon_core.environment:checking '/home/user/robocup_basketball_ws/install/rb_mission' for CMake config files
[6.484s] Level 1:colcon.colcon_core.environment:checking '/home/user/robocup_basketball_ws/install/rb_mission/lib'
[6.484s] Level 1:colcon.colcon_core.environment:checking '/home/user/robocup_basketball_ws/install/rb_mission/bin'
[6.484s] Level 1:colcon.colcon_core.environment:checking '/home/user/robocup_basketball_ws/install/rb_mission/lib/pkgconfig/rb_mission.pc'
[6.485s] Level 1:colcon.colcon_core.environment:checking '/home/user/robocup_basketball_ws/install/rb_mission/lib/python3.10/site-packages'
[6.485s] Level 1:colcon.colcon_core.shell:create_environment_hook('rb_mission', 'pythonpath')
[6.485s] INFO:colcon.colcon_core.shell:Creating environment hook '/home/user/robocup_basketball_ws/install/rb_mission/share/rb_mission/hook/pythonpath.ps1'
[6.485s] INFO:colcon.colcon_core.shell:Creating environment descriptor '/home/user/robocup_basketball_ws/install/rb_mission/share/rb_mission/hook/pythonpath.dsv'
[6.486s] INFO:colcon.colcon_core.shell:Creating environment hook '/home/user/robocup_basketball_ws/install/rb_mission/share/rb_mission/hook/pythonpath.sh'
[6.486s] Level 1:colcon.colcon_core.environment:checking '/home/user/robocup_basketball_ws/install/rb_mission/bin'
[6.486s] Level 1:colcon.colcon_core.environment:create_environment_scripts_only(rb_mission)
[6.486s] INFO:colcon.colcon_core.shell:Creating package script '/home/user/robocup_basketball_ws/install/rb_mission/share/rb_mission/package.ps1'
[6.487s] INFO:colcon.colcon_core.shell:Creating package descriptor '/home/user/robocup_basketball_ws/install/rb_mission/share/rb_mission/package.dsv'
[6.487s] INFO:colcon.colcon_core.shell:Creating package script '/home/user/robocup_basketball_ws/install/rb_mission/share/rb_mission/package.sh'
[6.488s] INFO:colcon.colcon_core.shell:Creating package script '/home/user/robocup_basketball_ws/install/rb_mission/share/rb_mission/package.bash'
[6.488s] INFO:colcon.colcon_core.shell:Creating package script '/home/user/robocup_basketball_ws/install/rb_mission/share/rb_mission/package.zsh'
[6.488s] Level 1:colcon.colcon_core.environment:create_file_with_runtime_dependencies(/home/user/robocup_basketball_ws/install/rb_mission/share/colcon-core/packages/rb_mission)
[6.511s] Level 1:colcon.colcon_core.shell:create_environment_hook('rb_perception', 'pythonpath_develop')
[6.511s] INFO:colcon.colcon_core.shell:Creating environment hook '/home/user/robocup_basketball_ws/build/rb_perception/share/rb_perception/hook/pythonpath_develop.ps1'
[6.512s] DEBUG:colcon.colcon_core.event_handler.log_command:Invoked command in '/home/user/robocup_basketball_ws/build/rb_perception' returned '0': AMENT_PREFIX_PATH=/home/user/robocup_basketball_ws/install/rb_msgs:${AMENT_PREFIX_PATH} CMAKE_PREFIX_PATH=/home/user/robocup_basketball_ws/install/rb_msgs LD_LIBRARY_PATH=/home/user/robocup_basketball_ws/install/rb_msgs/lib:${LD_LIBRARY_PATH} PYTHONPATH=/home/user/robocup_basketball_ws/build/rb_perception/prefix_override:/usr/lib/python3/dist-packages/colcon_core/task/python/colcon_distutils_commands:/home/user/robocup_basketball_ws/install/rb_perception/lib/python3.10/site-packages:/home/user/robocup_basketball_ws/install/rb_msgs/local/lib/python3.10/dist-packages:${PYTHONPATH} /usr/bin/python3 -W ignore:setup.py install is deprecated -W ignore:easy_install command is deprecated setup.py develop --editable --build-directory /home/user/robocup_basketball_ws/build/rb_perception/build --no-deps symlink_data
[6.512s] INFO:colcon.colcon_core.shell:Creating environment descriptor '/home/user/robocup_basketball_ws/build/rb_perception/share/rb_perception/hook/pythonpath_develop.dsv'
[6.512s] INFO:colcon.colcon_core.shell:Creating environment hook '/home/user/robocup_basketball_ws/build/rb_perception/share/rb_perception/hook/pythonpath_develop.sh'
[6.513s] Level 1:colcon.colcon_core.environment:checking '/home/user/robocup_basketball_ws/install/rb_perception' for CMake module files
[6.513s] Level 1:colcon.colcon_core.environment:checking '/home/user/robocup_basketball_ws/install/rb_perception' for CMake config files
[6.513s] Level 1:colcon.colcon_core.environment:checking '/home/user/robocup_basketball_ws/install/rb_perception/lib'
[6.513s] Level 1:colcon.colcon_core.environment:checking '/home/user/robocup_basketball_ws/install/rb_perception/bin'
[6.513s] Level 1:colcon.colcon_core.environment:checking '/home/user/robocup_basketball_ws/install/rb_perception/lib/pkgconfig/rb_perception.pc'
[6.513s] Level 1:colcon.colcon_core.environment:checking '/home/user/robocup_basketball_ws/install/rb_perception/lib/python3.10/site-packages'
[6.513s] Level 1:colcon.colcon_core.shell:create_environment_hook('rb_perception', 'pythonpath')
[6.513s] INFO:colcon.colcon_core.shell:Creating environment hook '/home/user/robocup_basketball_ws/install/rb_perception/share/rb_perception/hook/pythonpath.ps1'
[6.514s] INFO:colcon.colcon_core.shell:Creating environment descriptor '/home/user/robocup_basketball_ws/install/rb_perception/share/rb_perception/hook/pythonpath.dsv'
[6.514s] INFO:colcon.colcon_core.shell:Creating environment hook '/home/user/robocup_basketball_ws/install/rb_perception/share/rb_perception/hook/pythonpath.sh'
[6.514s] Level 1:colcon.colcon_core.environment:checking '/home/user/robocup_basketball_ws/install/rb_perception/bin'
[6.514s] Level 1:colcon.colcon_core.environment:create_environment_scripts_only(rb_perception)
[6.514s] INFO:colcon.colcon_core.shell:Creating package script '/home/user/robocup_basketball_ws/install/rb_perception/share/rb_perception/package.ps1'
[6.515s] INFO:colcon.colcon_core.shell:Creating package descriptor '/home/user/robocup_basketball_ws/install/rb_perception/share/rb_perception/package.dsv'
[6.515s] INFO:colcon.colcon_core.shell:Creating package script '/home/user/robocup_basketball_ws/install/rb_perception/share/rb_perception/package.sh'
[6.515s] INFO:colcon.colcon_core.shell:Creating package script '/home/user/robocup_basketball_ws/install/rb_perception/share/rb_perception/package.bash'
[6.515s] INFO:colcon.colcon_core.shell:Creating package script '/home/user/robocup_basketball_ws/install/rb_perception/share/rb_perception/package.zsh'
[6.516s] Level 1:colcon.colcon_core.environment:create_file_with_runtime_dependencies(/home/user/robocup_basketball_ws/install/rb_perception/share/colcon-core/packages/rb_perception)
[6.528s] Level 1:colcon.colcon_core.shell:create_environment_hook('rb_localization', 'pythonpath_develop')
[6.528s] INFO:colcon.colcon_core.shell:Creating environment hook '/home/user/robocup_basketball_ws/build/rb_localization/share/rb_localization/hook/pythonpath_develop.ps1'
[6.528s] DEBUG:colcon.colcon_core.event_handler.log_command:Invoked command in '/home/user/robocup_basketball_ws/build/rb_localization' returned '0': AMENT_PREFIX_PATH=/home/user/robocup_basketball_ws/install/rb_msgs:${AMENT_PREFIX_PATH} CMAKE_PREFIX_PATH=/home/user/robocup_basketball_ws/install/rb_msgs LD_LIBRARY_PATH=/home/user/robocup_basketball_ws/install/rb_msgs/lib:${LD_LIBRARY_PATH} PYTHONPATH=/home/user/robocup_basketball_ws/build/rb_localization/prefix_override:/usr/lib/python3/dist-packages/colcon_core/task/python/colcon_distutils_commands:/home/user/robocup_basketball_ws/install/rb_localization/lib/python3.10/site-packages:/home/user/robocup_basketball_ws/install/rb_msgs/local/lib/python3.10/dist-packages:${PYTHONPATH} /usr/bin/python3 -W ignore:setup.py install is deprecated -W ignore:easy_install command is deprecated setup.py develop --editable --build-directory /home/user/robocup_basketball_ws/build/rb_localization/build --no-deps symlink_data
[6.529s] INFO:colcon.colcon_core.shell:Creating environment descriptor '/home/user/robocup_basketball_ws/build/rb_localization/share/rb_localization/hook/pythonpath_develop.dsv'
[6.529s] INFO:colcon.colcon_core.shell:Creating environment hook '/home/user/robocup_basketball_ws/build/rb_localization/share/rb_localization/hook/pythonpath_develop.sh'
[6.529s] Level 1:colcon.colcon_core.environment:checking '/home/user/robocup_basketball_ws/install/rb_localization' for CMake module files
[6.529s] Level 1:colcon.colcon_core.environment:checking '/home/user/robocup_basketball_ws/install/rb_localization' for CMake config files
[6.530s] Level 1:colcon.colcon_core.environment:checking '/home/user/robocup_basketball_ws/install/rb_localization/lib'
[6.530s] Level 1:colcon.colcon_core.environment:checking '/home/user/robocup_basketball_ws/install/rb_localization/bin'
[6.530s] Level 1:colcon.colcon_core.environment:checking '/home/user/robocup_basketball_ws/install/rb_localization/lib/pkgconfig/rb_localization.pc'
[6.530s] Level 1:colcon.colcon_core.environment:checking '/home/user/robocup_basketball_ws/install/rb_localization/lib/python3.10/site-packages'
[6.530s] Level 1:colcon.colcon_core.shell:create_environment_hook('rb_localization', 'pythonpath')
[6.530s] INFO:colcon.colcon_core.shell:Creating environment hook '/home/user/robocup_basketball_ws/install/rb_localization/share/rb_localization/hook/pythonpath.ps1'
[6.530s] INFO:colcon.colcon_core.shell:Creating environment descriptor '/home/user/robocup_basketball_ws/install/rb_localization/share/rb_localization/hook/pythonpath.dsv'
[6.530s] INFO:colcon.colcon_core.shell:Creating environment hook '/home/user/robocup_basketball_ws/install/rb_localization/share/rb_localization/hook/pythonpath.sh'
[6.531s] Level 1:colcon.colcon_core.environment:checking '/home/user/robocup_basketball_ws/install/rb_localization/bin'
[6.531s] Level 1:colcon.colcon_core.environment:create_environment_scripts_only(rb_localization)
[6.531s] INFO:colcon.colcon_core.shell:Creating package script '/home/user/robocup_basketball_ws/install/rb_localization/share/rb_localization/package.ps1'
[6.531s] INFO:colcon.colcon_core.shell:Creating package descriptor '/home/user/robocup_basketball_ws/install/rb_localization/share/rb_localization/package.dsv'
[6.531s] INFO:colcon.colcon_core.shell:Creating package script '/home/user/robocup_basketball_ws/install/rb_localization/share/rb_localization/package.sh'
[6.532s] INFO:colcon.colcon_core.shell:Creating package script '/home/user/robocup_basketball_ws/install/rb_localization/share/rb_localization/package.bash'
[6.532s] INFO:colcon.colcon_core.shell:Creating package script '/home/user/robocup_basketball_ws/install/rb_localization/share/rb_localization/package.zsh'
[6.532s] Level 1:colcon.colcon_core.environment:create_file_with_runtime_dependencies(/home/user/robocup_basketball_ws/install/rb_localization/share/colcon-core/packages/rb_localization)
[10.262s] DEBUG:colcon.colcon_core.event_handler.log_command:Invoked command in '/home/user/robocup_basketball_ws/build/rb_launcher' returned '0': AMENT_PREFIX_PATH=/home/user/robocup_basketball_ws/install/rb_msgs:${AMENT_PREFIX_PATH} CMAKE_PREFIX_PATH=/home/user/robocup_basketball_ws/install/rb_msgs:/opt/ros/humble LD_LIBRARY_PATH=/home/user/robocup_basketball_ws/install/rb_msgs/lib:${LD_LIBRARY_PATH} PYTHONPATH=/home/user/robocup_basketball_ws/install/rb_msgs/local/lib/python3.10/dist-packages:${PYTHONPATH} /usr/bin/cmake --build /home/user/robocup_basketball_ws/build/rb_launcher -- -j16 -l16
[10.262s] DEBUG:colcon.colcon_core.event_handler.log_command:Invoking command in '/home/user/robocup_basketball_ws/build/rb_launcher': AMENT_PREFIX_PATH=/home/user/robocup_basketball_ws/install/rb_msgs:${AMENT_PREFIX_PATH} CMAKE_PREFIX_PATH=/home/user/robocup_basketball_ws/install/rb_msgs:/opt/ros/humble LD_LIBRARY_PATH=/home/user/robocup_basketball_ws/install/rb_msgs/lib:${LD_LIBRARY_PATH} PYTHONPATH=/home/user/robocup_basketball_ws/install/rb_msgs/local/lib/python3.10/dist-packages:${PYTHONPATH} /usr/bin/cmake --install /home/user/robocup_basketball_ws/build/rb_launcher
[10.419s] Level 1:colcon.colcon_core.environment:create_environment_scripts_only(rb_launcher)
[10.420s] Level 1:colcon.colcon_core.environment:checking '/home/user/robocup_basketball_ws/install/rb_launcher' for CMake module files
[10.420s] DEBUG:colcon.colcon_core.event_handler.log_command:Invoked command in '/home/user/robocup_basketball_ws/build/rb_launcher' returned '0': AMENT_PREFIX_PATH=/home/user/robocup_basketball_ws/install/rb_msgs:${AMENT_PREFIX_PATH} CMAKE_PREFIX_PATH=/home/user/robocup_basketball_ws/install/rb_msgs:/opt/ros/humble LD_LIBRARY_PATH=/home/user/robocup_basketball_ws/install/rb_msgs/lib:${LD_LIBRARY_PATH} PYTHONPATH=/home/user/robocup_basketball_ws/install/rb_msgs/local/lib/python3.10/dist-packages:${PYTHONPATH} /usr/bin/cmake --install /home/user/robocup_basketball_ws/build/rb_launcher
[10.420s] Level 1:colcon.colcon_core.environment:checking '/home/user/robocup_basketball_ws/install/rb_launcher' for CMake config files
[10.421s] Level 1:colcon.colcon_core.shell:create_environment_hook('rb_launcher', 'cmake_prefix_path')
[10.421s] INFO:colcon.colcon_core.shell:Creating environment hook '/home/user/robocup_basketball_ws/install/rb_launcher/share/rb_launcher/hook/cmake_prefix_path.ps1'
[10.421s] INFO:colcon.colcon_core.shell:Creating environment descriptor '/home/user/robocup_basketball_ws/install/rb_launcher/share/rb_launcher/hook/cmake_prefix_path.dsv'
[10.422s] INFO:colcon.colcon_core.shell:Creating environment hook '/home/user/robocup_basketball_ws/install/rb_launcher/share/rb_launcher/hook/cmake_prefix_path.sh'
[10.423s] Level 1:colcon.colcon_core.environment:checking '/home/user/robocup_basketball_ws/install/rb_launcher/lib'
[10.423s] Level 1:colcon.colcon_core.environment:checking '/home/user/robocup_basketball_ws/install/rb_launcher/bin'
[10.423s] Level 1:colcon.colcon_core.environment:checking '/home/user/robocup_basketball_ws/install/rb_launcher/lib/pkgconfig/rb_launcher.pc'
[10.423s] Level 1:colcon.colcon_core.environment:checking '/home/user/robocup_basketball_ws/install/rb_launcher/lib/python3.10/site-packages'
[10.423s] Level 1:colcon.colcon_core.environment:checking '/home/user/robocup_basketball_ws/install/rb_launcher/bin'
[10.423s] INFO:colcon.colcon_core.shell:Creating package script '/home/user/robocup_basketball_ws/install/rb_launcher/share/rb_launcher/package.ps1'
[10.424s] INFO:colcon.colcon_core.shell:Creating package descriptor '/home/user/robocup_basketball_ws/install/rb_launcher/share/rb_launcher/package.dsv'
[10.424s] INFO:colcon.colcon_core.shell:Creating package script '/home/user/robocup_basketball_ws/install/rb_launcher/share/rb_launcher/package.sh'
[10.424s] INFO:colcon.colcon_core.shell:Creating package script '/home/user/robocup_basketball_ws/install/rb_launcher/share/rb_launcher/package.bash'
[10.424s] INFO:colcon.colcon_core.shell:Creating package script '/home/user/robocup_basketball_ws/install/rb_launcher/share/rb_launcher/package.zsh'
[10.424s] Level 1:colcon.colcon_core.environment:create_file_with_runtime_dependencies(/home/user/robocup_basketball_ws/install/rb_launcher/share/colcon-core/packages/rb_launcher)
[10.425s] Level 1:colcon.colcon_core.environment:create_environment_scripts_only(rb_launcher)
[10.425s] Level 1:colcon.colcon_core.environment:checking '/home/user/robocup_basketball_ws/install/rb_launcher' for CMake module files
[10.425s] Level 1:colcon.colcon_core.environment:checking '/home/user/robocup_basketball_ws/install/rb_launcher' for CMake config files
[10.425s] Level 1:colcon.colcon_core.shell:create_environment_hook('rb_launcher', 'cmake_prefix_path')
[10.425s] INFO:colcon.colcon_core.shell:Creating environment hook '/home/user/robocup_basketball_ws/install/rb_launcher/share/rb_launcher/hook/cmake_prefix_path.ps1'
[10.433s] INFO:colcon.colcon_core.shell:Creating environment descriptor '/home/user/robocup_basketball_ws/install/rb_launcher/share/rb_launcher/hook/cmake_prefix_path.dsv'
[10.433s] INFO:colcon.colcon_core.shell:Creating environment hook '/home/user/robocup_basketball_ws/install/rb_launcher/share/rb_launcher/hook/cmake_prefix_path.sh'
[10.433s] Level 1:colcon.colcon_core.environment:checking '/home/user/robocup_basketball_ws/install/rb_launcher/lib'
[10.433s] Level 1:colcon.colcon_core.environment:checking '/home/user/robocup_basketball_ws/install/rb_launcher/bin'
[10.434s] Level 1:colcon.colcon_core.environment:checking '/home/user/robocup_basketball_ws/install/rb_launcher/lib/pkgconfig/rb_launcher.pc'
[10.434s] Level 1:colcon.colcon_core.environment:checking '/home/user/robocup_basketball_ws/install/rb_launcher/lib/python3.10/site-packages'
[10.434s] Level 1:colcon.colcon_core.environment:checking '/home/user/robocup_basketball_ws/install/rb_launcher/bin'
[10.434s] INFO:colcon.colcon_core.shell:Creating package script '/home/user/robocup_basketball_ws/install/rb_launcher/share/rb_launcher/package.ps1'
[10.434s] INFO:colcon.colcon_core.shell:Creating package descriptor '/home/user/robocup_basketball_ws/install/rb_launcher/share/rb_launcher/package.dsv'
[10.434s] INFO:colcon.colcon_core.shell:Creating package script '/home/user/robocup_basketball_ws/install/rb_launcher/share/rb_launcher/package.sh'
[10.435s] INFO:colcon.colcon_core.shell:Creating package script '/home/user/robocup_basketball_ws/install/rb_launcher/share/rb_launcher/package.bash'
[10.435s] INFO:colcon.colcon_core.shell:Creating package script '/home/user/robocup_basketball_ws/install/rb_launcher/share/rb_launcher/package.zsh'
[10.435s] Level 1:colcon.colcon_core.environment:create_file_with_runtime_dependencies(/home/user/robocup_basketball_ws/install/rb_launcher/share/colcon-core/packages/rb_launcher)
[10.436s] INFO:colcon.colcon_ros.task.ament_cmake.build:Building ROS package in '/home/user/robocup_basketball_ws/src/rb_bringup' with build type 'ament_cmake'
[10.436s] INFO:colcon.colcon_cmake.task.cmake.build:Building CMake package in '/home/user/robocup_basketball_ws/src/rb_bringup'
[10.436s] INFO:colcon.colcon_core.shell:Skip shell extension 'powershell' for command environment: Not usable outside of PowerShell
[10.436s] DEBUG:colcon.colcon_core.shell:Skip shell extension 'dsv' for command environment
[10.448s] DEBUG:colcon.colcon_core.event_handler.log_command:Invoking command in '/home/user/robocup_basketball_ws/build/rb_bringup': AMENT_PREFIX_PATH=/home/user/robocup_basketball_ws/install/rb_perception:/home/user/robocup_basketball_ws/install/rb_mission:/home/user/robocup_basketball_ws/install/rb_localization:/home/user/robocup_basketball_ws/install/rb_launcher:/home/user/robocup_basketball_ws/install/rb_msgs:/home/user/robocup_basketball_ws/install/rb_chassis:${AMENT_PREFIX_PATH} CMAKE_PREFIX_PATH=/home/user/robocup_basketball_ws/install/rb_launcher:/home/user/robocup_basketball_ws/install/rb_msgs:/home/user/robocup_basketball_ws/install/rb_chassis:/opt/ros/humble LD_LIBRARY_PATH=/home/user/robocup_basketball_ws/install/rb_msgs/lib:/home/user/robocup_basketball_ws/install/rb_chassis/lib:${LD_LIBRARY_PATH} PYTHONPATH=/home/user/robocup_basketball_ws/build/rb_perception:/home/user/robocup_basketball_ws/install/rb_perception/lib/python3.10/site-packages:/home/user/robocup_basketball_ws/build/rb_mission:/home/user/robocup_basketball_ws/install/rb_mission/lib/python3.10/site-packages:/home/user/robocup_basketball_ws/build/rb_localization:/home/user/robocup_basketball_ws/install/rb_localization/lib/python3.10/site-packages:/home/user/robocup_basketball_ws/install/rb_msgs/local/lib/python3.10/dist-packages:${PYTHONPATH} /usr/bin/cmake /home/user/robocup_basketball_ws/src/rb_bringup -DAMENT_CMAKE_SYMLINK_INSTALL=1 -DCMAKE_INSTALL_PREFIX=/home/user/robocup_basketball_ws/install/rb_bringup
[10.878s] DEBUG:colcon.colcon_core.event_handler.log_command:Invoked command in '/home/user/robocup_basketball_ws/build/rb_bringup' returned '0': AMENT_PREFIX_PATH=/home/user/robocup_basketball_ws/install/rb_perception:/home/user/robocup_basketball_ws/install/rb_mission:/home/user/robocup_basketball_ws/install/rb_localization:/home/user/robocup_basketball_ws/install/rb_launcher:/home/user/robocup_basketball_ws/install/rb_msgs:/home/user/robocup_basketball_ws/install/rb_chassis:${AMENT_PREFIX_PATH} CMAKE_PREFIX_PATH=/home/user/robocup_basketball_ws/install/rb_launcher:/home/user/robocup_basketball_ws/install/rb_msgs:/home/user/robocup_basketball_ws/install/rb_chassis:/opt/ros/humble LD_LIBRARY_PATH=/home/user/robocup_basketball_ws/install/rb_msgs/lib:/home/user/robocup_basketball_ws/install/rb_chassis/lib:${LD_LIBRARY_PATH} PYTHONPATH=/home/user/robocup_basketball_ws/build/rb_perception:/home/user/robocup_basketball_ws/install/rb_perception/lib/python3.10/site-packages:/home/user/robocup_basketball_ws/build/rb_mission:/home/user/robocup_basketball_ws/install/rb_mission/lib/python3.10/site-packages:/home/user/robocup_basketball_ws/build/rb_localization:/home/user/robocup_basketball_ws/install/rb_localization/lib/python3.10/site-packages:/home/user/robocup_basketball_ws/install/rb_msgs/local/lib/python3.10/dist-packages:${PYTHONPATH} /usr/bin/cmake /home/user/robocup_basketball_ws/src/rb_bringup -DAMENT_CMAKE_SYMLINK_INSTALL=1 -DCMAKE_INSTALL_PREFIX=/home/user/robocup_basketball_ws/install/rb_bringup
[10.878s] DEBUG:colcon.colcon_core.event_handler.log_command:Invoking command in '/home/user/robocup_basketball_ws/build/rb_bringup': AMENT_PREFIX_PATH=/home/user/robocup_basketball_ws/install/rb_perception:/home/user/robocup_basketball_ws/install/rb_mission:/home/user/robocup_basketball_ws/install/rb_localization:/home/user/robocup_basketball_ws/install/rb_launcher:/home/user/robocup_basketball_ws/install/rb_msgs:/home/user/robocup_basketball_ws/install/rb_chassis:${AMENT_PREFIX_PATH} CMAKE_PREFIX_PATH=/home/user/robocup_basketball_ws/install/rb_launcher:/home/user/robocup_basketball_ws/install/rb_msgs:/home/user/robocup_basketball_ws/install/rb_chassis:/opt/ros/humble LD_LIBRARY_PATH=/home/user/robocup_basketball_ws/install/rb_msgs/lib:/home/user/robocup_basketball_ws/install/rb_chassis/lib:${LD_LIBRARY_PATH} PYTHONPATH=/home/user/robocup_basketball_ws/build/rb_perception:/home/user/robocup_basketball_ws/install/rb_perception/lib/python3.10/site-packages:/home/user/robocup_basketball_ws/build/rb_mission:/home/user/robocup_basketball_ws/install/rb_mission/lib/python3.10/site-packages:/home/user/robocup_basketball_ws/build/rb_localization:/home/user/robocup_basketball_ws/install/rb_localization/lib/python3.10/site-packages:/home/user/robocup_basketball_ws/install/rb_msgs/local/lib/python3.10/dist-packages:${PYTHONPATH} /usr/bin/cmake --build /home/user/robocup_basketball_ws/build/rb_bringup -- -j16 -l16
[10.907s] DEBUG:colcon.colcon_core.event_handler.log_command:Invoked command in '/home/user/robocup_basketball_ws/build/rb_bringup' returned '0': AMENT_PREFIX_PATH=/home/user/robocup_basketball_ws/install/rb_perception:/home/user/robocup_basketball_ws/install/rb_mission:/home/user/robocup_basketball_ws/install/rb_localization:/home/user/robocup_basketball_ws/install/rb_launcher:/home/user/robocup_basketball_ws/install/rb_msgs:/home/user/robocup_basketball_ws/install/rb_chassis:${AMENT_PREFIX_PATH} CMAKE_PREFIX_PATH=/home/user/robocup_basketball_ws/install/rb_launcher:/home/user/robocup_basketball_ws/install/rb_msgs:/home/user/robocup_basketball_ws/install/rb_chassis:/opt/ros/humble LD_LIBRARY_PATH=/home/user/robocup_basketball_ws/install/rb_msgs/lib:/home/user/robocup_basketball_ws/install/rb_chassis/lib:${LD_LIBRARY_PATH} PYTHONPATH=/home/user/robocup_basketball_ws/build/rb_perception:/home/user/robocup_basketball_ws/install/rb_perception/lib/python3.10/site-packages:/home/user/robocup_basketball_ws/build/rb_mission:/home/user/robocup_basketball_ws/install/rb_mission/lib/python3.10/site-packages:/home/user/robocup_basketball_ws/build/rb_localization:/home/user/robocup_basketball_ws/install/rb_localization/lib/python3.10/site-packages:/home/user/robocup_basketball_ws/install/rb_msgs/local/lib/python3.10/dist-packages:${PYTHONPATH} /usr/bin/cmake --build /home/user/robocup_basketball_ws/build/rb_bringup -- -j16 -l16
[10.907s] DEBUG:colcon.colcon_core.event_handler.log_command:Invoking command in '/home/user/robocup_basketball_ws/build/rb_bringup': AMENT_PREFIX_PATH=/home/user/robocup_basketball_ws/install/rb_perception:/home/user/robocup_basketball_ws/install/rb_mission:/home/user/robocup_basketball_ws/install/rb_localization:/home/user/robocup_basketball_ws/install/rb_launcher:/home/user/robocup_basketball_ws/install/rb_msgs:/home/user/robocup_basketball_ws/install/rb_chassis:${AMENT_PREFIX_PATH} CMAKE_PREFIX_PATH=/home/user/robocup_basketball_ws/install/rb_launcher:/home/user/robocup_basketball_ws/install/rb_msgs:/home/user/robocup_basketball_ws/install/rb_chassis:/opt/ros/humble LD_LIBRARY_PATH=/home/user/robocup_basketball_ws/install/rb_msgs/lib:/home/user/robocup_basketball_ws/install/rb_chassis/lib:${LD_LIBRARY_PATH} PYTHONPATH=/home/user/robocup_basketball_ws/build/rb_perception:/home/user/robocup_basketball_ws/install/rb_perception/lib/python3.10/site-packages:/home/user/robocup_basketball_ws/build/rb_mission:/home/user/robocup_basketball_ws/install/rb_mission/lib/python3.10/site-packages:/home/user/robocup_basketball_ws/build/rb_localization:/home/user/robocup_basketball_ws/install/rb_localization/lib/python3.10/site-packages:/home/user/robocup_basketball_ws/install/rb_msgs/local/lib/python3.10/dist-packages:${PYTHONPATH} /usr/bin/cmake --install /home/user/robocup_basketball_ws/build/rb_bringup
[11.020s] Level 1:colcon.colcon_core.environment:create_environment_scripts_only(rb_bringup)
[11.020s] Level 1:colcon.colcon_core.environment:checking '/home/user/robocup_basketball_ws/install/rb_bringup' for CMake module files
[11.020s] DEBUG:colcon.colcon_core.event_handler.log_command:Invoked command in '/home/user/robocup_basketball_ws/build/rb_bringup' returned '0': AMENT_PREFIX_PATH=/home/user/robocup_basketball_ws/install/rb_perception:/home/user/robocup_basketball_ws/install/rb_mission:/home/user/robocup_basketball_ws/install/rb_localization:/home/user/robocup_basketball_ws/install/rb_launcher:/home/user/robocup_basketball_ws/install/rb_msgs:/home/user/robocup_basketball_ws/install/rb_chassis:${AMENT_PREFIX_PATH} CMAKE_PREFIX_PATH=/home/user/robocup_basketball_ws/install/rb_launcher:/home/user/robocup_basketball_ws/install/rb_msgs:/home/user/robocup_basketball_ws/install/rb_chassis:/opt/ros/humble LD_LIBRARY_PATH=/home/user/robocup_basketball_ws/install/rb_msgs/lib:/home/user/robocup_basketball_ws/install/rb_chassis/lib:${LD_LIBRARY_PATH} PYTHONPATH=/home/user/robocup_basketball_ws/build/rb_perception:/home/user/robocup_basketball_ws/install/rb_perception/lib/python3.10/site-packages:/home/user/robocup_basketball_ws/build/rb_mission:/home/user/robocup_basketball_ws/install/rb_mission/lib/python3.10/site-packages:/home/user/robocup_basketball_ws/build/rb_localization:/home/user/robocup_basketball_ws/install/rb_localization/lib/python3.10/site-packages:/home/user/robocup_basketball_ws/install/rb_msgs/local/lib/python3.10/dist-packages:${PYTHONPATH} /usr/bin/cmake --install /home/user/robocup_basketball_ws/build/rb_bringup
[11.021s] Level 1:colcon.colcon_core.environment:checking '/home/user/robocup_basketball_ws/install/rb_bringup' for CMake config files
[11.021s] Level 1:colcon.colcon_core.shell:create_environment_hook('rb_bringup', 'cmake_prefix_path')
[11.021s] INFO:colcon.colcon_core.shell:Creating environment hook '/home/user/robocup_basketball_ws/install/rb_bringup/share/rb_bringup/hook/cmake_prefix_path.ps1'
[11.021s] INFO:colcon.colcon_core.shell:Creating environment descriptor '/home/user/robocup_basketball_ws/install/rb_bringup/share/rb_bringup/hook/cmake_prefix_path.dsv'
[11.022s] INFO:colcon.colcon_core.shell:Creating environment hook '/home/user/robocup_basketball_ws/install/rb_bringup/share/rb_bringup/hook/cmake_prefix_path.sh'
[11.022s] Level 1:colcon.colcon_core.environment:checking '/home/user/robocup_basketball_ws/install/rb_bringup/bin'
[11.022s] Level 1:colcon.colcon_core.environment:checking '/home/user/robocup_basketball_ws/install/rb_bringup/lib/pkgconfig/rb_bringup.pc'
[11.022s] Level 1:colcon.colcon_core.environment:checking '/home/user/robocup_basketball_ws/install/rb_bringup/lib/python3.10/site-packages'
[11.022s] Level 1:colcon.colcon_core.environment:checking '/home/user/robocup_basketball_ws/install/rb_bringup/bin'
[11.022s] INFO:colcon.colcon_core.shell:Creating package script '/home/user/robocup_basketball_ws/install/rb_bringup/share/rb_bringup/package.ps1'
[11.023s] INFO:colcon.colcon_core.shell:Creating package descriptor '/home/user/robocup_basketball_ws/install/rb_bringup/share/rb_bringup/package.dsv'
[11.023s] INFO:colcon.colcon_core.shell:Creating package script '/home/user/robocup_basketball_ws/install/rb_bringup/share/rb_bringup/package.sh'
[11.023s] INFO:colcon.colcon_core.shell:Creating package script '/home/user/robocup_basketball_ws/install/rb_bringup/share/rb_bringup/package.bash'
[11.023s] INFO:colcon.colcon_core.shell:Creating package script '/home/user/robocup_basketball_ws/install/rb_bringup/share/rb_bringup/package.zsh'
[11.024s] Level 1:colcon.colcon_core.environment:create_file_with_runtime_dependencies(/home/user/robocup_basketball_ws/install/rb_bringup/share/colcon-core/packages/rb_bringup)
[11.024s] Level 1:colcon.colcon_core.environment:create_environment_scripts_only(rb_bringup)
[11.024s] Level 1:colcon.colcon_core.environment:checking '/home/user/robocup_basketball_ws/install/rb_bringup' for CMake module files
[11.024s] Level 1:colcon.colcon_core.environment:checking '/home/user/robocup_basketball_ws/install/rb_bringup' for CMake config files
[11.024s] Level 1:colcon.colcon_core.shell:create_environment_hook('rb_bringup', 'cmake_prefix_path')
[11.025s] INFO:colcon.colcon_core.shell:Creating environment hook '/home/user/robocup_basketball_ws/install/rb_bringup/share/rb_bringup/hook/cmake_prefix_path.ps1'
[11.025s] INFO:colcon.colcon_core.shell:Creating environment descriptor '/home/user/robocup_basketball_ws/install/rb_bringup/share/rb_bringup/hook/cmake_prefix_path.dsv'
[11.025s] INFO:colcon.colcon_core.shell:Creating environment hook '/home/user/robocup_basketball_ws/install/rb_bringup/share/rb_bringup/hook/cmake_prefix_path.sh'
[11.025s] Level 1:colcon.colcon_core.environment:checking '/home/user/robocup_basketball_ws/install/rb_bringup/bin'
[11.025s] Level 1:colcon.colcon_core.environment:checking '/home/user/robocup_basketball_ws/install/rb_bringup/lib/pkgconfig/rb_bringup.pc'
[11.025s] Level 1:colcon.colcon_core.environment:checking '/home/user/robocup_basketball_ws/install/rb_bringup/lib/python3.10/site-packages'
[11.026s] Level 1:colcon.colcon_core.environment:checking '/home/user/robocup_basketball_ws/install/rb_bringup/bin'
[11.026s] INFO:colcon.colcon_core.shell:Creating package script '/home/user/robocup_basketball_ws/install/rb_bringup/share/rb_bringup/package.ps1'
[11.026s] INFO:colcon.colcon_core.shell:Creating package descriptor '/home/user/robocup_basketball_ws/install/rb_bringup/share/rb_bringup/package.dsv'
[11.026s] INFO:colcon.colcon_core.shell:Creating package script '/home/user/robocup_basketball_ws/install/rb_bringup/share/rb_bringup/package.sh'
[11.026s] INFO:colcon.colcon_core.shell:Creating package script '/home/user/robocup_basketball_ws/install/rb_bringup/share/rb_bringup/package.bash'
[11.027s] INFO:colcon.colcon_core.shell:Creating package script '/home/user/robocup_basketball_ws/install/rb_bringup/share/rb_bringup/package.zsh'
[11.027s] Level 1:colcon.colcon_core.environment:create_file_with_runtime_dependencies(/home/user/robocup_basketball_ws/install/rb_bringup/share/colcon-core/packages/rb_bringup)
[11.027s] DEBUG:colcon.colcon_parallel_executor.executor.parallel:closing loop
[11.027s] DEBUG:colcon.colcon_parallel_executor.executor.parallel:loop closed
[11.027s] DEBUG:colcon.colcon_parallel_executor.executor.parallel:run_until_complete finished with '0'
[11.027s] DEBUG:colcon.colcon_core.event_reactor:joining thread
[11.030s] INFO:colcon.colcon_core.plugin_system:Skipping extension 'colcon_notification.desktop_notification.terminal_notifier': Not used on non-Darwin systems
[11.030s] INFO:colcon.colcon_core.plugin_system:Skipping extension 'colcon_notification.desktop_notification.win32': Not used on non-Windows systems
[11.030s] INFO:colcon.colcon_notification.desktop_notification:Sending desktop notification using 'notify2'
[11.030s] DEBUG:colcon.colcon_notification.desktop_notification.notify2:Failed to initialize notify2: org.freedesktop.DBus.Error.NotSupported: Unable to autolaunch a dbus-daemon without a $DISPLAY for X11
[11.030s] DEBUG:colcon.colcon_core.event_reactor:joined thread
[11.030s] INFO:colcon.colcon_core.shell:Creating prefix script '/home/user/robocup_basketball_ws/install/local_setup.ps1'
[11.031s] INFO:colcon.colcon_core.shell:Creating prefix util module '/home/user/robocup_basketball_ws/install/_local_setup_util_ps1.py'
[11.031s] INFO:colcon.colcon_core.shell:Creating prefix chain script '/home/user/robocup_basketball_ws/install/setup.ps1'
[11.032s] INFO:colcon.colcon_core.shell:Creating prefix script '/home/user/robocup_basketball_ws/install/local_setup.sh'
[11.032s] INFO:colcon.colcon_core.shell:Creating prefix util module '/home/user/robocup_basketball_ws/install/_local_setup_util_sh.py'
[11.032s] INFO:colcon.colcon_core.shell:Creating prefix chain script '/home/user/robocup_basketball_ws/install/setup.sh'
[11.033s] INFO:colcon.colcon_core.shell:Creating prefix script '/home/user/robocup_basketball_ws/install/local_setup.bash'
[11.033s] INFO:colcon.colcon_core.shell:Creating prefix chain script '/home/user/robocup_basketball_ws/install/setup.bash'
[11.033s] INFO:colcon.colcon_core.shell:Creating prefix script '/home/user/robocup_basketball_ws/install/local_setup.zsh'
[11.034s] INFO:colcon.colcon_core.shell:Creating prefix chain script '/home/user/robocup_basketball_ws/install/setup.zsh'
