running develop
running egg_info
creating rb_perception.egg-info
writing rb_perception.egg-info/PKG-INFO
writing dependency_links to rb_perception.egg-info/dependency_links.txt
writing entry points to rb_perception.egg-info/entry_points.txt
writing requirements to rb_perception.egg-info/requires.txt
writing top-level names to rb_perception.egg-info/top_level.txt
writing manifest file 'rb_perception.egg-info/SOURCES.txt'
reading manifest file 'rb_perception.egg-info/SOURCES.txt'
writing manifest file 'rb_perception.egg-info/SOURCES.txt'
running build_ext
Creating /home/user/robocup_basketball_ws/install/rb_perception/lib/python3.10/site-packages/rb-perception.egg-link (link to .)
Installing perception_node script to /home/user/robocup_basketball_ws/install/rb_perception/lib/rb_perception

Installed /home/user/robocup_basketball_ws/build/rb_perception
running symlink_data
creating /home/user/robocup_basketball_ws/install/rb_perception/share/ament_index
creating /home/user/robocup_basketball_ws/install/rb_perception/share/ament_index/resource_index
creating /home/user/robocup_basketball_ws/install/rb_perception/share/ament_index/resource_index/packages
symbolically linking /home/user/robocup_basketball_ws/build/rb_perception/resource/rb_perception -> /home/user/robocup_basketball_ws/install/rb_perception/share/ament_index/resource_index/packages
symbolically linking /home/user/robocup_basketball_ws/build/rb_perception/package.xml -> /home/user/robocup_basketball_ws/install/rb_perception/share/rb_perception
creating /home/user/robocup_basketball_ws/install/rb_perception/share/rb_perception/launch
symbolically linking /home/user/robocup_basketball_ws/build/rb_perception/launch/perception.launch.py -> /home/user/robocup_basketball_ws/install/rb_perception/share/rb_perception/launch
creating /home/user/robocup_basketball_ws/install/rb_perception/share/rb_perception/config
symbolically linking /home/user/robocup_basketball_ws/build/rb_perception/config/perception.yaml -> /home/user/robocup_basketball_ws/install/rb_perception/share/rb_perception/config
