[0.666s] Invoking command in '/home/user/robocup_basketball_ws/build/rb_perception': AMENT_PREFIX_PATH=/home/user/robocup_basketball_ws/install/rb_msgs:${AMENT_PREFIX_PATH} CMAKE_PREFIX_PATH=/home/user/robocup_basketball_ws/install/rb_msgs LD_LIBRARY_PATH=/home/user/robocup_basketball_ws/install/rb_msgs/lib:${LD_LIBRARY_PATH} PYTHONPATH=/home/user/robocup_basketball_ws/build/rb_perception/prefix_override:/usr/lib/python3/dist-packages/colcon_core/task/python/colcon_distutils_commands:/home/user/robocup_basketball_ws/install/rb_perception/lib/python3.10/site-packages:/home/user/robocup_basketball_ws/install/rb_msgs/local/lib/python3.10/dist-packages:${PYTHONPATH} /usr/bin/python3 -W ignore:setup.py install is deprecated -W ignore:easy_install command is deprecated setup.py develop --editable --build-directory /home/user/robocup_basketball_ws/build/rb_perception/build --no-deps symlink_data
[0.856s] running develop
[0.938s] running egg_info
[0.938s] creating rb_perception.egg-info
[0.938s] writing rb_perception.egg-info/PKG-INFO
[0.939s] writing dependency_links to rb_perception.egg-info/dependency_links.txt
[0.939s] writing entry points to rb_perception.egg-info/entry_points.txt
[0.939s] writing requirements to rb_perception.egg-info/requires.txt
[0.939s] writing top-level names to rb_perception.egg-info/top_level.txt
[0.939s] writing manifest file 'rb_perception.egg-info/SOURCES.txt'
[0.940s] reading manifest file 'rb_perception.egg-info/SOURCES.txt'
[0.940s] writing manifest file 'rb_perception.egg-info/SOURCES.txt'
[0.941s] running build_ext
[0.941s] Creating /home/user/robocup_basketball_ws/install/rb_perception/lib/python3.10/site-packages/rb-perception.egg-link (link to .)
[0.941s] Installing perception_node script to /home/user/robocup_basketball_ws/install/rb_perception/lib/rb_perception
[0.941s] 
[0.942s] Installed /home/user/robocup_basketball_ws/build/rb_perception
[0.942s] running symlink_data
[0.942s] creating /home/user/robocup_basketball_ws/install/rb_perception/share/ament_index
[0.942s] creating /home/user/robocup_basketball_ws/install/rb_perception/share/ament_index/resource_index
[0.942s] creating /home/user/robocup_basketball_ws/install/rb_perception/share/ament_index/resource_index/packages
[0.942s] symbolically linking /home/user/robocup_basketball_ws/build/rb_perception/resource/rb_perception -> /home/user/robocup_basketball_ws/install/rb_perception/share/ament_index/resource_index/packages
[0.942s] symbolically linking /home/user/robocup_basketball_ws/build/rb_perception/package.xml -> /home/user/robocup_basketball_ws/install/rb_perception/share/rb_perception
[0.942s] creating /home/user/robocup_basketball_ws/install/rb_perception/share/rb_perception/launch
[0.942s] symbolically linking /home/user/robocup_basketball_ws/build/rb_perception/launch/perception.launch.py -> /home/user/robocup_basketball_ws/install/rb_perception/share/rb_perception/launch
[0.942s] creating /home/user/robocup_basketball_ws/install/rb_perception/share/rb_perception/config
[0.942s] symbolically linking /home/user/robocup_basketball_ws/build/rb_perception/config/perception.yaml -> /home/user/robocup_basketball_ws/install/rb_perception/share/rb_perception/config
[0.960s] Invoked command in '/home/user/robocup_basketball_ws/build/rb_perception' returned '0': AMENT_PREFIX_PATH=/home/user/robocup_basketball_ws/install/rb_msgs:${AMENT_PREFIX_PATH} CMAKE_PREFIX_PATH=/home/user/robocup_basketball_ws/install/rb_msgs LD_LIBRARY_PATH=/home/user/robocup_basketball_ws/install/rb_msgs/lib:${LD_LIBRARY_PATH} PYTHONPATH=/home/user/robocup_basketball_ws/build/rb_perception/prefix_override:/usr/lib/python3/dist-packages/colcon_core/task/python/colcon_distutils_commands:/home/user/robocup_basketball_ws/install/rb_perception/lib/python3.10/site-packages:/home/user/robocup_basketball_ws/install/rb_msgs/local/lib/python3.10/dist-packages:${PYTHONPATH} /usr/bin/python3 -W ignore:setup.py install is deprecated -W ignore:easy_install command is deprecated setup.py develop --editable --build-directory /home/user/robocup_basketball_ws/build/rb_perception/build --no-deps symlink_data
