[0.006s] Invoking command in '/home/user/robocup_basketball_ws/build/rb_launcher': AMENT_PREFIX_PATH=/home/user/robocup_basketball_ws/install/rb_msgs:${AMENT_PREFIX_PATH} CMAKE_PREFIX_PATH=/home/user/robocup_basketball_ws/install/rb_msgs:/opt/ros/humble LD_LIBRARY_PATH=/home/user/robocup_basketball_ws/install/rb_msgs/lib:${LD_LIBRARY_PATH} PYTHONPATH=/home/user/robocup_basketball_ws/install/rb_msgs/local/lib/python3.10/dist-packages:${PYTHONPATH} /usr/bin/cmake --build /home/user/robocup_basketball_ws/build/rb_launcher -- -j16 -l16
[0.040s] Consolidate compiler generated dependencies of target serial_base_lib
[0.051s] [ 33%] Built target serial_base_lib
[0.063s] Consolidate compiler generated dependencies of target serial_R1_lib
[0.077s] [ 50%] Building CXX object CMakeFiles/serial_R1_lib.dir/src/serial_port_R1.cpp.o
[0.979s] [ 66%] Linking CXX static library libserial_R1_lib.a
[1.006s] [ 66%] Built target serial_R1_lib
[1.018s] Consolidate compiler generated dependencies of target rb_launcher_node
[1.032s] [ 83%] Building CXX object CMakeFiles/rb_launcher_node.dir/src/rb_launcher_node.cpp.o
[2.736s] /home/user/robocup_basketball_ws/src/rb_launcher/src/rb_launcher_node.cpp: In constructor ‘RbLauncherNode::RbLauncherNode()’:
[2.736s] /home/user/robocup_basketball_ws/src/rb_launcher/src/rb_launcher_node.cpp:91:64: error: no matching function for call to ‘duration_cast<std::chrono::milliseconds>(int)’
[2.737s]    91 |           std::chrono::duration_cast<std::chrono::milliseconds>(
[2.737s]       |           ~~~~~~~~~~~~~~~~~~~~~~~~~~~~~~~~~~~~~~~~~~~~~~~~~~~~~^
[2.737s]    92 |               static_cast<int>(reconnect_period_s_ * 1000.0)),
[2.737s]       |               ~~~~~~~~~~~~~~~~~~~~~~~~~~~~~~~~~~~~~~~~~~~~~~~   
[2.737s] In file included from /home/user/robocup_basketball_ws/src/rb_launcher/src/rb_launcher_node.cpp:14:
[2.737s] /usr/include/c++/11/chrono:267:7: note: candidate: ‘template<class _ToDur, class _Rep, class _Period> constexpr std::chrono::__enable_if_is_duration<_ToDur> std::chrono::duration_cast(const std::chrono::duration<_Rep, _Period>&)’
[2.737s]   267 |       duration_cast(const duration<_Rep, _Period>& __d)
[2.737s]       |       ^~~~~~~~~~~~~
[2.737s] /usr/include/c++/11/chrono:267:7: note:   template argument deduction/substitution failed:
[2.737s] /home/user/robocup_basketball_ws/src/rb_launcher/src/rb_launcher_node.cpp:91:64: note:   mismatched types ‘const std::chrono::duration<_Rep, _Period>’ and ‘int’
[2.737s]    91 |           std::chrono::duration_cast<std::chrono::milliseconds>(
[2.737s]       |           ~~~~~~~~~~~~~~~~~~~~~~~~~~~~~~~~~~~~~~~~~~~~~~~~~~~~~^
[2.737s]    92 |               static_cast<int>(reconnect_period_s_ * 1000.0)),
[2.737s]       |               ~~~~~~~~~~~~~~~~~~~~~~~~~~~~~~~~~~~~~~~~~~~~~~~   
[3.675s] gmake[2]: *** [CMakeFiles/rb_launcher_node.dir/build.make:76: CMakeFiles/rb_launcher_node.dir/src/rb_launcher_node.cpp.o] Error 1
[3.675s] gmake[1]: *** [CMakeFiles/Makefile2:194: CMakeFiles/rb_launcher_node.dir/all] Error 2
[3.675s] gmake: *** [Makefile:146: all] Error 2
[3.677s] Invoked command in '/home/user/robocup_basketball_ws/build/rb_launcher' returned '2': AMENT_PREFIX_PATH=/home/user/robocup_basketball_ws/install/rb_msgs:${AMENT_PREFIX_PATH} CMAKE_PREFIX_PATH=/home/user/robocup_basketball_ws/install/rb_msgs:/opt/ros/humble LD_LIBRARY_PATH=/home/user/robocup_basketball_ws/install/rb_msgs/lib:${LD_LIBRARY_PATH} PYTHONPATH=/home/user/robocup_basketball_ws/install/rb_msgs/local/lib/python3.10/dist-packages:${PYTHONPATH} /usr/bin/cmake --build /home/user/robocup_basketball_ws/build/rb_launcher -- -j16 -l16
