[0.008s] Invoking command in '/home/user/robocup_basketball_ws/build/rb_chassis': CMAKE_PREFIX_PATH=/opt/ros/humble /usr/bin/cmake /home/user/robocup_basketball_ws/src/rb_chassis -DAMENT_CMAKE_SYMLINK_INSTALL=1 -DCMAKE_INSTALL_PREFIX=/home/user/robocup_basketball_ws/install/rb_chassis
[0.109s] -- The C compiler identification is GNU 11.4.0
[0.192s] -- The CXX compiler identification is GNU 11.4.0
[0.201s] -- Detecting C compiler ABI info
[0.260s] -- Detecting C compiler ABI info - done
[0.264s] -- Check for working C compiler: /usr/bin/cc - skipped
[0.264s] -- Detecting C compile features
[0.265s] -- Detecting C compile features - done
[0.269s] -- Detecting CXX compiler ABI info
[0.331s] -- Detecting CXX compiler ABI info - done
[0.336s] -- Check for working CXX compiler: /usr/bin/c++ - skipped
[0.336s] -- Detecting CXX compile features
[0.336s] -- Detecting CXX compile features - done
[0.341s] -- Found ament_cmake: 1.3.11 (/opt/ros/humble/share/ament_cmake/cmake)
[0.463s] -- Found Python3: /usr/bin/python3 (found version "3.10.12") found components: Interpreter 
[0.516s] -- Override CMake install command with custom implementation using symlinks instead of copying resources
[0.546s] -- Found rclcpp: 16.0.12 (/opt/ros/humble/share/rclcpp/cmake)
[0.581s] -- Found rosidl_generator_c: 3.1.6 (/opt/ros/humble/share/rosidl_generator_c/cmake)
[0.585s] -- Found rosidl_adapter: 3.1.6 (/opt/ros/humble/share/rosidl_adapter/cmake)
[0.592s] -- Found rosidl_generator_cpp: 3.1.6 (/opt/ros/humble/share/rosidl_generator_cpp/cmake)
[0.602s] -- Using all available rosidl_typesupport_c: rosidl_typesupport_fastrtps_c;rosidl_typesupport_introspection_c
[0.616s] -- Using all available rosidl_typesupport_cpp: rosidl_typesupport_fastrtps_cpp;rosidl_typesupport_introspection_cpp
[0.650s] -- Found rmw_implementation_cmake: 6.1.2 (/opt/ros/humble/share/rmw_implementation_cmake/cmake)
[0.651s] -- Found rmw_fastrtps_cpp: 6.2.7 (/opt/ros/humble/share/rmw_fastrtps_cpp/cmake)
[0.731s] -- Found OpenSSL: /usr/lib/x86_64-linux-gnu/libcrypto.so (found version "3.0.2")  
[0.751s] -- Found FastRTPS: /opt/ros/humble/include  
[0.777s] -- Using RMW implementation 'rmw_fastrtps_cpp' as default
[0.785s] -- Looking for pthread.h
[0.855s] -- Looking for pthread.h - found
[0.855s] -- Performing Test CMAKE_HAVE_LIBC_PTHREAD
[0.919s] -- Performing Test CMAKE_HAVE_LIBC_PTHREAD - Success
[0.920s] -- Found Threads: TRUE  
[0.960s] -- Found geometry_msgs: 4.8.0 (/opt/ros/humble/share/geometry_msgs/cmake)
[0.970s] -- Found nav_msgs: 4.8.0 (/opt/ros/humble/share/nav_msgs/cmake)
[1.027s] -- Configuring done
[1.036s] -- Generating done
[1.039s] -- Build files have been written to: /home/user/robocup_basketball_ws/build/rb_chassis
[1.046s] Invoked command in '/home/user/robocup_basketball_ws/build/rb_chassis' returned '0': CMAKE_PREFIX_PATH=/opt/ros/humble /usr/bin/cmake /home/user/robocup_basketball_ws/src/rb_chassis -DAMENT_CMAKE_SYMLINK_INSTALL=1 -DCMAKE_INSTALL_PREFIX=/home/user/robocup_basketball_ws/install/rb_chassis
[1.046s] Invoking command in '/home/user/robocup_basketball_ws/build/rb_chassis': CMAKE_PREFIX_PATH=/opt/ros/humble /usr/bin/cmake --build /home/user/robocup_basketball_ws/build/rb_chassis -- -j16 -l16
[1.087s] [ 25%] Building CXX object CMakeFiles/rb_can.dir/third_party/bupt_can.cpp.o
[1.087s] [ 25%] Building CXX object CMakeFiles/base_chassis.dir/src/base_chassis.cpp.o
[1.674s] [ 37%] Linking CXX static library librb_can.a
[1.708s] [ 37%] Built target rb_can
[7.341s] [ 50%] Linking CXX static library libbase_chassis.a
[7.493s] [ 50%] Built target base_chassis
[7.512s] [ 62%] Building CXX object CMakeFiles/omni_chassis.dir/src/omni_chassis.cpp.o
[9.276s] [ 75%] Linking CXX static library libomni_chassis.a
[9.302s] [ 75%] Built target omni_chassis
[9.317s] [ 87%] Building CXX object CMakeFiles/rb_chassis_node.dir/src/rb_chassis_node.cpp.o
[11.939s] [100%] Linking CXX executable rb_chassis_node
[12.350s] [100%] Built target rb_chassis_node
[12.363s] Invoked command in '/home/user/robocup_basketball_ws/build/rb_chassis' returned '0': CMAKE_PREFIX_PATH=/opt/ros/humble /usr/bin/cmake --build /home/user/robocup_basketball_ws/build/rb_chassis -- -j16 -l16
[12.371s] Invoking command in '/home/user/robocup_basketball_ws/build/rb_chassis': CMAKE_PREFIX_PATH=/opt/ros/humble /usr/bin/cmake --install /home/user/robocup_basketball_ws/build/rb_chassis
[12.378s] -- Install configuration: ""
[12.378s] -- Execute custom install script
[12.379s] -- Up-to-date symlink: /home/user/robocup_basketball_ws/install/rb_chassis/lib/libbase_chassis.a
[12.379s] -- Up-to-date symlink: /home/user/robocup_basketball_ws/install/rb_chassis/lib/libomni_chassis.a
[12.379s] -- Up-to-date symlink: /home/user/robocup_basketball_ws/install/rb_chassis/lib/rb_chassis/rb_chassis_node
[12.379s] -- Up-to-date symlink: /home/user/robocup_basketball_ws/install/rb_chassis/include/chassis_lib/base_chassis.h
[12.380s] -- Up-to-date symlink: /home/user/robocup_basketball_ws/install/rb_chassis/include/chassis_lib/omni_chassis.h
[12.380s] -- Up-to-date symlink: /home/user/robocup_basketball_ws/install/rb_chassis/include/utils/utils.h
[12.380s] -- Up-to-date symlink: /home/user/robocup_basketball_ws/install/rb_chassis/share/rb_chassis/launch/chassis.launch.py
[12.380s] -- Up-to-date symlink: /home/user/robocup_basketball_ws/install/rb_chassis/share/rb_chassis/config/chassis.yaml
[12.380s] -- Up-to-date symlink: /home/user/robocup_basketball_ws/install/rb_chassis/share/rb_chassis/environment/library_path.sh
[12.380s] -- Up-to-date symlink: /home/user/robocup_basketball_ws/install/rb_chassis/share/rb_chassis/environment/library_path.dsv
[12.380s] -- Up-to-date symlink: /home/user/robocup_basketball_ws/install/rb_chassis/share/ament_index/resource_index/package_run_dependencies/rb_chassis
[12.381s] -- Up-to-date symlink: /home/user/robocup_basketball_ws/install/rb_chassis/share/ament_index/resource_index/parent_prefix_path/rb_chassis
[12.381s] -- Up-to-date symlink: /home/user/robocup_basketball_ws/install/rb_chassis/share/rb_chassis/environment/ament_prefix_path.sh
[12.381s] -- Up-to-date symlink: /home/user/robocup_basketball_ws/install/rb_chassis/share/rb_chassis/environment/ament_prefix_path.dsv
[12.381s] -- Up-to-date symlink: /home/user/robocup_basketball_ws/install/rb_chassis/share/rb_chassis/environment/path.sh
[12.381s] -- Up-to-date symlink: /home/user/robocup_basketball_ws/install/rb_chassis/share/rb_chassis/environment/path.dsv
[12.381s] -- Up-to-date symlink: /home/user/robocup_basketball_ws/install/rb_chassis/share/rb_chassis/local_setup.bash
[12.381s] -- Up-to-date symlink: /home/user/robocup_basketball_ws/install/rb_chassis/share/rb_chassis/local_setup.sh
[12.382s] -- Up-to-date symlink: /home/user/robocup_basketball_ws/install/rb_chassis/share/rb_chassis/local_setup.zsh
[12.382s] -- Up-to-date symlink: /home/user/robocup_basketball_ws/install/rb_chassis/share/rb_chassis/local_setup.dsv
[12.382s] -- Symlinking: /home/user/robocup_basketball_ws/install/rb_chassis/share/rb_chassis/package.dsv
[12.389s] -- Up-to-date symlink: /home/user/robocup_basketball_ws/install/rb_chassis/share/ament_index/resource_index/packages/rb_chassis
[12.389s] -- Up-to-date symlink: /home/user/robocup_basketball_ws/install/rb_chassis/share/rb_chassis/cmake/ament_cmake_export_include_directories-extras.cmake
[12.389s] -- Up-to-date symlink: /home/user/robocup_basketball_ws/install/rb_chassis/share/rb_chassis/cmake/ament_cmake_export_libraries-extras.cmake
[12.389s] -- Up-to-date symlink: /home/user/robocup_basketball_ws/install/rb_chassis/share/rb_chassis/cmake/ament_cmake_export_dependencies-extras.cmake
[12.389s] -- Up-to-date symlink: /home/user/robocup_basketball_ws/install/rb_chassis/share/rb_chassis/cmake/rb_chassisConfig.cmake
[12.389s] -- Up-to-date symlink: /home/user/robocup_basketball_ws/install/rb_chassis/share/rb_chassis/cmake/rb_chassisConfig-version.cmake
[12.389s] -- Up-to-date symlink: /home/user/robocup_basketball_ws/install/rb_chassis/share/rb_chassis/package.xml
[12.391s] Invoked command in '/home/user/robocup_basketball_ws/build/rb_chassis' returned '0': CMAKE_PREFIX_PATH=/opt/ros/humble /usr/bin/cmake --install /home/user/robocup_basketball_ws/build/rb_chassis
