[0.006s] Invoking command in '/home/user/robocup_basketball_ws/build/rb_msgs': CMAKE_PREFIX_PATH=/opt/ros/humble /usr/bin/cmake /home/user/robocup_basketball_ws/src/rb_msgs -DAMENT_CMAKE_SYMLINK_INSTALL=1 -DCMAKE_INSTALL_PREFIX=/home/user/robocup_basketball_ws/install/rb_msgs
[0.013s] -- Found ament_cmake: 1.3.11 (/opt/ros/humble/share/ament_cmake/cmake)
[0.099s] -- Override CMake install command with custom implementation using symlinks instead of copying resources
[0.103s] -- Found rosidl_default_generators: 1.2.0 (/opt/ros/humble/share/rosidl_default_generators/cmake)
[0.104s] -- Using all available rosidl_typesupport_c: rosidl_typesupport_fastrtps_c;rosidl_typesupport_introspection_c
[0.105s] -- Found rosidl_adapter: 3.1.6 (/opt/ros/humble/share/rosidl_adapter/cmake)
[0.122s] -- Using all available rosidl_typesupport_cpp: rosidl_typesupport_fastrtps_cpp;rosidl_typesupport_introspection_cpp
[0.136s] -- Found std_msgs: 4.8.0 (/opt/ros/humble/share/std_msgs/cmake)
[0.149s] -- Found geometry_msgs: 4.8.0 (/opt/ros/humble/share/geometry_msgs/cmake)
[0.358s] -- Found ament_cmake_ros: 0.10.0 (/opt/ros/humble/share/ament_cmake_ros/cmake)
[0.532s] -- Using all available rosidl_typesupport_c: rosidl_typesupport_fastrtps_c;rosidl_typesupport_introspection_c
[0.769s] -- Using all available rosidl_typesupport_cpp: rosidl_typesupport_fastrtps_cpp;rosidl_typesupport_introspection_cpp
[0.785s] -- Found python_cmake_module: 0.10.0 (/opt/ros/humble/share/python_cmake_module/cmake)
[0.805s] -- Using PYTHON_EXECUTABLE: /usr/bin/python3
[0.805s] -- Using PYTHON_INCLUDE_DIRS: /usr/include/python3.10
[0.806s] -- Using PYTHON_LIBRARIES: /usr/lib/x86_64-linux-gnu/libpython3.10.so
[0.831s] -- Configuring done
[0.854s] -- Generating done
[0.862s] -- Build files have been written to: /home/user/robocup_basketball_ws/build/rb_msgs
[0.867s] Invoked command in '/home/user/robocup_basketball_ws/build/rb_msgs' returned '0': CMAKE_PREFIX_PATH=/opt/ros/humble /usr/bin/cmake /home/user/robocup_basketball_ws/src/rb_msgs -DAMENT_CMAKE_SYMLINK_INSTALL=1 -DCMAKE_INSTALL_PREFIX=/home/user/robocup_basketball_ws/install/rb_msgs
[0.867s] Invoking command in '/home/user/robocup_basketball_ws/build/rb_msgs': CMAKE_PREFIX_PATH=/opt/ros/humble /usr/bin/cmake --build /home/user/robocup_basketball_ws/build/rb_msgs -- -j16 -l16
[0.899s] Consolidate compiler generated dependencies of target rb_msgs__rosidl_generator_c
[0.903s] failed to create symbolic link '/home/user/robocup_basketball_ws/build/rb_msgs/ament_cmake_python/rb_msgs/rb_msgs' because existing path cannot be removed: Is a directory
[0.903s] gmake[2]: *** [CMakeFiles/ament_cmake_python_symlink_rb_msgs.dir/build.make:70: CMakeFiles/ament_cmake_python_symlink_rb_msgs] Error 1
[0.903s] gmake[1]: *** [CMakeFiles/Makefile2:421: CMakeFiles/ament_cmake_python_symlink_rb_msgs.dir/all] Error 2
[0.903s] gmake[1]: *** Waiting for unfinished jobs....
[0.904s] [  1%] Built target rb_msgs__cpp
[0.908s] [ 12%] Built target rb_msgs__rosidl_generator_c
[0.908s] gmake: *** [Makefile:146: all] Error 2
[0.910s] Invoked command in '/home/user/robocup_basketball_ws/build/rb_msgs' returned '2': CMAKE_PREFIX_PATH=/opt/ros/humble /usr/bin/cmake --build /home/user/robocup_basketball_ws/build/rb_msgs -- -j16 -l16
