-- Found ament_cmake: 1.3.11 (/opt/ros/humble/share/ament_cmake/cmake)
-- Override CMake install command with custom implementation using symlinks instead of copying resources
-- Found rclcpp: 16.0.12 (/opt/ros/humble/share/rclcpp/cmake)
-- Found rosidl_generator_c: 3.1.6 (/opt/ros/humble/share/rosidl_generator_c/cmake)
-- Found rosidl_adapter: 3.1.6 (/opt/ros/humble/share/rosidl_adapter/cmake)
-- Found rosidl_generator_cpp: 3.1.6 (/opt/ros/humble/share/rosidl_generator_cpp/cmake)
-- Using all available rosidl_typesupport_c: rosidl_typesupport_fastrtps_c;rosidl_typesupport_introspection_c
-- Using all available rosidl_typesupport_cpp: rosidl_typesupport_fastrtps_cpp;rosidl_typesupport_introspection_cpp
-- Found rmw_implementation_cmake: 6.1.2 (/opt/ros/humble/share/rmw_implementation_cmake/cmake)
-- Found rmw_fastrtps_cpp: 6.2.7 (/opt/ros/humble/share/rmw_fastrtps_cpp/cmake)
-- Using RMW implementation 'rmw_fastrtps_cpp' as default
-- Found rb_msgs: 0.1.0 (/home/user/robocup_basketball_ws/install/rb_msgs/share/rb_msgs/cmake)
-- Configuring done
-- Generating done
-- Build files have been written to: /home/user/robocup_basketball_ws/build/rb_launcher
Consolidate compiler generated dependencies of target serial_base_lib
[ 33%] Built target serial_base_lib
Consolidate compiler generated dependencies of target serial_R1_lib
[ 66%] Built target serial_R1_lib
Consolidate compiler generated dependencies of target rb_launcher_node
[ 83%] Building CXX object CMakeFiles/rb_launcher_node.dir/src/rb_launcher_node.cpp.o
[100%] Linking CXX executable rb_launcher_node
[100%] Built target rb_launcher_node
-- Install configuration: ""
-- Execute custom install script
-- Symlinking: /home/user/robocup_basketball_ws/install/rb_launcher/lib/rb_launcher/rb_launcher_node
-- Symlinking: /home/user/robocup_basketball_ws/install/rb_launcher/include/serial_port/serial_port.hpp
-- Symlinking: /home/user/robocup_basketball_ws/install/rb_launcher/include/serial_port/serial_port_R1.hpp
-- Symlinking: /home/user/robocup_basketball_ws/install/rb_launcher/include/utils/message.hpp
-- Symlinking: /home/user/robocup_basketball_ws/install/rb_launcher/share/rb_launcher/launch/launcher.launch.py
-- Symlinking: /home/user/robocup_basketball_ws/install/rb_launcher/share/rb_launcher/config/launcher.yaml
-- Symlinking: /home/user/robocup_basketball_ws/install/rb_launcher/share/ament_index/resource_index/package_run_dependencies/rb_launcher
-- Symlinking: /home/user/robocup_basketball_ws/install/rb_launcher/share/ament_index/resource_index/parent_prefix_path/rb_launcher
-- Symlinking: /home/user/robocup_basketball_ws/install/rb_launcher/share/rb_launcher/environment/ament_prefix_path.sh
-- Symlinking: /home/user/robocup_basketball_ws/install/rb_launcher/share/rb_launcher/environment/ament_prefix_path.dsv
-- Symlinking: /home/user/robocup_basketball_ws/install/rb_launcher/share/rb_launcher/environment/path.sh
-- Symlinking: /home/user/robocup_basketball_ws/install/rb_launcher/share/rb_launcher/environment/path.dsv
-- Symlinking: /home/user/robocup_basketball_ws/install/rb_launcher/share/rb_launcher/local_setup.bash
-- Symlinking: /home/user/robocup_basketball_ws/install/rb_launcher/share/rb_launcher/local_setup.sh
-- Symlinking: /home/user/robocup_basketball_ws/install/rb_launcher/share/rb_launcher/local_setup.zsh
-- Symlinking: /home/user/robocup_basketball_ws/install/rb_launcher/share/rb_launcher/local_setup.dsv
-- Symlinking: /home/user/robocup_basketball_ws/install/rb_launcher/share/rb_launcher/package.dsv
-- Symlinking: /home/user/robocup_basketball_ws/install/rb_launcher/share/ament_index/resource_index/packages/rb_launcher
-- Symlinking: /home/user/robocup_basketball_ws/install/rb_launcher/share/rb_launcher/cmake/ament_cmake_export_include_directories-extras.cmake
-- Symlinking: /home/user/robocup_basketball_ws/install/rb_launcher/share/rb_launcher/cmake/rb_launcherConfig.cmake
-- Symlinking: /home/user/robocup_basketball_ws/install/rb_launcher/share/rb_launcher/cmake/rb_launcherConfig-version.cmake
-- Symlinking: /home/user/robocup_basketball_ws/install/rb_launcher/share/rb_launcher/package.xml
