[0.009s] Invoking command in '/home/user/robocup_basketball_ws/build/rb_launcher': AMENT_PREFIX_PATH=/home/user/robocup_basketball_ws/install/rb_msgs:${AMENT_PREFIX_PATH} CMAKE_PREFIX_PATH=/home/user/robocup_basketball_ws/install/rb_msgs:/opt/ros/humble LD_LIBRARY_PATH=/home/user/robocup_basketball_ws/install/rb_msgs/lib:${LD_LIBRARY_PATH} PYTHONPATH=/home/user/robocup_basketball_ws/install/rb_msgs/local/lib/python3.10/dist-packages:${PYTHONPATH} /usr/bin/cmake /home/user/robocup_basketball_ws/src/rb_launcher -DAMENT_CMAKE_SYMLINK_INSTALL=1 -DCMAKE_INSTALL_PREFIX=/home/user/robocup_basketball_ws/install/rb_launcher
[0.157s] -- Found ament_cmake: 1.3.11 (/opt/ros/humble/share/ament_cmake/cmake)
[0.157s] -- Override CMake install command with custom implementation using symlinks instead of copying resources
[0.157s] -- Found rclcpp: 16.0.12 (/opt/ros/humble/share/rclcpp/cmake)
[0.157s] -- Found rosidl_generator_c: 3.1.6 (/opt/ros/humble/share/rosidl_generator_c/cmake)
[0.157s] -- Found rosidl_adapter: 3.1.6 (/opt/ros/humble/share/rosidl_adapter/cmake)
[0.157s] -- Found rosidl_generator_cpp: 3.1.6 (/opt/ros/humble/share/rosidl_generator_cpp/cmake)
[0.157s] -- Using all available rosidl_typesupport_c: rosidl_typesupport_fastrtps_c;rosidl_typesupport_introspection_c
[0.157s] -- Using all available rosidl_typesupport_cpp: rosidl_typesupport_fastrtps_cpp;rosidl_typesupport_introspection_cpp
[0.429s] -- Found rmw_implementation_cmake: 6.1.2 (/opt/ros/humble/share/rmw_implementation_cmake/cmake)
[0.429s] -- Found rmw_fastrtps_cpp: 6.2.7 (/opt/ros/humble/share/rmw_fastrtps_cpp/cmake)
[0.429s] -- Using RMW implementation 'rmw_fastrtps_cpp' as default
[0.430s] -- Found rb_msgs: 0.1.0 (/home/user/robocup_basketball_ws/install/rb_msgs/share/rb_msgs/cmake)
[0.430s] -- Configuring done
[0.430s] -- Generating done
[0.430s] -- Build files have been written to: /home/user/robocup_basketball_ws/build/rb_launcher
[0.430s] Invoked command in '/home/user/robocup_basketball_ws/build/rb_launcher' returned '0': AMENT_PREFIX_PATH=/home/user/robocup_basketball_ws/install/rb_msgs:${AMENT_PREFIX_PATH} CMAKE_PREFIX_PATH=/home/user/robocup_basketball_ws/install/rb_msgs:/opt/ros/humble LD_LIBRARY_PATH=/home/user/robocup_basketball_ws/install/rb_msgs/lib:${LD_LIBRARY_PATH} PYTHONPATH=/home/user/robocup_basketball_ws/install/rb_msgs/local/lib/python3.10/dist-packages:${PYTHONPATH} /usr/bin/cmake /home/user/robocup_basketball_ws/src/rb_launcher -DAMENT_CMAKE_SYMLINK_INSTALL=1 -DCMAKE_INSTALL_PREFIX=/home/user/robocup_basketball_ws/install/rb_launcher
[0.431s] Invoking command in '/home/user/robocup_basketball_ws/build/rb_launcher': AMENT_PREFIX_PATH=/home/user/robocup_basketball_ws/install/rb_msgs:${AMENT_PREFIX_PATH} CMAKE_PREFIX_PATH=/home/user/robocup_basketball_ws/install/rb_msgs:/opt/ros/humble LD_LIBRARY_PATH=/home/user/robocup_basketball_ws/install/rb_msgs/lib:${LD_LIBRARY_PATH} PYTHONPATH=/home/user/robocup_basketball_ws/install/rb_msgs/local/lib/python3.10/dist-packages:${PYTHONPATH} /usr/bin/cmake --build /home/user/robocup_basketball_ws/build/rb_launcher -- -j16 -l16
[0.471s] Consolidate compiler generated dependencies of target serial_base_lib
[0.484s] [ 33%] Built target serial_base_lib
[0.498s] Consolidate compiler generated dependencies of target serial_R1_lib
[0.512s] [ 66%] Built target serial_R1_lib
[0.524s] Consolidate compiler generated dependencies of target rb_launcher_node
[0.540s] [ 83%] Building CXX object CMakeFiles/rb_launcher_node.dir/src/rb_launcher_node.cpp.o
[4.529s] [100%] Linking CXX executable rb_launcher_node
[4.701s] [100%] Built target rb_launcher_node
[4.716s] Invoked command in '/home/user/robocup_basketball_ws/build/rb_launcher' returned '0': AMENT_PREFIX_PATH=/home/user/robocup_basketball_ws/install/rb_msgs:${AMENT_PREFIX_PATH} CMAKE_PREFIX_PATH=/home/user/robocup_basketball_ws/install/rb_msgs:/opt/ros/humble LD_LIBRARY_PATH=/home/user/robocup_basketball_ws/install/rb_msgs/lib:${LD_LIBRARY_PATH} PYTHONPATH=/home/user/robocup_basketball_ws/install/rb_msgs/local/lib/python3.10/dist-packages:${PYTHONPATH} /usr/bin/cmake --build /home/user/robocup_basketball_ws/build/rb_launcher -- -j16 -l16
[4.716s] Invoking command in '/home/user/robocup_basketball_ws/build/rb_launcher': AMENT_PREFIX_PATH=/home/user/robocup_basketball_ws/install/rb_msgs:${AMENT_PREFIX_PATH} CMAKE_PREFIX_PATH=/home/user/robocup_basketball_ws/install/rb_msgs:/opt/ros/humble LD_LIBRARY_PATH=/home/user/robocup_basketball_ws/install/rb_msgs/lib:${LD_LIBRARY_PATH} PYTHONPATH=/home/user/robocup_basketball_ws/install/rb_msgs/local/lib/python3.10/dist-packages:${PYTHONPATH} /usr/bin/cmake --install /home/user/robocup_basketball_ws/build/rb_launcher
[4.724s] -- Install configuration: ""
[4.724s] -- Execute custom install script
[4.724s] -- Symlinking: /home/user/robocup_basketball_ws/install/rb_launcher/lib/rb_launcher/rb_launcher_node
[4.732s] -- Symlinking: /home/user/robocup_basketball_ws/install/rb_launcher/include/serial_port/serial_port.hpp
[4.740s] -- Symlinking: /home/user/robocup_basketball_ws/install/rb_launcher/include/serial_port/serial_port_R1.hpp
[4.748s] -- Symlinking: /home/user/robocup_basketball_ws/install/rb_launcher/include/utils/message.hpp
[4.755s] -- Symlinking: /home/user/robocup_basketball_ws/install/rb_launcher/share/rb_launcher/launch/launcher.launch.py
[4.760s] -- Symlinking: /home/user/robocup_basketball_ws/install/rb_launcher/share/rb_launcher/config/launcher.yaml
[4.766s] -- Symlinking: /home/user/robocup_basketball_ws/install/rb_launcher/share/ament_index/resource_index/package_run_dependencies/rb_launcher
[4.773s] -- Symlinking: /home/user/robocup_basketball_ws/install/rb_launcher/share/ament_index/resource_index/parent_prefix_path/rb_launcher
[4.781s] -- Symlinking: /home/user/robocup_basketball_ws/install/rb_launcher/share/rb_launcher/environment/ament_prefix_path.sh
[4.788s] -- Symlinking: /home/user/robocup_basketball_ws/install/rb_launcher/share/rb_launcher/environment/ament_prefix_path.dsv
[4.795s] -- Symlinking: /home/user/robocup_basketball_ws/install/rb_launcher/share/rb_launcher/environment/path.sh
[4.803s] -- Symlinking: /home/user/robocup_basketball_ws/install/rb_launcher/share/rb_launcher/environment/path.dsv
[4.808s] -- Symlinking: /home/user/robocup_basketball_ws/install/rb_launcher/share/rb_launcher/local_setup.bash
[4.815s] -- Symlinking: /home/user/robocup_basketball_ws/install/rb_launcher/share/rb_launcher/local_setup.sh
[4.822s] -- Symlinking: /home/user/robocup_basketball_ws/install/rb_launcher/share/rb_launcher/local_setup.zsh
[4.829s] -- Symlinking: /home/user/robocup_basketball_ws/install/rb_launcher/share/rb_launcher/local_setup.dsv
[4.835s] -- Symlinking: /home/user/robocup_basketball_ws/install/rb_launcher/share/rb_launcher/package.dsv
[4.840s] -- Symlinking: /home/user/robocup_basketball_ws/install/rb_launcher/share/ament_index/resource_index/packages/rb_launcher
[4.848s] -- Symlinking: /home/user/robocup_basketball_ws/install/rb_launcher/share/rb_launcher/cmake/ament_cmake_export_include_directories-extras.cmake
[4.855s] -- Symlinking: /home/user/robocup_basketball_ws/install/rb_launcher/share/rb_launcher/cmake/rb_launcherConfig.cmake
[4.862s] -- Symlinking: /home/user/robocup_basketball_ws/install/rb_launcher/share/rb_launcher/cmake/rb_launcherConfig-version.cmake
[4.868s] -- Symlinking: /home/user/robocup_basketball_ws/install/rb_launcher/share/rb_launcher/package.xml
[4.874s] Invoked command in '/home/user/robocup_basketball_ws/build/rb_launcher' returned '0': AMENT_PREFIX_PATH=/home/user/robocup_basketball_ws/install/rb_msgs:${AMENT_PREFIX_PATH} CMAKE_PREFIX_PATH=/home/user/robocup_basketball_ws/install/rb_msgs:/opt/ros/humble LD_LIBRARY_PATH=/home/user/robocup_basketball_ws/install/rb_msgs/lib:${LD_LIBRARY_PATH} PYTHONPATH=/home/user/robocup_basketball_ws/install/rb_msgs/local/lib/python3.10/dist-packages:${PYTHONPATH} /usr/bin/cmake --install /home/user/robocup_basketball_ws/build/rb_launcher
