[0.005s] Invoking command in '/home/user/robocup_basketball_ws/build/rb_msgs': CMAKE_PREFIX_PATH=/opt/ros/humble /usr/bin/cmake /home/user/robocup_basketball_ws/src/rb_msgs -DAMENT_CMAKE_SYMLINK_INSTALL=1 -DCMAKE_INSTALL_PREFIX=/home/user/robocup_basketball_ws/install/rb_msgs
[0.051s] -- The C compiler identification is GNU 11.4.0
[0.091s] -- The CXX compiler identification is GNU 11.4.0
[0.096s] -- Detecting C compiler ABI info
[0.142s] -- Detecting C compiler ABI info - done
[0.147s] -- Check for working C compiler: /usr/bin/cc - skipped
[0.148s] -- Detecting C compile features
[0.148s] -- Detecting C compile features - done
[0.149s] -- Detecting CXX compiler ABI info
[0.208s] -- Detecting CXX compiler ABI info - done
[0.213s] -- Check for working CXX compiler: /usr/bin/c++ - skipped
[0.213s] -- Detecting CXX compile features
[0.213s] -- Detecting CXX compile features - done
[0.215s] -- Found ament_cmake: 1.3.11 (/opt/ros/humble/share/ament_cmake/cmake)
[0.319s] -- Found Python3: /usr/bin/python3 (found version "3.10.12") found components: Interpreter 
[0.356s] -- Override CMake install command with custom implementation using symlinks instead of copying resources
[0.368s] -- Found rosidl_default_generators: 1.2.0 (/opt/ros/humble/share/rosidl_default_generators/cmake)
[0.369s] -- Using all available rosidl_typesupport_c: rosidl_typesupport_fastrtps_c;rosidl_typesupport_introspection_c
[0.372s] -- Found rosidl_adapter: 3.1.6 (/opt/ros/humble/share/rosidl_adapter/cmake)
[0.392s] -- Using all available rosidl_typesupport_cpp: rosidl_typesupport_fastrtps_cpp;rosidl_typesupport_introspection_cpp
[0.408s] -- Found std_msgs: 4.8.0 (/opt/ros/humble/share/std_msgs/cmake)
[0.422s] -- Found geometry_msgs: 4.8.0 (/opt/ros/humble/share/geometry_msgs/cmake)
[0.620s] -- Found ament_cmake_ros: 0.10.0 (/opt/ros/humble/share/ament_cmake_ros/cmake)
[0.776s] -- Using all available rosidl_typesupport_c: rosidl_typesupport_fastrtps_c;rosidl_typesupport_introspection_c
[0.986s] -- Using all available rosidl_typesupport_cpp: rosidl_typesupport_fastrtps_cpp;rosidl_typesupport_introspection_cpp
[1.000s] -- Found PythonInterp: /usr/bin/python3 (found suitable version "3.10.12", minimum required is "3.6") 
[1.001s] -- Found python_cmake_module: 0.10.0 (/opt/ros/humble/share/python_cmake_module/cmake)
[1.019s] -- Found PythonLibs: /usr/lib/x86_64-linux-gnu/libpython3.10.so (found suitable version "3.10.12", minimum required is "3.5") 
[1.019s] -- Using PYTHON_EXECUTABLE: /usr/bin/python3
[1.019s] -- Using PYTHON_INCLUDE_DIRS: /usr/include/python3.10
[1.019s] -- Using PYTHON_LIBRARIES: /usr/lib/x86_64-linux-gnu/libpython3.10.so
[1.033s] -- Found PythonExtra: .so  
[1.079s] -- Configuring done
[1.100s] -- Generating done
[1.106s] -- Build files have been written to: /home/user/robocup_basketball_ws/build/rb_msgs
[1.111s] Invoked command in '/home/user/robocup_basketball_ws/build/rb_msgs' returned '0': CMAKE_PREFIX_PATH=/opt/ros/humble /usr/bin/cmake /home/user/robocup_basketball_ws/src/rb_msgs -DAMENT_CMAKE_SYMLINK_INSTALL=1 -DCMAKE_INSTALL_PREFIX=/home/user/robocup_basketball_ws/install/rb_msgs
[1.111s] Invoking command in '/home/user/robocup_basketball_ws/build/rb_msgs': CMAKE_PREFIX_PATH=/opt/ros/humble /usr/bin/cmake --build /home/user/robocup_basketball_ws/build/rb_msgs -- -j16 -l16
[1.144s] [  1%] Generating C code for ROS interfaces
[1.152s] [  2%] Generating C++ code for ROS interfaces
[1.157s] [  2%] Built target ament_cmake_python_symlink_rb_msgs
[1.296s] running egg_info
[1.297s] creating rb_msgs.egg-info
[1.297s] writing rb_msgs.egg-info/PKG-INFO
[1.297s] writing dependency_links to rb_msgs.egg-info/dependency_links.txt
[1.297s] writing top-level names to rb_msgs.egg-info/top_level.txt
[1.297s] writing manifest file 'rb_msgs.egg-info/SOURCES.txt'
[1.298s] reading manifest file 'rb_msgs.egg-info/SOURCES.txt'
[1.299s] writing manifest file 'rb_msgs.egg-info/SOURCES.txt'
[1.317s] [  2%] Built target ament_cmake_python_build_rb_msgs_egg
[1.661s] [  7%] Building C object CMakeFiles/rb_msgs__rosidl_generator_c.dir/rosidl_generator_c/rb_msgs/srv/detail/set_mission__functions.c.o
[1.661s] [  7%] Building C object CMakeFiles/rb_msgs__rosidl_generator_c.dir/rosidl_generator_c/rb_msgs/srv/detail/launch__functions.c.o
[1.661s] [  7%] Building C object CMakeFiles/rb_msgs__rosidl_generator_c.dir/rosidl_generator_c/rb_msgs/msg/detail/mission_status__functions.c.o
[1.663s] [  8%] Building C object CMakeFiles/rb_msgs__rosidl_generator_c.dir/rosidl_generator_c/rb_msgs/msg/detail/detection__functions.c.o
[1.663s] [  9%] Building C object CMakeFiles/rb_msgs__rosidl_generator_c.dir/rosidl_generator_c/rb_msgs/msg/detail/detection_array__functions.c.o
[1.663s] [ 11%] Building C object CMakeFiles/rb_msgs__rosidl_generator_c.dir/rosidl_generator_c/rb_msgs/msg/detail/robot_state__functions.c.o
[1.695s] [ 11%] Built target rb_msgs__cpp
[1.702s] [ 12%] Generating C++ type support dispatch for ROS interfaces
[1.704s] [ 14%] Generating C++ type support for eProsima Fast-RTPS
[1.704s] [ 15%] Generating C++ introspection for ROS interfaces
[1.720s] [ 16%] Linking C shared library librb_msgs__rosidl_generator_c.so
[1.751s] [ 16%] Built target rb_msgs__rosidl_generator_c
[1.761s] [ 21%] Generating C type support dispatch for ROS interfaces
[1.762s] [ 21%] Generating C type support for eProsima Fast-RTPS
[1.762s] [ 21%] Generating C introspection for ROS interfaces
[2.131s] [ 22%] Building CXX object CMakeFiles/rb_msgs__rosidl_typesupport_cpp.dir/rosidl_typesupport_cpp/rb_msgs/msg/detection_array__type_support.cpp.o
[2.131s] [ 26%] Building CXX object CMakeFiles/rb_msgs__rosidl_typesupport_cpp.dir/rosidl_typesupport_cpp/rb_msgs/msg/robot_state__type_support.cpp.o
[2.131s] [ 26%] Building CXX object CMakeFiles/rb_msgs__rosidl_typesupport_cpp.dir/rosidl_typesupport_cpp/rb_msgs/srv/launch__type_support.cpp.o
[2.131s] [ 26%] Building CXX object CMakeFiles/rb_msgs__rosidl_typesupport_cpp.dir/rosidl_typesupport_cpp/rb_msgs/msg/detection__type_support.cpp.o
[2.131s] [ 28%] Building CXX object CMakeFiles/rb_msgs__rosidl_typesupport_cpp.dir/rosidl_typesupport_cpp/rb_msgs/msg/mission_status__type_support.cpp.o
[2.131s] [ 29%] Building CXX object CMakeFiles/rb_msgs__rosidl_typesupport_cpp.dir/rosidl_typesupport_cpp/rb_msgs/srv/set_mission__type_support.cpp.o
[2.206s] [ 30%] Building CXX object CMakeFiles/rb_msgs__rosidl_typesupport_introspection_cpp.dir/rosidl_typesupport_introspection_cpp/rb_msgs/msg/detail/detection_array__type_support.cpp.o
[2.209s] [ 36%] Building CXX object CMakeFiles/rb_msgs__rosidl_typesupport_introspection_cpp.dir/rosidl_typesupport_introspection_cpp/rb_msgs/msg/detail/mission_status__type_support.cpp.o
[2.209s] [ 32%] Building CXX object CMakeFiles/rb_msgs__rosidl_typesupport_introspection_cpp.dir/rosidl_typesupport_introspection_cpp/rb_msgs/msg/detail/detection__type_support.cpp.o
[2.209s] [ 36%] Building CXX object CMakeFiles/rb_msgs__rosidl_typesupport_introspection_cpp.dir/rosidl_typesupport_introspection_cpp/rb_msgs/srv/detail/launch__type_support.cpp.o
[2.209s] [ 38%] Building CXX object CMakeFiles/rb_msgs__rosidl_typesupport_introspection_cpp.dir/rosidl_typesupport_introspection_cpp/rb_msgs/srv/detail/set_mission__type_support.cpp.o
[2.210s] [ 36%] Building CXX object CMakeFiles/rb_msgs__rosidl_typesupport_introspection_cpp.dir/rosidl_typesupport_introspection_cpp/rb_msgs/msg/detail/robot_state__type_support.cpp.o
[2.221s] [ 39%] Building CXX object CMakeFiles/rb_msgs__rosidl_typesupport_c.dir/rosidl_typesupport_c/rb_msgs/msg/detection__type_support.cpp.o
[2.267s] [ 40%] Building CXX object CMakeFiles/rb_msgs__rosidl_typesupport_c.dir/rosidl_typesupport_c/rb_msgs/msg/detection_array__type_support.cpp.o
[2.304s] [ 42%] Building CXX object CMakeFiles/rb_msgs__rosidl_typesupport_c.dir/rosidl_typesupport_c/rb_msgs/msg/robot_state__type_support.cpp.o
[2.340s] [ 43%] Building CXX object CMakeFiles/rb_msgs__rosidl_typesupport_c.dir/rosidl_typesupport_c/rb_msgs/msg/mission_status__type_support.cpp.o
[2.379s] [ 45%] Building CXX object CMakeFiles/rb_msgs__rosidl_typesupport_c.dir/rosidl_typesupport_c/rb_msgs/srv/launch__type_support.cpp.o
[2.382s] [ 46%] Building CXX object CMakeFiles/rb_msgs__rosidl_typesupport_c.dir/rosidl_typesupport_c/rb_msgs/srv/set_mission__type_support.cpp.o
[2.417s] [ 47%] Linking CXX shared library librb_msgs__rosidl_typesupport_c.so
[2.458s] [ 49%] Linking CXX shared library librb_msgs__rosidl_typesupport_cpp.so
[2.467s] [ 49%] Built target rb_msgs__rosidl_typesupport_c
[2.505s] [ 49%] Built target rb_msgs__rosidl_typesupport_cpp
[2.516s] [ 54%] Building CXX object CMakeFiles/rb_msgs__rosidl_typesupport_fastrtps_cpp.dir/rosidl_typesupport_fastrtps_cpp/rb_msgs/msg/detail/dds_fastrtps/robot_state__type_support.cpp.o
[2.516s] [ 54%] Building CXX object CMakeFiles/rb_msgs__rosidl_typesupport_fastrtps_cpp.dir/rosidl_typesupport_fastrtps_cpp/rb_msgs/msg/detail/dds_fastrtps/mission_status__type_support.cpp.o
[2.516s] [ 54%] Building CXX object CMakeFiles/rb_msgs__rosidl_typesupport_fastrtps_cpp.dir/rosidl_typesupport_fastrtps_cpp/rb_msgs/msg/detail/dds_fastrtps/detection_array__type_support.cpp.o
[2.516s] [ 54%] Building CXX object CMakeFiles/rb_msgs__rosidl_typesupport_fastrtps_cpp.dir/rosidl_typesupport_fastrtps_cpp/rb_msgs/msg/detail/dds_fastrtps/detection__type_support.cpp.o
[2.517s] [ 56%] Building CXX object CMakeFiles/rb_msgs__rosidl_typesupport_fastrtps_cpp.dir/rosidl_typesupport_fastrtps_cpp/rb_msgs/srv/detail/dds_fastrtps/launch__type_support.cpp.o
[2.517s] [ 57%] Building CXX object CMakeFiles/rb_msgs__rosidl_typesupport_fastrtps_cpp.dir/rosidl_typesupport_fastrtps_cpp/rb_msgs/srv/detail/dds_fastrtps/set_mission__type_support.cpp.o
[2.610s] [ 61%] Building C object CMakeFiles/rb_msgs__rosidl_typesupport_introspection_c.dir/rosidl_typesupport_introspection_c/rb_msgs/srv/detail/launch__type_support.c.o
[2.610s] [ 61%] Building C object CMakeFiles/rb_msgs__rosidl_typesupport_introspection_c.dir/rosidl_typesupport_introspection_c/rb_msgs/msg/detail/robot_state__type_support.c.o
[2.610s] [ 61%] Building C object CMakeFiles/rb_msgs__rosidl_typesupport_introspection_c.dir/rosidl_typesupport_introspection_c/rb_msgs/msg/detail/mission_status__type_support.c.o
[2.613s] [ 63%] Building C object CMakeFiles/rb_msgs__rosidl_typesupport_introspection_c.dir/rosidl_typesupport_introspection_c/rb_msgs/msg/detail/detection_array__type_support.c.o
[2.613s] [ 64%] Building C object CMakeFiles/rb_msgs__rosidl_typesupport_introspection_c.dir/rosidl_typesupport_introspection_c/rb_msgs/msg/detail/detection__type_support.c.o
[2.618s] [ 66%] Building C object CMakeFiles/rb_msgs__rosidl_typesupport_introspection_c.dir/rosidl_typesupport_introspection_c/rb_msgs/srv/detail/set_mission__type_support.c.o
[2.663s] [ 67%] Linking C shared library librb_msgs__rosidl_typesupport_introspection_c.so
[2.687s] [ 67%] Built target rb_msgs__rosidl_typesupport_introspection_c
[2.697s] [ 69%] Building CXX object CMakeFiles/rb_msgs__rosidl_typesupport_fastrtps_c.dir/rosidl_typesupport_fastrtps_c/rb_msgs/msg/detail/detection__type_support_c.cpp.o
[2.698s] [ 76%] Building CXX object CMakeFiles/rb_msgs__rosidl_typesupport_fastrtps_c.dir/rosidl_typesupport_fastrtps_c/rb_msgs/msg/detail/mission_status__type_support_c.cpp.o
[2.698s] [ 76%] Building CXX object CMakeFiles/rb_msgs__rosidl_typesupport_fastrtps_c.dir/rosidl_typesupport_fastrtps_c/rb_msgs/msg/detail/detection_array__type_support_c.cpp.o
[2.698s] [ 76%] Building CXX object CMakeFiles/rb_msgs__rosidl_typesupport_fastrtps_c.dir/rosidl_typesupport_fastrtps_c/rb_msgs/srv/detail/set_mission__type_support_c.cpp.o
[2.698s] [ 76%] Building CXX object CMakeFiles/rb_msgs__rosidl_typesupport_fastrtps_c.dir/rosidl_typesupport_fastrtps_c/rb_msgs/srv/detail/launch__type_support_c.cpp.o
[2.698s] [ 76%] Building CXX object CMakeFiles/rb_msgs__rosidl_typesupport_fastrtps_c.dir/rosidl_typesupport_fastrtps_c/rb_msgs/msg/detail/robot_state__type_support_c.cpp.o
[2.769s] [ 77%] Linking CXX shared library librb_msgs__rosidl_typesupport_introspection_cpp.so
[2.876s] [ 77%] Built target rb_msgs__rosidl_typesupport_introspection_cpp
[3.016s] [ 78%] Linking CXX shared library librb_msgs__rosidl_typesupport_fastrtps_cpp.so
[3.071s] [ 78%] Built target rb_msgs__rosidl_typesupport_fastrtps_cpp
[3.080s] [ 80%] Linking CXX shared library librb_msgs__rosidl_typesupport_fastrtps_c.so
[3.132s] [ 80%] Built target rb_msgs__rosidl_typesupport_fastrtps_c
[3.149s] [ 80%] Built target rb_msgs
[3.165s] [ 81%] Generating Python code for ROS interfaces
[4.011s] [ 81%] Built target rb_msgs__py
[4.028s] [ 83%] Building C object CMakeFiles/rb_msgs__rosidl_generator_py.dir/rosidl_generator_py/rb_msgs/msg/_detection_s.c.o
[4.029s] [ 84%] Building C object CMakeFiles/rb_msgs__rosidl_generator_py.dir/rosidl_generator_py/rb_msgs/srv/_set_mission_s.c.o
[4.033s] [ 85%] Building C object CMakeFiles/rb_msgs__rosidl_generator_py.dir/rosidl_generator_py/rb_msgs/msg/_detection_array_s.c.o
[4.033s] [ 88%] Building C object CMakeFiles/rb_msgs__rosidl_generator_py.dir/rosidl_generator_py/rb_msgs/msg/_mission_status_s.c.o
[4.033s] [ 88%] Building C object CMakeFiles/rb_msgs__rosidl_generator_py.dir/rosidl_generator_py/rb_msgs/msg/_robot_state_s.c.o
[4.034s] [ 90%] Building C object CMakeFiles/rb_msgs__rosidl_generator_py.dir/rosidl_generator_py/rb_msgs/srv/_launch_s.c.o
[4.135s] [ 91%] Linking C shared library rosidl_generator_py/rb_msgs/librb_msgs__rosidl_generator_py.so
[4.165s] [ 91%] Built target rb_msgs__rosidl_generator_py
[4.181s] [ 92%] Building C object CMakeFiles/rb_msgs__rosidl_typesupport_c__pyext.dir/rosidl_generator_py/rb_msgs/_rb_msgs_s.ep.rosidl_typesupport_c.c.o
[4.182s] [ 94%] Building C object CMakeFiles/rb_msgs__rosidl_typesupport_introspection_c__pyext.dir/rosidl_generator_py/rb_msgs/_rb_msgs_s.ep.rosidl_typesupport_introspection_c.c.o
[4.182s] [ 95%] Building C object CMakeFiles/rb_msgs__rosidl_typesupport_fastrtps_c__pyext.dir/rosidl_generator_py/rb_msgs/_rb_msgs_s.ep.rosidl_typesupport_fastrtps_c.c.o
[4.260s] [ 97%] Linking C shared library rosidl_generator_py/rb_msgs/rb_msgs_s__rosidl_typesupport_introspection_c.cpython-310-x86_64-linux-gnu.so
[4.261s] [ 98%] Linking C shared library rosidl_generator_py/rb_msgs/rb_msgs_s__rosidl_typesupport_fastrtps_c.cpython-310-x86_64-linux-gnu.so
[4.261s] [100%] Linking C shared library rosidl_generator_py/rb_msgs/rb_msgs_s__rosidl_typesupport_c.cpython-310-x86_64-linux-gnu.so
[4.298s] [100%] Built target rb_msgs__rosidl_typesupport_fastrtps_c__pyext
[4.298s] [100%] Built target rb_msgs__rosidl_typesupport_c__pyext
[4.298s] [100%] Built target rb_msgs__rosidl_typesupport_introspection_c__pyext
[4.314s] Invoked command in '/home/user/robocup_basketball_ws/build/rb_msgs' returned '0': CMAKE_PREFIX_PATH=/opt/ros/humble /usr/bin/cmake --build /home/user/robocup_basketball_ws/build/rb_msgs -- -j16 -l16
[4.314s] Invoking command in '/home/user/robocup_basketball_ws/build/rb_msgs': CMAKE_PREFIX_PATH=/opt/ros/humble /usr/bin/cmake --install /home/user/robocup_basketball_ws/build/rb_msgs
[4.320s] -- Install configuration: ""
[4.320s] -- Execute custom install script
[4.320s] -- Symlinking: /home/user/robocup_basketball_ws/install/rb_msgs/share/ament_index/resource_index/rosidl_interfaces/rb_msgs
[4.328s] -- Symlinking: /home/user/robocup_basketball_ws/install/rb_msgs/include/rb_msgs/rb_msgs/msg/detail/detection__functions.h
[4.334s] -- Symlinking: /home/user/robocup_basketball_ws/install/rb_msgs/include/rb_msgs/rb_msgs/msg/detail/detection__struct.h
[4.342s] -- Symlinking: /home/user/robocup_basketball_ws/install/rb_msgs/include/rb_msgs/rb_msgs/msg/detail/detection__type_support.h
[4.349s] -- Symlinking: /home/user/robocup_basketball_ws/install/rb_msgs/include/rb_msgs/rb_msgs/msg/detail/detection_array__functions.h
[4.355s] -- Symlinking: /home/user/robocup_basketball_ws/install/rb_msgs/include/rb_msgs/rb_msgs/msg/detail/detection_array__struct.h
[4.362s] -- Symlinking: /home/user/robocup_basketball_ws/install/rb_msgs/include/rb_msgs/rb_msgs/msg/detail/detection_array__type_support.h
[4.367s] -- Symlinking: /home/user/robocup_basketball_ws/install/rb_msgs/include/rb_msgs/rb_msgs/msg/detail/mission_status__functions.h
[4.374s] -- Symlinking: /home/user/robocup_basketball_ws/install/rb_msgs/include/rb_msgs/rb_msgs/msg/detail/mission_status__struct.h
[4.381s] -- Symlinking: /home/user/robocup_basketball_ws/install/rb_msgs/include/rb_msgs/rb_msgs/msg/detail/mission_status__type_support.h
[4.388s] -- Symlinking: /home/user/robocup_basketball_ws/install/rb_msgs/include/rb_msgs/rb_msgs/msg/detail/robot_state__functions.h
[4.394s] -- Symlinking: /home/user/robocup_basketball_ws/install/rb_msgs/include/rb_msgs/rb_msgs/msg/detail/robot_state__struct.h
[4.399s] -- Symlinking: /home/user/robocup_basketball_ws/install/rb_msgs/include/rb_msgs/rb_msgs/msg/detail/robot_state__type_support.h
[4.406s] -- Symlinking: /home/user/robocup_basketball_ws/install/rb_msgs/include/rb_msgs/rb_msgs/msg/detection.h
[4.413s] -- Symlinking: /home/user/robocup_basketball_ws/install/rb_msgs/include/rb_msgs/rb_msgs/msg/detection_array.h
[4.420s] -- Symlinking: /home/user/robocup_basketball_ws/install/rb_msgs/include/rb_msgs/rb_msgs/msg/mission_status.h
[4.427s] -- Symlinking: /home/user/robocup_basketball_ws/install/rb_msgs/include/rb_msgs/rb_msgs/msg/robot_state.h
[4.433s] -- Symlinking: /home/user/robocup_basketball_ws/install/rb_msgs/include/rb_msgs/rb_msgs/msg/rosidl_generator_c__visibility_control.h
[4.441s] -- Symlinking: /home/user/robocup_basketball_ws/install/rb_msgs/include/rb_msgs/rb_msgs/srv/detail/launch__functions.h
[4.446s] -- Symlinking: /home/user/robocup_basketball_ws/install/rb_msgs/include/rb_msgs/rb_msgs/srv/detail/launch__struct.h
[4.452s] -- Symlinking: /home/user/robocup_basketball_ws/install/rb_msgs/include/rb_msgs/rb_msgs/srv/detail/launch__type_support.h
[4.457s] -- Symlinking: /home/user/robocup_basketball_ws/install/rb_msgs/include/rb_msgs/rb_msgs/srv/detail/set_mission__functions.h
[4.464s] -- Symlinking: /home/user/robocup_basketball_ws/install/rb_msgs/include/rb_msgs/rb_msgs/srv/detail/set_mission__struct.h
[4.471s] -- Symlinking: /home/user/robocup_basketball_ws/install/rb_msgs/include/rb_msgs/rb_msgs/srv/detail/set_mission__type_support.h
[4.478s] -- Symlinking: /home/user/robocup_basketball_ws/install/rb_msgs/include/rb_msgs/rb_msgs/srv/launch.h
[4.485s] -- Symlinking: /home/user/robocup_basketball_ws/install/rb_msgs/include/rb_msgs/rb_msgs/srv/set_mission.h
[4.492s] -- Symlinking: /home/user/robocup_basketball_ws/install/rb_msgs/share/rb_msgs/environment/library_path.sh
[4.498s] -- Symlinking: /home/user/robocup_basketball_ws/install/rb_msgs/share/rb_msgs/environment/library_path.dsv
[4.505s] -- Symlinking: /home/user/robocup_basketball_ws/install/rb_msgs/include/rb_msgs/rb_msgs/msg/detail/detection__rosidl_typesupport_fastrtps_c.h
[4.512s] -- Symlinking: /home/user/robocup_basketball_ws/install/rb_msgs/include/rb_msgs/rb_msgs/msg/detail/detection_array__rosidl_typesupport_fastrtps_c.h
[4.519s] -- Symlinking: /home/user/robocup_basketball_ws/install/rb_msgs/include/rb_msgs/rb_msgs/msg/detail/mission_status__rosidl_typesupport_fastrtps_c.h
[4.523s] -- Symlinking: /home/user/robocup_basketball_ws/install/rb_msgs/include/rb_msgs/rb_msgs/msg/detail/robot_state__rosidl_typesupport_fastrtps_c.h
[4.530s] -- Symlinking: /home/user/robocup_basketball_ws/install/rb_msgs/include/rb_msgs/rb_msgs/msg/rosidl_typesupport_fastrtps_c__visibility_control.h
[4.537s] -- Symlinking: /home/user/robocup_basketball_ws/install/rb_msgs/include/rb_msgs/rb_msgs/srv/detail/launch__rosidl_typesupport_fastrtps_c.h
[4.543s] -- Symlinking: /home/user/robocup_basketball_ws/install/rb_msgs/include/rb_msgs/rb_msgs/srv/detail/set_mission__rosidl_typesupport_fastrtps_c.h
[4.551s] -- Symlinking: /home/user/robocup_basketball_ws/install/rb_msgs/include/rb_msgs/rb_msgs/msg/detail/detection__rosidl_typesupport_introspection_c.h
[4.555s] -- Symlinking: /home/user/robocup_basketball_ws/install/rb_msgs/include/rb_msgs/rb_msgs/msg/detail/detection_array__rosidl_typesupport_introspection_c.h
[4.562s] -- Symlinking: /home/user/robocup_basketball_ws/install/rb_msgs/include/rb_msgs/rb_msgs/msg/detail/mission_status__rosidl_typesupport_introspection_c.h
[4.567s] -- Symlinking: /home/user/robocup_basketball_ws/install/rb_msgs/include/rb_msgs/rb_msgs/msg/detail/robot_state__rosidl_typesupport_introspection_c.h
[4.571s] -- Symlinking: /home/user/robocup_basketball_ws/install/rb_msgs/include/rb_msgs/rb_msgs/msg/rosidl_typesupport_introspection_c__visibility_control.h
[4.578s] -- Symlinking: /home/user/robocup_basketball_ws/install/rb_msgs/include/rb_msgs/rb_msgs/srv/detail/launch__rosidl_typesupport_introspection_c.h
[4.583s] -- Symlinking: /home/user/robocup_basketball_ws/install/rb_msgs/include/rb_msgs/rb_msgs/srv/detail/set_mission__rosidl_typesupport_introspection_c.h
[4.589s] -- Symlinking: /home/user/robocup_basketball_ws/install/rb_msgs/include/rb_msgs/rb_msgs/msg/detail/detection__builder.hpp
[4.594s] -- Symlinking: /home/user/robocup_basketball_ws/install/rb_msgs/include/rb_msgs/rb_msgs/msg/detail/detection__struct.hpp
[4.600s] -- Symlinking: /home/user/robocup_basketball_ws/install/rb_msgs/include/rb_msgs/rb_msgs/msg/detail/detection__traits.hpp
[4.605s] -- Symlinking: /home/user/robocup_basketball_ws/install/rb_msgs/include/rb_msgs/rb_msgs/msg/detail/detection__type_support.hpp
[4.613s] -- Symlinking: /home/user/robocup_basketball_ws/install/rb_msgs/include/rb_msgs/rb_msgs/msg/detail/detection_array__builder.hpp
[4.620s] -- Symlinking: /home/user/robocup_basketball_ws/install/rb_msgs/include/rb_msgs/rb_msgs/msg/detail/detection_array__struct.hpp
[4.627s] -- Symlinking: /home/user/robocup_basketball_ws/install/rb_msgs/include/rb_msgs/rb_msgs/msg/detail/detection_array__traits.hpp
[4.633s] -- Symlinking: /home/user/robocup_basketball_ws/install/rb_msgs/include/rb_msgs/rb_msgs/msg/detail/detection_array__type_support.hpp
[4.639s] -- Symlinking: /home/user/robocup_basketball_ws/install/rb_msgs/include/rb_msgs/rb_msgs/msg/detail/mission_status__builder.hpp
[4.644s] -- Symlinking: /home/user/robocup_basketball_ws/install/rb_msgs/include/rb_msgs/rb_msgs/msg/detail/mission_status__struct.hpp
[4.649s] -- Symlinking: /home/user/robocup_basketball_ws/install/rb_msgs/include/rb_msgs/rb_msgs/msg/detail/mission_status__traits.hpp
[4.655s] -- Symlinking: /home/user/robocup_basketball_ws/install/rb_msgs/include/rb_msgs/rb_msgs/msg/detail/mission_status__type_support.hpp
[4.660s] -- Symlinking: /home/user/robocup_basketball_ws/install/rb_msgs/include/rb_msgs/rb_msgs/msg/detail/robot_state__builder.hpp
[4.666s] -- Symlinking: /home/user/robocup_basketball_ws/install/rb_msgs/include/rb_msgs/rb_msgs/msg/detail/robot_state__struct.hpp
[4.672s] -- Symlinking: /home/user/robocup_basketball_ws/install/rb_msgs/include/rb_msgs/rb_msgs/msg/detail/robot_state__traits.hpp
[4.679s] -- Symlinking: /home/user/robocup_basketball_ws/install/rb_msgs/include/rb_msgs/rb_msgs/msg/detail/robot_state__type_support.hpp
[4.686s] -- Symlinking: /home/user/robocup_basketball_ws/install/rb_msgs/include/rb_msgs/rb_msgs/msg/detection.hpp
[4.693s] -- Symlinking: /home/user/robocup_basketball_ws/install/rb_msgs/include/rb_msgs/rb_msgs/msg/detection_array.hpp
[4.700s] -- Symlinking: /home/user/robocup_basketball_ws/install/rb_msgs/include/rb_msgs/rb_msgs/msg/mission_status.hpp
[4.705s] -- Symlinking: /home/user/robocup_basketball_ws/install/rb_msgs/include/rb_msgs/rb_msgs/msg/robot_state.hpp
[4.712s] -- Symlinking: /home/user/robocup_basketball_ws/install/rb_msgs/include/rb_msgs/rb_msgs/msg/rosidl_generator_cpp__visibility_control.hpp
[4.717s] -- Symlinking: /home/user/robocup_basketball_ws/install/rb_msgs/include/rb_msgs/rb_msgs/srv/detail/launch__builder.hpp
[4.725s] -- Symlinking: /home/user/robocup_basketball_ws/install/rb_msgs/include/rb_msgs/rb_msgs/srv/detail/launch__struct.hpp
[4.731s] -- Symlinking: /home/user/robocup_basketball_ws/install/rb_msgs/include/rb_msgs/rb_msgs/srv/detail/launch__traits.hpp
[4.737s] -- Symlinking: /home/user/robocup_basketball_ws/install/rb_msgs/include/rb_msgs/rb_msgs/srv/detail/launch__type_support.hpp
[4.744s] -- Symlinking: /home/user/robocup_basketball_ws/install/rb_msgs/include/rb_msgs/rb_msgs/srv/detail/set_mission__builder.hpp
[4.751s] -- Symlinking: /home/user/robocup_basketball_ws/install/rb_msgs/include/rb_msgs/rb_msgs/srv/detail/set_mission__struct.hpp
[4.758s] -- Symlinking: /home/user/robocup_basketball_ws/install/rb_msgs/include/rb_msgs/rb_msgs/srv/detail/set_mission__traits.hpp
[4.764s] -- Symlinking: /home/user/robocup_basketball_ws/install/rb_msgs/include/rb_msgs/rb_msgs/srv/detail/set_mission__type_support.hpp
[4.769s] -- Symlinking: /home/user/robocup_basketball_ws/install/rb_msgs/include/rb_msgs/rb_msgs/srv/launch.hpp
[4.776s] -- Symlinking: /home/user/robocup_basketball_ws/install/rb_msgs/include/rb_msgs/rb_msgs/srv/set_mission.hpp
[4.783s] -- Symlinking: /home/user/robocup_basketball_ws/install/rb_msgs/include/rb_msgs/rb_msgs/msg/detail/detection__rosidl_typesupport_fastrtps_cpp.hpp
[4.790s] -- Symlinking: /home/user/robocup_basketball_ws/install/rb_msgs/include/rb_msgs/rb_msgs/msg/detail/detection_array__rosidl_typesupport_fastrtps_cpp.hpp
[4.796s] -- Symlinking: /home/user/robocup_basketball_ws/install/rb_msgs/include/rb_msgs/rb_msgs/msg/detail/mission_status__rosidl_typesupport_fastrtps_cpp.hpp
[4.801s] -- Symlinking: /home/user/robocup_basketball_ws/install/rb_msgs/include/rb_msgs/rb_msgs/msg/detail/robot_state__rosidl_typesupport_fastrtps_cpp.hpp
[4.808s] -- Symlinking: /home/user/robocup_basketball_ws/install/rb_msgs/include/rb_msgs/rb_msgs/msg/rosidl_typesupport_fastrtps_cpp__visibility_control.h
[4.815s] -- Symlinking: /home/user/robocup_basketball_ws/install/rb_msgs/include/rb_msgs/rb_msgs/srv/detail/launch__rosidl_typesupport_fastrtps_cpp.hpp
[4.822s] -- Symlinking: /home/user/robocup_basketball_ws/install/rb_msgs/include/rb_msgs/rb_msgs/srv/detail/set_mission__rosidl_typesupport_fastrtps_cpp.hpp
[4.829s] -- Symlinking: /home/user/robocup_basketball_ws/install/rb_msgs/include/rb_msgs/rb_msgs/msg/detail/detection__rosidl_typesupport_introspection_cpp.hpp
[4.836s] -- Symlinking: /home/user/robocup_basketball_ws/install/rb_msgs/include/rb_msgs/rb_msgs/msg/detail/detection_array__rosidl_typesupport_introspection_cpp.hpp
[4.843s] -- Symlinking: /home/user/robocup_basketball_ws/install/rb_msgs/include/rb_msgs/rb_msgs/msg/detail/mission_status__rosidl_typesupport_introspection_cpp.hpp
[4.849s] -- Symlinking: /home/user/robocup_basketball_ws/install/rb_msgs/include/rb_msgs/rb_msgs/msg/detail/robot_state__rosidl_typesupport_introspection_cpp.hpp
[4.856s] -- Symlinking: /home/user/robocup_basketball_ws/install/rb_msgs/include/rb_msgs/rb_msgs/srv/detail/launch__rosidl_typesupport_introspection_cpp.hpp
[4.862s] -- Symlinking: /home/user/robocup_basketball_ws/install/rb_msgs/include/rb_msgs/rb_msgs/srv/detail/set_mission__rosidl_typesupport_introspection_cpp.hpp
[4.868s] -- Symlinking: /home/user/robocup_basketball_ws/install/rb_msgs/share/rb_msgs/environment/pythonpath.sh
[4.875s] -- Symlinking: /home/user/robocup_basketball_ws/install/rb_msgs/share/rb_msgs/environment/pythonpath.dsv
[4.882s] -- Symlinking: /home/user/robocup_basketball_ws/install/rb_msgs/local/lib/python3.10/dist-packages/rb_msgs-0.1.0-py3.10.egg-info/PKG-INFO
[4.886s] -- Symlinking: /home/user/robocup_basketball_ws/install/rb_msgs/local/lib/python3.10/dist-packages/rb_msgs-0.1.0-py3.10.egg-info/SOURCES.txt
[4.893s] -- Symlinking: /home/user/robocup_basketball_ws/install/rb_msgs/local/lib/python3.10/dist-packages/rb_msgs-0.1.0-py3.10.egg-info/dependency_links.txt
[4.898s] -- Symlinking: /home/user/robocup_basketball_ws/install/rb_msgs/local/lib/python3.10/dist-packages/rb_msgs-0.1.0-py3.10.egg-info/top_level.txt
[4.904s] -- Symlinking: /home/user/robocup_basketball_ws/install/rb_msgs/local/lib/python3.10/dist-packages/rb_msgs/__init__.py
[4.911s] -- Symlinking: /home/user/robocup_basketball_ws/install/rb_msgs/local/lib/python3.10/dist-packages/rb_msgs/_rb_msgs_s.ep.rosidl_typesupport_c.c
[4.918s] -- Symlinking: /home/user/robocup_basketball_ws/install/rb_msgs/local/lib/python3.10/dist-packages/rb_msgs/_rb_msgs_s.ep.rosidl_typesupport_fastrtps_c.c
[4.925s] -- Symlinking: /home/user/robocup_basketball_ws/install/rb_msgs/local/lib/python3.10/dist-packages/rb_msgs/_rb_msgs_s.ep.rosidl_typesupport_introspection_c.c
[4.931s] -- Symlinking: /home/user/robocup_basketball_ws/install/rb_msgs/local/lib/python3.10/dist-packages/rb_msgs/librb_msgs__rosidl_generator_py.so
[4.936s] -- Symlinking: /home/user/robocup_basketball_ws/install/rb_msgs/local/lib/python3.10/dist-packages/rb_msgs/msg/__init__.py
[4.943s] -- Symlinking: /home/user/robocup_basketball_ws/install/rb_msgs/local/lib/python3.10/dist-packages/rb_msgs/msg/_detection.py
[4.948s] -- Symlinking: /home/user/robocup_basketball_ws/install/rb_msgs/local/lib/python3.10/dist-packages/rb_msgs/msg/_detection_array.py
[4.953s] -- Symlinking: /home/user/robocup_basketball_ws/install/rb_msgs/local/lib/python3.10/dist-packages/rb_msgs/msg/_detection_array_s.c
[4.959s] -- Symlinking: /home/user/robocup_basketball_ws/install/rb_msgs/local/lib/python3.10/dist-packages/rb_msgs/msg/_detection_s.c
[4.966s] -- Symlinking: /home/user/robocup_basketball_ws/install/rb_msgs/local/lib/python3.10/dist-packages/rb_msgs/msg/_mission_status.py
[4.973s] -- Symlinking: /home/user/robocup_basketball_ws/install/rb_msgs/local/lib/python3.10/dist-packages/rb_msgs/msg/_mission_status_s.c
[4.979s] -- Symlinking: /home/user/robocup_basketball_ws/install/rb_msgs/local/lib/python3.10/dist-packages/rb_msgs/msg/_robot_state.py
[4.985s] -- Symlinking: /home/user/robocup_basketball_ws/install/rb_msgs/local/lib/python3.10/dist-packages/rb_msgs/msg/_robot_state_s.c
[4.991s] -- Symlinking: /home/user/robocup_basketball_ws/install/rb_msgs/local/lib/python3.10/dist-packages/rb_msgs/rb_msgs_s__rosidl_typesupport_c.cpython-310-x86_64-linux-gnu.so
[4.997s] -- Symlinking: /home/user/robocup_basketball_ws/install/rb_msgs/local/lib/python3.10/dist-packages/rb_msgs/rb_msgs_s__rosidl_typesupport_fastrtps_c.cpython-310-x86_64-linux-gnu.so
[5.004s] -- Symlinking: /home/user/robocup_basketball_ws/install/rb_msgs/local/lib/python3.10/dist-packages/rb_msgs/rb_msgs_s__rosidl_typesupport_introspection_c.cpython-310-x86_64-linux-gnu.so
[5.012s] -- Symlinking: /home/user/robocup_basketball_ws/install/rb_msgs/local/lib/python3.10/dist-packages/rb_msgs/srv/__init__.py
[5.018s] -- Symlinking: /home/user/robocup_basketball_ws/install/rb_msgs/local/lib/python3.10/dist-packages/rb_msgs/srv/_launch.py
[5.023s] -- Symlinking: /home/user/robocup_basketball_ws/install/rb_msgs/local/lib/python3.10/dist-packages/rb_msgs/srv/_launch_s.c
[5.031s] -- Symlinking: /home/user/robocup_basketball_ws/install/rb_msgs/local/lib/python3.10/dist-packages/rb_msgs/srv/_set_mission.py
[5.037s] -- Symlinking: /home/user/robocup_basketball_ws/install/rb_msgs/local/lib/python3.10/dist-packages/rb_msgs/srv/_set_mission_s.c
[5.045s] -- Up-to-date symlink: /home/user/robocup_basketball_ws/install/rb_msgs/local/lib/python3.10/dist-packages/rb_msgs/rb_msgs_s__rosidl_typesupport_fastrtps_c.cpython-310-x86_64-linux-gnu.so
[5.045s] -- Up-to-date symlink: /home/user/robocup_basketball_ws/install/rb_msgs/local/lib/python3.10/dist-packages/rb_msgs/rb_msgs_s__rosidl_typesupport_introspection_c.cpython-310-x86_64-linux-gnu.so
[5.045s] -- Up-to-date symlink: /home/user/robocup_basketball_ws/install/rb_msgs/local/lib/python3.10/dist-packages/rb_msgs/rb_msgs_s__rosidl_typesupport_c.cpython-310-x86_64-linux-gnu.so
[5.045s] -- Symlinking: /home/user/robocup_basketball_ws/install/rb_msgs/share/rb_msgs/msg/Detection.idl
[5.051s] -- Symlinking: /home/user/robocup_basketball_ws/install/rb_msgs/share/rb_msgs/msg/DetectionArray.idl
[5.058s] -- Symlinking: /home/user/robocup_basketball_ws/install/rb_msgs/share/rb_msgs/msg/RobotState.idl
[5.065s] -- Symlinking: /home/user/robocup_basketball_ws/install/rb_msgs/share/rb_msgs/msg/MissionStatus.idl
[5.072s] -- Symlinking: /home/user/robocup_basketball_ws/install/rb_msgs/share/rb_msgs/srv/Launch.idl
[5.079s] -- Symlinking: /home/user/robocup_basketball_ws/install/rb_msgs/share/rb_msgs/srv/SetMission.idl
[5.084s] -- Symlinking: /home/user/robocup_basketball_ws/install/rb_msgs/share/rb_msgs/msg/Detection.msg
[5.091s] -- Symlinking: /home/user/robocup_basketball_ws/install/rb_msgs/share/rb_msgs/msg/DetectionArray.msg
[5.098s] -- Symlinking: /home/user/robocup_basketball_ws/install/rb_msgs/share/rb_msgs/msg/RobotState.msg
[5.105s] -- Symlinking: /home/user/robocup_basketball_ws/install/rb_msgs/share/rb_msgs/msg/MissionStatus.msg
[5.111s] -- Symlinking: /home/user/robocup_basketball_ws/install/rb_msgs/share/rb_msgs/srv/Launch.srv
[5.117s] -- Symlinking: /home/user/robocup_basketball_ws/install/rb_msgs/share/rb_msgs/srv/Launch_Request.msg
[5.124s] -- Symlinking: /home/user/robocup_basketball_ws/install/rb_msgs/share/rb_msgs/srv/Launch_Response.msg
[5.131s] -- Symlinking: /home/user/robocup_basketball_ws/install/rb_msgs/share/rb_msgs/srv/SetMission.srv
[5.138s] -- Symlinking: /home/user/robocup_basketball_ws/install/rb_msgs/share/rb_msgs/srv/SetMission_Request.msg
[5.144s] -- Symlinking: /home/user/robocup_basketball_ws/install/rb_msgs/share/rb_msgs/srv/SetMission_Response.msg
[5.150s] -- Symlinking: /home/user/robocup_basketball_ws/install/rb_msgs/share/ament_index/resource_index/package_run_dependencies/rb_msgs
[5.158s] -- Symlinking: /home/user/robocup_basketball_ws/install/rb_msgs/share/ament_index/resource_index/parent_prefix_path/rb_msgs
[5.165s] -- Symlinking: /home/user/robocup_basketball_ws/install/rb_msgs/share/rb_msgs/environment/ament_prefix_path.sh
[5.172s] -- Symlinking: /home/user/robocup_basketball_ws/install/rb_msgs/share/rb_msgs/environment/ament_prefix_path.dsv
[5.180s] -- Symlinking: /home/user/robocup_basketball_ws/install/rb_msgs/share/rb_msgs/environment/path.sh
[5.188s] -- Symlinking: /home/user/robocup_basketball_ws/install/rb_msgs/share/rb_msgs/environment/path.dsv
[5.195s] -- Symlinking: /home/user/robocup_basketball_ws/install/rb_msgs/share/rb_msgs/local_setup.bash
[5.203s] -- Symlinking: /home/user/robocup_basketball_ws/install/rb_msgs/share/rb_msgs/local_setup.sh
[5.210s] -- Symlinking: /home/user/robocup_basketball_ws/install/rb_msgs/share/rb_msgs/local_setup.zsh
[5.216s] -- Symlinking: /home/user/robocup_basketball_ws/install/rb_msgs/share/rb_msgs/local_setup.dsv
[5.223s] -- Symlinking: /home/user/robocup_basketball_ws/install/rb_msgs/share/rb_msgs/package.dsv
[5.230s] -- Symlinking: /home/user/robocup_basketball_ws/install/rb_msgs/share/ament_index/resource_index/packages/rb_msgs
[5.237s] -- Symlinking: /home/user/robocup_basketball_ws/install/rb_msgs/share/rb_msgs/cmake/rosidl_cmake-extras.cmake
[5.245s] -- Symlinking: /home/user/robocup_basketball_ws/install/rb_msgs/share/rb_msgs/cmake/ament_cmake_export_dependencies-extras.cmake
[5.252s] -- Symlinking: /home/user/robocup_basketball_ws/install/rb_msgs/share/rb_msgs/cmake/ament_cmake_export_include_directories-extras.cmake
[5.259s] -- Symlinking: /home/user/robocup_basketball_ws/install/rb_msgs/share/rb_msgs/cmake/ament_cmake_export_libraries-extras.cmake
[5.265s] -- Symlinking: /home/user/robocup_basketball_ws/install/rb_msgs/share/rb_msgs/cmake/ament_cmake_export_targets-extras.cmake
[5.271s] -- Symlinking: /home/user/robocup_basketball_ws/install/rb_msgs/share/rb_msgs/cmake/rosidl_cmake_export_typesupport_targets-extras.cmake
[5.278s] -- Symlinking: /home/user/robocup_basketball_ws/install/rb_msgs/share/rb_msgs/cmake/rosidl_cmake_export_typesupport_libraries-extras.cmake
[5.285s] -- Symlinking: /home/user/robocup_basketball_ws/install/rb_msgs/share/rb_msgs/cmake/rb_msgsConfig.cmake
[5.292s] -- Symlinking: /home/user/robocup_basketball_ws/install/rb_msgs/share/rb_msgs/cmake/rb_msgsConfig-version.cmake
[5.299s] -- Symlinking: /home/user/robocup_basketball_ws/install/rb_msgs/share/rb_msgs/package.xml
[5.306s] -- Installing: /home/user/robocup_basketball_ws/install/rb_msgs/lib/librb_msgs__rosidl_generator_c.so
[5.306s] -- Set runtime path of "/home/user/robocup_basketball_ws/install/rb_msgs/lib/librb_msgs__rosidl_generator_c.so" to ""
[5.306s] -- Installing: /home/user/robocup_basketball_ws/install/rb_msgs/lib/librb_msgs__rosidl_typesupport_fastrtps_c.so
[5.307s] -- Set runtime path of "/home/user/robocup_basketball_ws/install/rb_msgs/lib/librb_msgs__rosidl_typesupport_fastrtps_c.so" to ""
[5.307s] -- Installing: /home/user/robocup_basketball_ws/install/rb_msgs/lib/librb_msgs__rosidl_typesupport_introspection_c.so
[5.307s] -- Set runtime path of "/home/user/robocup_basketball_ws/install/rb_msgs/lib/librb_msgs__rosidl_typesupport_introspection_c.so" to ""
[5.307s] -- Installing: /home/user/robocup_basketball_ws/install/rb_msgs/lib/librb_msgs__rosidl_typesupport_c.so
[5.307s] -- Set runtime path of "/home/user/robocup_basketball_ws/install/rb_msgs/lib/librb_msgs__rosidl_typesupport_c.so" to ""
[5.308s] -- Installing: /home/user/robocup_basketball_ws/install/rb_msgs/lib/librb_msgs__rosidl_typesupport_fastrtps_cpp.so
[5.308s] -- Set runtime path of "/home/user/robocup_basketball_ws/install/rb_msgs/lib/librb_msgs__rosidl_typesupport_fastrtps_cpp.so" to ""
[5.308s] -- Installing: /home/user/robocup_basketball_ws/install/rb_msgs/lib/librb_msgs__rosidl_typesupport_introspection_cpp.so
[5.308s] -- Set runtime path of "/home/user/robocup_basketball_ws/install/rb_msgs/lib/librb_msgs__rosidl_typesupport_introspection_cpp.so" to ""
[5.308s] -- Installing: /home/user/robocup_basketball_ws/install/rb_msgs/lib/librb_msgs__rosidl_typesupport_cpp.so
[5.308s] -- Set runtime path of "/home/user/robocup_basketball_ws/install/rb_msgs/lib/librb_msgs__rosidl_typesupport_cpp.so" to ""
[5.333s] Listing '/home/user/robocup_basketball_ws/install/rb_msgs/local/lib/python3.10/dist-packages/rb_msgs'...
[5.333s] Compiling '/home/user/robocup_basketball_ws/install/rb_msgs/local/lib/python3.10/dist-packages/rb_msgs/__init__.py'...
[5.333s] Listing '/home/user/robocup_basketball_ws/install/rb_msgs/local/lib/python3.10/dist-packages/rb_msgs/msg'...
[5.333s] Compiling '/home/user/robocup_basketball_ws/install/rb_msgs/local/lib/python3.10/dist-packages/rb_msgs/msg/__init__.py'...
[5.333s] Compiling '/home/user/robocup_basketball_ws/install/rb_msgs/local/lib/python3.10/dist-packages/rb_msgs/msg/_detection.py'...
[5.333s] Compiling '/home/user/robocup_basketball_ws/install/rb_msgs/local/lib/python3.10/dist-packages/rb_msgs/msg/_detection_array.py'...
[5.333s] Compiling '/home/user/robocup_basketball_ws/install/rb_msgs/local/lib/python3.10/dist-packages/rb_msgs/msg/_mission_status.py'...
[5.333s] Compiling '/home/user/robocup_basketball_ws/install/rb_msgs/local/lib/python3.10/dist-packages/rb_msgs/msg/_robot_state.py'...
[5.333s] Listing '/home/user/robocup_basketball_ws/install/rb_msgs/local/lib/python3.10/dist-packages/rb_msgs/srv'...
[5.334s] Compiling '/home/user/robocup_basketball_ws/install/rb_msgs/local/lib/python3.10/dist-packages/rb_msgs/srv/__init__.py'...
[5.334s] Compiling '/home/user/robocup_basketball_ws/install/rb_msgs/local/lib/python3.10/dist-packages/rb_msgs/srv/_launch.py'...
[5.334s] Compiling '/home/user/robocup_basketball_ws/install/rb_msgs/local/lib/python3.10/dist-packages/rb_msgs/srv/_set_mission.py'...
[5.336s] -- Installing: /home/user/robocup_basketball_ws/install/rb_msgs/lib/librb_msgs__rosidl_generator_py.so
[5.336s] -- Set runtime path of "/home/user/robocup_basketball_ws/install/rb_msgs/lib/librb_msgs__rosidl_generator_py.so" to ""
[5.336s] -- Installing: /home/user/robocup_basketball_ws/install/rb_msgs/share/rb_msgs/cmake/export_rb_msgs__rosidl_generator_cExport.cmake
[5.336s] -- Installing: /home/user/robocup_basketball_ws/install/rb_msgs/share/rb_msgs/cmake/export_rb_msgs__rosidl_generator_cExport-noconfig.cmake
[5.337s] -- Installing: /home/user/robocup_basketball_ws/install/rb_msgs/share/rb_msgs/cmake/export_rb_msgs__rosidl_typesupport_fastrtps_cExport.cmake
[5.337s] -- Installing: /home/user/robocup_basketball_ws/install/rb_msgs/share/rb_msgs/cmake/export_rb_msgs__rosidl_typesupport_fastrtps_cExport-noconfig.cmake
[5.337s] -- Installing: /home/user/robocup_basketball_ws/install/rb_msgs/share/rb_msgs/cmake/rb_msgs__rosidl_typesupport_introspection_cExport.cmake
[5.337s] -- Installing: /home/user/robocup_basketball_ws/install/rb_msgs/share/rb_msgs/cmake/rb_msgs__rosidl_typesupport_introspection_cExport-noconfig.cmake
[5.337s] -- Installing: /home/user/robocup_basketball_ws/install/rb_msgs/share/rb_msgs/cmake/rb_msgs__rosidl_typesupport_cExport.cmake
[5.337s] -- Installing: /home/user/robocup_basketball_ws/install/rb_msgs/share/rb_msgs/cmake/rb_msgs__rosidl_typesupport_cExport-noconfig.cmake
[5.337s] -- Installing: /home/user/robocup_basketball_ws/install/rb_msgs/share/rb_msgs/cmake/export_rb_msgs__rosidl_generator_cppExport.cmake
[5.337s] -- Installing: /home/user/robocup_basketball_ws/install/rb_msgs/share/rb_msgs/cmake/export_rb_msgs__rosidl_typesupport_fastrtps_cppExport.cmake
[5.337s] -- Installing: /home/user/robocup_basketball_ws/install/rb_msgs/share/rb_msgs/cmake/export_rb_msgs__rosidl_typesupport_fastrtps_cppExport-noconfig.cmake
[5.337s] -- Installing: /home/user/robocup_basketball_ws/install/rb_msgs/share/rb_msgs/cmake/rb_msgs__rosidl_typesupport_introspection_cppExport.cmake
[5.337s] -- Installing: /home/user/robocup_basketball_ws/install/rb_msgs/share/rb_msgs/cmake/rb_msgs__rosidl_typesupport_introspection_cppExport-noconfig.cmake
[5.337s] -- Installing: /home/user/robocup_basketball_ws/install/rb_msgs/share/rb_msgs/cmake/rb_msgs__rosidl_typesupport_cppExport.cmake
[5.337s] -- Installing: /home/user/robocup_basketball_ws/install/rb_msgs/share/rb_msgs/cmake/rb_msgs__rosidl_typesupport_cppExport-noconfig.cmake
[5.337s] -- Installing: /home/user/robocup_basketball_ws/install/rb_msgs/share/rb_msgs/cmake/export_rb_msgs__rosidl_generator_pyExport.cmake
[5.337s] -- Installing: /home/user/robocup_basketball_ws/install/rb_msgs/share/rb_msgs/cmake/export_rb_msgs__rosidl_generator_pyExport-noconfig.cmake
[5.338s] Invoked command in '/home/user/robocup_basketball_ws/build/rb_msgs' returned '0': CMAKE_PREFIX_PATH=/opt/ros/humble /usr/bin/cmake --install /home/user/robocup_basketball_ws/build/rb_msgs
