[0.000000] (-) TimerEvent: {}
[0.000054] (rb_chassis) JobQueued: {'identifier': 'rb_chassis', 'dependencies': OrderedDict()}
[0.000177] (rb_msgs) JobQueued: {'identifier': 'rb_msgs', 'dependencies': OrderedDict()}
[0.000197] (rb_launcher) JobQueued: {'identifier': 'rb_launcher', 'dependencies': OrderedDict([('rb_msgs', '/home/user/robocup_basketball_ws/install/rb_msgs')])}
[0.000217] (rb_localization) JobQueued: {'identifier': 'rb_localization', 'dependencies': OrderedDict([('rb_msgs', '/home/user/robocup_basketball_ws/install/rb_msgs')])}
[0.000235] (rb_mission) JobQueued: {'identifier': 'rb_mission', 'dependencies': OrderedDict([('rb_msgs', '/home/user/robocup_basketball_ws/install/rb_msgs')])}
[0.000253] (rb_perception) JobQueued: {'identifier': 'rb_perception', 'dependencies': OrderedDict([('rb_msgs', '/home/user/robocup_basketball_ws/install/rb_msgs')])}
[0.000270] (rb_bringup) JobQueued: {'identifier': 'rb_bringup', 'dependencies': OrderedDict([('rb_chassis', '/home/user/robocup_basketball_ws/install/rb_chassis'), ('rb_msgs', '/home/user/robocup_basketball_ws/install/rb_msgs'), ('rb_launcher', '/home/user/robocup_basketball_ws/install/rb_launcher'), ('rb_localization', '/home/user/robocup_basketball_ws/install/rb_localization'), ('rb_mission', '/home/user/robocup_basketball_ws/install/rb_mission'), ('rb_perception', '/home/user/robocup_basketball_ws/install/rb_perception')])}
[0.000561] (rb_msgs) JobStarted: {'identifier': 'rb_msgs'}
[0.003195] (rb_chassis) JobStarted: {'identifier': 'rb_chassis'}
[0.005241] (rb_msgs) JobProgress: {'identifier': 'rb_msgs', 'progress': 'cmake'}
[0.005634] (rb_msgs) Command: {'cmd': ['/usr/bin/cmake', '/home/user/robocup_basketball_ws/src/rb_msgs', '-DAMENT_CMAKE_SYMLINK_INSTALL=1', '-DCMAKE_INSTALL_PREFIX=/home/user/robocup_basketball_ws/install/rb_msgs'], 'cwd': '/home/user/robocup_basketball_ws/build/rb_msgs', 'env': OrderedDict([('SHLVL', '0'), ('LD_LIBRARY_PATH', '/opt/ros/humble/opt/rviz_ogre_vendor/lib:/opt/ros/humble/lib/x86_64-linux-gnu:/opt/ros/humble/lib'), ('HOME', '/home/user'), ('OLDPWD', '/home/user/robocup_basketball_ws'), ('ROS_PYTHON_VERSION', '3'), ('LC_CTYPE', 'C.UTF-8'), ('ROS_DISTRO', 'humble'), ('_', '/usr/bin/colcon'), ('ROS_VERSION', '2'), ('TERM', 'dumb'), ('ROS_LOCALHOST_ONLY', '0'), ('PATH', '/opt/ros/humble/bin:/usr/local/bin:/usr/bin:/bin'), ('AMENT_PREFIX_PATH', '/opt/ros/humble'), ('PWD', '/home/user/robocup_basketball_ws/build/rb_msgs'), ('PYTHONPATH', '/opt/ros/humble/lib/python3.10/site-packages:/opt/ros/humble/local/lib/python3.10/dist-packages'), ('COLCON', '1'), ('CMAKE_PREFIX_PATH', '/opt/ros/humble')]), 'shell': False}
[0.006979] (rb_chassis) JobProgress: {'identifier': 'rb_chassis', 'progress': 'cmake'}
[0.007269] (rb_chassis) Command: {'cmd': ['/usr/bin/cmake', '/home/user/robocup_basketball_ws/src/rb_chassis', '-DAMENT_CMAKE_SYMLINK_INSTALL=1', '-DCMAKE_INSTALL_PREFIX=/home/user/robocup_basketball_ws/install/rb_chassis'], 'cwd': '/home/user/robocup_basketball_ws/build/rb_chassis', 'env': OrderedDict([('SHLVL', '0'), ('LD_LIBRARY_PATH', '/opt/ros/humble/opt/rviz_ogre_vendor/lib:/opt/ros/humble/lib/x86_64-linux-gnu:/opt/ros/humble/lib'), ('HOME', '/home/user'), ('OLDPWD', '/home/user/robocup_basketball_ws'), ('ROS_PYTHON_VERSION', '3'), ('LC_CTYPE', 'C.UTF-8'), ('ROS_DISTRO', 'humble'), ('_', '/usr/bin/colcon'), ('ROS_VERSION', '2'), ('TERM', 'dumb'), ('ROS_LOCALHOST_ONLY', '0'), ('PATH', '/opt/ros/humble/bin:/usr/local/bin:/usr/bin:/bin'), ('AMENT_PREFIX_PATH', '/opt/ros/humble'), ('PWD', '/home/user/robocup_basketball_ws/build/rb_chassis'), ('PYTHONPATH', '/opt/ros/humble/lib/python3.10/site-packages:/opt/ros/humble/local/lib/python3.10/dist-packages'), ('COLCON', '1'), ('CMAKE_PREFIX_PATH', '/opt/ros/humble')]), 'shell': False}
[0.013917] (rb_msgs) StdoutLine: {'line': b'-- Found ament_cmake: 1.3.11 (/opt/ros/humble/share/ament_cmake/cmake)\n'}
[0.016090] (rb_chassis) StdoutLine: {'line': b'-- Found ament_cmake: 1.3.11 (/opt/ros/humble/share/ament_cmake/cmake)\n'}
[0.099013] (rb_msgs) StdoutLine: {'line': b'-- Override CMake install command with custom implementation using symlinks instead of copying resources\n'}
[0.099845] (-) TimerEvent: {}
[0.103558] (rb_msgs) StdoutLine: {'line': b'-- Found rosidl_default_generators: 1.2.0 (/opt/ros/humble/share/rosidl_default_generators/cmake)\n'}
[0.104537] (rb_msgs) StdoutLine: {'line': b'-- Using all available rosidl_typesupport_c: rosidl_typesupport_fastrtps_c;rosidl_typesupport_introspection_c\n'}
[0.106008] (rb_msgs) StdoutLine: {'line': b'-- Found rosidl_adapter: 3.1.6 (/opt/ros/humble/share/rosidl_adapter/cmake)\n'}
[0.107873] (rb_chassis) StdoutLine: {'line': b'-- Override CMake install command with custom implementation using symlinks instead of copying resources\n'}
[0.114141] (rb_chassis) StdoutLine: {'line': b'-- Found rclcpp: 16.0.12 (/opt/ros/humble/share/rclcpp/cmake)\n'}
[0.122576] (rb_msgs) StdoutLine: {'line': b'-- Using all available rosidl_typesupport_cpp: rosidl_typesupport_fastrtps_cpp;rosidl_typesupport_introspection_cpp\n'}
[0.132649] (rb_chassis) StdoutLine: {'line': b'-- Found rosidl_generator_c: 3.1.6 (/opt/ros/humble/share/rosidl_generator_c/cmake)\n'}
[0.133908] (rb_chassis) StdoutLine: {'line': b'-- Found rosidl_adapter: 3.1.6 (/opt/ros/humble/share/rosidl_adapter/cmake)\n'}
[0.136833] (rb_msgs) StdoutLine: {'line': b'-- Found std_msgs: 4.8.0 (/opt/ros/humble/share/std_msgs/cmake)\n'}
[0.137043] (rb_chassis) StdoutLine: {'line': b'-- Found rosidl_generator_cpp: 3.1.6 (/opt/ros/humble/share/rosidl_generator_cpp/cmake)\n'}
[0.143150] (rb_chassis) StdoutLine: {'line': b'-- Using all available rosidl_typesupport_c: rosidl_typesupport_fastrtps_c;rosidl_typesupport_introspection_c\n'}
[0.150044] (rb_msgs) StdoutLine: {'line': b'-- Found geometry_msgs: 4.8.0 (/opt/ros/humble/share/geometry_msgs/cmake)\n'}
[0.150143] (rb_chassis) StdoutLine: {'line': b'-- Using all available rosidl_typesupport_cpp: rosidl_typesupport_fastrtps_cpp;rosidl_typesupport_introspection_cpp\n'}
[0.168572] (rb_chassis) StdoutLine: {'line': b'-- Found rmw_implementation_cmake: 6.1.2 (/opt/ros/humble/share/rmw_implementation_cmake/cmake)\n'}
[0.169174] (rb_chassis) StdoutLine: {'line': b'-- Found rmw_fastrtps_cpp: 6.2.7 (/opt/ros/humble/share/rmw_fastrtps_cpp/cmake)\n'}
[0.199981] (-) TimerEvent: {}
[0.243269] (rb_chassis) StdoutLine: {'line': b"-- Using RMW implementation 'rmw_fastrtps_cpp' as default\n"}
[0.274310] (rb_chassis) StdoutLine: {'line': b'-- Found geometry_msgs: 4.8.0 (/opt/ros/humble/share/geometry_msgs/cmake)\n'}
[0.281445] (rb_chassis) StdoutLine: {'line': b'-- Found nav_msgs: 4.8.0 (/opt/ros/humble/share/nav_msgs/cmake)\n'}
[0.300105] (-) TimerEvent: {}
[0.336386] (rb_chassis) StdoutLine: {'line': b'-- Configuring done\n'}
[0.345190] (rb_chassis) StdoutLine: {'line': b'-- Generating done\n'}
[0.348077] (rb_chassis) StdoutLine: {'line': b'-- Build files have been written to: /home/user/robocup_basketball_ws/build/rb_chassis\n'}
[0.352676] (rb_chassis) CommandEnded: {'returncode': 0}
[0.354207] (rb_chassis) JobProgress: {'identifier': 'rb_chassis', 'progress': 'build'}
[0.354240] (rb_chassis) Command: {'cmd': ['/usr/bin/cmake', '--build', '/home/user/robocup_basketball_ws/build/rb_chassis', '--', '-j16', '-l16'], 'cwd': '/home/user/robocup_basketball_ws/build/rb_chassis', 'env': OrderedDict([('SHLVL', '0'), ('LD_LIBRARY_PATH', '/opt/ros/humble/opt/rviz_ogre_vendor/lib:/opt/ros/humble/lib/x86_64-linux-gnu:/opt/ros/humble/lib'), ('HOME', '/home/user'), ('OLDPWD', '/home/user/robocup_basketball_ws'), ('ROS_PYTHON_VERSION', '3'), ('LC_CTYPE', 'C.UTF-8'), ('ROS_DISTRO', 'humble'), ('_', '/usr/bin/colcon'), ('ROS_VERSION', '2'), ('TERM', 'dumb'), ('ROS_LOCALHOST_ONLY', '0'), ('PATH', '/opt/ros/humble/bin:/usr/local/bin:/usr/bin:/bin'), ('AMENT_PREFIX_PATH', '/opt/ros/humble'), ('PWD', '/home/user/robocup_basketball_ws/build/rb_chassis'), ('PYTHONPATH', '/opt/ros/humble/lib/python3.10/site-packages:/opt/ros/humble/local/lib/python3.10/dist-packages'), ('COLCON', '1'), ('CMAKE_PREFIX_PATH', '/opt/ros/humble')]), 'shell': False}
[0.358349] (rb_msgs) StdoutLine: {'line': b'-- Found ament_cmake_ros: 0.10.0 (/opt/ros/humble/share/ament_cmake_ros/cmake)\n'}
[0.385666] (rb_chassis) StdoutLine: {'line': b'Consolidate compiler generated dependencies of target base_chassis\n'}
[0.397160] (rb_chassis) StdoutLine: {'line': b'[ 33%] Built target base_chassis\n'}
[0.400296] (-) TimerEvent: {}
[0.406405] (rb_chassis) StdoutLine: {'line': b'Consolidate compiler generated dependencies of target omni_chassis\n'}
[0.418187] (rb_chassis) StdoutLine: {'line': b'[ 66%] Built target omni_chassis\n'}
[0.430307] (rb_chassis) StdoutLine: {'line': b'Consolidate compiler generated dependencies of target rb_chassis_node\n'}
[0.442138] (rb_chassis) StdoutLine: {'line': b'[ 83%] Linking CXX executable rb_chassis_node\n'}
[0.500503] (-) TimerEvent: {}
[0.532477] (rb_msgs) StdoutLine: {'line': b'-- Using all available rosidl_typesupport_c: rosidl_typesupport_fastrtps_c;rosidl_typesupport_introspection_c\n'}
[0.600596] (-) TimerEvent: {}
[0.700742] (-) TimerEvent: {}
[0.769233] (rb_msgs) StdoutLine: {'line': b'-- Using all available rosidl_typesupport_cpp: rosidl_typesupport_fastrtps_cpp;rosidl_typesupport_introspection_cpp\n'}
[0.785902] (rb_msgs) StdoutLine: {'line': b'-- Found python_cmake_module: 0.10.0 (/opt/ros/humble/share/python_cmake_module/cmake)\n'}
[0.800872] (-) TimerEvent: {}
[0.801659] (rb_chassis) StdoutLine: {'line': b'[100%] Built target rb_chassis_node\n'}
[0.805866] (rb_msgs) StdoutLine: {'line': b'-- Using PYTHON_EXECUTABLE: /usr/bin/python3\n'}
[0.806027] (rb_msgs) StdoutLine: {'line': b'-- Using PYTHON_INCLUDE_DIRS: /usr/include/python3.10\n'}
[0.806099] (rb_msgs) StdoutLine: {'line': b'-- Using PYTHON_LIBRARIES: /usr/lib/x86_64-linux-gnu/libpython3.10.so\n'}
[0.810153] (rb_chassis) CommandEnded: {'returncode': 0}
[0.810673] (rb_chassis) JobProgress: {'identifier': 'rb_chassis', 'progress': 'install'}
[0.815963] (rb_chassis) Command: {'cmd': ['/usr/bin/cmake', '--install', '/home/user/robocup_basketball_ws/build/rb_chassis'], 'cwd': '/home/user/robocup_basketball_ws/build/rb_chassis', 'env': OrderedDict([('SHLVL', '0'), ('LD_LIBRARY_PATH', '/opt/ros/humble/opt/rviz_ogre_vendor/lib:/opt/ros/humble/lib/x86_64-linux-gnu:/opt/ros/humble/lib'), ('HOME', '/home/user'), ('OLDPWD', '/home/user/robocup_basketball_ws'), ('ROS_PYTHON_VERSION', '3'), ('LC_CTYPE', 'C.UTF-8'), ('ROS_DISTRO', 'humble'), ('_', '/usr/bin/colcon'), ('ROS_VERSION', '2'), ('TERM', 'dumb'), ('ROS_LOCALHOST_ONLY', '0'), ('PATH', '/opt/ros/humble/bin:/usr/local/bin:/usr/bin:/bin'), ('AMENT_PREFIX_PATH', '/opt/ros/humble'), ('PWD', '/home/user/robocup_basketball_ws/build/rb_chassis'), ('PYTHONPATH', '/opt/ros/humble/lib/python3.10/site-packages:/opt/ros/humble/local/lib/python3.10/dist-packages'), ('COLCON', '1'), ('CMAKE_PREFIX_PATH', '/opt/ros/humble')]), 'shell': False}
[0.821753] (rb_chassis) StdoutLine: {'line': b'-- Install configuration: ""\n'}
[0.822231] (rb_chassis) StdoutLine: {'line': b'-- Execute custom install script\n'}
[0.822417] (rb_chassis) StdoutLine: {'line': b'-- Symlinking: /home/user/robocup_basketball_ws/install/rb_chassis/lib/libbase_chassis.a\n'}
[0.831137] (rb_chassis) StdoutLine: {'line': b'-- Symlinking: /home/user/robocup_basketball_ws/install/rb_chassis/lib/libomni_chassis.a\n'}
[0.831566] (rb_msgs) StdoutLine: {'line': b'-- Configuring done\n'}
[0.838375] (rb_chassis) StdoutLine: {'line': b'-- Symlinking: /home/user/robocup_basketball_ws/install/rb_chassis/lib/rb_chassis/rb_chassis_node\n'}
[0.846550] (rb_chassis) StdoutLine: {'line': b'-- Symlinking: /home/user/robocup_basketball_ws/install/rb_chassis/include/chassis_lib/base_chassis.h\n'}
[0.853382] (rb_chassis) StdoutLine: {'line': b'-- Symlinking: /home/user/robocup_basketball_ws/install/rb_chassis/include/chassis_lib/omni_chassis.h\n'}
[0.854815] (rb_msgs) StdoutLine: {'line': b'-- Generating done\n'}
[0.860940] (rb_chassis) StdoutLine: {'line': b'-- Symlinking: /home/user/robocup_basketball_ws/install/rb_chassis/include/utils/utils.h\n'}
[0.862258] (rb_msgs) StdoutLine: {'line': b'-- Build files have been written to: /home/user/robocup_basketball_ws/build/rb_msgs\n'}
[0.866886] (rb_msgs) CommandEnded: {'returncode': 0}
[0.867613] (rb_msgs) JobProgress: {'identifier': 'rb_msgs', 'progress': 'build'}
[0.867628] (rb_msgs) Command: {'cmd': ['/usr/bin/cmake', '--build', '/home/user/robocup_basketball_ws/build/rb_msgs', '--', '-j16', '-l16'], 'cwd': '/home/user/robocup_basketball_ws/build/rb_msgs', 'env': OrderedDict([('SHLVL', '0'), ('LD_LIBRARY_PATH', '/opt/ros/humble/opt/rviz_ogre_vendor/lib:/opt/ros/humble/lib/x86_64-linux-gnu:/opt/ros/humble/lib'), ('HOME', '/home/user'), ('OLDPWD', '/home/user/robocup_basketball_ws'), ('ROS_PYTHON_VERSION', '3'), ('LC_CTYPE', 'C.UTF-8'), ('ROS_DISTRO', 'humble'), ('_', '/usr/bin/colcon'), ('ROS_VERSION', '2'), ('TERM', 'dumb'), ('ROS_LOCALHOST_ONLY', '0'), ('PATH', '/opt/ros/humble/bin:/usr/local/bin:/usr/bin:/bin'), ('AMENT_PREFIX_PATH', '/opt/ros/humble'), ('PWD', '/home/user/robocup_basketball_ws/build/rb_msgs'), ('PYTHONPATH', '/opt/ros/humble/lib/python3.10/site-packages:/opt/ros/humble/local/lib/python3.10/dist-packages'), ('COLCON', '1'), ('CMAKE_PREFIX_PATH', '/opt/ros/humble')]), 'shell': False}
[0.868122] (rb_chassis) StdoutLine: {'line': b'-- Symlinking: /home/user/robocup_basketball_ws/install/rb_chassis/share/rb_chassis/launch/chassis.launch.py\n'}
[0.875753] (rb_chassis) StdoutLine: {'line': b'-- Symlinking: /home/user/robocup_basketball_ws/install/rb_chassis/share/rb_chassis/config/chassis.yaml\n'}
[0.882941] (rb_chassis) StdoutLine: {'line': b'-- Symlinking: /home/user/robocup_basketball_ws/install/rb_chassis/share/rb_chassis/environment/library_path.sh\n'}
[0.890489] (rb_chassis) StdoutLine: {'line': b'-- Symlinking: /home/user/robocup_basketball_ws/install/rb_chassis/share/rb_chassis/environment/library_path.dsv\n'}
[0.897884] (rb_chassis) StdoutLine: {'line': b'-- Symlinking: /home/user/robocup_basketball_ws/install/rb_chassis/share/ament_index/resource_index/package_run_dependencies/rb_chassis\n'}
[0.899373] (rb_msgs) StdoutLine: {'line': b'Consolidate compiler generated dependencies of target rb_msgs__rosidl_generator_c\n'}
[0.900973] (-) TimerEvent: {}
[0.903286] (rb_msgs) StderrLine: {'line': b"failed to create symbolic link '/home/user/robocup_basketball_ws/build/rb_msgs/ament_cmake_python/rb_msgs/rb_msgs' because existing path cannot be removed: Is a directory\n"}
[0.903790] (rb_msgs) StderrLine: {'line': b'gmake[2]: *** [CMakeFiles/ament_cmake_python_symlink_rb_msgs.dir/build.make:70: CMakeFiles/ament_cmake_python_symlink_rb_msgs] Error 1\n'}
[0.903863] (rb_msgs) StderrLine: {'line': b'gmake[1]: *** [CMakeFiles/Makefile2:421: CMakeFiles/ament_cmake_python_symlink_rb_msgs.dir/all] Error 2\n'}
[0.903891] (rb_msgs) StderrLine: {'line': b'gmake[1]: *** Waiting for unfinished jobs....\n'}
[0.904566] (rb_msgs) StdoutLine: {'line': b'[  1%] Built target rb_msgs__cpp\n'}
[0.905317] (rb_chassis) StdoutLine: {'line': b'-- Symlinking: /home/user/robocup_basketball_ws/install/rb_chassis/share/ament_index/resource_index/parent_prefix_path/rb_chassis\n'}
[0.908187] (rb_msgs) StdoutLine: {'line': b'[ 12%] Built target rb_msgs__rosidl_generator_c\n'}
[0.908988] (rb_msgs) StderrLine: {'line': b'gmake: *** [Makefile:146: all] Error 2\n'}
[0.910522] (rb_msgs) CommandEnded: {'returncode': 2}
[0.919948] (rb_msgs) JobEnded: {'identifier': 'rb_msgs', 'rc': 2}
[0.920265] (rb_chassis) StdoutLine: {'line': b'-- Symlinking: /home/user/robocup_basketball_ws/install/rb_chassis/share/rb_chassis/environment/ament_prefix_path.sh\n'}
[0.920370] (rb_chassis) StdoutLine: {'line': b'-- Symlinking: /home/user/robocup_basketball_ws/install/rb_chassis/share/rb_chassis/environment/ament_prefix_path.dsv\n'}
[0.924869] (rb_chassis) StdoutLine: {'line': b'-- Symlinking: /home/user/robocup_basketball_ws/install/rb_chassis/share/rb_chassis/environment/path.sh\n'}
[0.930756] (rb_chassis) StdoutLine: {'line': b'-- Symlinking: /home/user/robocup_basketball_ws/install/rb_chassis/share/rb_chassis/environment/path.dsv\n'}
[0.935869] (rb_chassis) StdoutLine: {'line': b'-- Symlinking: /home/user/robocup_basketball_ws/install/rb_chassis/share/rb_chassis/local_setup.bash\n'}
[0.941247] (rb_chassis) StdoutLine: {'line': b'-- Symlinking: /home/user/robocup_basketball_ws/install/rb_chassis/share/rb_chassis/local_setup.sh\n'}
[0.946983] (rb_chassis) StdoutLine: {'line': b'-- Symlinking: /home/user/robocup_basketball_ws/install/rb_chassis/share/rb_chassis/local_setup.zsh\n'}
[0.951961] (rb_chassis) StdoutLine: {'line': b'-- Symlinking: /home/user/robocup_basketball_ws/install/rb_chassis/share/rb_chassis/local_setup.dsv\n'}
[0.957696] (rb_chassis) StdoutLine: {'line': b'-- Symlinking: /home/user/robocup_basketball_ws/install/rb_chassis/share/rb_chassis/package.dsv\n'}
[0.963511] (rb_chassis) StdoutLine: {'line': b'-- Symlinking: /home/user/robocup_basketball_ws/install/rb_chassis/share/ament_index/resource_index/packages/rb_chassis\n'}
[0.969037] (rb_chassis) StdoutLine: {'line': b'-- Symlinking: /home/user/robocup_basketball_ws/install/rb_chassis/share/rb_chassis/cmake/ament_cmake_export_include_directories-extras.cmake\n'}
[0.974283] (rb_chassis) StdoutLine: {'line': b'-- Symlinking: /home/user/robocup_basketball_ws/install/rb_chassis/share/rb_chassis/cmake/ament_cmake_export_libraries-extras.cmake\n'}
[0.981359] (rb_chassis) StdoutLine: {'line': b'-- Symlinking: /home/user/robocup_basketball_ws/install/rb_chassis/share/rb_chassis/cmake/ament_cmake_export_dependencies-extras.cmake\n'}
[0.985958] (rb_chassis) StdoutLine: {'line': b'-- Symlinking: /home/user/robocup_basketball_ws/install/rb_chassis/share/rb_chassis/cmake/rb_chassisConfig.cmake\n'}
[0.993413] (rb_chassis) StdoutLine: {'line': b'-- Symlinking: /home/user/robocup_basketball_ws/install/rb_chassis/share/rb_chassis/cmake/rb_chassisConfig-version.cmake\n'}
[0.999427] (rb_chassis) StdoutLine: {'line': b'-- Symlinking: /home/user/robocup_basketball_ws/install/rb_chassis/share/rb_chassis/package.xml\n'}
[1.001080] (-) TimerEvent: {}
[1.007289] (rb_chassis) JobEnded: {'identifier': 'rb_chassis', 'rc': 'SIGINT'}
[1.017652] (rb_launcher) JobSkipped: {'identifier': 'rb_launcher'}
[1.017686] (rb_localization) JobSkipped: {'identifier': 'rb_localization'}
[1.017696] (rb_mission) JobSkipped: {'identifier': 'rb_mission'}
[1.017704] (rb_perception) JobSkipped: {'identifier': 'rb_perception'}
[1.017710] (rb_bringup) JobSkipped: {'identifier': 'rb_bringup'}
[1.017717] (-) EventReactorShutdown: {}
