[0.053s] DEBUG:colcon:Command line arguments: ['/usr/bin/colcon', 'build', '--packages-select', 'rb_msgs', 'rb_chassis', 'rb_launcher']
[0.054s] DEBUG:colcon:Parsed command line arguments: Namespace(log_base=None, log_level=None, verb_name='build', build_base='build', install_base='install', merge_install=False, symlink_install=False, test_result_base=None, continue_on_error=False, executor='parallel', parallel_workers=16, event_handlers=None, ignore_user_meta=False, metas=['./colcon.meta'], base_paths=['.'], packages_ignore=None, packages_ignore_regex=None, paths=None, packages_up_to=None, packages_up_to_regex=None, packages_above=None, packages_above_and_dependencies=None, packages_above_depth=None, packages_select_by_dep=None, packages_skip_by_dep=None, packages_skip_up_to=None, packages_select_build_failed=False, packages_skip_build_finished=False, packages_select_test_failures=False, packages_skip_test_passed=False, packages_select=['rb_msgs', 'rb_chassis', 'rb_launcher'], packages_skip=None, packages_select_regex=None, packages_skip_regex=None, packages_start=None, packages_end=None, allow_overriding=[], cmake_args=None, cmake_target=None, cmake_target_skip_unavailable=False, cmake_clean_cache=False, cmake_clean_first=False, cmake_force_configure=False, ament_cmake_args=None, catkin_cmake_args=None, catkin_skip_building_tests=False, verb_parser=<colcon_defaults.argument_parser.defaults.DefaultArgumentsDecorator object at 0x77455f349d80>, verb_extension=<colcon_core.verb.build.BuildVerb object at 0x77455f44f220>, main=<bound method BuildVerb.main of <colcon_core.verb.build.BuildVerb object at 0x77455f44f220>>)
[0.132s] Level 1:colcon.colcon_core.package_discovery:discover_packages(colcon_meta) check parameters
[0.132s] Level 1:colcon.colcon_core.package_discovery:discover_packages(recursive) check parameters
[0.132s] Level 1:colcon.colcon_core.package_discovery:discover_packages(ignore) check parameters
[0.132s] Level 1:colcon.colcon_core.package_discovery:discover_packages(path) check parameters
[0.132s] Level 1:colcon.colcon_core.package_discovery:discover_packages(colcon_meta) discover
[0.132s] Level 1:colcon.colcon_core.package_discovery:discover_packages(recursive) discover
[0.132s] INFO:colcon.colcon_core.package_discovery:Crawling recursively for packages in '/home/user/robocup_basketball_ws'
[0.132s] Level 1:colcon.colcon_core.package_identification:_identify(.) by extensions ['ignore', 'ignore_ament_install']
[0.132s] Level 1:colcon.colcon_core.package_identification:_identify(.) by extension 'ignore'
[0.132s] Level 1:colcon.colcon_core.package_identification:_identify(.) by extension 'ignore_ament_install'
[0.132s] Level 1:colcon.colcon_core.package_identification:_identify(.) by extensions ['colcon_pkg']
[0.132s] Level 1:colcon.colcon_core.package_identification:_identify(.) by extension 'colcon_pkg'
[0.132s] Level 1:colcon.colcon_core.package_identification:_identify(.) by extensions ['colcon_meta']
[0.132s] Level 1:colcon.colcon_core.package_identification:_identify(.) by extension 'colcon_meta'
[0.132s] Level 1:colcon.colcon_core.package_identification:_identify(.) by extensions ['ros']
[0.132s] Level 1:colcon.colcon_core.package_identification:_identify(.) by extension 'ros'
[0.138s] Level 1:colcon.colcon_core.package_identification:_identify(.) by extensions ['cmake', 'python']
[0.138s] Level 1:colcon.colcon_core.package_identification:_identify(.) by extension 'cmake'
[0.138s] Level 1:colcon.colcon_core.package_identification:_identify(.) by extension 'python'
[0.138s] Level 1:colcon.colcon_core.package_identification:_identify(.) by extensions ['python_setup_py']
[0.138s] Level 1:colcon.colcon_core.package_identification:_identify(.) by extension 'python_setup_py'
[0.139s] Level 1:colcon.colcon_core.package_identification:_identify(build) by extensions ['ignore', 'ignore_ament_install']
[0.139s] Level 1:colcon.colcon_core.package_identification:_identify(build) by extension 'ignore'
[0.139s] Level 1:colcon.colcon_core.package_identification:_identify(build) ignored
[0.139s] Level 1:colcon.colcon_core.package_identification:_identify(docs) by extensions ['ignore', 'ignore_ament_install']
[0.139s] Level 1:colcon.colcon_core.package_identification:_identify(docs) by extension 'ignore'
[0.139s] Level 1:colcon.colcon_core.package_identification:_identify(docs) by extension 'ignore_ament_install'
[0.139s] Level 1:colcon.colcon_core.package_identification:_identify(docs) by extensions ['colcon_pkg']
[0.139s] Level 1:colcon.colcon_core.package_identification:_identify(docs) by extension 'colcon_pkg'
[0.139s] Level 1:colcon.colcon_core.package_identification:_identify(docs) by extensions ['colcon_meta']
[0.139s] Level 1:colcon.colcon_core.package_identification:_identify(docs) by extension 'colcon_meta'
[0.139s] Level 1:colcon.colcon_core.package_identification:_identify(docs) by extensions ['ros']
[0.139s] Level 1:colcon.colcon_core.package_identification:_identify(docs) by extension 'ros'
[0.139s] Level 1:colcon.colcon_core.package_identification:_identify(docs) by extensions ['cmake', 'python']
[0.139s] Level 1:colcon.colcon_core.package_identification:_identify(docs) by extension 'cmake'
[0.139s] Level 1:colcon.colcon_core.package_identification:_identify(docs) by extension 'python'
[0.139s] Level 1:colcon.colcon_core.package_identification:_identify(docs) by extensions ['python_setup_py']
[0.139s] Level 1:colcon.colcon_core.package_identification:_identify(docs) by extension 'python_setup_py'
[0.139s] Level 1:colcon.colcon_core.package_identification:_identify(install) by extensions ['ignore', 'ignore_ament_install']
[0.139s] Level 1:colcon.colcon_core.package_identification:_identify(install) by extension 'ignore'
[0.139s] Level 1:colcon.colcon_core.package_identification:_identify(install) ignored
[0.139s] Level 1:colcon.colcon_core.package_identification:_identify(log) by extensions ['ignore', 'ignore_ament_install']
[0.139s] Level 1:colcon.colcon_core.package_identification:_identify(log) by extension 'ignore'
[0.139s] Level 1:colcon.colcon_core.package_identification:_identify(log) ignored
[0.139s] Level 1:colcon.colcon_core.package_identification:_identify(src) by extensions ['ignore', 'ignore_ament_install']
[0.139s] Level 1:colcon.colcon_core.package_identification:_identify(src) by extension 'ignore'
[0.139s] Level 1:colcon.colcon_core.package_identification:_identify(src) by extension 'ignore_ament_install'
[0.139s] Level 1:colcon.colcon_core.package_identification:_identify(src) by extensions ['colcon_pkg']
[0.139s] Level 1:colcon.colcon_core.package_identification:_identify(src) by extension 'colcon_pkg'
[0.139s] Level 1:colcon.colcon_core.package_identification:_identify(src) by extensions ['colcon_meta']
[0.139s] Level 1:colcon.colcon_core.package_identification:_identify(src) by extension 'colcon_meta'
[0.139s] Level 1:colcon.colcon_core.package_identification:_identify(src) by extensions ['ros']
[0.139s] Level 1:colcon.colcon_core.package_identification:_identify(src) by extension 'ros'
[0.139s] Level 1:colcon.colcon_core.package_identification:_identify(src) by extensions ['cmake', 'python']
[0.139s] Level 1:colcon.colcon_core.package_identification:_identify(src) by extension 'cmake'
[0.140s] Level 1:colcon.colcon_core.package_identification:_identify(src) by extension 'python'
[0.140s] Level 1:colcon.colcon_core.package_identification:_identify(src) by extensions ['python_setup_py']
[0.140s] Level 1:colcon.colcon_core.package_identification:_identify(src) by extension 'python_setup_py'
[0.140s] Level 1:colcon.colcon_core.package_identification:_identify(src/rb_bringup) by extensions ['ignore', 'ignore_ament_install']
[0.140s] Level 1:colcon.colcon_core.package_identification:_identify(src/rb_bringup) by extension 'ignore'
[0.140s] Level 1:colcon.colcon_core.package_identification:_identify(src/rb_bringup) by extension 'ignore_ament_install'
[0.140s] Level 1:colcon.colcon_core.package_identification:_identify(src/rb_bringup) by extensions ['colcon_pkg']
[0.140s] Level 1:colcon.colcon_core.package_identification:_identify(src/rb_bringup) by extension 'colcon_pkg'
[0.140s] Level 1:colcon.colcon_core.package_identification:_identify(src/rb_bringup) by extensions ['colcon_meta']
[0.140s] Level 1:colcon.colcon_core.package_identification:_identify(src/rb_bringup) by extension 'colcon_meta'
[0.140s] Level 1:colcon.colcon_core.package_identification:_identify(src/rb_bringup) by extensions ['ros']
[0.140s] Level 1:colcon.colcon_core.package_identification:_identify(src/rb_bringup) by extension 'ros'
[0.140s] Level 1:colcon.colcon_core.package_identification:_identify(src/rb_bringup) by extensions ['cmake', 'python']
[0.140s] Level 1:colcon.colcon_core.package_identification:_identify(src/rb_bringup) by extension 'cmake'
[0.140s] Level 1:colcon.colcon_core.package_identification:_identify(src/rb_bringup) by extension 'python'
[0.140s] Level 1:colcon.colcon_core.package_identification:_identify(src/rb_bringup) by extensions ['python_setup_py']
[0.140s] Level 1:colcon.colcon_core.package_identification:_identify(src/rb_bringup) by extension 'python_setup_py'
[0.140s] Level 1:colcon.colcon_core.package_identification:_identify(src/rb_bringup/config) by extensions ['ignore', 'ignore_ament_install']
[0.140s] Level 1:colcon.colcon_core.package_identification:_identify(src/rb_bringup/config) by extension 'ignore'
[0.140s] Level 1:colcon.colcon_core.package_identification:_identify(src/rb_bringup/config) by extension 'ignore_ament_install'
[0.140s] Level 1:colcon.colcon_core.package_identification:_identify(src/rb_bringup/config) by extensions ['colcon_pkg']
[0.140s] Level 1:colcon.colcon_core.package_identification:_identify(src/rb_bringup/config) by extension 'colcon_pkg'
[0.140s] Level 1:colcon.colcon_core.package_identification:_identify(src/rb_bringup/config) by extensions ['colcon_meta']
[0.140s] Level 1:colcon.colcon_core.package_identification:_identify(src/rb_bringup/config) by extension 'colcon_meta'
[0.140s] Level 1:colcon.colcon_core.package_identification:_identify(src/rb_bringup/config) by extensions ['ros']
[0.140s] Level 1:colcon.colcon_core.package_identification:_identify(src/rb_bringup/config) by extension 'ros'
[0.140s] Level 1:colcon.colcon_core.package_identification:_identify(src/rb_bringup/config) by extensions ['cmake', 'python']
[0.140s] Level 1:colcon.colcon_core.package_identification:_identify(src/rb_bringup/config) by extension 'cmake'
[0.140s] Level 1:colcon.colcon_core.package_identification:_identify(src/rb_bringup/config) by extension 'python'
[0.140s] Level 1:colcon.colcon_core.package_identification:_identify(src/rb_bringup/config) by extensions ['python_setup_py']
[0.140s] Level 1:colcon.colcon_core.package_identification:_identify(src/rb_bringup/config) by extension 'python_setup_py'
[0.140s] Level 1:colcon.colcon_core.package_identification:_identify(src/rb_bringup/launch) by extensions ['ignore', 'ignore_ament_install']
[0.140s] Level 1:colcon.colcon_core.package_identification:_identify(src/rb_bringup/launch) by extension 'ignore'
[0.140s] Level 1:colcon.colcon_core.package_identification:_identify(src/rb_bringup/launch) by extension 'ignore_ament_install'
[0.140s] Level 1:colcon.colcon_core.package_identification:_identify(src/rb_bringup/launch) by extensions ['colcon_pkg']
[0.140s] Level 1:colcon.colcon_core.package_identification:_identify(src/rb_bringup/launch) by extension 'colcon_pkg'
[0.140s] Level 1:colcon.colcon_core.package_identification:_identify(src/rb_bringup/launch) by extensions ['colcon_meta']
[0.140s] Level 1:colcon.colcon_core.package_identification:_identify(src/rb_bringup/launch) by extension 'colcon_meta'
[0.140s] Level 1:colcon.colcon_core.package_identification:_identify(src/rb_bringup/launch) by extensions ['ros']
[0.140s] Level 1:colcon.colcon_core.package_identification:_identify(src/rb_bringup/launch) by extension 'ros'
[0.140s] Level 1:colcon.colcon_core.package_identification:_identify(src/rb_bringup/launch) by extensions ['cmake', 'python']
[0.140s] Level 1:colcon.colcon_core.package_identification:_identify(src/rb_bringup/launch) by extension 'cmake'
[0.141s] Level 1:colcon.colcon_core.package_identification:_identify(src/rb_bringup/launch) by extension 'python'
[0.141s] Level 1:colcon.colcon_core.package_identification:_identify(src/rb_bringup/launch) by extensions ['python_setup_py']
[0.141s] Level 1:colcon.colcon_core.package_identification:_identify(src/rb_bringup/launch) by extension 'python_setup_py'
[0.141s] Level 1:colcon.colcon_core.package_identification:_identify(src/rb_chassis) by extensions ['ignore', 'ignore_ament_install']
[0.141s] Level 1:colcon.colcon_core.package_identification:_identify(src/rb_chassis) by extension 'ignore'
[0.141s] Level 1:colcon.colcon_core.package_identification:_identify(src/rb_chassis) by extension 'ignore_ament_install'
[0.141s] Level 1:colcon.colcon_core.package_identification:_identify(src/rb_chassis) by extensions ['colcon_pkg']
[0.141s] Level 1:colcon.colcon_core.package_identification:_identify(src/rb_chassis) by extension 'colcon_pkg'
[0.141s] Level 1:colcon.colcon_core.package_identification:_identify(src/rb_chassis) by extensions ['colcon_meta']
[0.141s] Level 1:colcon.colcon_core.package_identification:_identify(src/rb_chassis) by extension 'colcon_meta'
[0.141s] Level 1:colcon.colcon_core.package_identification:_identify(src/rb_chassis) by extensions ['ros']
[0.141s] Level 1:colcon.colcon_core.package_identification:_identify(src/rb_chassis) by extension 'ros'
[0.143s] DEBUG:colcon.colcon_core.package_identification:Package 'src/rb_chassis' with type 'ros.ament_cmake' and name 'rb_chassis'
[0.143s] Level 1:colcon.colcon_core.package_identification:_identify(src/rb_launcher) by extensions ['ignore', 'ignore_ament_install']
[0.143s] Level 1:colcon.colcon_core.package_identification:_identify(src/rb_launcher) by extension 'ignore'
[0.143s] Level 1:colcon.colcon_core.package_identification:_identify(src/rb_launcher) by extension 'ignore_ament_install'
[0.143s] Level 1:colcon.colcon_core.package_identification:_identify(src/rb_launcher) by extensions ['colcon_pkg']
[0.143s] Level 1:colcon.colcon_core.package_identification:_identify(src/rb_launcher) by extension 'colcon_pkg'
[0.143s] Level 1:colcon.colcon_core.package_identification:_identify(src/rb_launcher) by extensions ['colcon_meta']
[0.143s] Level 1:colcon.colcon_core.package_identification:_identify(src/rb_launcher) by extension 'colcon_meta'
[0.143s] Level 1:colcon.colcon_core.package_identification:_identify(src/rb_launcher) by extensions ['ros']
[0.143s] Level 1:colcon.colcon_core.package_identification:_identify(src/rb_launcher) by extension 'ros'
[0.143s] DEBUG:colcon.colcon_core.package_identification:Package 'src/rb_launcher' with type 'ros.ament_cmake' and name 'rb_launcher'
[0.143s] Level 1:colcon.colcon_core.package_identification:_identify(src/rb_localization) by extensions ['ignore', 'ignore_ament_install']
[0.143s] Level 1:colcon.colcon_core.package_identification:_identify(src/rb_localization) by extension 'ignore'
[0.143s] Level 1:colcon.colcon_core.package_identification:_identify(src/rb_localization) by extension 'ignore_ament_install'
[0.143s] Level 1:colcon.colcon_core.package_identification:_identify(src/rb_localization) by extensions ['colcon_pkg']
[0.143s] Level 1:colcon.colcon_core.package_identification:_identify(src/rb_localization) by extension 'colcon_pkg'
[0.143s] Level 1:colcon.colcon_core.package_identification:_identify(src/rb_localization) by extensions ['colcon_meta']
[0.143s] Level 1:colcon.colcon_core.package_identification:_identify(src/rb_localization) by extension 'colcon_meta'
[0.143s] Level 1:colcon.colcon_core.package_identification:_identify(src/rb_localization) by extensions ['ros']
[0.143s] Level 1:colcon.colcon_core.package_identification:_identify(src/rb_localization) by extension 'ros'
[0.143s] Level 1:colcon.colcon_core.package_identification:_identify(src/rb_localization) by extensions ['cmake', 'python']
[0.143s] Level 1:colcon.colcon_core.package_identification:_identify(src/rb_localization) by extension 'cmake'
[0.144s] Level 1:colcon.colcon_core.package_identification:_identify(src/rb_localization) by extension 'python'
[0.144s] Level 1:colcon.colcon_core.package_identification:_identify(src/rb_localization) by extensions ['python_setup_py']
[0.144s] Level 1:colcon.colcon_core.package_identification:_identify(src/rb_localization) by extension 'python_setup_py'
[0.144s] Level 1:colcon.colcon_core.package_identification:_identify(src/rb_localization/config) by extensions ['ignore', 'ignore_ament_install']
[0.144s] Level 1:colcon.colcon_core.package_identification:_identify(src/rb_localization/config) by extension 'ignore'
[0.144s] Level 1:colcon.colcon_core.package_identification:_identify(src/rb_localization/config) by extension 'ignore_ament_install'
[0.144s] Level 1:colcon.colcon_core.package_identification:_identify(src/rb_localization/config) by extensions ['colcon_pkg']
[0.144s] Level 1:colcon.colcon_core.package_identification:_identify(src/rb_localization/config) by extension 'colcon_pkg'
[0.144s] Level 1:colcon.colcon_core.package_identification:_identify(src/rb_localization/config) by extensions ['colcon_meta']
[0.144s] Level 1:colcon.colcon_core.package_identification:_identify(src/rb_localization/config) by extension 'colcon_meta'
[0.144s] Level 1:colcon.colcon_core.package_identification:_identify(src/rb_localization/config) by extensions ['ros']
[0.144s] Level 1:colcon.colcon_core.package_identification:_identify(src/rb_localization/config) by extension 'ros'
[0.144s] Level 1:colcon.colcon_core.package_identification:_identify(src/rb_localization/config) by extensions ['cmake', 'python']
[0.144s] Level 1:colcon.colcon_core.package_identification:_identify(src/rb_localization/config) by extension 'cmake'
[0.144s] Level 1:colcon.colcon_core.package_identification:_identify(src/rb_localization/config) by extension 'python'
[0.144s] Level 1:colcon.colcon_core.package_identification:_identify(src/rb_localization/config) by extensions ['python_setup_py']
[0.144s] Level 1:colcon.colcon_core.package_identification:_identify(src/rb_localization/config) by extension 'python_setup_py'
[0.144s] Level 1:colcon.colcon_core.package_identification:_identify(src/rb_localization/launch) by extensions ['ignore', 'ignore_ament_install']
[0.144s] Level 1:colcon.colcon_core.package_identification:_identify(src/rb_localization/launch) by extension 'ignore'
[0.144s] Level 1:colcon.colcon_core.package_identification:_identify(src/rb_localization/launch) by extension 'ignore_ament_install'
[0.144s] Level 1:colcon.colcon_core.package_identification:_identify(src/rb_localization/launch) by extensions ['colcon_pkg']
[0.144s] Level 1:colcon.colcon_core.package_identification:_identify(src/rb_localization/launch) by extension 'colcon_pkg'
[0.144s] Level 1:colcon.colcon_core.package_identification:_identify(src/rb_localization/launch) by extensions ['colcon_meta']
[0.144s] Level 1:colcon.colcon_core.package_identification:_identify(src/rb_localization/launch) by extension 'colcon_meta'
[0.144s] Level 1:colcon.colcon_core.package_identification:_identify(src/rb_localization/launch) by extensions ['ros']
[0.144s] Level 1:colcon.colcon_core.package_identification:_identify(src/rb_localization/launch) by extension 'ros'
[0.144s] Level 1:colcon.colcon_core.package_identification:_identify(src/rb_localization/launch) by extensions ['cmake', 'python']
[0.144s] Level 1:colcon.colcon_core.package_identification:_identify(src/rb_localization/launch) by extension 'cmake'
[0.144s] Level 1:colcon.colcon_core.package_identification:_identify(src/rb_localization/launch) by extension 'python'
[0.144s] Level 1:colcon.colcon_core.package_identification:_identify(src/rb_localization/launch) by extensions ['python_setup_py']
[0.144s] Level 1:colcon.colcon_core.package_identification:_identify(src/rb_localization/launch) by extension 'python_setup_py'
[0.144s] Level 1:colcon.colcon_core.package_identification:_identify(src/rb_localization/rb_localization) by extensions ['ignore', 'ignore_ament_install']
[0.144s] Level 1:colcon.colcon_core.package_identification:_identify(src/rb_localization/rb_localization) by extension 'ignore'
[0.144s] Level 1:colcon.colcon_core.package_identification:_identify(src/rb_localization/rb_localization) by extension 'ignore_ament_install'
[0.144s] Level 1:colcon.colcon_core.package_identification:_identify(src/rb_localization/rb_localization) by extensions ['colcon_pkg']
[0.144s] Level 1:colcon.colcon_core.package_identification:_identify(src/rb_localization/rb_localization) by extension 'colcon_pkg'
[0.144s] Level 1:colcon.colcon_core.package_identification:_identify(src/rb_localization/rb_localization) by extensions ['colcon_meta']
[0.144s] Level 1:colcon.colcon_core.package_identification:_identify(src/rb_localization/rb_localization) by extension 'colcon_meta'
[0.144s] Level 1:colcon.colcon_core.package_identification:_identify(src/rb_localization/rb_localization) by extensions ['ros']
[0.144s] Level 1:colcon.colcon_core.package_identification:_identify(src/rb_localization/rb_localization) by extension 'ros'
[0.144s] Level 1:colcon.colcon_core.package_identification:_identify(src/rb_localization/rb_localization) by extensions ['cmake', 'python']
[0.144s] Level 1:colcon.colcon_core.package_identification:_identify(src/rb_localization/rb_localization) by extension 'cmake'
[0.144s] Level 1:colcon.colcon_core.package_identification:_identify(src/rb_localization/rb_localization) by extension 'python'
[0.144s] Level 1:colcon.colcon_core.package_identification:_identify(src/rb_localization/rb_localization) by extensions ['python_setup_py']
[0.144s] Level 1:colcon.colcon_core.package_identification:_identify(src/rb_localization/rb_localization) by extension 'python_setup_py'
[0.144s] Level 1:colcon.colcon_core.package_identification:_identify(src/rb_mission) by extensions ['ignore', 'ignore_ament_install']
[0.144s] Level 1:colcon.colcon_core.package_identification:_identify(src/rb_mission) by extension 'ignore'
[0.145s] Level 1:colcon.colcon_core.package_identification:_identify(src/rb_mission) by extension 'ignore_ament_install'
[0.145s] Level 1:colcon.colcon_core.package_identification:_identify(src/rb_mission) by extensions ['colcon_pkg']
[0.145s] Level 1:colcon.colcon_core.package_identification:_identify(src/rb_mission) by extension 'colcon_pkg'
[0.145s] Level 1:colcon.colcon_core.package_identification:_identify(src/rb_mission) by extensions ['colcon_meta']
[0.145s] Level 1:colcon.colcon_core.package_identification:_identify(src/rb_mission) by extension 'colcon_meta'
[0.145s] Level 1:colcon.colcon_core.package_identification:_identify(src/rb_mission) by extensions ['ros']
[0.145s] Level 1:colcon.colcon_core.package_identification:_identify(src/rb_mission) by extension 'ros'
[0.145s] Level 1:colcon.colcon_core.package_identification:_identify(src/rb_mission) by extensions ['cmake', 'python']
[0.145s] Level 1:colcon.colcon_core.package_identification:_identify(src/rb_mission) by extension 'cmake'
[0.145s] Level 1:colcon.colcon_core.package_identification:_identify(src/rb_mission) by extension 'python'
[0.145s] Level 1:colcon.colcon_core.package_identification:_identify(src/rb_mission) by extensions ['python_setup_py']
[0.145s] Level 1:colcon.colcon_core.package_identification:_identify(src/rb_mission) by extension 'python_setup_py'
[0.145s] Level 1:colcon.colcon_core.package_identification:_identify(src/rb_mission/config) by extensions ['ignore', 'ignore_ament_install']
[0.145s] Level 1:colcon.colcon_core.package_identification:_identify(src/rb_mission/config) by extension 'ignore'
[0.145s] Level 1:colcon.colcon_core.package_identification:_identify(src/rb_mission/config) by extension 'ignore_ament_install'
[0.145s] Level 1:colcon.colcon_core.package_identification:_identify(src/rb_mission/config) by extensions ['colcon_pkg']
[0.145s] Level 1:colcon.colcon_core.package_identification:_identify(src/rb_mission/config) by extension 'colcon_pkg'
[0.145s] Level 1:colcon.colcon_core.package_identification:_identify(src/rb_mission/config) by extensions ['colcon_meta']
[0.145s] Level 1:colcon.colcon_core.package_identification:_identify(src/rb_mission/config) by extension 'colcon_meta'
[0.145s] Level 1:colcon.colcon_core.package_identification:_identify(src/rb_mission/config) by extensions ['ros']
[0.145s] Level 1:colcon.colcon_core.package_identification:_identify(src/rb_mission/config) by extension 'ros'
[0.145s] Level 1:colcon.colcon_core.package_identification:_identify(src/rb_mission/config) by extensions ['cmake', 'python']
[0.145s] Level 1:colcon.colcon_core.package_identification:_identify(src/rb_mission/config) by extension 'cmake'
[0.145s] Level 1:colcon.colcon_core.package_identification:_identify(src/rb_mission/config) by extension 'python'
[0.145s] Level 1:colcon.colcon_core.package_identification:_identify(src/rb_mission/config) by extensions ['python_setup_py']
[0.145s] Level 1:colcon.colcon_core.package_identification:_identify(src/rb_mission/config) by extension 'python_setup_py'
[0.145s] Level 1:colcon.colcon_core.package_identification:_identify(src/rb_mission/launch) by extensions ['ignore', 'ignore_ament_install']
[0.145s] Level 1:colcon.colcon_core.package_identification:_identify(src/rb_mission/launch) by extension 'ignore'
[0.145s] Level 1:colcon.colcon_core.package_identification:_identify(src/rb_mission/launch) by extension 'ignore_ament_install'
[0.145s] Level 1:colcon.colcon_core.package_identification:_identify(src/rb_mission/launch) by extensions ['colcon_pkg']
[0.145s] Level 1:colcon.colcon_core.package_identification:_identify(src/rb_mission/launch) by extension 'colcon_pkg'
[0.145s] Level 1:colcon.colcon_core.package_identification:_identify(src/rb_mission/launch) by extensions ['colcon_meta']
[0.145s] Level 1:colcon.colcon_core.package_identification:_identify(src/rb_mission/launch) by extension 'colcon_meta'
[0.145s] Level 1:colcon.colcon_core.package_identification:_identify(src/rb_mission/launch) by extensions ['ros']
[0.145s] Level 1:colcon.colcon_core.package_identification:_identify(src/rb_mission/launch) by extension 'ros'
[0.145s] Level 1:colcon.colcon_core.package_identification:_identify(src/rb_mission/launch) by extensions ['cmake', 'python']
[0.145s] Level 1:colcon.colcon_core.package_identification:_identify(src/rb_mission/launch) by extension 'cmake'
[0.145s] Level 1:colcon.colcon_core.package_identification:_identify(src/rb_mission/launch) by extension 'python'
[0.145s] Level 1:colcon.colcon_core.package_identification:_identify(src/rb_mission/launch) by extensions ['python_setup_py']
[0.145s] Level 1:colcon.colcon_core.package_identification:_identify(src/rb_mission/launch) by extension 'python_setup_py'
[0.145s] Level 1:colcon.colcon_core.package_identification:_identify(src/rb_mission/rb_mission) by extensions ['ignore', 'ignore_ament_install']
[0.145s] Level 1:colcon.colcon_core.package_identification:_identify(src/rb_mission/rb_mission) by extension 'ignore'
[0.145s] Level 1:colcon.colcon_core.package_identification:_identify(src/rb_mission/rb_mission) by extension 'ignore_ament_install'
[0.145s] Level 1:colcon.colcon_core.package_identification:_identify(src/rb_mission/rb_mission) by extensions ['colcon_pkg']
[0.145s] Level 1:colcon.colcon_core.package_identification:_identify(src/rb_mission/rb_mission) by extension 'colcon_pkg'
[0.145s] Level 1:colcon.colcon_core.package_identification:_identify(src/rb_mission/rb_mission) by extensions ['colcon_meta']
[0.145s] Level 1:colcon.colcon_core.package_identification:_identify(src/rb_mission/rb_mission) by extension 'colcon_meta'
[0.145s] Level 1:colcon.colcon_core.package_identification:_identify(src/rb_mission/rb_mission) by extensions ['ros']
[0.145s] Level 1:colcon.colcon_core.package_identification:_identify(src/rb_mission/rb_mission) by extension 'ros'
[0.145s] Level 1:colcon.colcon_core.package_identification:_identify(src/rb_mission/rb_mission) by extensions ['cmake', 'python']
[0.145s] Level 1:colcon.colcon_core.package_identification:_identify(src/rb_mission/rb_mission) by extension 'cmake'
[0.145s] Level 1:colcon.colcon_core.package_identification:_identify(src/rb_mission/rb_mission) by extension 'python'
[0.146s] Level 1:colcon.colcon_core.package_identification:_identify(src/rb_mission/rb_mission) by extensions ['python_setup_py']
[0.146s] Level 1:colcon.colcon_core.package_identification:_identify(src/rb_mission/rb_mission) by extension 'python_setup_py'
[0.146s] Level 1:colcon.colcon_core.package_identification:_identify(src/rb_msgs) by extensions ['ignore', 'ignore_ament_install']
[0.146s] Level 1:colcon.colcon_core.package_identification:_identify(src/rb_msgs) by extension 'ignore'
[0.146s] Level 1:colcon.colcon_core.package_identification:_identify(src/rb_msgs) by extension 'ignore_ament_install'
[0.146s] Level 1:colcon.colcon_core.package_identification:_identify(src/rb_msgs) by extensions ['colcon_pkg']
[0.146s] Level 1:colcon.colcon_core.package_identification:_identify(src/rb_msgs) by extension 'colcon_pkg'
[0.146s] Level 1:colcon.colcon_core.package_identification:_identify(src/rb_msgs) by extensions ['colcon_meta']
[0.146s] Level 1:colcon.colcon_core.package_identification:_identify(src/rb_msgs) by extension 'colcon_meta'
[0.146s] Level 1:colcon.colcon_core.package_identification:_identify(src/rb_msgs) by extensions ['ros']
[0.146s] Level 1:colcon.colcon_core.package_identification:_identify(src/rb_msgs) by extension 'ros'
[0.146s] DEBUG:colcon.colcon_core.package_identification:Package 'src/rb_msgs' with type 'ros.ament_cmake' and name 'rb_msgs'
[0.146s] Level 1:colcon.colcon_core.package_identification:_identify(src/rb_perception) by extensions ['ignore', 'ignore_ament_install']
[0.146s] Level 1:colcon.colcon_core.package_identification:_identify(src/rb_perception) by extension 'ignore'
[0.146s] Level 1:colcon.colcon_core.package_identification:_identify(src/rb_perception) by extension 'ignore_ament_install'
[0.146s] Level 1:colcon.colcon_core.package_identification:_identify(src/rb_perception) by extensions ['colcon_pkg']
[0.146s] Level 1:colcon.colcon_core.package_identification:_identify(src/rb_perception) by extension 'colcon_pkg'
[0.146s] Level 1:colcon.colcon_core.package_identification:_identify(src/rb_perception) by extensions ['colcon_meta']
[0.146s] Level 1:colcon.colcon_core.package_identification:_identify(src/rb_perception) by extension 'colcon_meta'
[0.146s] Level 1:colcon.colcon_core.package_identification:_identify(src/rb_perception) by extensions ['ros']
[0.146s] Level 1:colcon.colcon_core.package_identification:_identify(src/rb_perception) by extension 'ros'
[0.146s] Level 1:colcon.colcon_core.package_identification:_identify(src/rb_perception) by extensions ['cmake', 'python']
[0.146s] Level 1:colcon.colcon_core.package_identification:_identify(src/rb_perception) by extension 'cmake'
[0.146s] Level 1:colcon.colcon_core.package_identification:_identify(src/rb_perception) by extension 'python'
[0.146s] Level 1:colcon.colcon_core.package_identification:_identify(src/rb_perception) by extensions ['python_setup_py']
[0.146s] Level 1:colcon.colcon_core.package_identification:_identify(src/rb_perception) by extension 'python_setup_py'
[0.146s] Level 1:colcon.colcon_core.package_identification:_identify(src/rb_perception/config) by extensions ['ignore', 'ignore_ament_install']
[0.146s] Level 1:colcon.colcon_core.package_identification:_identify(src/rb_perception/config) by extension 'ignore'
[0.146s] Level 1:colcon.colcon_core.package_identification:_identify(src/rb_perception/config) by extension 'ignore_ament_install'
[0.146s] Level 1:colcon.colcon_core.package_identification:_identify(src/rb_perception/config) by extensions ['colcon_pkg']
[0.146s] Level 1:colcon.colcon_core.package_identification:_identify(src/rb_perception/config) by extension 'colcon_pkg'
[0.146s] Level 1:colcon.colcon_core.package_identification:_identify(src/rb_perception/config) by extensions ['colcon_meta']
[0.147s] Level 1:colcon.colcon_core.package_identification:_identify(src/rb_perception/config) by extension 'colcon_meta'
[0.147s] Level 1:colcon.colcon_core.package_identification:_identify(src/rb_perception/config) by extensions ['ros']
[0.147s] Level 1:colcon.colcon_core.package_identification:_identify(src/rb_perception/config) by extension 'ros'
[0.147s] Level 1:colcon.colcon_core.package_identification:_identify(src/rb_perception/config) by extensions ['cmake', 'python']
[0.147s] Level 1:colcon.colcon_core.package_identification:_identify(src/rb_perception/config) by extension 'cmake'
[0.147s] Level 1:colcon.colcon_core.package_identification:_identify(src/rb_perception/config) by extension 'python'
[0.147s] Level 1:colcon.colcon_core.package_identification:_identify(src/rb_perception/config) by extensions ['python_setup_py']
[0.147s] Level 1:colcon.colcon_core.package_identification:_identify(src/rb_perception/config) by extension 'python_setup_py'
[0.147s] Level 1:colcon.colcon_core.package_identification:_identify(src/rb_perception/launch) by extensions ['ignore', 'ignore_ament_install']
[0.147s] Level 1:colcon.colcon_core.package_identification:_identify(src/rb_perception/launch) by extension 'ignore'
[0.147s] Level 1:colcon.colcon_core.package_identification:_identify(src/rb_perception/launch) by extension 'ignore_ament_install'
[0.147s] Level 1:colcon.colcon_core.package_identification:_identify(src/rb_perception/launch) by extensions ['colcon_pkg']
[0.147s] Level 1:colcon.colcon_core.package_identification:_identify(src/rb_perception/launch) by extension 'colcon_pkg'
[0.147s] Level 1:colcon.colcon_core.package_identification:_identify(src/rb_perception/launch) by extensions ['colcon_meta']
[0.147s] Level 1:colcon.colcon_core.package_identification:_identify(src/rb_perception/launch) by extension 'colcon_meta'
[0.147s] Level 1:colcon.colcon_core.package_identification:_identify(src/rb_perception/launch) by extensions ['ros']
[0.147s] Level 1:colcon.colcon_core.package_identification:_identify(src/rb_perception/launch) by extension 'ros'
[0.147s] Level 1:colcon.colcon_core.package_identification:_identify(src/rb_perception/launch) by extensions ['cmake', 'python']
[0.147s] Level 1:colcon.colcon_core.package_identification:_identify(src/rb_perception/launch) by extension 'cmake'
[0.147s] Level 1:colcon.colcon_core.package_identification:_identify(src/rb_perception/launch) by extension 'python'
[0.147s] Level 1:colcon.colcon_core.package_identification:_identify(src/rb_perception/launch) by extensions ['python_setup_py']
[0.147s] Level 1:colcon.colcon_core.package_identification:_identify(src/rb_perception/launch) by extension 'python_setup_py'
[0.147s] Level 1:colcon.colcon_core.package_identification:_identify(src/rb_perception/rb_perception) by extensions ['ignore', 'ignore_ament_install']
[0.147s] Level 1:colcon.colcon_core.package_identification:_identify(src/rb_perception/rb_perception) by extension 'ignore'
[0.147s] Level 1:colcon.colcon_core.package_identification:_identify(src/rb_perception/rb_perception) by extension 'ignore_ament_install'
[0.147s] Level 1:colcon.colcon_core.package_identification:_identify(src/rb_perception/rb_perception) by extensions ['colcon_pkg']
[0.147s] Level 1:colcon.colcon_core.package_identification:_identify(src/rb_perception/rb_perception) by extension 'colcon_pkg'
[0.147s] Level 1:colcon.colcon_core.package_identification:_identify(src/rb_perception/rb_perception) by extensions ['colcon_meta']
[0.147s] Level 1:colcon.colcon_core.package_identification:_identify(src/rb_perception/rb_perception) by extension 'colcon_meta'
[0.147s] Level 1:colcon.colcon_core.package_identification:_identify(src/rb_perception/rb_perception) by extensions ['ros']
[0.147s] Level 1:colcon.colcon_core.package_identification:_identify(src/rb_perception/rb_perception) by extension 'ros'
[0.147s] Level 1:colcon.colcon_core.package_identification:_identify(src/rb_perception/rb_perception) by extensions ['cmake', 'python']
[0.147s] Level 1:colcon.colcon_core.package_identification:_identify(src/rb_perception/rb_perception) by extension 'cmake'
[0.147s] Level 1:colcon.colcon_core.package_identification:_identify(src/rb_perception/rb_perception) by extension 'python'
[0.147s] Level 1:colcon.colcon_core.package_identification:_identify(src/rb_perception/rb_perception) by extensions ['python_setup_py']
[0.147s] Level 1:colcon.colcon_core.package_identification:_identify(src/rb_perception/rb_perception) by extension 'python_setup_py'
[0.147s] Level 1:colcon.colcon_core.package_identification:_identify(src/{rb_msgs,msg,) by extensions ['ignore', 'ignore_ament_install']
[0.147s] Level 1:colcon.colcon_core.package_identification:_identify(src/{rb_msgs,msg,) by extension 'ignore'
[0.147s] Level 1:colcon.colcon_core.package_identification:_identify(src/{rb_msgs,msg,) by extension 'ignore_ament_install'
[0.147s] Level 1:colcon.colcon_core.package_identification:_identify(src/{rb_msgs,msg,) by extensions ['colcon_pkg']
[0.147s] Level 1:colcon.colcon_core.package_identification:_identify(src/{rb_msgs,msg,) by extension 'colcon_pkg'
[0.147s] Level 1:colcon.colcon_core.package_identification:_identify(src/{rb_msgs,msg,) by extensions ['colcon_meta']
[0.147s] Level 1:colcon.colcon_core.package_identification:_identify(src/{rb_msgs,msg,) by extension 'colcon_meta'
[0.147s] Level 1:colcon.colcon_core.package_identification:_identify(src/{rb_msgs,msg,) by extensions ['ros']
[0.147s] Level 1:colcon.colcon_core.package_identification:_identify(src/{rb_msgs,msg,) by extension 'ros'
[0.147s] Level 1:colcon.colcon_core.package_identification:_identify(src/{rb_msgs,msg,) by extensions ['cmake', 'python']
[0.147s] Level 1:colcon.colcon_core.package_identification:_identify(src/{rb_msgs,msg,) by extension 'cmake'
[0.147s] Level 1:colcon.colcon_core.package_identification:_identify(src/{rb_msgs,msg,) by extension 'python'
[0.147s] Level 1:colcon.colcon_core.package_identification:_identify(src/{rb_msgs,msg,) by extensions ['python_setup_py']
[0.147s] Level 1:colcon.colcon_core.package_identification:_identify(src/{rb_msgs,msg,) by extension 'python_setup_py'
[0.147s] Level 1:colcon.colcon_core.package_identification:_identify(tools) by extensions ['ignore', 'ignore_ament_install']
[0.148s] Level 1:colcon.colcon_core.package_identification:_identify(tools) by extension 'ignore'
[0.148s] Level 1:colcon.colcon_core.package_identification:_identify(tools) by extension 'ignore_ament_install'
[0.148s] Level 1:colcon.colcon_core.package_identification:_identify(tools) by extensions ['colcon_pkg']
[0.148s] Level 1:colcon.colcon_core.package_identification:_identify(tools) by extension 'colcon_pkg'
[0.148s] Level 1:colcon.colcon_core.package_identification:_identify(tools) by extensions ['colcon_meta']
[0.148s] Level 1:colcon.colcon_core.package_identification:_identify(tools) by extension 'colcon_meta'
[0.148s] Level 1:colcon.colcon_core.package_identification:_identify(tools) by extensions ['ros']
[0.148s] Level 1:colcon.colcon_core.package_identification:_identify(tools) by extension 'ros'
[0.148s] Level 1:colcon.colcon_core.package_identification:_identify(tools) by extensions ['cmake', 'python']
[0.148s] Level 1:colcon.colcon_core.package_identification:_identify(tools) by extension 'cmake'
[0.148s] Level 1:colcon.colcon_core.package_identification:_identify(tools) by extension 'python'
[0.148s] Level 1:colcon.colcon_core.package_identification:_identify(tools) by extensions ['python_setup_py']
[0.148s] Level 1:colcon.colcon_core.package_identification:_identify(tools) by extension 'python_setup_py'
[0.148s] Level 1:colcon.colcon_core.package_discovery:discover_packages(recursive) using defaults
[0.148s] Level 1:colcon.colcon_core.package_discovery:discover_packages(ignore) discover
[0.148s] Level 1:colcon.colcon_core.package_discovery:discover_packages(ignore) using defaults
[0.148s] Level 1:colcon.colcon_core.package_discovery:discover_packages(path) discover
[0.148s] Level 1:colcon.colcon_core.package_discovery:discover_packages(path) using defaults
[0.159s] Level 1:colcon.colcon_core.package_discovery:discover_packages(prefix_path) check parameters
[0.159s] Level 1:colcon.colcon_core.package_discovery:discover_packages(prefix_path) discover
[0.160s] DEBUG:colcon.colcon_installed_package_information.package_discovery:Found 247 installed packages in /opt/ros/humble
[0.167s] Level 1:colcon.colcon_core.package_discovery:discover_packages(prefix_path) using defaults
[0.182s] Level 5:colcon.colcon_core.verb:set package 'rb_chassis' build argument 'cmake_args' from command line to 'None'
[0.182s] Level 5:colcon.colcon_core.verb:set package 'rb_chassis' build argument 'cmake_target' from command line to 'None'
[0.182s] Level 5:colcon.colcon_core.verb:set package 'rb_chassis' build argument 'cmake_target_skip_unavailable' from command line to 'False'
[0.182s] Level 5:colcon.colcon_core.verb:set package 'rb_chassis' build argument 'cmake_clean_cache' from command line to 'False'
[0.182s] Level 5:colcon.colcon_core.verb:set package 'rb_chassis' build argument 'cmake_clean_first' from command line to 'False'
[0.182s] Level 5:colcon.colcon_core.verb:set package 'rb_chassis' build argument 'cmake_force_configure' from command line to 'False'
[0.182s] Level 5:colcon.colcon_core.verb:set package 'rb_chassis' build argument 'ament_cmake_args' from command line to 'None'
[0.182s] Level 5:colcon.colcon_core.verb:set package 'rb_chassis' build argument 'catkin_cmake_args' from command line to 'None'
[0.182s] Level 5:colcon.colcon_core.verb:set package 'rb_chassis' build argument 'catkin_skip_building_tests' from command line to 'False'
[0.182s] DEBUG:colcon.colcon_core.verb:Building package 'rb_chassis' with the following arguments: {'ament_cmake_args': None, 'build_base': '/home/user/robocup_basketball_ws/build/rb_chassis', 'catkin_cmake_args': None, 'catkin_skip_building_tests': False, 'cmake_args': None, 'cmake_clean_cache': False, 'cmake_clean_first': False, 'cmake_force_configure': False, 'cmake_target': None, 'cmake_target_skip_unavailable': False, 'install_base': '/home/user/robocup_basketball_ws/install/rb_chassis', 'merge_install': False, 'path': '/home/user/robocup_basketball_ws/src/rb_chassis', 'symlink_install': False, 'test_result_base': None}
[0.183s] Level 5:colcon.colcon_core.verb:set package 'rb_msgs' build argument 'cmake_args' from command line to 'None'
[0.183s] Level 5:colcon.colcon_core.verb:set package 'rb_msgs' build argument 'cmake_target' from command line to 'None'
[0.183s] Level 5:colcon.colcon_core.verb:set package 'rb_msgs' build argument 'cmake_target_skip_unavailable' from command line to 'False'
[0.183s] Level 5:colcon.colcon_core.verb:set package 'rb_msgs' build argument 'cmake_clean_cache' from command line to 'False'
[0.183s] Level 5:colcon.colcon_core.verb:set package 'rb_msgs' build argument 'cmake_clean_first' from command line to 'False'
[0.183s] Level 5:colcon.colcon_core.verb:set package 'rb_msgs' build argument 'cmake_force_configure' from command line to 'False'
[0.183s] Level 5:colcon.colcon_core.verb:set package 'rb_msgs' build argument 'ament_cmake_args' from command line to 'None'
[0.183s] Level 5:colcon.colcon_core.verb:set package 'rb_msgs' build argument 'catkin_cmake_args' from command line to 'None'
[0.183s] Level 5:colcon.colcon_core.verb:set package 'rb_msgs' build argument 'catkin_skip_building_tests' from command line to 'False'
[0.183s] DEBUG:colcon.colcon_core.verb:Building package 'rb_msgs' with the following arguments: {'ament_cmake_args': None, 'build_base': '/home/user/robocup_basketball_ws/build/rb_msgs', 'catkin_cmake_args': None, 'catkin_skip_building_tests': False, 'cmake_args': None, 'cmake_clean_cache': False, 'cmake_clean_first': False, 'cmake_force_configure': False, 'cmake_target': None, 'cmake_target_skip_unavailable': False, 'install_base': '/home/user/robocup_basketball_ws/install/rb_msgs', 'merge_install': False, 'path': '/home/user/robocup_basketball_ws/src/rb_msgs', 'symlink_install': False, 'test_result_base': None}
[0.183s] Level 5:colcon.colcon_core.verb:set package 'rb_launcher' build argument 'cmake_args' from command line to 'None'
[0.183s] Level 5:colcon.colcon_core.verb:set package 'rb_launcher' build argument 'cmake_target' from command line to 'None'
[0.183s] Level 5:colcon.colcon_core.verb:set package 'rb_launcher' build argument 'cmake_target_skip_unavailable' from command line to 'False'
[0.183s] Level 5:colcon.colcon_core.verb:set package 'rb_launcher' build argument 'cmake_clean_cache' from command line to 'False'
[0.183s] Level 5:colcon.colcon_core.verb:set package 'rb_launcher' build argument 'cmake_clean_first' from command line to 'False'
[0.183s] Level 5:colcon.colcon_core.verb:set package 'rb_launcher' build argument 'cmake_force_configure' from command line to 'False'
[0.183s] Level 5:colcon.colcon_core.verb:set package 'rb_launcher' build argument 'ament_cmake_args' from command line to 'None'
[0.183s] Level 5:colcon.colcon_core.verb:set package 'rb_launcher' build argument 'catkin_cmake_args' from command line to 'None'
[0.183s] Level 5:colcon.colcon_core.verb:set package 'rb_launcher' build argument 'catkin_skip_building_tests' from command line to 'False'
[0.183s] DEBUG:colcon.colcon_core.verb:Building package 'rb_launcher' with the following arguments: {'ament_cmake_args': None, 'build_base': '/home/user/robocup_basketball_ws/build/rb_launcher', 'catkin_cmake_args': None, 'catkin_skip_building_tests': False, 'cmake_args': None, 'cmake_clean_cache': False, 'cmake_clean_first': False, 'cmake_force_configure': False, 'cmake_target': None, 'cmake_target_skip_unavailable': False, 'install_base': '/home/user/robocup_basketball_ws/install/rb_launcher', 'merge_install': False, 'path': '/home/user/robocup_basketball_ws/src/rb_launcher', 'symlink_install': False, 'test_result_base': None}
[0.183s] INFO:colcon.colcon_core.executor:Executing jobs using 'parallel' executor
[0.184s] DEBUG:colcon.colcon_parallel_executor.executor.parallel:run_until_complete
[0.184s] INFO:colcon.colcon_ros.task.ament_cmake.build:Building ROS package in '/home/user/robocup_basketball_ws/src/rb_msgs' with build type 'ament_cmake'
[0.184s] INFO:colcon.colcon_cmake.task.cmake.build:Building CMake package in '/home/user/robocup_basketball_ws/src/rb_msgs'
[0.185s] INFO:colcon.colcon_core.plugin_system:Skipping extension 'colcon_core.shell.bat': Not used on non-Windows systems
[0.185s] INFO:colcon.colcon_core.shell:Skip shell extension 'powershell' for command environment: Not usable outside of PowerShell
[0.185s] DEBUG:colcon.colcon_core.shell:Skip shell extension 'dsv' for command environment
[0.187s] INFO:colcon.colcon_ros.task.ament_cmake.build:Building ROS package in '/home/user/robocup_basketball_ws/src/rb_chassis' with build type 'ament_cmake'
[0.187s] INFO:colcon.colcon_cmake.task.cmake.build:Building CMake package in '/home/user/robocup_basketball_ws/src/rb_chassis'
[0.187s] INFO:colcon.colcon_core.shell:Skip shell extension 'powershell' for command environment: Not usable outside of PowerShell
[0.187s] DEBUG:colcon.colcon_core.shell:Skip shell extension 'dsv' for command environment
[0.190s] DEBUG:colcon.colcon_core.event_handler.log_command:Invoking command in '/home/user/robocup_basketball_ws/build/rb_msgs': CMAKE_PREFIX_PATH=/opt/ros/humble /usr/bin/cmake --build /home/user/robocup_basketball_ws/build/rb_msgs -- -j16 -l16
[0.191s] DEBUG:colcon.colcon_core.event_handler.log_command:Invoking command in '/home/user/robocup_basketball_ws/build/rb_chassis': CMAKE_PREFIX_PATH=/opt/ros/humble /usr/bin/cmake --build /home/user/robocup_basketball_ws/build/rb_chassis -- -j16 -l16
[0.305s] DEBUG:colcon.colcon_core.event_handler.log_command:Invoked command in '/home/user/robocup_basketball_ws/build/rb_chassis' returned '0': CMAKE_PREFIX_PATH=/opt/ros/humble /usr/bin/cmake --build /home/user/robocup_basketball_ws/build/rb_chassis -- -j16 -l16
[0.314s] DEBUG:colcon.colcon_core.event_handler.log_command:Invoking command in '/home/user/robocup_basketball_ws/build/rb_chassis': CMAKE_PREFIX_PATH=/opt/ros/humble /usr/bin/cmake --install /home/user/robocup_basketball_ws/build/rb_chassis
[0.344s] Level 1:colcon.colcon_core.environment:create_environment_scripts_only(rb_chassis)
[0.345s] DEBUG:colcon.colcon_core.event_handler.log_command:Invoked command in '/home/user/robocup_basketball_ws/build/rb_chassis' returned '0': CMAKE_PREFIX_PATH=/opt/ros/humble /usr/bin/cmake --install /home/user/robocup_basketball_ws/build/rb_chassis
[0.347s] Level 1:colcon.colcon_core.environment:checking '/home/user/robocup_basketball_ws/install/rb_chassis' for CMake module files
[0.348s] Level 1:colcon.colcon_core.environment:checking '/home/user/robocup_basketball_ws/install/rb_chassis' for CMake config files
[0.348s] Level 1:colcon.colcon_core.shell:create_environment_hook('rb_chassis', 'cmake_prefix_path')
[0.348s] INFO:colcon.colcon_core.shell:Creating environment hook '/home/user/robocup_basketball_ws/install/rb_chassis/share/rb_chassis/hook/cmake_prefix_path.ps1'
[0.349s] INFO:colcon.colcon_core.shell:Creating environment descriptor '/home/user/robocup_basketball_ws/install/rb_chassis/share/rb_chassis/hook/cmake_prefix_path.dsv'
[0.349s] INFO:colcon.colcon_core.shell:Creating environment hook '/home/user/robocup_basketball_ws/install/rb_chassis/share/rb_chassis/hook/cmake_prefix_path.sh'
[0.350s] Level 1:colcon.colcon_core.environment:checking '/home/user/robocup_basketball_ws/install/rb_chassis/lib'
[0.350s] Level 1:colcon.colcon_core.environment:checking '/home/user/robocup_basketball_ws/install/rb_chassis/bin'
[0.350s] Level 1:colcon.colcon_core.environment:checking '/home/user/robocup_basketball_ws/install/rb_chassis/lib/pkgconfig/rb_chassis.pc'
[0.351s] Level 1:colcon.colcon_core.environment:checking '/home/user/robocup_basketball_ws/install/rb_chassis/lib/python3.10/site-packages'
[0.351s] Level 1:colcon.colcon_core.environment:checking '/home/user/robocup_basketball_ws/install/rb_chassis/bin'
[0.351s] INFO:colcon.colcon_core.shell:Creating package script '/home/user/robocup_basketball_ws/install/rb_chassis/share/rb_chassis/package.ps1'
[0.352s] INFO:colcon.colcon_core.shell:Creating package descriptor '/home/user/robocup_basketball_ws/install/rb_chassis/share/rb_chassis/package.dsv'
[0.352s] INFO:colcon.colcon_core.shell:Creating package script '/home/user/robocup_basketball_ws/install/rb_chassis/share/rb_chassis/package.sh'
[0.353s] INFO:colcon.colcon_core.shell:Creating package script '/home/user/robocup_basketball_ws/install/rb_chassis/share/rb_chassis/package.bash'
[0.354s] INFO:colcon.colcon_core.shell:Creating package script '/home/user/robocup_basketball_ws/install/rb_chassis/share/rb_chassis/package.zsh'
[0.354s] Level 1:colcon.colcon_core.environment:create_file_with_runtime_dependencies(/home/user/robocup_basketball_ws/install/rb_chassis/share/colcon-core/packages/rb_chassis)
[0.355s] Level 1:colcon.colcon_core.environment:create_environment_scripts_only(rb_chassis)
[0.355s] Level 1:colcon.colcon_core.environment:checking '/home/user/robocup_basketball_ws/install/rb_chassis' for CMake module files
[0.355s] Level 1:colcon.colcon_core.environment:checking '/home/user/robocup_basketball_ws/install/rb_chassis' for CMake config files
[0.356s] Level 1:colcon.colcon_core.shell:create_environment_hook('rb_chassis', 'cmake_prefix_path')
[0.356s] INFO:colcon.colcon_core.shell:Creating environment hook '/home/user/robocup_basketball_ws/install/rb_chassis/share/rb_chassis/hook/cmake_prefix_path.ps1'
[0.356s] INFO:colcon.colcon_core.shell:Creating environment descriptor '/home/user/robocup_basketball_ws/install/rb_chassis/share/rb_chassis/hook/cmake_prefix_path.dsv'
[0.356s] INFO:colcon.colcon_core.shell:Creating environment hook '/home/user/robocup_basketball_ws/install/rb_chassis/share/rb_chassis/hook/cmake_prefix_path.sh'
[0.356s] Level 1:colcon.colcon_core.environment:checking '/home/user/robocup_basketball_ws/install/rb_chassis/lib'
[0.356s] Level 1:colcon.colcon_core.environment:checking '/home/user/robocup_basketball_ws/install/rb_chassis/bin'
[0.356s] Level 1:colcon.colcon_core.environment:checking '/home/user/robocup_basketball_ws/install/rb_chassis/lib/pkgconfig/rb_chassis.pc'
[0.357s] Level 1:colcon.colcon_core.environment:checking '/home/user/robocup_basketball_ws/install/rb_chassis/lib/python3.10/site-packages'
[0.357s] Level 1:colcon.colcon_core.environment:checking '/home/user/robocup_basketball_ws/install/rb_chassis/bin'
[0.357s] INFO:colcon.colcon_core.shell:Creating package script '/home/user/robocup_basketball_ws/install/rb_chassis/share/rb_chassis/package.ps1'
[0.357s] INFO:colcon.colcon_core.shell:Creating package descriptor '/home/user/robocup_basketball_ws/install/rb_chassis/share/rb_chassis/package.dsv'
[0.357s] INFO:colcon.colcon_core.shell:Creating package script '/home/user/robocup_basketball_ws/install/rb_chassis/share/rb_chassis/package.sh'
[0.358s] INFO:colcon.colcon_core.shell:Creating package script '/home/user/robocup_basketball_ws/install/rb_chassis/share/rb_chassis/package.bash'
[0.358s] INFO:colcon.colcon_core.shell:Creating package script '/home/user/robocup_basketball_ws/install/rb_chassis/share/rb_chassis/package.zsh'
[0.358s] Level 1:colcon.colcon_core.environment:create_file_with_runtime_dependencies(/home/user/robocup_basketball_ws/install/rb_chassis/share/colcon-core/packages/rb_chassis)
[0.415s] DEBUG:colcon.colcon_core.event_handler.log_command:Invoked command in '/home/user/robocup_basketball_ws/build/rb_msgs' returned '0': CMAKE_PREFIX_PATH=/opt/ros/humble /usr/bin/cmake --build /home/user/robocup_basketball_ws/build/rb_msgs -- -j16 -l16
[0.415s] DEBUG:colcon.colcon_core.event_handler.log_command:Invoking command in '/home/user/robocup_basketball_ws/build/rb_msgs': CMAKE_PREFIX_PATH=/opt/ros/humble /usr/bin/cmake --install /home/user/robocup_basketball_ws/build/rb_msgs
[0.455s] Level 1:colcon.colcon_core.environment:create_environment_scripts_only(rb_msgs)
[0.455s] Level 1:colcon.colcon_core.environment:checking '/home/user/robocup_basketball_ws/install/rb_msgs' for CMake module files
[0.458s] DEBUG:colcon.colcon_core.event_handler.log_command:Invoked command in '/home/user/robocup_basketball_ws/build/rb_msgs' returned '0': CMAKE_PREFIX_PATH=/opt/ros/humble /usr/bin/cmake --install /home/user/robocup_basketball_ws/build/rb_msgs
[0.458s] Level 1:colcon.colcon_core.environment:checking '/home/user/robocup_basketball_ws/install/rb_msgs' for CMake config files
[0.458s] Level 1:colcon.colcon_core.shell:create_environment_hook('rb_msgs', 'cmake_prefix_path')
[0.459s] INFO:colcon.colcon_core.shell:Creating environment hook '/home/user/robocup_basketball_ws/install/rb_msgs/share/rb_msgs/hook/cmake_prefix_path.ps1'
[0.459s] INFO:colcon.colcon_core.shell:Creating environment descriptor '/home/user/robocup_basketball_ws/install/rb_msgs/share/rb_msgs/hook/cmake_prefix_path.dsv'
[0.460s] INFO:colcon.colcon_core.shell:Creating environment hook '/home/user/robocup_basketball_ws/install/rb_msgs/share/rb_msgs/hook/cmake_prefix_path.sh'
[0.460s] Level 1:colcon.colcon_core.environment:checking '/home/user/robocup_basketball_ws/install/rb_msgs/lib'
[0.460s] Level 1:colcon.colcon_core.shell:create_environment_hook('rb_msgs', 'ld_library_path_lib')
[0.460s] INFO:colcon.colcon_core.shell:Creating environment hook '/home/user/robocup_basketball_ws/install/rb_msgs/share/rb_msgs/hook/ld_library_path_lib.ps1'
[0.461s] INFO:colcon.colcon_core.shell:Creating environment descriptor '/home/user/robocup_basketball_ws/install/rb_msgs/share/rb_msgs/hook/ld_library_path_lib.dsv'
[0.461s] INFO:colcon.colcon_core.shell:Creating environment hook '/home/user/robocup_basketball_ws/install/rb_msgs/share/rb_msgs/hook/ld_library_path_lib.sh'
[0.462s] Level 1:colcon.colcon_core.environment:checking '/home/user/robocup_basketball_ws/install/rb_msgs/bin'
[0.462s] Level 1:colcon.colcon_core.environment:checking '/home/user/robocup_basketball_ws/install/rb_msgs/lib/pkgconfig/rb_msgs.pc'
[0.462s] Level 1:colcon.colcon_core.environment:checking '/home/user/robocup_basketball_ws/install/rb_msgs/lib/python3.10/site-packages'
[0.462s] Level 1:colcon.colcon_core.environment:checking '/home/user/robocup_basketball_ws/install/rb_msgs/bin'
[0.462s] INFO:colcon.colcon_core.shell:Creating package script '/home/user/robocup_basketball_ws/install/rb_msgs/share/rb_msgs/package.ps1'
[0.463s] INFO:colcon.colcon_core.shell:Creating package descriptor '/home/user/robocup_basketball_ws/install/rb_msgs/share/rb_msgs/package.dsv'
[0.463s] INFO:colcon.colcon_core.shell:Creating package script '/home/user/robocup_basketball_ws/install/rb_msgs/share/rb_msgs/package.sh'
[0.464s] INFO:colcon.colcon_core.shell:Creating package script '/home/user/robocup_basketball_ws/install/rb_msgs/share/rb_msgs/package.bash'
[0.464s] INFO:colcon.colcon_core.shell:Creating package script '/home/user/robocup_basketball_ws/install/rb_msgs/share/rb_msgs/package.zsh'
[0.464s] Level 1:colcon.colcon_core.environment:create_file_with_runtime_dependencies(/home/user/robocup_basketball_ws/install/rb_msgs/share/colcon-core/packages/rb_msgs)
[0.465s] Level 1:colcon.colcon_core.environment:create_environment_scripts_only(rb_msgs)
[0.465s] Level 1:colcon.colcon_core.environment:checking '/home/user/robocup_basketball_ws/install/rb_msgs' for CMake module files
[0.466s] Level 1:colcon.colcon_core.environment:checking '/home/user/robocup_basketball_ws/install/rb_msgs' for CMake config files
[0.466s] Level 1:colcon.colcon_core.shell:create_environment_hook('rb_msgs', 'cmake_prefix_path')
[0.466s] INFO:colcon.colcon_core.shell:Creating environment hook '/home/user/robocup_basketball_ws/install/rb_msgs/share/rb_msgs/hook/cmake_prefix_path.ps1'
[0.467s] INFO:colcon.colcon_core.shell:Creating environment descriptor '/home/user/robocup_basketball_ws/install/rb_msgs/share/rb_msgs/hook/cmake_prefix_path.dsv'
[0.467s] INFO:colcon.colcon_core.shell:Creating environment hook '/home/user/robocup_basketball_ws/install/rb_msgs/share/rb_msgs/hook/cmake_prefix_path.sh'
[0.467s] Level 1:colcon.colcon_core.environment:checking '/home/user/robocup_basketball_ws/install/rb_msgs/lib'
[0.467s] Level 1:colcon.colcon_core.shell:create_environment_hook('rb_msgs', 'ld_library_path_lib')
[0.468s] INFO:colcon.colcon_core.shell:Creating environment hook '/home/user/robocup_basketball_ws/install/rb_msgs/share/rb_msgs/hook/ld_library_path_lib.ps1'
[0.468s] INFO:colcon.colcon_core.shell:Creating environment descriptor '/home/user/robocup_basketball_ws/install/rb_msgs/share/rb_msgs/hook/ld_library_path_lib.dsv'
[0.468s] INFO:colcon.colcon_core.shell:Creating environment hook '/home/user/robocup_basketball_ws/install/rb_msgs/share/rb_msgs/hook/ld_library_path_lib.sh'
[0.469s] Level 1:colcon.colcon_core.environment:checking '/home/user/robocup_basketball_ws/install/rb_msgs/bin'
[0.469s] Level 1:colcon.colcon_core.environment:checking '/home/user/robocup_basketball_ws/install/rb_msgs/lib/pkgconfig/rb_msgs.pc'
[0.469s] Level 1:colcon.colcon_core.environment:checking '/home/user/robocup_basketball_ws/install/rb_msgs/lib/python3.10/site-packages'
[0.469s] Level 1:colcon.colcon_core.environment:checking '/home/user/robocup_basketball_ws/install/rb_msgs/bin'
[0.469s] INFO:colcon.colcon_core.shell:Creating package script '/home/user/robocup_basketball_ws/install/rb_msgs/share/rb_msgs/package.ps1'
[0.470s] INFO:colcon.colcon_core.shell:Creating package descriptor '/home/user/robocup_basketball_ws/install/rb_msgs/share/rb_msgs/package.dsv'
[0.470s] INFO:colcon.colcon_core.shell:Creating package script '/home/user/robocup_basketball_ws/install/rb_msgs/share/rb_msgs/package.sh'
[0.470s] INFO:colcon.colcon_core.shell:Creating package script '/home/user/robocup_basketball_ws/install/rb_msgs/share/rb_msgs/package.bash'
[0.470s] INFO:colcon.colcon_core.shell:Creating package script '/home/user/robocup_basketball_ws/install/rb_msgs/share/rb_msgs/package.zsh'
[0.470s] Level 1:colcon.colcon_core.environment:create_file_with_runtime_dependencies(/home/user/robocup_basketball_ws/install/rb_msgs/share/colcon-core/packages/rb_msgs)
[0.471s] INFO:colcon.colcon_ros.task.ament_cmake.build:Building ROS package in '/home/user/robocup_basketball_ws/src/rb_launcher' with build type 'ament_cmake'
[0.471s] INFO:colcon.colcon_cmake.task.cmake.build:Building CMake package in '/home/user/robocup_basketball_ws/src/rb_launcher'
[0.471s] INFO:colcon.colcon_core.shell:Skip shell extension 'powershell' for command environment: Not usable outside of PowerShell
[0.471s] DEBUG:colcon.colcon_core.shell:Skip shell extension 'dsv' for command environment
[0.478s] DEBUG:colcon.colcon_core.event_handler.log_command:Invoking command in '/home/user/robocup_basketball_ws/build/rb_launcher': AMENT_PREFIX_PATH=/home/user/robocup_basketball_ws/install/rb_msgs:${AMENT_PREFIX_PATH} CMAKE_PREFIX_PATH=/home/user/robocup_basketball_ws/install/rb_msgs:/opt/ros/humble LD_LIBRARY_PATH=/home/user/robocup_basketball_ws/install/rb_msgs/lib:${LD_LIBRARY_PATH} PYTHONPATH=/home/user/robocup_basketball_ws/install/rb_msgs/local/lib/python3.10/dist-packages:${PYTHONPATH} /usr/bin/cmake --build /home/user/robocup_basketball_ws/build/rb_launcher -- -j16 -l16
[4.148s] Level 1:colcon.colcon_core.environment:create_environment_scripts_only(rb_launcher)
[4.148s] Level 1:colcon.colcon_core.environment:checking '/home/user/robocup_basketball_ws/install/rb_launcher' for CMake module files
[4.149s] DEBUG:colcon.colcon_core.event_handler.log_command:Invoked command in '/home/user/robocup_basketball_ws/build/rb_launcher' returned '2': AMENT_PREFIX_PATH=/home/user/robocup_basketball_ws/install/rb_msgs:${AMENT_PREFIX_PATH} CMAKE_PREFIX_PATH=/home/user/robocup_basketball_ws/install/rb_msgs:/opt/ros/humble LD_LIBRARY_PATH=/home/user/robocup_basketball_ws/install/rb_msgs/lib:${LD_LIBRARY_PATH} PYTHONPATH=/home/user/robocup_basketball_ws/install/rb_msgs/local/lib/python3.10/dist-packages:${PYTHONPATH} /usr/bin/cmake --build /home/user/robocup_basketball_ws/build/rb_launcher -- -j16 -l16
[4.149s] Level 1:colcon.colcon_core.environment:checking '/home/user/robocup_basketball_ws/install/rb_launcher' for CMake config files
[4.149s] Level 1:colcon.colcon_core.environment:checking '/home/user/robocup_basketball_ws/install/rb_launcher/bin'
[4.149s] Level 1:colcon.colcon_core.environment:checking '/home/user/robocup_basketball_ws/install/rb_launcher/lib/pkgconfig/rb_launcher.pc'
[4.149s] Level 1:colcon.colcon_core.environment:checking '/home/user/robocup_basketball_ws/install/rb_launcher/lib/python3.10/site-packages'
[4.149s] Level 1:colcon.colcon_core.environment:checking '/home/user/robocup_basketball_ws/install/rb_launcher/bin'
[4.150s] INFO:colcon.colcon_core.shell:Creating package script '/home/user/robocup_basketball_ws/install/rb_launcher/share/rb_launcher/package.ps1'
[4.150s] INFO:colcon.colcon_core.shell:Creating package descriptor '/home/user/robocup_basketball_ws/install/rb_launcher/share/rb_launcher/package.dsv'
[4.151s] INFO:colcon.colcon_core.shell:Creating package script '/home/user/robocup_basketball_ws/install/rb_launcher/share/rb_launcher/package.sh'
[4.151s] INFO:colcon.colcon_core.shell:Creating package script '/home/user/robocup_basketball_ws/install/rb_launcher/share/rb_launcher/package.bash'
[4.151s] INFO:colcon.colcon_core.shell:Creating package script '/home/user/robocup_basketball_ws/install/rb_launcher/share/rb_launcher/package.zsh'
[4.152s] Level 1:colcon.colcon_core.environment:create_file_with_runtime_dependencies(/home/user/robocup_basketball_ws/install/rb_launcher/share/colcon-core/packages/rb_launcher)
[4.162s] DEBUG:colcon.colcon_parallel_executor.executor.parallel:closing loop
[4.162s] DEBUG:colcon.colcon_parallel_executor.executor.parallel:loop closed
[4.162s] DEBUG:colcon.colcon_parallel_executor.executor.parallel:run_until_complete finished with '2'
[4.162s] DEBUG:colcon.colcon_core.event_reactor:joining thread
[4.165s] INFO:colcon.colcon_core.plugin_system:Skipping extension 'colcon_notification.desktop_notification.terminal_notifier': Not used on non-Darwin systems
[4.165s] INFO:colcon.colcon_core.plugin_system:Skipping extension 'colcon_notification.desktop_notification.win32': Not used on non-Windows systems
[4.165s] INFO:colcon.colcon_notification.desktop_notification:Sending desktop notification using 'notify2'
[4.165s] DEBUG:colcon.colcon_notification.desktop_notification.notify2:Failed to initialize notify2: org.freedesktop.DBus.Error.NotSupported: Unable to autolaunch a dbus-daemon without a $DISPLAY for X11
[4.165s] DEBUG:colcon.colcon_core.event_reactor:joined thread
[4.165s] INFO:colcon.colcon_core.shell:Creating prefix script '/home/user/robocup_basketball_ws/install/local_setup.ps1'
[4.166s] INFO:colcon.colcon_core.shell:Creating prefix util module '/home/user/robocup_basketball_ws/install/_local_setup_util_ps1.py'
[4.167s] INFO:colcon.colcon_core.shell:Creating prefix chain script '/home/user/robocup_basketball_ws/install/setup.ps1'
[4.167s] INFO:colcon.colcon_core.shell:Creating prefix script '/home/user/robocup_basketball_ws/install/local_setup.sh'
[4.167s] INFO:colcon.colcon_core.shell:Creating prefix util module '/home/user/robocup_basketball_ws/install/_local_setup_util_sh.py'
[4.168s] INFO:colcon.colcon_core.shell:Creating prefix chain script '/home/user/robocup_basketball_ws/install/setup.sh'
[4.168s] INFO:colcon.colcon_core.shell:Creating prefix script '/home/user/robocup_basketball_ws/install/local_setup.bash'
[4.168s] INFO:colcon.colcon_core.shell:Creating prefix chain script '/home/user/robocup_basketball_ws/install/setup.bash'
[4.169s] INFO:colcon.colcon_core.shell:Creating prefix script '/home/user/robocup_basketball_ws/install/local_setup.zsh'
[4.169s] INFO:colcon.colcon_core.shell:Creating prefix chain script '/home/user/robocup_basketball_ws/install/setup.zsh'
