[0.083s] DEBUG:colcon:Command line arguments: ['/usr/bin/colcon', 'build', '--symlink-install']
[0.084s] DEBUG:colcon:Parsed command line arguments: Namespace(log_base=None, log_level=None, verb_name='build', build_base='build', install_base='install', merge_install=False, symlink_install=True, test_result_base=None, continue_on_error=False, executor='parallel', parallel_workers=16, event_handlers=None, ignore_user_meta=False, metas=['./colcon.meta'], base_paths=['.'], packages_ignore=None, packages_ignore_regex=None, paths=None, packages_up_to=None, packages_up_to_regex=None, packages_above=None, packages_above_and_dependencies=None, packages_above_depth=None, packages_select_by_dep=None, packages_skip_by_dep=None, packages_skip_up_to=None, packages_select_build_failed=False, packages_skip_build_finished=False, packages_select_test_failures=False, packages_skip_test_passed=False, packages_select=None, packages_skip=None, packages_select_regex=None, packages_skip_regex=None, packages_start=None, packages_end=None, allow_overriding=[], cmake_args=None, cmake_target=None, cmake_target_skip_unavailable=False, cmake_clean_cache=False, cmake_clean_first=False, cmake_force_configure=False, ament_cmake_args=None, catkin_cmake_args=None, catkin_skip_building_tests=False, verb_parser=<colcon_defaults.argument_parser.defaults.DefaultArgumentsDecorator object at 0x7a5a2f8d5d50>, verb_extension=<colcon_core.verb.build.BuildVerb object at 0x7a5a2fa371f0>, main=<bound method BuildVerb.main of <colcon_core.verb.build.BuildVerb object at 0x7a5a2fa371f0>>)
[0.212s] Level 1:colcon.colcon_core.package_discovery:discover_packages(colcon_meta) check parameters
[0.212s] Level 1:colcon.colcon_core.package_discovery:discover_packages(recursive) check parameters
[0.212s] Level 1:colcon.colcon_core.package_discovery:discover_packages(ignore) check parameters
[0.212s] Level 1:colcon.colcon_core.package_discovery:discover_packages(path) check parameters
[0.212s] Level 1:colcon.colcon_core.package_discovery:discover_packages(colcon_meta) discover
[0.212s] Level 1:colcon.colcon_core.package_discovery:discover_packages(recursive) discover
[0.212s] INFO:colcon.colcon_core.package_discovery:Crawling recursively for packages in '/home/user/robocup_basketball_ws'
[0.212s] Level 1:colcon.colcon_core.package_identification:_identify(.) by extensions ['ignore', 'ignore_ament_install']
[0.212s] Level 1:colcon.colcon_core.package_identification:_identify(.) by extension 'ignore'
[0.212s] Level 1:colcon.colcon_core.package_identification:_identify(.) by extension 'ignore_ament_install'
[0.212s] Level 1:colcon.colcon_core.package_identification:_identify(.) by extensions ['colcon_pkg']
[0.212s] Level 1:colcon.colcon_core.package_identification:_identify(.) by extension 'colcon_pkg'
[0.212s] Level 1:colcon.colcon_core.package_identification:_identify(.) by extensions ['colcon_meta']
[0.213s] Level 1:colcon.colcon_core.package_identification:_identify(.) by extension 'colcon_meta'
[0.213s] Level 1:colcon.colcon_core.package_identification:_identify(.) by extensions ['ros']
[0.213s] Level 1:colcon.colcon_core.package_identification:_identify(.) by extension 'ros'
[0.220s] Level 1:colcon.colcon_core.package_identification:_identify(.) by extensions ['cmake', 'python']
[0.220s] Level 1:colcon.colcon_core.package_identification:_identify(.) by extension 'cmake'
[0.220s] Level 1:colcon.colcon_core.package_identification:_identify(.) by extension 'python'
[0.220s] Level 1:colcon.colcon_core.package_identification:_identify(.) by extensions ['python_setup_py']
[0.220s] Level 1:colcon.colcon_core.package_identification:_identify(.) by extension 'python_setup_py'
[0.220s] Level 1:colcon.colcon_core.package_identification:_identify(build) by extensions ['ignore', 'ignore_ament_install']
[0.220s] Level 1:colcon.colcon_core.package_identification:_identify(build) by extension 'ignore'
[0.220s] Level 1:colcon.colcon_core.package_identification:_identify(build) ignored
[0.220s] Level 1:colcon.colcon_core.package_identification:_identify(docs) by extensions ['ignore', 'ignore_ament_install']
[0.220s] Level 1:colcon.colcon_core.package_identification:_identify(docs) by extension 'ignore'
[0.220s] Level 1:colcon.colcon_core.package_identification:_identify(docs) by extension 'ignore_ament_install'
[0.220s] Level 1:colcon.colcon_core.package_identification:_identify(docs) by extensions ['colcon_pkg']
[0.220s] Level 1:colcon.colcon_core.package_identification:_identify(docs) by extension 'colcon_pkg'
[0.220s] Level 1:colcon.colcon_core.package_identification:_identify(docs) by extensions ['colcon_meta']
[0.220s] Level 1:colcon.colcon_core.package_identification:_identify(docs) by extension 'colcon_meta'
[0.220s] Level 1:colcon.colcon_core.package_identification:_identify(docs) by extensions ['ros']
[0.220s] Level 1:colcon.colcon_core.package_identification:_identify(docs) by extension 'ros'
[0.220s] Level 1:colcon.colcon_core.package_identification:_identify(docs) by extensions ['cmake', 'python']
[0.220s] Level 1:colcon.colcon_core.package_identification:_identify(docs) by extension 'cmake'
[0.221s] Level 1:colcon.colcon_core.package_identification:_identify(docs) by extension 'python'
[0.221s] Level 1:colcon.colcon_core.package_identification:_identify(docs) by extensions ['python_setup_py']
[0.221s] Level 1:colcon.colcon_core.package_identification:_identify(docs) by extension 'python_setup_py'
[0.221s] Level 1:colcon.colcon_core.package_identification:_identify(install) by extensions ['ignore', 'ignore_ament_install']
[0.221s] Level 1:colcon.colcon_core.package_identification:_identify(install) by extension 'ignore'
[0.221s] Level 1:colcon.colcon_core.package_identification:_identify(install) ignored
[0.221s] Level 1:colcon.colcon_core.package_identification:_identify(log) by extensions ['ignore', 'ignore_ament_install']
[0.221s] Level 1:colcon.colcon_core.package_identification:_identify(log) by extension 'ignore'
[0.221s] Level 1:colcon.colcon_core.package_identification:_identify(log) ignored
[0.221s] Level 1:colcon.colcon_core.package_identification:_identify(src) by extensions ['ignore', 'ignore_ament_install']
[0.221s] Level 1:colcon.colcon_core.package_identification:_identify(src) by extension 'ignore'
[0.221s] Level 1:colcon.colcon_core.package_identification:_identify(src) by extension 'ignore_ament_install'
[0.221s] Level 1:colcon.colcon_core.package_identification:_identify(src) by extensions ['colcon_pkg']
[0.221s] Level 1:colcon.colcon_core.package_identification:_identify(src) by extension 'colcon_pkg'
[0.221s] Level 1:colcon.colcon_core.package_identification:_identify(src) by extensions ['colcon_meta']
[0.221s] Level 1:colcon.colcon_core.package_identification:_identify(src) by extension 'colcon_meta'
[0.221s] Level 1:colcon.colcon_core.package_identification:_identify(src) by extensions ['ros']
[0.221s] Level 1:colcon.colcon_core.package_identification:_identify(src) by extension 'ros'
[0.221s] Level 1:colcon.colcon_core.package_identification:_identify(src) by extensions ['cmake', 'python']
[0.221s] Level 1:colcon.colcon_core.package_identification:_identify(src) by extension 'cmake'
[0.221s] Level 1:colcon.colcon_core.package_identification:_identify(src) by extension 'python'
[0.221s] Level 1:colcon.colcon_core.package_identification:_identify(src) by extensions ['python_setup_py']
[0.221s] Level 1:colcon.colcon_core.package_identification:_identify(src) by extension 'python_setup_py'
[0.221s] Level 1:colcon.colcon_core.package_identification:_identify(src/rb_bringup) by extensions ['ignore', 'ignore_ament_install']
[0.221s] Level 1:colcon.colcon_core.package_identification:_identify(src/rb_bringup) by extension 'ignore'
[0.221s] Level 1:colcon.colcon_core.package_identification:_identify(src/rb_bringup) by extension 'ignore_ament_install'
[0.221s] Level 1:colcon.colcon_core.package_identification:_identify(src/rb_bringup) by extensions ['colcon_pkg']
[0.221s] Level 1:colcon.colcon_core.package_identification:_identify(src/rb_bringup) by extension 'colcon_pkg'
[0.221s] Level 1:colcon.colcon_core.package_identification:_identify(src/rb_bringup) by extensions ['colcon_meta']
[0.221s] Level 1:colcon.colcon_core.package_identification:_identify(src/rb_bringup) by extension 'colcon_meta'
[0.221s] Level 1:colcon.colcon_core.package_identification:_identify(src/rb_bringup) by extensions ['ros']
[0.221s] Level 1:colcon.colcon_core.package_identification:_identify(src/rb_bringup) by extension 'ros'
[0.223s] DEBUG:colcon.colcon_core.package_identification:Package 'src/rb_bringup' with type 'ros.ament_cmake' and name 'rb_bringup'
[0.223s] Level 1:colcon.colcon_core.package_identification:_identify(src/rb_chassis) by extensions ['ignore', 'ignore_ament_install']
[0.223s] Level 1:colcon.colcon_core.package_identification:_identify(src/rb_chassis) by extension 'ignore'
[0.223s] Level 1:colcon.colcon_core.package_identification:_identify(src/rb_chassis) by extension 'ignore_ament_install'
[0.223s] Level 1:colcon.colcon_core.package_identification:_identify(src/rb_chassis) by extensions ['colcon_pkg']
[0.223s] Level 1:colcon.colcon_core.package_identification:_identify(src/rb_chassis) by extension 'colcon_pkg'
[0.223s] Level 1:colcon.colcon_core.package_identification:_identify(src/rb_chassis) by extensions ['colcon_meta']
[0.223s] Level 1:colcon.colcon_core.package_identification:_identify(src/rb_chassis) by extension 'colcon_meta'
[0.223s] Level 1:colcon.colcon_core.package_identification:_identify(src/rb_chassis) by extensions ['ros']
[0.223s] Level 1:colcon.colcon_core.package_identification:_identify(src/rb_chassis) by extension 'ros'
[0.224s] DEBUG:colcon.colcon_core.package_identification:Package 'src/rb_chassis' with type 'ros.ament_cmake' and name 'rb_chassis'
[0.224s] Level 1:colcon.colcon_core.package_identification:_identify(src/rb_launcher) by extensions ['ignore', 'ignore_ament_install']
[0.224s] Level 1:colcon.colcon_core.package_identification:_identify(src/rb_launcher) by extension 'ignore'
[0.224s] Level 1:colcon.colcon_core.package_identification:_identify(src/rb_launcher) by extension 'ignore_ament_install'
[0.224s] Level 1:colcon.colcon_core.package_identification:_identify(src/rb_launcher) by extensions ['colcon_pkg']
[0.224s] Level 1:colcon.colcon_core.package_identification:_identify(src/rb_launcher) by extension 'colcon_pkg'
[0.224s] Level 1:colcon.colcon_core.package_identification:_identify(src/rb_launcher) by extensions ['colcon_meta']
[0.224s] Level 1:colcon.colcon_core.package_identification:_identify(src/rb_launcher) by extension 'colcon_meta'
[0.224s] Level 1:colcon.colcon_core.package_identification:_identify(src/rb_launcher) by extensions ['ros']
[0.224s] Level 1:colcon.colcon_core.package_identification:_identify(src/rb_launcher) by extension 'ros'
[0.225s] DEBUG:colcon.colcon_core.package_identification:Package 'src/rb_launcher' with type 'ros.ament_cmake' and name 'rb_launcher'
[0.225s] Level 1:colcon.colcon_core.package_identification:_identify(src/rb_localization) by extensions ['ignore', 'ignore_ament_install']
[0.225s] Level 1:colcon.colcon_core.package_identification:_identify(src/rb_localization) by extension 'ignore'
[0.225s] Level 1:colcon.colcon_core.package_identification:_identify(src/rb_localization) by extension 'ignore_ament_install'
[0.225s] Level 1:colcon.colcon_core.package_identification:_identify(src/rb_localization) by extensions ['colcon_pkg']
[0.225s] Level 1:colcon.colcon_core.package_identification:_identify(src/rb_localization) by extension 'colcon_pkg'
[0.225s] Level 1:colcon.colcon_core.package_identification:_identify(src/rb_localization) by extensions ['colcon_meta']
[0.225s] Level 1:colcon.colcon_core.package_identification:_identify(src/rb_localization) by extension 'colcon_meta'
[0.225s] Level 1:colcon.colcon_core.package_identification:_identify(src/rb_localization) by extensions ['ros']
[0.225s] Level 1:colcon.colcon_core.package_identification:_identify(src/rb_localization) by extension 'ros'
[0.225s] DEBUG:colcon.colcon_core.package_identification:Package 'src/rb_localization' with type 'ros.ament_python' and name 'rb_localization'
[0.226s] Level 1:colcon.colcon_core.package_identification:_identify(src/rb_mission) by extensions ['ignore', 'ignore_ament_install']
[0.226s] Level 1:colcon.colcon_core.package_identification:_identify(src/rb_mission) by extension 'ignore'
[0.226s] Level 1:colcon.colcon_core.package_identification:_identify(src/rb_mission) by extension 'ignore_ament_install'
[0.226s] Level 1:colcon.colcon_core.package_identification:_identify(src/rb_mission) by extensions ['colcon_pkg']
[0.226s] Level 1:colcon.colcon_core.package_identification:_identify(src/rb_mission) by extension 'colcon_pkg'
[0.226s] Level 1:colcon.colcon_core.package_identification:_identify(src/rb_mission) by extensions ['colcon_meta']
[0.226s] Level 1:colcon.colcon_core.package_identification:_identify(src/rb_mission) by extension 'colcon_meta'
[0.226s] Level 1:colcon.colcon_core.package_identification:_identify(src/rb_mission) by extensions ['ros']
[0.226s] Level 1:colcon.colcon_core.package_identification:_identify(src/rb_mission) by extension 'ros'
[0.226s] DEBUG:colcon.colcon_core.package_identification:Package 'src/rb_mission' with type 'ros.ament_python' and name 'rb_mission'
[0.226s] Level 1:colcon.colcon_core.package_identification:_identify(src/rb_msgs) by extensions ['ignore', 'ignore_ament_install']
[0.226s] Level 1:colcon.colcon_core.package_identification:_identify(src/rb_msgs) by extension 'ignore'
[0.226s] Level 1:colcon.colcon_core.package_identification:_identify(src/rb_msgs) by extension 'ignore_ament_install'
[0.226s] Level 1:colcon.colcon_core.package_identification:_identify(src/rb_msgs) by extensions ['colcon_pkg']
[0.226s] Level 1:colcon.colcon_core.package_identification:_identify(src/rb_msgs) by extension 'colcon_pkg'
[0.226s] Level 1:colcon.colcon_core.package_identification:_identify(src/rb_msgs) by extensions ['colcon_meta']
[0.226s] Level 1:colcon.colcon_core.package_identification:_identify(src/rb_msgs) by extension 'colcon_meta'
[0.226s] Level 1:colcon.colcon_core.package_identification:_identify(src/rb_msgs) by extensions ['ros']
[0.226s] Level 1:colcon.colcon_core.package_identification:_identify(src/rb_msgs) by extension 'ros'
[0.227s] DEBUG:colcon.colcon_core.package_identification:Package 'src/rb_msgs' with type 'ros.ament_cmake' and name 'rb_msgs'
[0.227s] Level 1:colcon.colcon_core.package_identification:_identify(src/rb_perception) by extensions ['ignore', 'ignore_ament_install']
[0.227s] Level 1:colcon.colcon_core.package_identification:_identify(src/rb_perception) by extension 'ignore'
[0.227s] Level 1:colcon.colcon_core.package_identification:_identify(src/rb_perception) by extension 'ignore_ament_install'
[0.227s] Level 1:colcon.colcon_core.package_identification:_identify(src/rb_perception) by extensions ['colcon_pkg']
[0.227s] Level 1:colcon.colcon_core.package_identification:_identify(src/rb_perception) by extension 'colcon_pkg'
[0.227s] Level 1:colcon.colcon_core.package_identification:_identify(src/rb_perception) by extensions ['colcon_meta']
[0.227s] Level 1:colcon.colcon_core.package_identification:_identify(src/rb_perception) by extension 'colcon_meta'
[0.227s] Level 1:colcon.colcon_core.package_identification:_identify(src/rb_perception) by extensions ['ros']
[0.227s] Level 1:colcon.colcon_core.package_identification:_identify(src/rb_perception) by extension 'ros'
[0.228s] DEBUG:colcon.colcon_core.package_identification:Package 'src/rb_perception' with type 'ros.ament_python' and name 'rb_perception'
[0.228s] Level 1:colcon.colcon_core.package_identification:_identify(src/{rb_msgs,msg,) by extensions ['ignore', 'ignore_ament_install']
[0.228s] Level 1:colcon.colcon_core.package_identification:_identify(src/{rb_msgs,msg,) by extension 'ignore'
[0.228s] Level 1:colcon.colcon_core.package_identification:_identify(src/{rb_msgs,msg,) by extension 'ignore_ament_install'
[0.228s] Level 1:colcon.colcon_core.package_identification:_identify(src/{rb_msgs,msg,) by extensions ['colcon_pkg']
[0.228s] Level 1:colcon.colcon_core.package_identification:_identify(src/{rb_msgs,msg,) by extension 'colcon_pkg'
[0.228s] Level 1:colcon.colcon_core.package_identification:_identify(src/{rb_msgs,msg,) by extensions ['colcon_meta']
[0.228s] Level 1:colcon.colcon_core.package_identification:_identify(src/{rb_msgs,msg,) by extension 'colcon_meta'
[0.228s] Level 1:colcon.colcon_core.package_identification:_identify(src/{rb_msgs,msg,) by extensions ['ros']
[0.228s] Level 1:colcon.colcon_core.package_identification:_identify(src/{rb_msgs,msg,) by extension 'ros'
[0.228s] Level 1:colcon.colcon_core.package_identification:_identify(src/{rb_msgs,msg,) by extensions ['cmake', 'python']
[0.228s] Level 1:colcon.colcon_core.package_identification:_identify(src/{rb_msgs,msg,) by extension 'cmake'
[0.228s] Level 1:colcon.colcon_core.package_identification:_identify(src/{rb_msgs,msg,) by extension 'python'
[0.228s] Level 1:colcon.colcon_core.package_identification:_identify(src/{rb_msgs,msg,) by extensions ['python_setup_py']
[0.228s] Level 1:colcon.colcon_core.package_identification:_identify(src/{rb_msgs,msg,) by extension 'python_setup_py'
[0.228s] Level 1:colcon.colcon_core.package_identification:_identify(test_artifacts) by extensions ['ignore', 'ignore_ament_install']
[0.228s] Level 1:colcon.colcon_core.package_identification:_identify(test_artifacts) by extension 'ignore'
[0.228s] Level 1:colcon.colcon_core.package_identification:_identify(test_artifacts) by extension 'ignore_ament_install'
[0.228s] Level 1:colcon.colcon_core.package_identification:_identify(test_artifacts) by extensions ['colcon_pkg']
[0.228s] Level 1:colcon.colcon_core.package_identification:_identify(test_artifacts) by extension 'colcon_pkg'
[0.228s] Level 1:colcon.colcon_core.package_identification:_identify(test_artifacts) by extensions ['colcon_meta']
[0.228s] Level 1:colcon.colcon_core.package_identification:_identify(test_artifacts) by extension 'colcon_meta'
[0.228s] Level 1:colcon.colcon_core.package_identification:_identify(test_artifacts) by extensions ['ros']
[0.228s] Level 1:colcon.colcon_core.package_identification:_identify(test_artifacts) by extension 'ros'
[0.228s] Level 1:colcon.colcon_core.package_identification:_identify(test_artifacts) by extensions ['cmake', 'python']
[0.228s] Level 1:colcon.colcon_core.package_identification:_identify(test_artifacts) by extension 'cmake'
[0.228s] Level 1:colcon.colcon_core.package_identification:_identify(test_artifacts) by extension 'python'
[0.228s] Level 1:colcon.colcon_core.package_identification:_identify(test_artifacts) by extensions ['python_setup_py']
[0.228s] Level 1:colcon.colcon_core.package_identification:_identify(test_artifacts) by extension 'python_setup_py'
[0.228s] Level 1:colcon.colcon_core.package_identification:_identify(test_artifacts/e2e) by extensions ['ignore', 'ignore_ament_install']
[0.228s] Level 1:colcon.colcon_core.package_identification:_identify(test_artifacts/e2e) by extension 'ignore'
[0.228s] Level 1:colcon.colcon_core.package_identification:_identify(test_artifacts/e2e) by extension 'ignore_ament_install'
[0.228s] Level 1:colcon.colcon_core.package_identification:_identify(test_artifacts/e2e) by extensions ['colcon_pkg']
[0.228s] Level 1:colcon.colcon_core.package_identification:_identify(test_artifacts/e2e) by extension 'colcon_pkg'
[0.228s] Level 1:colcon.colcon_core.package_identification:_identify(test_artifacts/e2e) by extensions ['colcon_meta']
[0.228s] Level 1:colcon.colcon_core.package_identification:_identify(test_artifacts/e2e) by extension 'colcon_meta'
[0.228s] Level 1:colcon.colcon_core.package_identification:_identify(test_artifacts/e2e) by extensions ['ros']
[0.228s] Level 1:colcon.colcon_core.package_identification:_identify(test_artifacts/e2e) by extension 'ros'
[0.228s] Level 1:colcon.colcon_core.package_identification:_identify(test_artifacts/e2e) by extensions ['cmake', 'python']
[0.229s] Level 1:colcon.colcon_core.package_identification:_identify(test_artifacts/e2e) by extension 'cmake'
[0.229s] Level 1:colcon.colcon_core.package_identification:_identify(test_artifacts/e2e) by extension 'python'
[0.229s] Level 1:colcon.colcon_core.package_identification:_identify(test_artifacts/e2e) by extensions ['python_setup_py']
[0.229s] Level 1:colcon.colcon_core.package_identification:_identify(test_artifacts/e2e) by extension 'python_setup_py'
[0.229s] Level 1:colcon.colcon_core.package_identification:_identify(test_artifacts/verify) by extensions ['ignore', 'ignore_ament_install']
[0.229s] Level 1:colcon.colcon_core.package_identification:_identify(test_artifacts/verify) by extension 'ignore'
[0.229s] Level 1:colcon.colcon_core.package_identification:_identify(test_artifacts/verify) by extension 'ignore_ament_install'
[0.229s] Level 1:colcon.colcon_core.package_identification:_identify(test_artifacts/verify) by extensions ['colcon_pkg']
[0.229s] Level 1:colcon.colcon_core.package_identification:_identify(test_artifacts/verify) by extension 'colcon_pkg'
[0.229s] Level 1:colcon.colcon_core.package_identification:_identify(test_artifacts/verify) by extensions ['colcon_meta']
[0.229s] Level 1:colcon.colcon_core.package_identification:_identify(test_artifacts/verify) by extension 'colcon_meta'
[0.229s] Level 1:colcon.colcon_core.package_identification:_identify(test_artifacts/verify) by extensions ['ros']
[0.229s] Level 1:colcon.colcon_core.package_identification:_identify(test_artifacts/verify) by extension 'ros'
[0.229s] Level 1:colcon.colcon_core.package_identification:_identify(test_artifacts/verify) by extensions ['cmake', 'python']
[0.229s] Level 1:colcon.colcon_core.package_identification:_identify(test_artifacts/verify) by extension 'cmake'
[0.229s] Level 1:colcon.colcon_core.package_identification:_identify(test_artifacts/verify) by extension 'python'
[0.229s] Level 1:colcon.colcon_core.package_identification:_identify(test_artifacts/verify) by extensions ['python_setup_py']
[0.229s] Level 1:colcon.colcon_core.package_identification:_identify(test_artifacts/verify) by extension 'python_setup_py'
[0.229s] Level 1:colcon.colcon_core.package_identification:_identify(tools) by extensions ['ignore', 'ignore_ament_install']
[0.229s] Level 1:colcon.colcon_core.package_identification:_identify(tools) by extension 'ignore'
[0.229s] Level 1:colcon.colcon_core.package_identification:_identify(tools) by extension 'ignore_ament_install'
[0.229s] Level 1:colcon.colcon_core.package_identification:_identify(tools) by extensions ['colcon_pkg']
[0.229s] Level 1:colcon.colcon_core.package_identification:_identify(tools) by extension 'colcon_pkg'
[0.229s] Level 1:colcon.colcon_core.package_identification:_identify(tools) by extensions ['colcon_meta']
[0.229s] Level 1:colcon.colcon_core.package_identification:_identify(tools) by extension 'colcon_meta'
[0.229s] Level 1:colcon.colcon_core.package_identification:_identify(tools) by extensions ['ros']
[0.229s] Level 1:colcon.colcon_core.package_identification:_identify(tools) by extension 'ros'
[0.229s] Level 1:colcon.colcon_core.package_identification:_identify(tools) by extensions ['cmake', 'python']
[0.229s] Level 1:colcon.colcon_core.package_identification:_identify(tools) by extension 'cmake'
[0.229s] Level 1:colcon.colcon_core.package_identification:_identify(tools) by extension 'python'
[0.229s] Level 1:colcon.colcon_core.package_identification:_identify(tools) by extensions ['python_setup_py']
[0.229s] Level 1:colcon.colcon_core.package_identification:_identify(tools) by extension 'python_setup_py'
[0.229s] Level 1:colcon.colcon_core.package_identification:_identify(tools/__pycache__) by extensions ['ignore', 'ignore_ament_install']
[0.229s] Level 1:colcon.colcon_core.package_identification:_identify(tools/__pycache__) by extension 'ignore'
[0.229s] Level 1:colcon.colcon_core.package_identification:_identify(tools/__pycache__) by extension 'ignore_ament_install'
[0.229s] Level 1:colcon.colcon_core.package_identification:_identify(tools/__pycache__) by extensions ['colcon_pkg']
[0.229s] Level 1:colcon.colcon_core.package_identification:_identify(tools/__pycache__) by extension 'colcon_pkg'
[0.229s] Level 1:colcon.colcon_core.package_identification:_identify(tools/__pycache__) by extensions ['colcon_meta']
[0.229s] Level 1:colcon.colcon_core.package_identification:_identify(tools/__pycache__) by extension 'colcon_meta'
[0.229s] Level 1:colcon.colcon_core.package_identification:_identify(tools/__pycache__) by extensions ['ros']
[0.229s] Level 1:colcon.colcon_core.package_identification:_identify(tools/__pycache__) by extension 'ros'
[0.229s] Level 1:colcon.colcon_core.package_identification:_identify(tools/__pycache__) by extensions ['cmake', 'python']
[0.229s] Level 1:colcon.colcon_core.package_identification:_identify(tools/__pycache__) by extension 'cmake'
[0.230s] Level 1:colcon.colcon_core.package_identification:_identify(tools/__pycache__) by extension 'python'
[0.230s] Level 1:colcon.colcon_core.package_identification:_identify(tools/__pycache__) by extensions ['python_setup_py']
[0.230s] Level 1:colcon.colcon_core.package_identification:_identify(tools/__pycache__) by extension 'python_setup_py'
[0.230s] Level 1:colcon.colcon_core.package_discovery:discover_packages(recursive) using defaults
[0.230s] Level 1:colcon.colcon_core.package_discovery:discover_packages(ignore) discover
[0.230s] Level 1:colcon.colcon_core.package_discovery:discover_packages(ignore) using defaults
[0.230s] Level 1:colcon.colcon_core.package_discovery:discover_packages(path) discover
[0.230s] Level 1:colcon.colcon_core.package_discovery:discover_packages(path) using defaults
[0.248s] Level 1:colcon.colcon_core.package_discovery:discover_packages(prefix_path) check parameters
[0.248s] Level 1:colcon.colcon_core.package_discovery:discover_packages(prefix_path) discover
[0.250s] DEBUG:colcon.colcon_installed_package_information.package_discovery:Found 247 installed packages in /opt/ros/humble
[0.257s] Level 1:colcon.colcon_core.package_discovery:discover_packages(prefix_path) using defaults
[0.272s] Level 5:colcon.colcon_core.verb:set package 'rb_chassis' build argument 'cmake_args' from command line to 'None'
[0.272s] Level 5:colcon.colcon_core.verb:set package 'rb_chassis' build argument 'cmake_target' from command line to 'None'
[0.273s] Level 5:colcon.colcon_core.verb:set package 'rb_chassis' build argument 'cmake_target_skip_unavailable' from command line to 'False'
[0.273s] Level 5:colcon.colcon_core.verb:set package 'rb_chassis' build argument 'cmake_clean_cache' from command line to 'False'
[0.273s] Level 5:colcon.colcon_core.verb:set package 'rb_chassis' build argument 'cmake_clean_first' from command line to 'False'
[0.273s] Level 5:colcon.colcon_core.verb:set package 'rb_chassis' build argument 'cmake_force_configure' from command line to 'False'
[0.273s] Level 5:colcon.colcon_core.verb:set package 'rb_chassis' build argument 'ament_cmake_args' from command line to 'None'
[0.273s] Level 5:colcon.colcon_core.verb:set package 'rb_chassis' build argument 'catkin_cmake_args' from command line to 'None'
[0.273s] Level 5:colcon.colcon_core.verb:set package 'rb_chassis' build argument 'catkin_skip_building_tests' from command line to 'False'
[0.273s] DEBUG:colcon.colcon_core.verb:Building package 'rb_chassis' with the following arguments: {'ament_cmake_args': None, 'build_base': '/home/user/robocup_basketball_ws/build/rb_chassis', 'catkin_cmake_args': None, 'catkin_skip_building_tests': False, 'cmake_args': None, 'cmake_clean_cache': False, 'cmake_clean_first': False, 'cmake_force_configure': False, 'cmake_target': None, 'cmake_target_skip_unavailable': False, 'install_base': '/home/user/robocup_basketball_ws/install/rb_chassis', 'merge_install': False, 'path': '/home/user/robocup_basketball_ws/src/rb_chassis', 'symlink_install': True, 'test_result_base': None}
[0.273s] Level 5:colcon.colcon_core.verb:set package 'rb_msgs' build argument 'cmake_args' from command line to 'None'
[0.273s] Level 5:colcon.colcon_core.verb:set package 'rb_msgs' build argument 'cmake_target' from command line to 'None'
[0.273s] Level 5:colcon.colcon_core.verb:set package 'rb_msgs' build argument 'cmake_target_skip_unavailable' from command line to 'False'
[0.273s] Level 5:colcon.colcon_core.verb:set package 'rb_msgs' build argument 'cmake_clean_cache' from command line to 'False'
[0.273s] Level 5:colcon.colcon_core.verb:set package 'rb_msgs' build argument 'cmake_clean_first' from command line to 'False'
[0.273s] Level 5:colcon.colcon_core.verb:set package 'rb_msgs' build argument 'cmake_force_configure' from command line to 'False'
[0.273s] Level 5:colcon.colcon_core.verb:set package 'rb_msgs' build argument 'ament_cmake_args' from command line to 'None'
[0.273s] Level 5:colcon.colcon_core.verb:set package 'rb_msgs' build argument 'catkin_cmake_args' from command line to 'None'
[0.273s] Level 5:colcon.colcon_core.verb:set package 'rb_msgs' build argument 'catkin_skip_building_tests' from command line to 'False'
[0.273s] DEBUG:colcon.colcon_core.verb:Building package 'rb_msgs' with the following arguments: {'ament_cmake_args': None, 'build_base': '/home/user/robocup_basketball_ws/build/rb_msgs', 'catkin_cmake_args': None, 'catkin_skip_building_tests': False, 'cmake_args': None, 'cmake_clean_cache': False, 'cmake_clean_first': False, 'cmake_force_configure': False, 'cmake_target': None, 'cmake_target_skip_unavailable': False, 'install_base': '/home/user/robocup_basketball_ws/install/rb_msgs', 'merge_install': False, 'path': '/home/user/robocup_basketball_ws/src/rb_msgs', 'symlink_install': True, 'test_result_base': None}
[0.273s] Level 5:colcon.colcon_core.verb:set package 'rb_launcher' build argument 'cmake_args' from command line to 'None'
[0.273s] Level 5:colcon.colcon_core.verb:set package 'rb_launcher' build argument 'cmake_target' from command line to 'None'
[0.273s] Level 5:colcon.colcon_core.verb:set package 'rb_launcher' build argument 'cmake_target_skip_unavailable' from command line to 'False'
[0.273s] Level 5:colcon.colcon_core.verb:set package 'rb_launcher' build argument 'cmake_clean_cache' from command line to 'False'
[0.273s] Level 5:colcon.colcon_core.verb:set package 'rb_launcher' build argument 'cmake_clean_first' from command line to 'False'
[0.273s] Level 5:colcon.colcon_core.verb:set package 'rb_launcher' build argument 'cmake_force_configure' from command line to 'False'
[0.273s] Level 5:colcon.colcon_core.verb:set package 'rb_launcher' build argument 'ament_cmake_args' from command line to 'None'
[0.273s] Level 5:colcon.colcon_core.verb:set package 'rb_launcher' build argument 'catkin_cmake_args' from command line to 'None'
[0.273s] Level 5:colcon.colcon_core.verb:set package 'rb_launcher' build argument 'catkin_skip_building_tests' from command line to 'False'
[0.273s] DEBUG:colcon.colcon_core.verb:Building package 'rb_launcher' with the following arguments: {'ament_cmake_args': None, 'build_base': '/home/user/robocup_basketball_ws/build/rb_launcher', 'catkin_cmake_args': None, 'catkin_skip_building_tests': False, 'cmake_args': None, 'cmake_clean_cache': False, 'cmake_clean_first': False, 'cmake_force_configure': False, 'cmake_target': None, 'cmake_target_skip_unavailable': False, 'install_base': '/home/user/robocup_basketball_ws/install/rb_launcher', 'merge_install': False, 'path': '/home/user/robocup_basketball_ws/src/rb_launcher', 'symlink_install': True, 'test_result_base': None}
[0.273s] Level 5:colcon.colcon_core.verb:set package 'rb_localization' build argument 'cmake_args' from command line to 'None'
[0.273s] Level 5:colcon.colcon_core.verb:set package 'rb_localization' build argument 'cmake_target' from command line to 'None'
[0.273s] Level 5:colcon.colcon_core.verb:set package 'rb_localization' build argument 'cmake_target_skip_unavailable' from command line to 'False'
[0.273s] Level 5:colcon.colcon_core.verb:set package 'rb_localization' build argument 'cmake_clean_cache' from command line to 'False'
[0.273s] Level 5:colcon.colcon_core.verb:set package 'rb_localization' build argument 'cmake_clean_first' from command line to 'False'
[0.273s] Level 5:colcon.colcon_core.verb:set package 'rb_localization' build argument 'cmake_force_configure' from command line to 'False'
[0.273s] Level 5:colcon.colcon_core.verb:set package 'rb_localization' build argument 'ament_cmake_args' from command line to 'None'
[0.273s] Level 5:colcon.colcon_core.verb:set package 'rb_localization' build argument 'catkin_cmake_args' from command line to 'None'
[0.273s] Level 5:colcon.colcon_core.verb:set package 'rb_localization' build argument 'catkin_skip_building_tests' from command line to 'False'
[0.273s] DEBUG:colcon.colcon_core.verb:Building package 'rb_localization' with the following arguments: {'ament_cmake_args': None, 'build_base': '/home/user/robocup_basketball_ws/build/rb_localization', 'catkin_cmake_args': None, 'catkin_skip_building_tests': False, 'cmake_args': None, 'cmake_clean_cache': False, 'cmake_clean_first': False, 'cmake_force_configure': False, 'cmake_target': None, 'cmake_target_skip_unavailable': False, 'install_base': '/home/user/robocup_basketball_ws/install/rb_localization', 'merge_install': False, 'path': '/home/user/robocup_basketball_ws/src/rb_localization', 'symlink_install': True, 'test_result_base': None}
[0.274s] Level 5:colcon.colcon_core.verb:set package 'rb_mission' build argument 'cmake_args' from command line to 'None'
[0.274s] Level 5:colcon.colcon_core.verb:set package 'rb_mission' build argument 'cmake_target' from command line to 'None'
[0.274s] Level 5:colcon.colcon_core.verb:set package 'rb_mission' build argument 'cmake_target_skip_unavailable' from command line to 'False'
[0.274s] Level 5:colcon.colcon_core.verb:set package 'rb_mission' build argument 'cmake_clean_cache' from command line to 'False'
[0.274s] Level 5:colcon.colcon_core.verb:set package 'rb_mission' build argument 'cmake_clean_first' from command line to 'False'
[0.274s] Level 5:colcon.colcon_core.verb:set package 'rb_mission' build argument 'cmake_force_configure' from command line to 'False'
[0.274s] Level 5:colcon.colcon_core.verb:set package 'rb_mission' build argument 'ament_cmake_args' from command line to 'None'
[0.274s] Level 5:colcon.colcon_core.verb:set package 'rb_mission' build argument 'catkin_cmake_args' from command line to 'None'
[0.274s] Level 5:colcon.colcon_core.verb:set package 'rb_mission' build argument 'catkin_skip_building_tests' from command line to 'False'
[0.274s] DEBUG:colcon.colcon_core.verb:Building package 'rb_mission' with the following arguments: {'ament_cmake_args': None, 'build_base': '/home/user/robocup_basketball_ws/build/rb_mission', 'catkin_cmake_args': None, 'catkin_skip_building_tests': False, 'cmake_args': None, 'cmake_clean_cache': False, 'cmake_clean_first': False, 'cmake_force_configure': False, 'cmake_target': None, 'cmake_target_skip_unavailable': False, 'install_base': '/home/user/robocup_basketball_ws/install/rb_mission', 'merge_install': False, 'path': '/home/user/robocup_basketball_ws/src/rb_mission', 'symlink_install': True, 'test_result_base': None}
[0.274s] Level 5:colcon.colcon_core.verb:set package 'rb_perception' build argument 'cmake_args' from command line to 'None'
[0.274s] Level 5:colcon.colcon_core.verb:set package 'rb_perception' build argument 'cmake_target' from command line to 'None'
[0.274s] Level 5:colcon.colcon_core.verb:set package 'rb_perception' build argument 'cmake_target_skip_unavailable' from command line to 'False'
[0.274s] Level 5:colcon.colcon_core.verb:set package 'rb_perception' build argument 'cmake_clean_cache' from command line to 'False'
[0.274s] Level 5:colcon.colcon_core.verb:set package 'rb_perception' build argument 'cmake_clean_first' from command line to 'False'
[0.274s] Level 5:colcon.colcon_core.verb:set package 'rb_perception' build argument 'cmake_force_configure' from command line to 'False'
[0.274s] Level 5:colcon.colcon_core.verb:set package 'rb_perception' build argument 'ament_cmake_args' from command line to 'None'
[0.274s] Level 5:colcon.colcon_core.verb:set package 'rb_perception' build argument 'catkin_cmake_args' from command line to 'None'
[0.274s] Level 5:colcon.colcon_core.verb:set package 'rb_perception' build argument 'catkin_skip_building_tests' from command line to 'False'
[0.274s] DEBUG:colcon.colcon_core.verb:Building package 'rb_perception' with the following arguments: {'ament_cmake_args': None, 'build_base': '/home/user/robocup_basketball_ws/build/rb_perception', 'catkin_cmake_args': None, 'catkin_skip_building_tests': False, 'cmake_args': None, 'cmake_clean_cache': False, 'cmake_clean_first': False, 'cmake_force_configure': False, 'cmake_target': None, 'cmake_target_skip_unavailable': False, 'install_base': '/home/user/robocup_basketball_ws/install/rb_perception', 'merge_install': False, 'path': '/home/user/robocup_basketball_ws/src/rb_perception', 'symlink_install': True, 'test_result_base': None}
[0.274s] Level 5:colcon.colcon_core.verb:set package 'rb_bringup' build argument 'cmake_args' from command line to 'None'
[0.274s] Level 5:colcon.colcon_core.verb:set package 'rb_bringup' build argument 'cmake_target' from command line to 'None'
[0.274s] Level 5:colcon.colcon_core.verb:set package 'rb_bringup' build argument 'cmake_target_skip_unavailable' from command line to 'False'
[0.274s] Level 5:colcon.colcon_core.verb:set package 'rb_bringup' build argument 'cmake_clean_cache' from command line to 'False'
[0.274s] Level 5:colcon.colcon_core.verb:set package 'rb_bringup' build argument 'cmake_clean_first' from command line to 'False'
[0.274s] Level 5:colcon.colcon_core.verb:set package 'rb_bringup' build argument 'cmake_force_configure' from command line to 'False'
[0.274s] Level 5:colcon.colcon_core.verb:set package 'rb_bringup' build argument 'ament_cmake_args' from command line to 'None'
[0.274s] Level 5:colcon.colcon_core.verb:set package 'rb_bringup' build argument 'catkin_cmake_args' from command line to 'None'
[0.274s] Level 5:colcon.colcon_core.verb:set package 'rb_bringup' build argument 'catkin_skip_building_tests' from command line to 'False'
[0.274s] DEBUG:colcon.colcon_core.verb:Building package 'rb_bringup' with the following arguments: {'ament_cmake_args': None, 'build_base': '/home/user/robocup_basketball_ws/build/rb_bringup', 'catkin_cmake_args': None, 'catkin_skip_building_tests': False, 'cmake_args': None, 'cmake_clean_cache': False, 'cmake_clean_first': False, 'cmake_force_configure': False, 'cmake_target': None, 'cmake_target_skip_unavailable': False, 'install_base': '/home/user/robocup_basketball_ws/install/rb_bringup', 'merge_install': False, 'path': '/home/user/robocup_basketball_ws/src/rb_bringup', 'symlink_install': True, 'test_result_base': None}
[0.274s] INFO:colcon.colcon_core.executor:Executing jobs using 'parallel' executor
[0.275s] DEBUG:colcon.colcon_parallel_executor.executor.parallel:run_until_complete
[0.275s] INFO:colcon.colcon_ros.task.ament_cmake.build:Building ROS package in '/home/user/robocup_basketball_ws/src/rb_msgs' with build type 'ament_cmake'
[0.275s] INFO:colcon.colcon_cmake.task.cmake.build:Building CMake package in '/home/user/robocup_basketball_ws/src/rb_msgs'
[0.279s] INFO:colcon.colcon_core.plugin_system:Skipping extension 'colcon_core.shell.bat': Not used on non-Windows systems
[0.279s] INFO:colcon.colcon_core.shell:Skip shell extension 'powershell' for command environment: Not usable outside of PowerShell
[0.279s] DEBUG:colcon.colcon_core.shell:Skip shell extension 'dsv' for command environment
[0.281s] INFO:colcon.colcon_ros.task.ament_cmake.build:Building ROS package in '/home/user/robocup_basketball_ws/src/rb_chassis' with build type 'ament_cmake'
[0.281s] INFO:colcon.colcon_cmake.task.cmake.build:Building CMake package in '/home/user/robocup_basketball_ws/src/rb_chassis'
[0.281s] INFO:colcon.colcon_core.shell:Skip shell extension 'powershell' for command environment: Not usable outside of PowerShell
[0.281s] DEBUG:colcon.colcon_core.shell:Skip shell extension 'dsv' for command environment
[0.284s] DEBUG:colcon.colcon_core.event_handler.log_command:Invoking command in '/home/user/robocup_basketball_ws/build/rb_msgs': CMAKE_PREFIX_PATH=/opt/ros/humble /usr/bin/cmake --build /home/user/robocup_basketball_ws/build/rb_msgs -- -j16 -l16
[0.287s] DEBUG:colcon.colcon_core.event_handler.log_command:Invoking command in '/home/user/robocup_basketball_ws/build/rb_chassis': CMAKE_PREFIX_PATH=/opt/ros/humble /usr/bin/cmake --build /home/user/robocup_basketball_ws/build/rb_chassis -- -j16 -l16
[0.425s] DEBUG:colcon.colcon_core.event_handler.log_command:Invoked command in '/home/user/robocup_basketball_ws/build/rb_chassis' returned '0': CMAKE_PREFIX_PATH=/opt/ros/humble /usr/bin/cmake --build /home/user/robocup_basketball_ws/build/rb_chassis -- -j16 -l16
[0.432s] DEBUG:colcon.colcon_core.event_handler.log_command:Invoking command in '/home/user/robocup_basketball_ws/build/rb_chassis': CMAKE_PREFIX_PATH=/opt/ros/humble /usr/bin/cmake --install /home/user/robocup_basketball_ws/build/rb_chassis
[0.456s] Level 1:colcon.colcon_core.environment:create_environment_scripts_only(rb_chassis)
[0.456s] DEBUG:colcon.colcon_core.event_handler.log_command:Invoked command in '/home/user/robocup_basketball_ws/build/rb_chassis' returned '0': CMAKE_PREFIX_PATH=/opt/ros/humble /usr/bin/cmake --install /home/user/robocup_basketball_ws/build/rb_chassis
[0.462s] Level 1:colcon.colcon_core.environment:checking '/home/user/robocup_basketball_ws/install/rb_chassis' for CMake module files
[0.463s] Level 1:colcon.colcon_core.environment:checking '/home/user/robocup_basketball_ws/install/rb_chassis' for CMake config files
[0.463s] Level 1:colcon.colcon_core.shell:create_environment_hook('rb_chassis', 'cmake_prefix_path')
[0.463s] INFO:colcon.colcon_core.shell:Creating environment hook '/home/user/robocup_basketball_ws/install/rb_chassis/share/rb_chassis/hook/cmake_prefix_path.ps1'
[0.464s] INFO:colcon.colcon_core.shell:Creating environment descriptor '/home/user/robocup_basketball_ws/install/rb_chassis/share/rb_chassis/hook/cmake_prefix_path.dsv'
[0.465s] INFO:colcon.colcon_core.shell:Creating environment hook '/home/user/robocup_basketball_ws/install/rb_chassis/share/rb_chassis/hook/cmake_prefix_path.sh'
[0.466s] Level 1:colcon.colcon_core.environment:checking '/home/user/robocup_basketball_ws/install/rb_chassis/lib'
[0.466s] Level 1:colcon.colcon_core.environment:checking '/home/user/robocup_basketball_ws/install/rb_chassis/bin'
[0.466s] Level 1:colcon.colcon_core.environment:checking '/home/user/robocup_basketball_ws/install/rb_chassis/lib/pkgconfig/rb_chassis.pc'
[0.466s] Level 1:colcon.colcon_core.environment:checking '/home/user/robocup_basketball_ws/install/rb_chassis/lib/python3.10/site-packages'
[0.466s] Level 1:colcon.colcon_core.environment:checking '/home/user/robocup_basketball_ws/install/rb_chassis/bin'
[0.467s] INFO:colcon.colcon_core.shell:Creating package script '/home/user/robocup_basketball_ws/install/rb_chassis/share/rb_chassis/package.ps1'
[0.467s] INFO:colcon.colcon_core.shell:Creating package descriptor '/home/user/robocup_basketball_ws/install/rb_chassis/share/rb_chassis/package.dsv'
[0.468s] INFO:colcon.colcon_core.shell:Creating package script '/home/user/robocup_basketball_ws/install/rb_chassis/share/rb_chassis/package.sh'
[0.469s] INFO:colcon.colcon_core.shell:Creating package script '/home/user/robocup_basketball_ws/install/rb_chassis/share/rb_chassis/package.bash'
[0.470s] INFO:colcon.colcon_core.shell:Creating package script '/home/user/robocup_basketball_ws/install/rb_chassis/share/rb_chassis/package.zsh'
[0.471s] Level 1:colcon.colcon_core.environment:create_file_with_runtime_dependencies(/home/user/robocup_basketball_ws/install/rb_chassis/share/colcon-core/packages/rb_chassis)
[0.472s] Level 1:colcon.colcon_core.environment:create_environment_scripts_only(rb_chassis)
[0.472s] Level 1:colcon.colcon_core.environment:checking '/home/user/robocup_basketball_ws/install/rb_chassis' for CMake module files
[0.472s] Level 1:colcon.colcon_core.environment:checking '/home/user/robocup_basketball_ws/install/rb_chassis' for CMake config files
[0.472s] Level 1:colcon.colcon_core.shell:create_environment_hook('rb_chassis', 'cmake_prefix_path')
[0.472s] INFO:colcon.colcon_core.shell:Creating environment hook '/home/user/robocup_basketball_ws/install/rb_chassis/share/rb_chassis/hook/cmake_prefix_path.ps1'
[0.472s] INFO:colcon.colcon_core.shell:Creating environment descriptor '/home/user/robocup_basketball_ws/install/rb_chassis/share/rb_chassis/hook/cmake_prefix_path.dsv'
[0.473s] INFO:colcon.colcon_core.shell:Creating environment hook '/home/user/robocup_basketball_ws/install/rb_chassis/share/rb_chassis/hook/cmake_prefix_path.sh'
[0.473s] Level 1:colcon.colcon_core.environment:checking '/home/user/robocup_basketball_ws/install/rb_chassis/lib'
[0.473s] Level 1:colcon.colcon_core.environment:checking '/home/user/robocup_basketball_ws/install/rb_chassis/bin'
[0.473s] Level 1:colcon.colcon_core.environment:checking '/home/user/robocup_basketball_ws/install/rb_chassis/lib/pkgconfig/rb_chassis.pc'
[0.473s] Level 1:colcon.colcon_core.environment:checking '/home/user/robocup_basketball_ws/install/rb_chassis/lib/python3.10/site-packages'
[0.473s] Level 1:colcon.colcon_core.environment:checking '/home/user/robocup_basketball_ws/install/rb_chassis/bin'
[0.473s] INFO:colcon.colcon_core.shell:Creating package script '/home/user/robocup_basketball_ws/install/rb_chassis/share/rb_chassis/package.ps1'
[0.474s] INFO:colcon.colcon_core.shell:Creating package descriptor '/home/user/robocup_basketball_ws/install/rb_chassis/share/rb_chassis/package.dsv'
[0.474s] INFO:colcon.colcon_core.shell:Creating package script '/home/user/robocup_basketball_ws/install/rb_chassis/share/rb_chassis/package.sh'
[0.474s] INFO:colcon.colcon_core.shell:Creating package script '/home/user/robocup_basketball_ws/install/rb_chassis/share/rb_chassis/package.bash'
[0.474s] INFO:colcon.colcon_core.shell:Creating package script '/home/user/robocup_basketball_ws/install/rb_chassis/share/rb_chassis/package.zsh'
[0.474s] Level 1:colcon.colcon_core.environment:create_file_with_runtime_dependencies(/home/user/robocup_basketball_ws/install/rb_chassis/share/colcon-core/packages/rb_chassis)
[0.523s] DEBUG:colcon.colcon_core.event_handler.log_command:Invoked command in '/home/user/robocup_basketball_ws/build/rb_msgs' returned '0': CMAKE_PREFIX_PATH=/opt/ros/humble /usr/bin/cmake --build /home/user/robocup_basketball_ws/build/rb_msgs -- -j16 -l16
[0.524s] DEBUG:colcon.colcon_core.event_handler.log_command:Invoking command in '/home/user/robocup_basketball_ws/build/rb_msgs': CMAKE_PREFIX_PATH=/opt/ros/humble /usr/bin/cmake --install /home/user/robocup_basketball_ws/build/rb_msgs
[0.592s] Level 1:colcon.colcon_core.environment:create_environment_scripts_only(rb_msgs)
[0.593s] Level 1:colcon.colcon_core.environment:checking '/home/user/robocup_basketball_ws/install/rb_msgs' for CMake module files
[0.593s] DEBUG:colcon.colcon_core.event_handler.log_command:Invoked command in '/home/user/robocup_basketball_ws/build/rb_msgs' returned '0': CMAKE_PREFIX_PATH=/opt/ros/humble /usr/bin/cmake --install /home/user/robocup_basketball_ws/build/rb_msgs
[0.594s] Level 1:colcon.colcon_core.environment:checking '/home/user/robocup_basketball_ws/install/rb_msgs' for CMake config files
[0.594s] Level 1:colcon.colcon_core.shell:create_environment_hook('rb_msgs', 'cmake_prefix_path')
[0.594s] INFO:colcon.colcon_core.shell:Creating environment hook '/home/user/robocup_basketball_ws/install/rb_msgs/share/rb_msgs/hook/cmake_prefix_path.ps1'
[0.595s] INFO:colcon.colcon_core.shell:Creating environment descriptor '/home/user/robocup_basketball_ws/install/rb_msgs/share/rb_msgs/hook/cmake_prefix_path.dsv'
[0.595s] INFO:colcon.colcon_core.shell:Creating environment hook '/home/user/robocup_basketball_ws/install/rb_msgs/share/rb_msgs/hook/cmake_prefix_path.sh'
[0.596s] Level 1:colcon.colcon_core.environment:checking '/home/user/robocup_basketball_ws/install/rb_msgs/lib'
[0.596s] Level 1:colcon.colcon_core.shell:create_environment_hook('rb_msgs', 'ld_library_path_lib')
[0.596s] INFO:colcon.colcon_core.shell:Creating environment hook '/home/user/robocup_basketball_ws/install/rb_msgs/share/rb_msgs/hook/ld_library_path_lib.ps1'
[0.596s] INFO:colcon.colcon_core.shell:Creating environment descriptor '/home/user/robocup_basketball_ws/install/rb_msgs/share/rb_msgs/hook/ld_library_path_lib.dsv'
[0.597s] INFO:colcon.colcon_core.shell:Creating environment hook '/home/user/robocup_basketball_ws/install/rb_msgs/share/rb_msgs/hook/ld_library_path_lib.sh'
[0.597s] Level 1:colcon.colcon_core.environment:checking '/home/user/robocup_basketball_ws/install/rb_msgs/bin'
[0.597s] Level 1:colcon.colcon_core.environment:checking '/home/user/robocup_basketball_ws/install/rb_msgs/lib/pkgconfig/rb_msgs.pc'
[0.597s] Level 1:colcon.colcon_core.environment:checking '/home/user/robocup_basketball_ws/install/rb_msgs/lib/python3.10/site-packages'
[0.598s] Level 1:colcon.colcon_core.environment:checking '/home/user/robocup_basketball_ws/install/rb_msgs/bin'
[0.598s] INFO:colcon.colcon_core.shell:Creating package script '/home/user/robocup_basketball_ws/install/rb_msgs/share/rb_msgs/package.ps1'
[0.598s] INFO:colcon.colcon_core.shell:Creating package descriptor '/home/user/robocup_basketball_ws/install/rb_msgs/share/rb_msgs/package.dsv'
[0.599s] INFO:colcon.colcon_core.shell:Creating package script '/home/user/robocup_basketball_ws/install/rb_msgs/share/rb_msgs/package.sh'
[0.599s] INFO:colcon.colcon_core.shell:Creating package script '/home/user/robocup_basketball_ws/install/rb_msgs/share/rb_msgs/package.bash'
[0.600s] INFO:colcon.colcon_core.shell:Creating package script '/home/user/robocup_basketball_ws/install/rb_msgs/share/rb_msgs/package.zsh'
[0.600s] Level 1:colcon.colcon_core.environment:create_file_with_runtime_dependencies(/home/user/robocup_basketball_ws/install/rb_msgs/share/colcon-core/packages/rb_msgs)
[0.601s] Level 1:colcon.colcon_core.environment:create_environment_scripts_only(rb_msgs)
[0.601s] Level 1:colcon.colcon_core.environment:checking '/home/user/robocup_basketball_ws/install/rb_msgs' for CMake module files
[0.601s] Level 1:colcon.colcon_core.environment:checking '/home/user/robocup_basketball_ws/install/rb_msgs' for CMake config files
[0.602s] Level 1:colcon.colcon_core.shell:create_environment_hook('rb_msgs', 'cmake_prefix_path')
[0.602s] INFO:colcon.colcon_core.shell:Creating environment hook '/home/user/robocup_basketball_ws/install/rb_msgs/share/rb_msgs/hook/cmake_prefix_path.ps1'
[0.603s] INFO:colcon.colcon_core.shell:Creating environment descriptor '/home/user/robocup_basketball_ws/install/rb_msgs/share/rb_msgs/hook/cmake_prefix_path.dsv'
[0.603s] INFO:colcon.colcon_core.shell:Creating environment hook '/home/user/robocup_basketball_ws/install/rb_msgs/share/rb_msgs/hook/cmake_prefix_path.sh'
[0.604s] Level 1:colcon.colcon_core.environment:checking '/home/user/robocup_basketball_ws/install/rb_msgs/lib'
[0.604s] Level 1:colcon.colcon_core.shell:create_environment_hook('rb_msgs', 'ld_library_path_lib')
[0.604s] INFO:colcon.colcon_core.shell:Creating environment hook '/home/user/robocup_basketball_ws/install/rb_msgs/share/rb_msgs/hook/ld_library_path_lib.ps1'
[0.604s] INFO:colcon.colcon_core.shell:Creating environment descriptor '/home/user/robocup_basketball_ws/install/rb_msgs/share/rb_msgs/hook/ld_library_path_lib.dsv'
[0.605s] INFO:colcon.colcon_core.shell:Creating environment hook '/home/user/robocup_basketball_ws/install/rb_msgs/share/rb_msgs/hook/ld_library_path_lib.sh'
[0.605s] Level 1:colcon.colcon_core.environment:checking '/home/user/robocup_basketball_ws/install/rb_msgs/bin'
[0.605s] Level 1:colcon.colcon_core.environment:checking '/home/user/robocup_basketball_ws/install/rb_msgs/lib/pkgconfig/rb_msgs.pc'
[0.605s] Level 1:colcon.colcon_core.environment:checking '/home/user/robocup_basketball_ws/install/rb_msgs/lib/python3.10/site-packages'
[0.606s] Level 1:colcon.colcon_core.environment:checking '/home/user/robocup_basketball_ws/install/rb_msgs/bin'
[0.606s] INFO:colcon.colcon_core.shell:Creating package script '/home/user/robocup_basketball_ws/install/rb_msgs/share/rb_msgs/package.ps1'
[0.606s] INFO:colcon.colcon_core.shell:Creating package descriptor '/home/user/robocup_basketball_ws/install/rb_msgs/share/rb_msgs/package.dsv'
[0.607s] INFO:colcon.colcon_core.shell:Creating package script '/home/user/robocup_basketball_ws/install/rb_msgs/share/rb_msgs/package.sh'
[0.607s] INFO:colcon.colcon_core.shell:Creating package script '/home/user/robocup_basketball_ws/install/rb_msgs/share/rb_msgs/package.bash'
[0.608s] INFO:colcon.colcon_core.shell:Creating package script '/home/user/robocup_basketball_ws/install/rb_msgs/share/rb_msgs/package.zsh'
[0.608s] Level 1:colcon.colcon_core.environment:create_file_with_runtime_dependencies(/home/user/robocup_basketball_ws/install/rb_msgs/share/colcon-core/packages/rb_msgs)
[0.608s] INFO:colcon.colcon_ros.task.ament_cmake.build:Building ROS package in '/home/user/robocup_basketball_ws/src/rb_launcher' with build type 'ament_cmake'
[0.609s] INFO:colcon.colcon_cmake.task.cmake.build:Building CMake package in '/home/user/robocup_basketball_ws/src/rb_launcher'
[0.609s] INFO:colcon.colcon_core.shell:Skip shell extension 'powershell' for command environment: Not usable outside of PowerShell
[0.609s] DEBUG:colcon.colcon_core.shell:Skip shell extension 'dsv' for command environment
[0.611s] INFO:colcon.colcon_ros.task.ament_python.build:Building ROS package in '/home/user/robocup_basketball_ws/src/rb_localization' with build type 'ament_python'
[0.611s] Level 1:colcon.colcon_core.shell:create_environment_hook('rb_localization', 'ament_prefix_path')
[0.612s] INFO:colcon.colcon_core.shell:Creating environment hook '/home/user/robocup_basketball_ws/install/rb_localization/share/rb_localization/hook/ament_prefix_path.ps1'
[0.612s] INFO:colcon.colcon_core.shell:Creating environment descriptor '/home/user/robocup_basketball_ws/install/rb_localization/share/rb_localization/hook/ament_prefix_path.dsv'
[0.612s] INFO:colcon.colcon_core.shell:Creating environment hook '/home/user/robocup_basketball_ws/install/rb_localization/share/rb_localization/hook/ament_prefix_path.sh'
[0.613s] INFO:colcon.colcon_core.shell:Skip shell extension 'powershell' for command environment: Not usable outside of PowerShell
[0.613s] DEBUG:colcon.colcon_core.shell:Skip shell extension 'dsv' for command environment
[0.615s] INFO:colcon.colcon_ros.task.ament_python.build:Building ROS package in '/home/user/robocup_basketball_ws/src/rb_mission' with build type 'ament_python'
[0.615s] Level 1:colcon.colcon_core.shell:create_environment_hook('rb_mission', 'ament_prefix_path')
[0.615s] INFO:colcon.colcon_core.shell:Creating environment hook '/home/user/robocup_basketball_ws/install/rb_mission/share/rb_mission/hook/ament_prefix_path.ps1'
[0.616s] INFO:colcon.colcon_core.shell:Creating environment descriptor '/home/user/robocup_basketball_ws/install/rb_mission/share/rb_mission/hook/ament_prefix_path.dsv'
[0.616s] INFO:colcon.colcon_core.shell:Creating environment hook '/home/user/robocup_basketball_ws/install/rb_mission/share/rb_mission/hook/ament_prefix_path.sh'
[0.617s] INFO:colcon.colcon_core.shell:Skip shell extension 'powershell' for command environment: Not usable outside of PowerShell
[0.617s] DEBUG:colcon.colcon_core.shell:Skip shell extension 'dsv' for command environment
[0.619s] INFO:colcon.colcon_ros.task.ament_python.build:Building ROS package in '/home/user/robocup_basketball_ws/src/rb_perception' with build type 'ament_python'
[0.619s] Level 1:colcon.colcon_core.shell:create_environment_hook('rb_perception', 'ament_prefix_path')
[0.620s] INFO:colcon.colcon_core.shell:Creating environment hook '/home/user/robocup_basketball_ws/install/rb_perception/share/rb_perception/hook/ament_prefix_path.ps1'
[0.620s] INFO:colcon.colcon_core.shell:Creating environment descriptor '/home/user/robocup_basketball_ws/install/rb_perception/share/rb_perception/hook/ament_prefix_path.dsv'
[0.620s] INFO:colcon.colcon_core.shell:Creating environment hook '/home/user/robocup_basketball_ws/install/rb_perception/share/rb_perception/hook/ament_prefix_path.sh'
[0.621s] INFO:colcon.colcon_core.shell:Skip shell extension 'powershell' for command environment: Not usable outside of PowerShell
[0.621s] DEBUG:colcon.colcon_core.shell:Skip shell extension 'dsv' for command environment
[0.627s] DEBUG:colcon.colcon_core.event_handler.log_command:Invoking command in '/home/user/robocup_basketball_ws/build/rb_launcher': AMENT_PREFIX_PATH=/home/user/robocup_basketball_ws/install/rb_msgs:${AMENT_PREFIX_PATH} CMAKE_PREFIX_PATH=/home/user/robocup_basketball_ws/install/rb_msgs:/opt/ros/humble LD_LIBRARY_PATH=/home/user/robocup_basketball_ws/install/rb_msgs/lib:${LD_LIBRARY_PATH} PYTHONPATH=/home/user/robocup_basketball_ws/install/rb_msgs/local/lib/python3.10/dist-packages:${PYTHONPATH} /usr/bin/cmake --build /home/user/robocup_basketball_ws/build/rb_launcher -- -j16 -l16
[0.776s] INFO:colcon.colcon_core.task.python.build:Building Python package in '/home/user/robocup_basketball_ws/src/rb_localization'
[0.777s] INFO:colcon.colcon_core.shell:Skip shell extension 'powershell' for command environment: Not usable outside of PowerShell
[0.777s] DEBUG:colcon.colcon_core.shell:Skip shell extension 'dsv' for command environment
[0.916s] INFO:colcon.colcon_core.task.python.build:Building Python package in '/home/user/robocup_basketball_ws/src/rb_mission'
[0.916s] INFO:colcon.colcon_core.shell:Skip shell extension 'powershell' for command environment: Not usable outside of PowerShell
[0.916s] DEBUG:colcon.colcon_core.shell:Skip shell extension 'dsv' for command environment
[1.046s] INFO:colcon.colcon_core.task.python.build:Building Python package in '/home/user/robocup_basketball_ws/src/rb_perception'
[1.046s] INFO:colcon.colcon_core.shell:Skip shell extension 'powershell' for command environment: Not usable outside of PowerShell
[1.046s] DEBUG:colcon.colcon_core.shell:Skip shell extension 'dsv' for command environment
[1.048s] DEBUG:colcon.colcon_core.event_handler.log_command:Invoked command in '/home/user/robocup_basketball_ws/build/rb_launcher' returned '0': AMENT_PREFIX_PATH=/home/user/robocup_basketball_ws/install/rb_msgs:${AMENT_PREFIX_PATH} CMAKE_PREFIX_PATH=/home/user/robocup_basketball_ws/install/rb_msgs:/opt/ros/humble LD_LIBRARY_PATH=/home/user/robocup_basketball_ws/install/rb_msgs/lib:${LD_LIBRARY_PATH} PYTHONPATH=/home/user/robocup_basketball_ws/install/rb_msgs/local/lib/python3.10/dist-packages:${PYTHONPATH} /usr/bin/cmake --build /home/user/robocup_basketball_ws/build/rb_launcher -- -j16 -l16
[1.049s] DEBUG:colcon.colcon_core.event_handler.log_command:Invoking command in '/home/user/robocup_basketball_ws/build/rb_launcher': AMENT_PREFIX_PATH=/home/user/robocup_basketball_ws/install/rb_msgs:${AMENT_PREFIX_PATH} CMAKE_PREFIX_PATH=/home/user/robocup_basketball_ws/install/rb_msgs:/opt/ros/humble LD_LIBRARY_PATH=/home/user/robocup_basketball_ws/install/rb_msgs/lib:${LD_LIBRARY_PATH} PYTHONPATH=/home/user/robocup_basketball_ws/install/rb_msgs/local/lib/python3.10/dist-packages:${PYTHONPATH} /usr/bin/cmake --install /home/user/robocup_basketball_ws/build/rb_launcher
[1.069s] Level 1:colcon.colcon_core.environment:create_environment_scripts_only(rb_launcher)
[1.069s] Level 1:colcon.colcon_core.environment:checking '/home/user/robocup_basketball_ws/install/rb_launcher' for CMake module files
[1.069s] DEBUG:colcon.colcon_core.event_handler.log_command:Invoked command in '/home/user/robocup_basketball_ws/build/rb_launcher' returned '0': AMENT_PREFIX_PATH=/home/user/robocup_basketball_ws/install/rb_msgs:${AMENT_PREFIX_PATH} CMAKE_PREFIX_PATH=/home/user/robocup_basketball_ws/install/rb_msgs:/opt/ros/humble LD_LIBRARY_PATH=/home/user/robocup_basketball_ws/install/rb_msgs/lib:${LD_LIBRARY_PATH} PYTHONPATH=/home/user/robocup_basketball_ws/install/rb_msgs/local/lib/python3.10/dist-packages:${PYTHONPATH} /usr/bin/cmake --install /home/user/robocup_basketball_ws/build/rb_launcher
[1.069s] Level 1:colcon.colcon_core.environment:checking '/home/user/robocup_basketball_ws/install/rb_launcher' for CMake config files
[1.070s] Level 1:colcon.colcon_core.shell:create_environment_hook('rb_launcher', 'cmake_prefix_path')
[1.070s] INFO:colcon.colcon_core.shell:Creating environment hook '/home/user/robocup_basketball_ws/install/rb_launcher/share/rb_launcher/hook/cmake_prefix_path.ps1'
[1.070s] INFO:colcon.colcon_core.shell:Creating environment descriptor '/home/user/robocup_basketball_ws/install/rb_launcher/share/rb_launcher/hook/cmake_prefix_path.dsv'
[1.070s] INFO:colcon.colcon_core.shell:Creating environment hook '/home/user/robocup_basketball_ws/install/rb_launcher/share/rb_launcher/hook/cmake_prefix_path.sh'
[1.071s] Level 1:colcon.colcon_core.environment:checking '/home/user/robocup_basketball_ws/install/rb_launcher/lib'
[1.071s] Level 1:colcon.colcon_core.environment:checking '/home/user/robocup_basketball_ws/install/rb_launcher/bin'
[1.071s] Level 1:colcon.colcon_core.environment:checking '/home/user/robocup_basketball_ws/install/rb_launcher/lib/pkgconfig/rb_launcher.pc'
[1.071s] Level 1:colcon.colcon_core.environment:checking '/home/user/robocup_basketball_ws/install/rb_launcher/lib/python3.10/site-packages'
[1.071s] Level 1:colcon.colcon_core.environment:checking '/home/user/robocup_basketball_ws/install/rb_launcher/bin'
[1.071s] INFO:colcon.colcon_core.shell:Creating package script '/home/user/robocup_basketball_ws/install/rb_launcher/share/rb_launcher/package.ps1'
[1.071s] INFO:colcon.colcon_core.shell:Creating package descriptor '/home/user/robocup_basketball_ws/install/rb_launcher/share/rb_launcher/package.dsv'
[1.072s] INFO:colcon.colcon_core.shell:Creating package script '/home/user/robocup_basketball_ws/install/rb_launcher/share/rb_launcher/package.sh'
[1.072s] INFO:colcon.colcon_core.shell:Creating package script '/home/user/robocup_basketball_ws/install/rb_launcher/share/rb_launcher/package.bash'
[1.072s] INFO:colcon.colcon_core.shell:Creating package script '/home/user/robocup_basketball_ws/install/rb_launcher/share/rb_launcher/package.zsh'
[1.072s] Level 1:colcon.colcon_core.environment:create_file_with_runtime_dependencies(/home/user/robocup_basketball_ws/install/rb_launcher/share/colcon-core/packages/rb_launcher)
[1.072s] Level 1:colcon.colcon_core.environment:create_environment_scripts_only(rb_launcher)
[1.073s] Level 1:colcon.colcon_core.environment:checking '/home/user/robocup_basketball_ws/install/rb_launcher' for CMake module files
[1.073s] Level 1:colcon.colcon_core.environment:checking '/home/user/robocup_basketball_ws/install/rb_launcher' for CMake config files
[1.073s] Level 1:colcon.colcon_core.shell:create_environment_hook('rb_launcher', 'cmake_prefix_path')
[1.073s] INFO:colcon.colcon_core.shell:Creating environment hook '/home/user/robocup_basketball_ws/install/rb_launcher/share/rb_launcher/hook/cmake_prefix_path.ps1'
[1.073s] INFO:colcon.colcon_core.shell:Creating environment descriptor '/home/user/robocup_basketball_ws/install/rb_launcher/share/rb_launcher/hook/cmake_prefix_path.dsv'
[1.073s] INFO:colcon.colcon_core.shell:Creating environment hook '/home/user/robocup_basketball_ws/install/rb_launcher/share/rb_launcher/hook/cmake_prefix_path.sh'
[1.074s] Level 1:colcon.colcon_core.environment:checking '/home/user/robocup_basketball_ws/install/rb_launcher/lib'
[1.074s] Level 1:colcon.colcon_core.environment:checking '/home/user/robocup_basketball_ws/install/rb_launcher/bin'
[1.074s] Level 1:colcon.colcon_core.environment:checking '/home/user/robocup_basketball_ws/install/rb_launcher/lib/pkgconfig/rb_launcher.pc'
[1.074s] Level 1:colcon.colcon_core.environment:checking '/home/user/robocup_basketball_ws/install/rb_launcher/lib/python3.10/site-packages'
[1.074s] Level 1:colcon.colcon_core.environment:checking '/home/user/robocup_basketball_ws/install/rb_launcher/bin'
[1.074s] INFO:colcon.colcon_core.shell:Creating package script '/home/user/robocup_basketball_ws/install/rb_launcher/share/rb_launcher/package.ps1'
[1.074s] INFO:colcon.colcon_core.shell:Creating package descriptor '/home/user/robocup_basketball_ws/install/rb_launcher/share/rb_launcher/package.dsv'
[1.075s] INFO:colcon.colcon_core.shell:Creating package script '/home/user/robocup_basketball_ws/install/rb_launcher/share/rb_launcher/package.sh'
[1.075s] INFO:colcon.colcon_core.shell:Creating package script '/home/user/robocup_basketball_ws/install/rb_launcher/share/rb_launcher/package.bash'
[1.075s] INFO:colcon.colcon_core.shell:Creating package script '/home/user/robocup_basketball_ws/install/rb_launcher/share/rb_launcher/package.zsh'
[1.075s] Level 1:colcon.colcon_core.environment:create_file_with_runtime_dependencies(/home/user/robocup_basketball_ws/install/rb_launcher/share/colcon-core/packages/rb_launcher)
[1.271s] DEBUG:colcon.colcon_core.event_handler.log_command:Invoking command in '/home/user/robocup_basketball_ws/build/rb_localization': AMENT_PREFIX_PATH=/home/user/robocup_basketball_ws/install/rb_msgs:${AMENT_PREFIX_PATH} CMAKE_PREFIX_PATH=/home/user/robocup_basketball_ws/install/rb_msgs LD_LIBRARY_PATH=/home/user/robocup_basketball_ws/install/rb_msgs/lib:${LD_LIBRARY_PATH} PYTHONPATH=/home/user/robocup_basketball_ws/build/rb_localization/prefix_override:/usr/lib/python3/dist-packages/colcon_core/task/python/colcon_distutils_commands:/home/user/robocup_basketball_ws/install/rb_localization/lib/python3.10/site-packages:/home/user/robocup_basketball_ws/install/rb_msgs/local/lib/python3.10/dist-packages:${PYTHONPATH} /usr/bin/python3 -W ignore:setup.py install is deprecated -W ignore:easy_install command is deprecated setup.py develop --editable --build-directory /home/user/robocup_basketball_ws/build/rb_localization/build --no-deps symlink_data
[1.272s] DEBUG:colcon.colcon_core.event_handler.log_command:Invoking command in '/home/user/robocup_basketball_ws/build/rb_mission': AMENT_PREFIX_PATH=/home/user/robocup_basketball_ws/install/rb_msgs:${AMENT_PREFIX_PATH} CMAKE_PREFIX_PATH=/home/user/robocup_basketball_ws/install/rb_msgs LD_LIBRARY_PATH=/home/user/robocup_basketball_ws/install/rb_msgs/lib:${LD_LIBRARY_PATH} PYTHONPATH=/home/user/robocup_basketball_ws/build/rb_mission/prefix_override:/usr/lib/python3/dist-packages/colcon_core/task/python/colcon_distutils_commands:/home/user/robocup_basketball_ws/install/rb_mission/lib/python3.10/site-packages:/home/user/robocup_basketball_ws/install/rb_msgs/local/lib/python3.10/dist-packages:${PYTHONPATH} /usr/bin/python3 -W ignore:setup.py install is deprecated -W ignore:easy_install command is deprecated setup.py develop --editable --build-directory /home/user/robocup_basketball_ws/build/rb_mission/build --no-deps symlink_data
[1.273s] DEBUG:colcon.colcon_core.event_handler.log_command:Invoking command in '/home/user/robocup_basketball_ws/build/rb_perception': AMENT_PREFIX_PATH=/home/user/robocup_basketball_ws/install/rb_msgs:${AMENT_PREFIX_PATH} CMAKE_PREFIX_PATH=/home/user/robocup_basketball_ws/install/rb_msgs LD_LIBRARY_PATH=/home/user/robocup_basketball_ws/install/rb_msgs/lib:${LD_LIBRARY_PATH} PYTHONPATH=/home/user/robocup_basketball_ws/build/rb_perception/prefix_override:/usr/lib/python3/dist-packages/colcon_core/task/python/colcon_distutils_commands:/home/user/robocup_basketball_ws/install/rb_perception/lib/python3.10/site-packages:/home/user/robocup_basketball_ws/install/rb_msgs/local/lib/python3.10/dist-packages:${PYTHONPATH} /usr/bin/python3 -W ignore:setup.py install is deprecated -W ignore:easy_install command is deprecated setup.py develop --editable --build-directory /home/user/robocup_basketball_ws/build/rb_perception/build --no-deps symlink_data
[1.530s] Level 1:colcon.colcon_core.shell:create_environment_hook('rb_mission', 'pythonpath_develop')
[1.530s] INFO:colcon.colcon_core.shell:Creating environment hook '/home/user/robocup_basketball_ws/build/rb_mission/share/rb_mission/hook/pythonpath_develop.ps1'
[1.530s] DEBUG:colcon.colcon_core.event_handler.log_command:Invoked command in '/home/user/robocup_basketball_ws/build/rb_mission' returned '0': AMENT_PREFIX_PATH=/home/user/robocup_basketball_ws/install/rb_msgs:${AMENT_PREFIX_PATH} CMAKE_PREFIX_PATH=/home/user/robocup_basketball_ws/install/rb_msgs LD_LIBRARY_PATH=/home/user/robocup_basketball_ws/install/rb_msgs/lib:${LD_LIBRARY_PATH} PYTHONPATH=/home/user/robocup_basketball_ws/build/rb_mission/prefix_override:/usr/lib/python3/dist-packages/colcon_core/task/python/colcon_distutils_commands:/home/user/robocup_basketball_ws/install/rb_mission/lib/python3.10/site-packages:/home/user/robocup_basketball_ws/install/rb_msgs/local/lib/python3.10/dist-packages:${PYTHONPATH} /usr/bin/python3 -W ignore:setup.py install is deprecated -W ignore:easy_install command is deprecated setup.py develop --editable --build-directory /home/user/robocup_basketball_ws/build/rb_mission/build --no-deps symlink_data
[1.531s] INFO:colcon.colcon_core.shell:Creating environment descriptor '/home/user/robocup_basketball_ws/build/rb_mission/share/rb_mission/hook/pythonpath_develop.dsv'
[1.531s] INFO:colcon.colcon_core.shell:Creating environment hook '/home/user/robocup_basketball_ws/build/rb_mission/share/rb_mission/hook/pythonpath_develop.sh'
[1.532s] Level 1:colcon.colcon_core.environment:checking '/home/user/robocup_basketball_ws/install/rb_mission' for CMake module files
[1.532s] Level 1:colcon.colcon_core.environment:checking '/home/user/robocup_basketball_ws/install/rb_mission' for CMake config files
[1.533s] Level 1:colcon.colcon_core.environment:checking '/home/user/robocup_basketball_ws/install/rb_mission/lib'
[1.533s] Level 1:colcon.colcon_core.environment:checking '/home/user/robocup_basketball_ws/install/rb_mission/bin'
[1.533s] Level 1:colcon.colcon_core.environment:checking '/home/user/robocup_basketball_ws/install/rb_mission/lib/pkgconfig/rb_mission.pc'
[1.533s] Level 1:colcon.colcon_core.environment:checking '/home/user/robocup_basketball_ws/install/rb_mission/lib/python3.10/site-packages'
[1.533s] Level 1:colcon.colcon_core.shell:create_environment_hook('rb_mission', 'pythonpath')
[1.533s] INFO:colcon.colcon_core.shell:Creating environment hook '/home/user/robocup_basketball_ws/install/rb_mission/share/rb_mission/hook/pythonpath.ps1'
[1.534s] INFO:colcon.colcon_core.shell:Creating environment descriptor '/home/user/robocup_basketball_ws/install/rb_mission/share/rb_mission/hook/pythonpath.dsv'
[1.534s] INFO:colcon.colcon_core.shell:Creating environment hook '/home/user/robocup_basketball_ws/install/rb_mission/share/rb_mission/hook/pythonpath.sh'
[1.535s] Level 1:colcon.colcon_core.environment:checking '/home/user/robocup_basketball_ws/install/rb_mission/bin'
[1.535s] Level 1:colcon.colcon_core.environment:create_environment_scripts_only(rb_mission)
[1.535s] INFO:colcon.colcon_core.shell:Creating package script '/home/user/robocup_basketball_ws/install/rb_mission/share/rb_mission/package.ps1'
[1.536s] INFO:colcon.colcon_core.shell:Creating package descriptor '/home/user/robocup_basketball_ws/install/rb_mission/share/rb_mission/package.dsv'
[1.537s] INFO:colcon.colcon_core.shell:Creating package script '/home/user/robocup_basketball_ws/install/rb_mission/share/rb_mission/package.sh'
[1.537s] INFO:colcon.colcon_core.shell:Creating package script '/home/user/robocup_basketball_ws/install/rb_mission/share/rb_mission/package.bash'
[1.537s] INFO:colcon.colcon_core.shell:Creating package script '/home/user/robocup_basketball_ws/install/rb_mission/share/rb_mission/package.zsh'
[1.538s] Level 1:colcon.colcon_core.environment:create_file_with_runtime_dependencies(/home/user/robocup_basketball_ws/install/rb_mission/share/colcon-core/packages/rb_mission)
[1.543s] Level 1:colcon.colcon_core.shell:create_environment_hook('rb_perception', 'pythonpath_develop')
[1.543s] INFO:colcon.colcon_core.shell:Creating environment hook '/home/user/robocup_basketball_ws/build/rb_perception/share/rb_perception/hook/pythonpath_develop.ps1'
[1.544s] DEBUG:colcon.colcon_core.event_handler.log_command:Invoked command in '/home/user/robocup_basketball_ws/build/rb_perception' returned '0': AMENT_PREFIX_PATH=/home/user/robocup_basketball_ws/install/rb_msgs:${AMENT_PREFIX_PATH} CMAKE_PREFIX_PATH=/home/user/robocup_basketball_ws/install/rb_msgs LD_LIBRARY_PATH=/home/user/robocup_basketball_ws/install/rb_msgs/lib:${LD_LIBRARY_PATH} PYTHONPATH=/home/user/robocup_basketball_ws/build/rb_perception/prefix_override:/usr/lib/python3/dist-packages/colcon_core/task/python/colcon_distutils_commands:/home/user/robocup_basketball_ws/install/rb_perception/lib/python3.10/site-packages:/home/user/robocup_basketball_ws/install/rb_msgs/local/lib/python3.10/dist-packages:${PYTHONPATH} /usr/bin/python3 -W ignore:setup.py install is deprecated -W ignore:easy_install command is deprecated setup.py develop --editable --build-directory /home/user/robocup_basketball_ws/build/rb_perception/build --no-deps symlink_data
[1.544s] INFO:colcon.colcon_core.shell:Creating environment descriptor '/home/user/robocup_basketball_ws/build/rb_perception/share/rb_perception/hook/pythonpath_develop.dsv'
[1.544s] INFO:colcon.colcon_core.shell:Creating environment hook '/home/user/robocup_basketball_ws/build/rb_perception/share/rb_perception/hook/pythonpath_develop.sh'
[1.545s] Level 1:colcon.colcon_core.environment:checking '/home/user/robocup_basketball_ws/install/rb_perception' for CMake module files
[1.545s] Level 1:colcon.colcon_core.environment:checking '/home/user/robocup_basketball_ws/install/rb_perception' for CMake config files
[1.545s] Level 1:colcon.colcon_core.environment:checking '/home/user/robocup_basketball_ws/install/rb_perception/lib'
[1.545s] Level 1:colcon.colcon_core.environment:checking '/home/user/robocup_basketball_ws/install/rb_perception/bin'
[1.545s] Level 1:colcon.colcon_core.environment:checking '/home/user/robocup_basketball_ws/install/rb_perception/lib/pkgconfig/rb_perception.pc'
[1.545s] Level 1:colcon.colcon_core.environment:checking '/home/user/robocup_basketball_ws/install/rb_perception/lib/python3.10/site-packages'
[1.545s] Level 1:colcon.colcon_core.shell:create_environment_hook('rb_perception', 'pythonpath')
[1.546s] INFO:colcon.colcon_core.shell:Creating environment hook '/home/user/robocup_basketball_ws/install/rb_perception/share/rb_perception/hook/pythonpath.ps1'
[1.546s] INFO:colcon.colcon_core.shell:Creating environment descriptor '/home/user/robocup_basketball_ws/install/rb_perception/share/rb_perception/hook/pythonpath.dsv'
[1.546s] INFO:colcon.colcon_core.shell:Creating environment hook '/home/user/robocup_basketball_ws/install/rb_perception/share/rb_perception/hook/pythonpath.sh'
[1.546s] Level 1:colcon.colcon_core.environment:checking '/home/user/robocup_basketball_ws/install/rb_perception/bin'
[1.546s] Level 1:colcon.colcon_core.environment:create_environment_scripts_only(rb_perception)
[1.546s] INFO:colcon.colcon_core.shell:Creating package script '/home/user/robocup_basketball_ws/install/rb_perception/share/rb_perception/package.ps1'
[1.547s] INFO:colcon.colcon_core.shell:Creating package descriptor '/home/user/robocup_basketball_ws/install/rb_perception/share/rb_perception/package.dsv'
[1.547s] INFO:colcon.colcon_core.shell:Creating package script '/home/user/robocup_basketball_ws/install/rb_perception/share/rb_perception/package.sh'
[1.547s] INFO:colcon.colcon_core.shell:Creating package script '/home/user/robocup_basketball_ws/install/rb_perception/share/rb_perception/package.bash'
[1.547s] INFO:colcon.colcon_core.shell:Creating package script '/home/user/robocup_basketball_ws/install/rb_perception/share/rb_perception/package.zsh'
[1.547s] Level 1:colcon.colcon_core.environment:create_file_with_runtime_dependencies(/home/user/robocup_basketball_ws/install/rb_perception/share/colcon-core/packages/rb_perception)
[1.548s] Level 1:colcon.colcon_core.shell:create_environment_hook('rb_localization', 'pythonpath_develop')
[1.548s] INFO:colcon.colcon_core.shell:Creating environment hook '/home/user/robocup_basketball_ws/build/rb_localization/share/rb_localization/hook/pythonpath_develop.ps1'
[1.548s] INFO:colcon.colcon_core.shell:Creating environment descriptor '/home/user/robocup_basketball_ws/build/rb_localization/share/rb_localization/hook/pythonpath_develop.dsv'
[1.548s] INFO:colcon.colcon_core.shell:Creating environment hook '/home/user/robocup_basketball_ws/build/rb_localization/share/rb_localization/hook/pythonpath_develop.sh'
[1.549s] DEBUG:colcon.colcon_core.event_handler.log_command:Invoked command in '/home/user/robocup_basketball_ws/build/rb_localization' returned '0': AMENT_PREFIX_PATH=/home/user/robocup_basketball_ws/install/rb_msgs:${AMENT_PREFIX_PATH} CMAKE_PREFIX_PATH=/home/user/robocup_basketball_ws/install/rb_msgs LD_LIBRARY_PATH=/home/user/robocup_basketball_ws/install/rb_msgs/lib:${LD_LIBRARY_PATH} PYTHONPATH=/home/user/robocup_basketball_ws/build/rb_localization/prefix_override:/usr/lib/python3/dist-packages/colcon_core/task/python/colcon_distutils_commands:/home/user/robocup_basketball_ws/install/rb_localization/lib/python3.10/site-packages:/home/user/robocup_basketball_ws/install/rb_msgs/local/lib/python3.10/dist-packages:${PYTHONPATH} /usr/bin/python3 -W ignore:setup.py install is deprecated -W ignore:easy_install command is deprecated setup.py develop --editable --build-directory /home/user/robocup_basketball_ws/build/rb_localization/build --no-deps symlink_data
[1.549s] Level 1:colcon.colcon_core.environment:checking '/home/user/robocup_basketball_ws/install/rb_localization' for CMake module files
[1.549s] Level 1:colcon.colcon_core.environment:checking '/home/user/robocup_basketball_ws/install/rb_localization' for CMake config files
[1.549s] Level 1:colcon.colcon_core.environment:checking '/home/user/robocup_basketball_ws/install/rb_localization/lib'
[1.549s] Level 1:colcon.colcon_core.environment:checking '/home/user/robocup_basketball_ws/install/rb_localization/bin'
[1.549s] Level 1:colcon.colcon_core.environment:checking '/home/user/robocup_basketball_ws/install/rb_localization/lib/pkgconfig/rb_localization.pc'
[1.549s] Level 1:colcon.colcon_core.environment:checking '/home/user/robocup_basketball_ws/install/rb_localization/lib/python3.10/site-packages'
[1.549s] Level 1:colcon.colcon_core.shell:create_environment_hook('rb_localization', 'pythonpath')
[1.550s] INFO:colcon.colcon_core.shell:Creating environment hook '/home/user/robocup_basketball_ws/install/rb_localization/share/rb_localization/hook/pythonpath.ps1'
[1.550s] INFO:colcon.colcon_core.shell:Creating environment descriptor '/home/user/robocup_basketball_ws/install/rb_localization/share/rb_localization/hook/pythonpath.dsv'
[1.550s] INFO:colcon.colcon_core.shell:Creating environment hook '/home/user/robocup_basketball_ws/install/rb_localization/share/rb_localization/hook/pythonpath.sh'
[1.550s] Level 1:colcon.colcon_core.environment:checking '/home/user/robocup_basketball_ws/install/rb_localization/bin'
[1.550s] Level 1:colcon.colcon_core.environment:create_environment_scripts_only(rb_localization)
[1.550s] INFO:colcon.colcon_core.shell:Creating package script '/home/user/robocup_basketball_ws/install/rb_localization/share/rb_localization/package.ps1'
[1.551s] INFO:colcon.colcon_core.shell:Creating package descriptor '/home/user/robocup_basketball_ws/install/rb_localization/share/rb_localization/package.dsv'
[1.551s] INFO:colcon.colcon_core.shell:Creating package script '/home/user/robocup_basketball_ws/install/rb_localization/share/rb_localization/package.sh'
[1.551s] INFO:colcon.colcon_core.shell:Creating package script '/home/user/robocup_basketball_ws/install/rb_localization/share/rb_localization/package.bash'
[1.551s] INFO:colcon.colcon_core.shell:Creating package script '/home/user/robocup_basketball_ws/install/rb_localization/share/rb_localization/package.zsh'
[1.551s] Level 1:colcon.colcon_core.environment:create_file_with_runtime_dependencies(/home/user/robocup_basketball_ws/install/rb_localization/share/colcon-core/packages/rb_localization)
[1.552s] INFO:colcon.colcon_ros.task.ament_cmake.build:Building ROS package in '/home/user/robocup_basketball_ws/src/rb_bringup' with build type 'ament_cmake'
[1.552s] INFO:colcon.colcon_cmake.task.cmake.build:Building CMake package in '/home/user/robocup_basketball_ws/src/rb_bringup'
[1.552s] INFO:colcon.colcon_core.shell:Skip shell extension 'powershell' for command environment: Not usable outside of PowerShell
[1.552s] DEBUG:colcon.colcon_core.shell:Skip shell extension 'dsv' for command environment
[1.563s] DEBUG:colcon.colcon_core.event_handler.log_command:Invoking command in '/home/user/robocup_basketball_ws/build/rb_bringup': AMENT_PREFIX_PATH=/home/user/robocup_basketball_ws/install/rb_perception:/home/user/robocup_basketball_ws/install/rb_mission:/home/user/robocup_basketball_ws/install/rb_localization:/home/user/robocup_basketball_ws/install/rb_launcher:/home/user/robocup_basketball_ws/install/rb_msgs:/home/user/robocup_basketball_ws/install/rb_chassis:${AMENT_PREFIX_PATH} CMAKE_PREFIX_PATH=/home/user/robocup_basketball_ws/install/rb_launcher:/home/user/robocup_basketball_ws/install/rb_msgs:/home/user/robocup_basketball_ws/install/rb_chassis:/opt/ros/humble LD_LIBRARY_PATH=/home/user/robocup_basketball_ws/install/rb_msgs/lib:/home/user/robocup_basketball_ws/install/rb_chassis/lib:${LD_LIBRARY_PATH} PYTHONPATH=/home/user/robocup_basketball_ws/build/rb_perception:/home/user/robocup_basketball_ws/install/rb_perception/lib/python3.10/site-packages:/home/user/robocup_basketball_ws/build/rb_mission:/home/user/robocup_basketball_ws/install/rb_mission/lib/python3.10/site-packages:/home/user/robocup_basketball_ws/build/rb_localization:/home/user/robocup_basketball_ws/install/rb_localization/lib/python3.10/site-packages:/home/user/robocup_basketball_ws/install/rb_msgs/local/lib/python3.10/dist-packages:${PYTHONPATH} /usr/bin/cmake --build /home/user/robocup_basketball_ws/build/rb_bringup -- -j16 -l16
[1.590s] DEBUG:colcon.colcon_core.event_handler.log_command:Invoked command in '/home/user/robocup_basketball_ws/build/rb_bringup' returned '0': AMENT_PREFIX_PATH=/home/user/robocup_basketball_ws/install/rb_perception:/home/user/robocup_basketball_ws/install/rb_mission:/home/user/robocup_basketball_ws/install/rb_localization:/home/user/robocup_basketball_ws/install/rb_launcher:/home/user/robocup_basketball_ws/install/rb_msgs:/home/user/robocup_basketball_ws/install/rb_chassis:${AMENT_PREFIX_PATH} CMAKE_PREFIX_PATH=/home/user/robocup_basketball_ws/install/rb_launcher:/home/user/robocup_basketball_ws/install/rb_msgs:/home/user/robocup_basketball_ws/install/rb_chassis:/opt/ros/humble LD_LIBRARY_PATH=/home/user/robocup_basketball_ws/install/rb_msgs/lib:/home/user/robocup_basketball_ws/install/rb_chassis/lib:${LD_LIBRARY_PATH} PYTHONPATH=/home/user/robocup_basketball_ws/build/rb_perception:/home/user/robocup_basketball_ws/install/rb_perception/lib/python3.10/site-packages:/home/user/robocup_basketball_ws/build/rb_mission:/home/user/robocup_basketball_ws/install/rb_mission/lib/python3.10/site-packages:/home/user/robocup_basketball_ws/build/rb_localization:/home/user/robocup_basketball_ws/install/rb_localization/lib/python3.10/site-packages:/home/user/robocup_basketball_ws/install/rb_msgs/local/lib/python3.10/dist-packages:${PYTHONPATH} /usr/bin/cmake --build /home/user/robocup_basketball_ws/build/rb_bringup -- -j16 -l16
[1.591s] DEBUG:colcon.colcon_core.event_handler.log_command:Invoking command in '/home/user/robocup_basketball_ws/build/rb_bringup': AMENT_PREFIX_PATH=/home/user/robocup_basketball_ws/install/rb_perception:/home/user/robocup_basketball_ws/install/rb_mission:/home/user/robocup_basketball_ws/install/rb_localization:/home/user/robocup_basketball_ws/install/rb_launcher:/home/user/robocup_basketball_ws/install/rb_msgs:/home/user/robocup_basketball_ws/install/rb_chassis:${AMENT_PREFIX_PATH} CMAKE_PREFIX_PATH=/home/user/robocup_basketball_ws/install/rb_launcher:/home/user/robocup_basketball_ws/install/rb_msgs:/home/user/robocup_basketball_ws/install/rb_chassis:/opt/ros/humble LD_LIBRARY_PATH=/home/user/robocup_basketball_ws/install/rb_msgs/lib:/home/user/robocup_basketball_ws/install/rb_chassis/lib:${LD_LIBRARY_PATH} PYTHONPATH=/home/user/robocup_basketball_ws/build/rb_perception:/home/user/robocup_basketball_ws/install/rb_perception/lib/python3.10/site-packages:/home/user/robocup_basketball_ws/build/rb_mission:/home/user/robocup_basketball_ws/install/rb_mission/lib/python3.10/site-packages:/home/user/robocup_basketball_ws/build/rb_localization:/home/user/robocup_basketball_ws/install/rb_localization/lib/python3.10/site-packages:/home/user/robocup_basketball_ws/install/rb_msgs/local/lib/python3.10/dist-packages:${PYTHONPATH} /usr/bin/cmake --install /home/user/robocup_basketball_ws/build/rb_bringup
[1.615s] Level 1:colcon.colcon_core.environment:create_environment_scripts_only(rb_bringup)
[1.615s] Level 1:colcon.colcon_core.environment:checking '/home/user/robocup_basketball_ws/install/rb_bringup' for CMake module files
[1.615s] DEBUG:colcon.colcon_core.event_handler.log_command:Invoked command in '/home/user/robocup_basketball_ws/build/rb_bringup' returned '0': AMENT_PREFIX_PATH=/home/user/robocup_basketball_ws/install/rb_perception:/home/user/robocup_basketball_ws/install/rb_mission:/home/user/robocup_basketball_ws/install/rb_localization:/home/user/robocup_basketball_ws/install/rb_launcher:/home/user/robocup_basketball_ws/install/rb_msgs:/home/user/robocup_basketball_ws/install/rb_chassis:${AMENT_PREFIX_PATH} CMAKE_PREFIX_PATH=/home/user/robocup_basketball_ws/install/rb_launcher:/home/user/robocup_basketball_ws/install/rb_msgs:/home/user/robocup_basketball_ws/install/rb_chassis:/opt/ros/humble LD_LIBRARY_PATH=/home/user/robocup_basketball_ws/install/rb_msgs/lib:/home/user/robocup_basketball_ws/install/rb_chassis/lib:${LD_LIBRARY_PATH} PYTHONPATH=/home/user/robocup_basketball_ws/build/rb_perception:/home/user/robocup_basketball_ws/install/rb_perception/lib/python3.10/site-packages:/home/user/robocup_basketball_ws/build/rb_mission:/home/user/robocup_basketball_ws/install/rb_mission/lib/python3.10/site-packages:/home/user/robocup_basketball_ws/build/rb_localization:/home/user/robocup_basketball_ws/install/rb_localization/lib/python3.10/site-packages:/home/user/robocup_basketball_ws/install/rb_msgs/local/lib/python3.10/dist-packages:${PYTHONPATH} /usr/bin/cmake --install /home/user/robocup_basketball_ws/build/rb_bringup
[1.615s] Level 1:colcon.colcon_core.environment:checking '/home/user/robocup_basketball_ws/install/rb_bringup' for CMake config files
[1.616s] Level 1:colcon.colcon_core.shell:create_environment_hook('rb_bringup', 'cmake_prefix_path')
[1.616s] INFO:colcon.colcon_core.shell:Creating environment hook '/home/user/robocup_basketball_ws/install/rb_bringup/share/rb_bringup/hook/cmake_prefix_path.ps1'
[1.616s] INFO:colcon.colcon_core.shell:Creating environment descriptor '/home/user/robocup_basketball_ws/install/rb_bringup/share/rb_bringup/hook/cmake_prefix_path.dsv'
[1.616s] INFO:colcon.colcon_core.shell:Creating environment hook '/home/user/robocup_basketball_ws/install/rb_bringup/share/rb_bringup/hook/cmake_prefix_path.sh'
[1.617s] Level 1:colcon.colcon_core.environment:checking '/home/user/robocup_basketball_ws/install/rb_bringup/bin'
[1.617s] Level 1:colcon.colcon_core.environment:checking '/home/user/robocup_basketball_ws/install/rb_bringup/lib/pkgconfig/rb_bringup.pc'
[1.617s] Level 1:colcon.colcon_core.environment:checking '/home/user/robocup_basketball_ws/install/rb_bringup/lib/python3.10/site-packages'
[1.617s] Level 1:colcon.colcon_core.environment:checking '/home/user/robocup_basketball_ws/install/rb_bringup/bin'
[1.617s] INFO:colcon.colcon_core.shell:Creating package script '/home/user/robocup_basketball_ws/install/rb_bringup/share/rb_bringup/package.ps1'
[1.617s] INFO:colcon.colcon_core.shell:Creating package descriptor '/home/user/robocup_basketball_ws/install/rb_bringup/share/rb_bringup/package.dsv'
[1.618s] INFO:colcon.colcon_core.shell:Creating package script '/home/user/robocup_basketball_ws/install/rb_bringup/share/rb_bringup/package.sh'
[1.618s] INFO:colcon.colcon_core.shell:Creating package script '/home/user/robocup_basketball_ws/install/rb_bringup/share/rb_bringup/package.bash'
[1.618s] INFO:colcon.colcon_core.shell:Creating package script '/home/user/robocup_basketball_ws/install/rb_bringup/share/rb_bringup/package.zsh'
[1.618s] Level 1:colcon.colcon_core.environment:create_file_with_runtime_dependencies(/home/user/robocup_basketball_ws/install/rb_bringup/share/colcon-core/packages/rb_bringup)
[1.619s] Level 1:colcon.colcon_core.environment:create_environment_scripts_only(rb_bringup)
[1.619s] Level 1:colcon.colcon_core.environment:checking '/home/user/robocup_basketball_ws/install/rb_bringup' for CMake module files
[1.619s] Level 1:colcon.colcon_core.environment:checking '/home/user/robocup_basketball_ws/install/rb_bringup' for CMake config files
[1.619s] Level 1:colcon.colcon_core.shell:create_environment_hook('rb_bringup', 'cmake_prefix_path')
[1.619s] INFO:colcon.colcon_core.shell:Creating environment hook '/home/user/robocup_basketball_ws/install/rb_bringup/share/rb_bringup/hook/cmake_prefix_path.ps1'
[1.620s] INFO:colcon.colcon_core.shell:Creating environment descriptor '/home/user/robocup_basketball_ws/install/rb_bringup/share/rb_bringup/hook/cmake_prefix_path.dsv'
[1.620s] INFO:colcon.colcon_core.shell:Creating environment hook '/home/user/robocup_basketball_ws/install/rb_bringup/share/rb_bringup/hook/cmake_prefix_path.sh'
[1.620s] Level 1:colcon.colcon_core.environment:checking '/home/user/robocup_basketball_ws/install/rb_bringup/bin'
[1.620s] Level 1:colcon.colcon_core.environment:checking '/home/user/robocup_basketball_ws/install/rb_bringup/lib/pkgconfig/rb_bringup.pc'
[1.620s] Level 1:colcon.colcon_core.environment:checking '/home/user/robocup_basketball_ws/install/rb_bringup/lib/python3.10/site-packages'
[1.620s] Level 1:colcon.colcon_core.environment:checking '/home/user/robocup_basketball_ws/install/rb_bringup/bin'
[1.621s] INFO:colcon.colcon_core.shell:Creating package script '/home/user/robocup_basketball_ws/install/rb_bringup/share/rb_bringup/package.ps1'
[1.621s] INFO:colcon.colcon_core.shell:Creating package descriptor '/home/user/robocup_basketball_ws/install/rb_bringup/share/rb_bringup/package.dsv'
[1.621s] INFO:colcon.colcon_core.shell:Creating package script '/home/user/robocup_basketball_ws/install/rb_bringup/share/rb_bringup/package.sh'
[1.621s] INFO:colcon.colcon_core.shell:Creating package script '/home/user/robocup_basketball_ws/install/rb_bringup/share/rb_bringup/package.bash'
[1.622s] INFO:colcon.colcon_core.shell:Creating package script '/home/user/robocup_basketball_ws/install/rb_bringup/share/rb_bringup/package.zsh'
[1.622s] Level 1:colcon.colcon_core.environment:create_file_with_runtime_dependencies(/home/user/robocup_basketball_ws/install/rb_bringup/share/colcon-core/packages/rb_bringup)
[1.622s] DEBUG:colcon.colcon_parallel_executor.executor.parallel:closing loop
[1.622s] DEBUG:colcon.colcon_parallel_executor.executor.parallel:loop closed
[1.622s] DEBUG:colcon.colcon_parallel_executor.executor.parallel:run_until_complete finished with '0'
[1.622s] DEBUG:colcon.colcon_core.event_reactor:joining thread
[1.627s] INFO:colcon.colcon_core.plugin_system:Skipping extension 'colcon_notification.desktop_notification.terminal_notifier': Not used on non-Darwin systems
[1.627s] INFO:colcon.colcon_core.plugin_system:Skipping extension 'colcon_notification.desktop_notification.win32': Not used on non-Windows systems
[1.627s] INFO:colcon.colcon_notification.desktop_notification:Sending desktop notification using 'notify2'
[1.627s] DEBUG:colcon.colcon_notification.desktop_notification.notify2:Failed to initialize notify2: org.freedesktop.DBus.Error.NotSupported: Unable to autolaunch a dbus-daemon without a $DISPLAY for X11
[1.627s] DEBUG:colcon.colcon_core.event_reactor:joined thread
[1.627s] INFO:colcon.colcon_core.shell:Creating prefix script '/home/user/robocup_basketball_ws/install/local_setup.ps1'
[1.628s] INFO:colcon.colcon_core.shell:Creating prefix util module '/home/user/robocup_basketball_ws/install/_local_setup_util_ps1.py'
[1.629s] INFO:colcon.colcon_core.shell:Creating prefix chain script '/home/user/robocup_basketball_ws/install/setup.ps1'
[1.629s] INFO:colcon.colcon_core.shell:Creating prefix script '/home/user/robocup_basketball_ws/install/local_setup.sh'
[1.630s] INFO:colcon.colcon_core.shell:Creating prefix util module '/home/user/robocup_basketball_ws/install/_local_setup_util_sh.py'
[1.630s] INFO:colcon.colcon_core.shell:Creating prefix chain script '/home/user/robocup_basketball_ws/install/setup.sh'
[1.630s] INFO:colcon.colcon_core.shell:Creating prefix script '/home/user/robocup_basketball_ws/install/local_setup.bash'
[1.631s] INFO:colcon.colcon_core.shell:Creating prefix chain script '/home/user/robocup_basketball_ws/install/setup.bash'
[1.631s] INFO:colcon.colcon_core.shell:Creating prefix script '/home/user/robocup_basketball_ws/install/local_setup.zsh'
[1.632s] INFO:colcon.colcon_core.shell:Creating prefix chain script '/home/user/robocup_basketball_ws/install/setup.zsh'
