[0.059s] DEBUG:colcon:Command line arguments: ['/usr/bin/colcon', 'build', '--symlink-install']
[0.059s] DEBUG:colcon:Parsed command line arguments: Namespace(log_base=None, log_level=None, verb_name='build', build_base='build', install_base='install', merge_install=False, symlink_install=True, test_result_base=None, continue_on_error=False, executor='parallel', parallel_workers=16, event_handlers=None, ignore_user_meta=False, metas=['./colcon.meta'], base_paths=['.'], packages_ignore=None, packages_ignore_regex=None, paths=None, packages_up_to=None, packages_up_to_regex=None, packages_above=None, packages_above_and_dependencies=None, packages_above_depth=None, packages_select_by_dep=None, packages_skip_by_dep=None, packages_skip_up_to=None, packages_select_build_failed=False, packages_skip_build_finished=False, packages_select_test_failures=False, packages_skip_test_passed=False, packages_select=None, packages_skip=None, packages_select_regex=None, packages_skip_regex=None, packages_start=None, packages_end=None, allow_overriding=[], cmake_args=None, cmake_target=None, cmake_target_skip_unavailable=False, cmake_clean_cache=False, cmake_clean_first=False, cmake_force_configure=False, ament_cmake_args=None, catkin_cmake_args=None, catkin_skip_building_tests=False, verb_parser=<colcon_defaults.argument_parser.defaults.DefaultArgumentsDecorator object at 0x70c73e545d50>, verb_extension=<colcon_core.verb.build.BuildVerb object at 0x70c73e64b1f0>, main=<bound method BuildVerb.main of <colcon_core.verb.build.BuildVerb object at 0x70c73e64b1f0>>)
[0.137s] Level 1:colcon.colcon_core.package_discovery:discover_packages(colcon_meta) check parameters
[0.137s] Level 1:colcon.colcon_core.package_discovery:discover_packages(recursive) check parameters
[0.137s] Level 1:colcon.colcon_core.package_discovery:discover_packages(ignore) check parameters
[0.137s] Level 1:colcon.colcon_core.package_discovery:discover_packages(path) check parameters
[0.137s] Level 1:colcon.colcon_core.package_discovery:discover_packages(colcon_meta) discover
[0.137s] Level 1:colcon.colcon_core.package_discovery:discover_packages(recursive) discover
[0.137s] INFO:colcon.colcon_core.package_discovery:Crawling recursively for packages in '/home/user/robocup_basketball_ws'
[0.137s] Level 1:colcon.colcon_core.package_identification:_identify(.) by extensions ['ignore', 'ignore_ament_install']
[0.137s] Level 1:colcon.colcon_core.package_identification:_identify(.) by extension 'ignore'
[0.137s] Level 1:colcon.colcon_core.package_identification:_identify(.) by extension 'ignore_ament_install'
[0.137s] Level 1:colcon.colcon_core.package_identification:_identify(.) by extensions ['colcon_pkg']
[0.137s] Level 1:colcon.colcon_core.package_identification:_identify(.) by extension 'colcon_pkg'
[0.137s] Level 1:colcon.colcon_core.package_identification:_identify(.) by extensions ['colcon_meta']
[0.137s] Level 1:colcon.colcon_core.package_identification:_identify(.) by extension 'colcon_meta'
[0.137s] Level 1:colcon.colcon_core.package_identification:_identify(.) by extensions ['ros']
[0.137s] Level 1:colcon.colcon_core.package_identification:_identify(.) by extension 'ros'
[0.144s] Level 1:colcon.colcon_core.package_identification:_identify(.) by extensions ['cmake', 'python']
[0.144s] Level 1:colcon.colcon_core.package_identification:_identify(.) by extension 'cmake'
[0.144s] Level 1:colcon.colcon_core.package_identification:_identify(.) by extension 'python'
[0.144s] Level 1:colcon.colcon_core.package_identification:_identify(.) by extensions ['python_setup_py']
[0.144s] Level 1:colcon.colcon_core.package_identification:_identify(.) by extension 'python_setup_py'
[0.144s] Level 1:colcon.colcon_core.package_identification:_identify(build) by extensions ['ignore', 'ignore_ament_install']
[0.144s] Level 1:colcon.colcon_core.package_identification:_identify(build) by extension 'ignore'
[0.144s] Level 1:colcon.colcon_core.package_identification:_identify(build) ignored
[0.144s] Level 1:colcon.colcon_core.package_identification:_identify(docs) by extensions ['ignore', 'ignore_ament_install']
[0.144s] Level 1:colcon.colcon_core.package_identification:_identify(docs) by extension 'ignore'
[0.144s] Level 1:colcon.colcon_core.package_identification:_identify(docs) by extension 'ignore_ament_install'
[0.144s] Level 1:colcon.colcon_core.package_identification:_identify(docs) by extensions ['colcon_pkg']
[0.144s] Level 1:colcon.colcon_core.package_identification:_identify(docs) by extension 'colcon_pkg'
[0.144s] Level 1:colcon.colcon_core.package_identification:_identify(docs) by extensions ['colcon_meta']
[0.144s] Level 1:colcon.colcon_core.package_identification:_identify(docs) by extension 'colcon_meta'
[0.144s] Level 1:colcon.colcon_core.package_identification:_identify(docs) by extensions ['ros']
[0.144s] Level 1:colcon.colcon_core.package_identification:_identify(docs) by extension 'ros'
[0.144s] Level 1:colcon.colcon_core.package_identification:_identify(docs) by extensions ['cmake', 'python']
[0.144s] Level 1:colcon.colcon_core.package_identification:_identify(docs) by extension 'cmake'
[0.144s] Level 1:colcon.colcon_core.package_identification:_identify(docs) by extension 'python'
[0.144s] Level 1:colcon.colcon_core.package_identification:_identify(docs) by extensions ['python_setup_py']
[0.144s] Level 1:colcon.colcon_core.package_identification:_identify(docs) by extension 'python_setup_py'
[0.144s] Level 1:colcon.colcon_core.package_identification:_identify(install) by extensions ['ignore', 'ignore_ament_install']
[0.144s] Level 1:colcon.colcon_core.package_identification:_identify(install) by extension 'ignore'
[0.144s] Level 1:colcon.colcon_core.package_identification:_identify(install) ignored
[0.144s] Level 1:colcon.colcon_core.package_identification:_identify(log) by extensions ['ignore', 'ignore_ament_install']
[0.145s] Level 1:colcon.colcon_core.package_identification:_identify(log) by extension 'ignore'
[0.145s] Level 1:colcon.colcon_core.package_identification:_identify(log) ignored
[0.145s] Level 1:colcon.colcon_core.package_identification:_identify(src) by extensions ['ignore', 'ignore_ament_install']
[0.145s] Level 1:colcon.colcon_core.package_identification:_identify(src) by extension 'ignore'
[0.145s] Level 1:colcon.colcon_core.package_identification:_identify(src) by extension 'ignore_ament_install'
[0.145s] Level 1:colcon.colcon_core.package_identification:_identify(src) by extensions ['colcon_pkg']
[0.145s] Level 1:colcon.colcon_core.package_identification:_identify(src) by extension 'colcon_pkg'
[0.145s] Level 1:colcon.colcon_core.package_identification:_identify(src) by extensions ['colcon_meta']
[0.145s] Level 1:colcon.colcon_core.package_identification:_identify(src) by extension 'colcon_meta'
[0.145s] Level 1:colcon.colcon_core.package_identification:_identify(src) by extensions ['ros']
[0.145s] Level 1:colcon.colcon_core.package_identification:_identify(src) by extension 'ros'
[0.145s] Level 1:colcon.colcon_core.package_identification:_identify(src) by extensions ['cmake', 'python']
[0.145s] Level 1:colcon.colcon_core.package_identification:_identify(src) by extension 'cmake'
[0.145s] Level 1:colcon.colcon_core.package_identification:_identify(src) by extension 'python'
[0.145s] Level 1:colcon.colcon_core.package_identification:_identify(src) by extensions ['python_setup_py']
[0.145s] Level 1:colcon.colcon_core.package_identification:_identify(src) by extension 'python_setup_py'
[0.145s] Level 1:colcon.colcon_core.package_identification:_identify(src/rb_bringup) by extensions ['ignore', 'ignore_ament_install']
[0.145s] Level 1:colcon.colcon_core.package_identification:_identify(src/rb_bringup) by extension 'ignore'
[0.145s] Level 1:colcon.colcon_core.package_identification:_identify(src/rb_bringup) by extension 'ignore_ament_install'
[0.145s] Level 1:colcon.colcon_core.package_identification:_identify(src/rb_bringup) by extensions ['colcon_pkg']
[0.145s] Level 1:colcon.colcon_core.package_identification:_identify(src/rb_bringup) by extension 'colcon_pkg'
[0.145s] Level 1:colcon.colcon_core.package_identification:_identify(src/rb_bringup) by extensions ['colcon_meta']
[0.145s] Level 1:colcon.colcon_core.package_identification:_identify(src/rb_bringup) by extension 'colcon_meta'
[0.145s] Level 1:colcon.colcon_core.package_identification:_identify(src/rb_bringup) by extensions ['ros']
[0.145s] Level 1:colcon.colcon_core.package_identification:_identify(src/rb_bringup) by extension 'ros'
[0.146s] DEBUG:colcon.colcon_core.package_identification:Package 'src/rb_bringup' with type 'ros.ament_cmake' and name 'rb_bringup'
[0.146s] Level 1:colcon.colcon_core.package_identification:_identify(src/rb_chassis) by extensions ['ignore', 'ignore_ament_install']
[0.146s] Level 1:colcon.colcon_core.package_identification:_identify(src/rb_chassis) by extension 'ignore'
[0.146s] Level 1:colcon.colcon_core.package_identification:_identify(src/rb_chassis) by extension 'ignore_ament_install'
[0.147s] Level 1:colcon.colcon_core.package_identification:_identify(src/rb_chassis) by extensions ['colcon_pkg']
[0.147s] Level 1:colcon.colcon_core.package_identification:_identify(src/rb_chassis) by extension 'colcon_pkg'
[0.147s] Level 1:colcon.colcon_core.package_identification:_identify(src/rb_chassis) by extensions ['colcon_meta']
[0.147s] Level 1:colcon.colcon_core.package_identification:_identify(src/rb_chassis) by extension 'colcon_meta'
[0.147s] Level 1:colcon.colcon_core.package_identification:_identify(src/rb_chassis) by extensions ['ros']
[0.147s] Level 1:colcon.colcon_core.package_identification:_identify(src/rb_chassis) by extension 'ros'
[0.147s] DEBUG:colcon.colcon_core.package_identification:Package 'src/rb_chassis' with type 'ros.ament_cmake' and name 'rb_chassis'
[0.147s] Level 1:colcon.colcon_core.package_identification:_identify(src/rb_launcher) by extensions ['ignore', 'ignore_ament_install']
[0.147s] Level 1:colcon.colcon_core.package_identification:_identify(src/rb_launcher) by extension 'ignore'
[0.147s] Level 1:colcon.colcon_core.package_identification:_identify(src/rb_launcher) by extension 'ignore_ament_install'
[0.147s] Level 1:colcon.colcon_core.package_identification:_identify(src/rb_launcher) by extensions ['colcon_pkg']
[0.147s] Level 1:colcon.colcon_core.package_identification:_identify(src/rb_launcher) by extension 'colcon_pkg'
[0.147s] Level 1:colcon.colcon_core.package_identification:_identify(src/rb_launcher) by extensions ['colcon_meta']
[0.147s] Level 1:colcon.colcon_core.package_identification:_identify(src/rb_launcher) by extension 'colcon_meta'
[0.147s] Level 1:colcon.colcon_core.package_identification:_identify(src/rb_launcher) by extensions ['ros']
[0.147s] Level 1:colcon.colcon_core.package_identification:_identify(src/rb_launcher) by extension 'ros'
[0.148s] DEBUG:colcon.colcon_core.package_identification:Package 'src/rb_launcher' with type 'ros.ament_cmake' and name 'rb_launcher'
[0.148s] Level 1:colcon.colcon_core.package_identification:_identify(src/rb_localization) by extensions ['ignore', 'ignore_ament_install']
[0.148s] Level 1:colcon.colcon_core.package_identification:_identify(src/rb_localization) by extension 'ignore'
[0.148s] Level 1:colcon.colcon_core.package_identification:_identify(src/rb_localization) by extension 'ignore_ament_install'
[0.148s] Level 1:colcon.colcon_core.package_identification:_identify(src/rb_localization) by extensions ['colcon_pkg']
[0.148s] Level 1:colcon.colcon_core.package_identification:_identify(src/rb_localization) by extension 'colcon_pkg'
[0.148s] Level 1:colcon.colcon_core.package_identification:_identify(src/rb_localization) by extensions ['colcon_meta']
[0.148s] Level 1:colcon.colcon_core.package_identification:_identify(src/rb_localization) by extension 'colcon_meta'
[0.148s] Level 1:colcon.colcon_core.package_identification:_identify(src/rb_localization) by extensions ['ros']
[0.148s] Level 1:colcon.colcon_core.package_identification:_identify(src/rb_localization) by extension 'ros'
[0.148s] DEBUG:colcon.colcon_core.package_identification:Package 'src/rb_localization' with type 'ros.ament_python' and name 'rb_localization'
[0.148s] Level 1:colcon.colcon_core.package_identification:_identify(src/rb_mission) by extensions ['ignore', 'ignore_ament_install']
[0.148s] Level 1:colcon.colcon_core.package_identification:_identify(src/rb_mission) by extension 'ignore'
[0.148s] Level 1:colcon.colcon_core.package_identification:_identify(src/rb_mission) by extension 'ignore_ament_install'
[0.148s] Level 1:colcon.colcon_core.package_identification:_identify(src/rb_mission) by extensions ['colcon_pkg']
[0.149s] Level 1:colcon.colcon_core.package_identification:_identify(src/rb_mission) by extension 'colcon_pkg'
[0.149s] Level 1:colcon.colcon_core.package_identification:_identify(src/rb_mission) by extensions ['colcon_meta']
[0.149s] Level 1:colcon.colcon_core.package_identification:_identify(src/rb_mission) by extension 'colcon_meta'
[0.149s] Level 1:colcon.colcon_core.package_identification:_identify(src/rb_mission) by extensions ['ros']
[0.149s] Level 1:colcon.colcon_core.package_identification:_identify(src/rb_mission) by extension 'ros'
[0.149s] DEBUG:colcon.colcon_core.package_identification:Package 'src/rb_mission' with type 'ros.ament_python' and name 'rb_mission'
[0.149s] Level 1:colcon.colcon_core.package_identification:_identify(src/rb_msgs) by extensions ['ignore', 'ignore_ament_install']
[0.149s] Level 1:colcon.colcon_core.package_identification:_identify(src/rb_msgs) by extension 'ignore'
[0.149s] Level 1:colcon.colcon_core.package_identification:_identify(src/rb_msgs) by extension 'ignore_ament_install'
[0.149s] Level 1:colcon.colcon_core.package_identification:_identify(src/rb_msgs) by extensions ['colcon_pkg']
[0.149s] Level 1:colcon.colcon_core.package_identification:_identify(src/rb_msgs) by extension 'colcon_pkg'
[0.149s] Level 1:colcon.colcon_core.package_identification:_identify(src/rb_msgs) by extensions ['colcon_meta']
[0.149s] Level 1:colcon.colcon_core.package_identification:_identify(src/rb_msgs) by extension 'colcon_meta'
[0.149s] Level 1:colcon.colcon_core.package_identification:_identify(src/rb_msgs) by extensions ['ros']
[0.149s] Level 1:colcon.colcon_core.package_identification:_identify(src/rb_msgs) by extension 'ros'
[0.149s] DEBUG:colcon.colcon_core.package_identification:Package 'src/rb_msgs' with type 'ros.ament_cmake' and name 'rb_msgs'
[0.149s] Level 1:colcon.colcon_core.package_identification:_identify(src/rb_perception) by extensions ['ignore', 'ignore_ament_install']
[0.150s] Level 1:colcon.colcon_core.package_identification:_identify(src/rb_perception) by extension 'ignore'
[0.150s] Level 1:colcon.colcon_core.package_identification:_identify(src/rb_perception) by extension 'ignore_ament_install'
[0.150s] Level 1:colcon.colcon_core.package_identification:_identify(src/rb_perception) by extensions ['colcon_pkg']
[0.150s] Level 1:colcon.colcon_core.package_identification:_identify(src/rb_perception) by extension 'colcon_pkg'
[0.150s] Level 1:colcon.colcon_core.package_identification:_identify(src/rb_perception) by extensions ['colcon_meta']
[0.150s] Level 1:colcon.colcon_core.package_identification:_identify(src/rb_perception) by extension 'colcon_meta'
[0.150s] Level 1:colcon.colcon_core.package_identification:_identify(src/rb_perception) by extensions ['ros']
[0.150s] Level 1:colcon.colcon_core.package_identification:_identify(src/rb_perception) by extension 'ros'
[0.150s] DEBUG:colcon.colcon_core.package_identification:Package 'src/rb_perception' with type 'ros.ament_python' and name 'rb_perception'
[0.150s] Level 1:colcon.colcon_core.package_identification:_identify(src/{rb_msgs,msg,) by extensions ['ignore', 'ignore_ament_install']
[0.150s] Level 1:colcon.colcon_core.package_identification:_identify(src/{rb_msgs,msg,) by extension 'ignore'
[0.150s] Level 1:colcon.colcon_core.package_identification:_identify(src/{rb_msgs,msg,) by extension 'ignore_ament_install'
[0.150s] Level 1:colcon.colcon_core.package_identification:_identify(src/{rb_msgs,msg,) by extensions ['colcon_pkg']
[0.150s] Level 1:colcon.colcon_core.package_identification:_identify(src/{rb_msgs,msg,) by extension 'colcon_pkg'
[0.150s] Level 1:colcon.colcon_core.package_identification:_identify(src/{rb_msgs,msg,) by extensions ['colcon_meta']
[0.150s] Level 1:colcon.colcon_core.package_identification:_identify(src/{rb_msgs,msg,) by extension 'colcon_meta'
[0.150s] Level 1:colcon.colcon_core.package_identification:_identify(src/{rb_msgs,msg,) by extensions ['ros']
[0.150s] Level 1:colcon.colcon_core.package_identification:_identify(src/{rb_msgs,msg,) by extension 'ros'
[0.150s] Level 1:colcon.colcon_core.package_identification:_identify(src/{rb_msgs,msg,) by extensions ['cmake', 'python']
[0.150s] Level 1:colcon.colcon_core.package_identification:_identify(src/{rb_msgs,msg,) by extension 'cmake'
[0.150s] Level 1:colcon.colcon_core.package_identification:_identify(src/{rb_msgs,msg,) by extension 'python'
[0.150s] Level 1:colcon.colcon_core.package_identification:_identify(src/{rb_msgs,msg,) by extensions ['python_setup_py']
[0.150s] Level 1:colcon.colcon_core.package_identification:_identify(src/{rb_msgs,msg,) by extension 'python_setup_py'
[0.150s] Level 1:colcon.colcon_core.package_identification:_identify(tools) by extensions ['ignore', 'ignore_ament_install']
[0.150s] Level 1:colcon.colcon_core.package_identification:_identify(tools) by extension 'ignore'
[0.150s] Level 1:colcon.colcon_core.package_identification:_identify(tools) by extension 'ignore_ament_install'
[0.150s] Level 1:colcon.colcon_core.package_identification:_identify(tools) by extensions ['colcon_pkg']
[0.150s] Level 1:colcon.colcon_core.package_identification:_identify(tools) by extension 'colcon_pkg'
[0.150s] Level 1:colcon.colcon_core.package_identification:_identify(tools) by extensions ['colcon_meta']
[0.151s] Level 1:colcon.colcon_core.package_identification:_identify(tools) by extension 'colcon_meta'
[0.151s] Level 1:colcon.colcon_core.package_identification:_identify(tools) by extensions ['ros']
[0.151s] Level 1:colcon.colcon_core.package_identification:_identify(tools) by extension 'ros'
[0.151s] Level 1:colcon.colcon_core.package_identification:_identify(tools) by extensions ['cmake', 'python']
[0.151s] Level 1:colcon.colcon_core.package_identification:_identify(tools) by extension 'cmake'
[0.151s] Level 1:colcon.colcon_core.package_identification:_identify(tools) by extension 'python'
[0.151s] Level 1:colcon.colcon_core.package_identification:_identify(tools) by extensions ['python_setup_py']
[0.151s] Level 1:colcon.colcon_core.package_identification:_identify(tools) by extension 'python_setup_py'
[0.151s] Level 1:colcon.colcon_core.package_identification:_identify(tools/__pycache__) by extensions ['ignore', 'ignore_ament_install']
[0.151s] Level 1:colcon.colcon_core.package_identification:_identify(tools/__pycache__) by extension 'ignore'
[0.151s] Level 1:colcon.colcon_core.package_identification:_identify(tools/__pycache__) by extension 'ignore_ament_install'
[0.151s] Level 1:colcon.colcon_core.package_identification:_identify(tools/__pycache__) by extensions ['colcon_pkg']
[0.151s] Level 1:colcon.colcon_core.package_identification:_identify(tools/__pycache__) by extension 'colcon_pkg'
[0.151s] Level 1:colcon.colcon_core.package_identification:_identify(tools/__pycache__) by extensions ['colcon_meta']
[0.151s] Level 1:colcon.colcon_core.package_identification:_identify(tools/__pycache__) by extension 'colcon_meta'
[0.151s] Level 1:colcon.colcon_core.package_identification:_identify(tools/__pycache__) by extensions ['ros']
[0.151s] Level 1:colcon.colcon_core.package_identification:_identify(tools/__pycache__) by extension 'ros'
[0.151s] Level 1:colcon.colcon_core.package_identification:_identify(tools/__pycache__) by extensions ['cmake', 'python']
[0.151s] Level 1:colcon.colcon_core.package_identification:_identify(tools/__pycache__) by extension 'cmake'
[0.151s] Level 1:colcon.colcon_core.package_identification:_identify(tools/__pycache__) by extension 'python'
[0.151s] Level 1:colcon.colcon_core.package_identification:_identify(tools/__pycache__) by extensions ['python_setup_py']
[0.151s] Level 1:colcon.colcon_core.package_identification:_identify(tools/__pycache__) by extension 'python_setup_py'
[0.151s] Level 1:colcon.colcon_core.package_discovery:discover_packages(recursive) using defaults
[0.151s] Level 1:colcon.colcon_core.package_discovery:discover_packages(ignore) discover
[0.151s] Level 1:colcon.colcon_core.package_discovery:discover_packages(ignore) using defaults
[0.151s] Level 1:colcon.colcon_core.package_discovery:discover_packages(path) discover
[0.151s] Level 1:colcon.colcon_core.package_discovery:discover_packages(path) using defaults
[0.163s] Level 1:colcon.colcon_core.package_discovery:discover_packages(prefix_path) check parameters
[0.163s] Level 1:colcon.colcon_core.package_discovery:discover_packages(prefix_path) discover
[0.165s] DEBUG:colcon.colcon_installed_package_information.package_discovery:Found 247 installed packages in /opt/ros/humble
[0.171s] Level 1:colcon.colcon_core.package_discovery:discover_packages(prefix_path) using defaults
[0.186s] Level 5:colcon.colcon_core.verb:set package 'rb_chassis' build argument 'cmake_args' from command line to 'None'
[0.186s] Level 5:colcon.colcon_core.verb:set package 'rb_chassis' build argument 'cmake_target' from command line to 'None'
[0.186s] Level 5:colcon.colcon_core.verb:set package 'rb_chassis' build argument 'cmake_target_skip_unavailable' from command line to 'False'
[0.186s] Level 5:colcon.colcon_core.verb:set package 'rb_chassis' build argument 'cmake_clean_cache' from command line to 'False'
[0.186s] Level 5:colcon.colcon_core.verb:set package 'rb_chassis' build argument 'cmake_clean_first' from command line to 'False'
[0.186s] Level 5:colcon.colcon_core.verb:set package 'rb_chassis' build argument 'cmake_force_configure' from command line to 'False'
[0.186s] Level 5:colcon.colcon_core.verb:set package 'rb_chassis' build argument 'ament_cmake_args' from command line to 'None'
[0.186s] Level 5:colcon.colcon_core.verb:set package 'rb_chassis' build argument 'catkin_cmake_args' from command line to 'None'
[0.186s] Level 5:colcon.colcon_core.verb:set package 'rb_chassis' build argument 'catkin_skip_building_tests' from command line to 'False'
[0.186s] DEBUG:colcon.colcon_core.verb:Building package 'rb_chassis' with the following arguments: {'ament_cmake_args': None, 'build_base': '/home/user/robocup_basketball_ws/build/rb_chassis', 'catkin_cmake_args': None, 'catkin_skip_building_tests': False, 'cmake_args': None, 'cmake_clean_cache': False, 'cmake_clean_first': False, 'cmake_force_configure': False, 'cmake_target': None, 'cmake_target_skip_unavailable': False, 'install_base': '/home/user/robocup_basketball_ws/install/rb_chassis', 'merge_install': False, 'path': '/home/user/robocup_basketball_ws/src/rb_chassis', 'symlink_install': True, 'test_result_base': None}
[0.186s] Level 5:colcon.colcon_core.verb:set package 'rb_msgs' build argument 'cmake_args' from command line to 'None'
[0.186s] Level 5:colcon.colcon_core.verb:set package 'rb_msgs' build argument 'cmake_target' from command line to 'None'
[0.186s] Level 5:colcon.colcon_core.verb:set package 'rb_msgs' build argument 'cmake_target_skip_unavailable' from command line to 'False'
[0.186s] Level 5:colcon.colcon_core.verb:set package 'rb_msgs' build argument 'cmake_clean_cache' from command line to 'False'
[0.186s] Level 5:colcon.colcon_core.verb:set package 'rb_msgs' build argument 'cmake_clean_first' from command line to 'False'
[0.186s] Level 5:colcon.colcon_core.verb:set package 'rb_msgs' build argument 'cmake_force_configure' from command line to 'False'
[0.186s] Level 5:colcon.colcon_core.verb:set package 'rb_msgs' build argument 'ament_cmake_args' from command line to 'None'
[0.186s] Level 5:colcon.colcon_core.verb:set package 'rb_msgs' build argument 'catkin_cmake_args' from command line to 'None'
[0.186s] Level 5:colcon.colcon_core.verb:set package 'rb_msgs' build argument 'catkin_skip_building_tests' from command line to 'False'
[0.186s] DEBUG:colcon.colcon_core.verb:Building package 'rb_msgs' with the following arguments: {'ament_cmake_args': None, 'build_base': '/home/user/robocup_basketball_ws/build/rb_msgs', 'catkin_cmake_args': None, 'catkin_skip_building_tests': False, 'cmake_args': None, 'cmake_clean_cache': False, 'cmake_clean_first': False, 'cmake_force_configure': False, 'cmake_target': None, 'cmake_target_skip_unavailable': False, 'install_base': '/home/user/robocup_basketball_ws/install/rb_msgs', 'merge_install': False, 'path': '/home/user/robocup_basketball_ws/src/rb_msgs', 'symlink_install': True, 'test_result_base': None}
[0.186s] Level 5:colcon.colcon_core.verb:set package 'rb_launcher' build argument 'cmake_args' from command line to 'None'
[0.186s] Level 5:colcon.colcon_core.verb:set package 'rb_launcher' build argument 'cmake_target' from command line to 'None'
[0.186s] Level 5:colcon.colcon_core.verb:set package 'rb_launcher' build argument 'cmake_target_skip_unavailable' from command line to 'False'
[0.186s] Level 5:colcon.colcon_core.verb:set package 'rb_launcher' build argument 'cmake_clean_cache' from command line to 'False'
[0.186s] Level 5:colcon.colcon_core.verb:set package 'rb_launcher' build argument 'cmake_clean_first' from command line to 'False'
[0.186s] Level 5:colcon.colcon_core.verb:set package 'rb_launcher' build argument 'cmake_force_configure' from command line to 'False'
[0.186s] Level 5:colcon.colcon_core.verb:set package 'rb_launcher' build argument 'ament_cmake_args' from command line to 'None'
[0.186s] Level 5:colcon.colcon_core.verb:set package 'rb_launcher' build argument 'catkin_cmake_args' from command line to 'None'
[0.186s] Level 5:colcon.colcon_core.verb:set package 'rb_launcher' build argument 'catkin_skip_building_tests' from command line to 'False'
[0.186s] DEBUG:colcon.colcon_core.verb:Building package 'rb_launcher' with the following arguments: {'ament_cmake_args': None, 'build_base': '/home/user/robocup_basketball_ws/build/rb_launcher', 'catkin_cmake_args': None, 'catkin_skip_building_tests': False, 'cmake_args': None, 'cmake_clean_cache': False, 'cmake_clean_first': False, 'cmake_force_configure': False, 'cmake_target': None, 'cmake_target_skip_unavailable': False, 'install_base': '/home/user/robocup_basketball_ws/install/rb_launcher', 'merge_install': False, 'path': '/home/user/robocup_basketball_ws/src/rb_launcher', 'symlink_install': True, 'test_result_base': None}
[0.187s] Level 5:colcon.colcon_core.verb:set package 'rb_localization' build argument 'cmake_args' from command line to 'None'
[0.187s] Level 5:colcon.colcon_core.verb:set package 'rb_localization' build argument 'cmake_target' from command line to 'None'
[0.187s] Level 5:colcon.colcon_core.verb:set package 'rb_localization' build argument 'cmake_target_skip_unavailable' from command line to 'False'
[0.187s] Level 5:colcon.colcon_core.verb:set package 'rb_localization' build argument 'cmake_clean_cache' from command line to 'False'
[0.187s] Level 5:colcon.colcon_core.verb:set package 'rb_localization' build argument 'cmake_clean_first' from command line to 'False'
[0.187s] Level 5:colcon.colcon_core.verb:set package 'rb_localization' build argument 'cmake_force_configure' from command line to 'False'
[0.187s] Level 5:colcon.colcon_core.verb:set package 'rb_localization' build argument 'ament_cmake_args' from command line to 'None'
[0.187s] Level 5:colcon.colcon_core.verb:set package 'rb_localization' build argument 'catkin_cmake_args' from command line to 'None'
[0.187s] Level 5:colcon.colcon_core.verb:set package 'rb_localization' build argument 'catkin_skip_building_tests' from command line to 'False'
[0.187s] DEBUG:colcon.colcon_core.verb:Building package 'rb_localization' with the following arguments: {'ament_cmake_args': None, 'build_base': '/home/user/robocup_basketball_ws/build/rb_localization', 'catkin_cmake_args': None, 'catkin_skip_building_tests': False, 'cmake_args': None, 'cmake_clean_cache': False, 'cmake_clean_first': False, 'cmake_force_configure': False, 'cmake_target': None, 'cmake_target_skip_unavailable': False, 'install_base': '/home/user/robocup_basketball_ws/install/rb_localization', 'merge_install': False, 'path': '/home/user/robocup_basketball_ws/src/rb_localization', 'symlink_install': True, 'test_result_base': None}
[0.187s] Level 5:colcon.colcon_core.verb:set package 'rb_mission' build argument 'cmake_args' from command line to 'None'
[0.187s] Level 5:colcon.colcon_core.verb:set package 'rb_mission' build argument 'cmake_target' from command line to 'None'
[0.187s] Level 5:colcon.colcon_core.verb:set package 'rb_mission' build argument 'cmake_target_skip_unavailable' from command line to 'False'
[0.187s] Level 5:colcon.colcon_core.verb:set package 'rb_mission' build argument 'cmake_clean_cache' from command line to 'False'
[0.187s] Level 5:colcon.colcon_core.verb:set package 'rb_mission' build argument 'cmake_clean_first' from command line to 'False'
[0.187s] Level 5:colcon.colcon_core.verb:set package 'rb_mission' build argument 'cmake_force_configure' from command line to 'False'
[0.187s] Level 5:colcon.colcon_core.verb:set package 'rb_mission' build argument 'ament_cmake_args' from command line to 'None'
[0.187s] Level 5:colcon.colcon_core.verb:set package 'rb_mission' build argument 'catkin_cmake_args' from command line to 'None'
[0.187s] Level 5:colcon.colcon_core.verb:set package 'rb_mission' build argument 'catkin_skip_building_tests' from command line to 'False'
[0.187s] DEBUG:colcon.colcon_core.verb:Building package 'rb_mission' with the following arguments: {'ament_cmake_args': None, 'build_base': '/home/user/robocup_basketball_ws/build/rb_mission', 'catkin_cmake_args': None, 'catkin_skip_building_tests': False, 'cmake_args': None, 'cmake_clean_cache': False, 'cmake_clean_first': False, 'cmake_force_configure': False, 'cmake_target': None, 'cmake_target_skip_unavailable': False, 'install_base': '/home/user/robocup_basketball_ws/install/rb_mission', 'merge_install': False, 'path': '/home/user/robocup_basketball_ws/src/rb_mission', 'symlink_install': True, 'test_result_base': None}
[0.187s] Level 5:colcon.colcon_core.verb:set package 'rb_perception' build argument 'cmake_args' from command line to 'None'
[0.187s] Level 5:colcon.colcon_core.verb:set package 'rb_perception' build argument 'cmake_target' from command line to 'None'
[0.187s] Level 5:colcon.colcon_core.verb:set package 'rb_perception' build argument 'cmake_target_skip_unavailable' from command line to 'False'
[0.187s] Level 5:colcon.colcon_core.verb:set package 'rb_perception' build argument 'cmake_clean_cache' from command line to 'False'
[0.187s] Level 5:colcon.colcon_core.verb:set package 'rb_perception' build argument 'cmake_clean_first' from command line to 'False'
[0.187s] Level 5:colcon.colcon_core.verb:set package 'rb_perception' build argument 'cmake_force_configure' from command line to 'False'
[0.187s] Level 5:colcon.colcon_core.verb:set package 'rb_perception' build argument 'ament_cmake_args' from command line to 'None'
[0.187s] Level 5:colcon.colcon_core.verb:set package 'rb_perception' build argument 'catkin_cmake_args' from command line to 'None'
[0.187s] Level 5:colcon.colcon_core.verb:set package 'rb_perception' build argument 'catkin_skip_building_tests' from command line to 'False'
[0.187s] DEBUG:colcon.colcon_core.verb:Building package 'rb_perception' with the following arguments: {'ament_cmake_args': None, 'build_base': '/home/user/robocup_basketball_ws/build/rb_perception', 'catkin_cmake_args': None, 'catkin_skip_building_tests': False, 'cmake_args': None, 'cmake_clean_cache': False, 'cmake_clean_first': False, 'cmake_force_configure': False, 'cmake_target': None, 'cmake_target_skip_unavailable': False, 'install_base': '/home/user/robocup_basketball_ws/install/rb_perception', 'merge_install': False, 'path': '/home/user/robocup_basketball_ws/src/rb_perception', 'symlink_install': True, 'test_result_base': None}
[0.187s] Level 5:colcon.colcon_core.verb:set package 'rb_bringup' build argument 'cmake_args' from command line to 'None'
[0.187s] Level 5:colcon.colcon_core.verb:set package 'rb_bringup' build argument 'cmake_target' from command line to 'None'
[0.187s] Level 5:colcon.colcon_core.verb:set package 'rb_bringup' build argument 'cmake_target_skip_unavailable' from command line to 'False'
[0.187s] Level 5:colcon.colcon_core.verb:set package 'rb_bringup' build argument 'cmake_clean_cache' from command line to 'False'
[0.187s] Level 5:colcon.colcon_core.verb:set package 'rb_bringup' build argument 'cmake_clean_first' from command line to 'False'
[0.187s] Level 5:colcon.colcon_core.verb:set package 'rb_bringup' build argument 'cmake_force_configure' from command line to 'False'
[0.187s] Level 5:colcon.colcon_core.verb:set package 'rb_bringup' build argument 'ament_cmake_args' from command line to 'None'
[0.187s] Level 5:colcon.colcon_core.verb:set package 'rb_bringup' build argument 'catkin_cmake_args' from command line to 'None'
[0.187s] Level 5:colcon.colcon_core.verb:set package 'rb_bringup' build argument 'catkin_skip_building_tests' from command line to 'False'
[0.187s] DEBUG:colcon.colcon_core.verb:Building package 'rb_bringup' with the following arguments: {'ament_cmake_args': None, 'build_base': '/home/user/robocup_basketball_ws/build/rb_bringup', 'catkin_cmake_args': None, 'catkin_skip_building_tests': False, 'cmake_args': None, 'cmake_clean_cache': False, 'cmake_clean_first': False, 'cmake_force_configure': False, 'cmake_target': None, 'cmake_target_skip_unavailable': False, 'install_base': '/home/user/robocup_basketball_ws/install/rb_bringup', 'merge_install': False, 'path': '/home/user/robocup_basketball_ws/src/rb_bringup', 'symlink_install': True, 'test_result_base': None}
[0.187s] INFO:colcon.colcon_core.executor:Executing jobs using 'parallel' executor
[0.188s] DEBUG:colcon.colcon_parallel_executor.executor.parallel:run_until_complete
[0.188s] INFO:colcon.colcon_ros.task.ament_cmake.build:Building ROS package in '/home/user/robocup_basketball_ws/src/rb_msgs' with build type 'ament_cmake'
[0.189s] INFO:colcon.colcon_cmake.task.cmake.build:Building CMake package in '/home/user/robocup_basketball_ws/src/rb_msgs'
[0.190s] INFO:colcon.colcon_core.plugin_system:Skipping extension 'colcon_core.shell.bat': Not used on non-Windows systems
[0.190s] INFO:colcon.colcon_core.shell:Skip shell extension 'powershell' for command environment: Not usable outside of PowerShell
[0.190s] DEBUG:colcon.colcon_core.shell:Skip shell extension 'dsv' for command environment
[0.191s] INFO:colcon.colcon_ros.task.ament_cmake.build:Building ROS package in '/home/user/robocup_basketball_ws/src/rb_chassis' with build type 'ament_cmake'
[0.191s] INFO:colcon.colcon_cmake.task.cmake.build:Building CMake package in '/home/user/robocup_basketball_ws/src/rb_chassis'
[0.191s] INFO:colcon.colcon_core.shell:Skip shell extension 'powershell' for command environment: Not usable outside of PowerShell
[0.191s] DEBUG:colcon.colcon_core.shell:Skip shell extension 'dsv' for command environment
[0.195s] DEBUG:colcon.colcon_core.event_handler.log_command:Invoking command in '/home/user/robocup_basketball_ws/build/rb_msgs': CMAKE_PREFIX_PATH=/opt/ros/humble /usr/bin/cmake --build /home/user/robocup_basketball_ws/build/rb_msgs -- -j16 -l16
[0.197s] DEBUG:colcon.colcon_core.event_handler.log_command:Invoking command in '/home/user/robocup_basketball_ws/build/rb_chassis': CMAKE_PREFIX_PATH=/opt/ros/humble /usr/bin/cmake --build /home/user/robocup_basketball_ws/build/rb_chassis -- -j16 -l16
[0.296s] DEBUG:colcon.colcon_core.event_handler.log_command:Invoked command in '/home/user/robocup_basketball_ws/build/rb_chassis' returned '0': CMAKE_PREFIX_PATH=/opt/ros/humble /usr/bin/cmake --build /home/user/robocup_basketball_ws/build/rb_chassis -- -j16 -l16
[0.304s] DEBUG:colcon.colcon_core.event_handler.log_command:Invoking command in '/home/user/robocup_basketball_ws/build/rb_chassis': CMAKE_PREFIX_PATH=/opt/ros/humble /usr/bin/cmake --install /home/user/robocup_basketball_ws/build/rb_chassis
[0.324s] Level 1:colcon.colcon_core.environment:create_environment_scripts_only(rb_chassis)
[0.324s] DEBUG:colcon.colcon_core.event_handler.log_command:Invoked command in '/home/user/robocup_basketball_ws/build/rb_chassis' returned '0': CMAKE_PREFIX_PATH=/opt/ros/humble /usr/bin/cmake --install /home/user/robocup_basketball_ws/build/rb_chassis
[0.326s] Level 1:colcon.colcon_core.environment:checking '/home/user/robocup_basketball_ws/install/rb_chassis' for CMake module files
[0.327s] Level 1:colcon.colcon_core.environment:checking '/home/user/robocup_basketball_ws/install/rb_chassis' for CMake config files
[0.327s] Level 1:colcon.colcon_core.shell:create_environment_hook('rb_chassis', 'cmake_prefix_path')
[0.328s] INFO:colcon.colcon_core.shell:Creating environment hook '/home/user/robocup_basketball_ws/install/rb_chassis/share/rb_chassis/hook/cmake_prefix_path.ps1'
[0.328s] INFO:colcon.colcon_core.shell:Creating environment descriptor '/home/user/robocup_basketball_ws/install/rb_chassis/share/rb_chassis/hook/cmake_prefix_path.dsv'
[0.329s] INFO:colcon.colcon_core.shell:Creating environment hook '/home/user/robocup_basketball_ws/install/rb_chassis/share/rb_chassis/hook/cmake_prefix_path.sh'
[0.330s] Level 1:colcon.colcon_core.environment:checking '/home/user/robocup_basketball_ws/install/rb_chassis/lib'
[0.330s] Level 1:colcon.colcon_core.environment:checking '/home/user/robocup_basketball_ws/install/rb_chassis/bin'
[0.330s] Level 1:colcon.colcon_core.environment:checking '/home/user/robocup_basketball_ws/install/rb_chassis/lib/pkgconfig/rb_chassis.pc'
[0.331s] Level 1:colcon.colcon_core.environment:checking '/home/user/robocup_basketball_ws/install/rb_chassis/lib/python3.10/site-packages'
[0.331s] Level 1:colcon.colcon_core.environment:checking '/home/user/robocup_basketball_ws/install/rb_chassis/bin'
[0.331s] INFO:colcon.colcon_core.shell:Creating package script '/home/user/robocup_basketball_ws/install/rb_chassis/share/rb_chassis/package.ps1'
[0.332s] INFO:colcon.colcon_core.shell:Creating package descriptor '/home/user/robocup_basketball_ws/install/rb_chassis/share/rb_chassis/package.dsv'
[0.333s] INFO:colcon.colcon_core.shell:Creating package script '/home/user/robocup_basketball_ws/install/rb_chassis/share/rb_chassis/package.sh'
[0.334s] INFO:colcon.colcon_core.shell:Creating package script '/home/user/robocup_basketball_ws/install/rb_chassis/share/rb_chassis/package.bash'
[0.335s] INFO:colcon.colcon_core.shell:Creating package script '/home/user/robocup_basketball_ws/install/rb_chassis/share/rb_chassis/package.zsh'
[0.336s] Level 1:colcon.colcon_core.environment:create_file_with_runtime_dependencies(/home/user/robocup_basketball_ws/install/rb_chassis/share/colcon-core/packages/rb_chassis)
[0.336s] Level 1:colcon.colcon_core.environment:create_environment_scripts_only(rb_chassis)
[0.336s] Level 1:colcon.colcon_core.environment:checking '/home/user/robocup_basketball_ws/install/rb_chassis' for CMake module files
[0.337s] Level 1:colcon.colcon_core.environment:checking '/home/user/robocup_basketball_ws/install/rb_chassis' for CMake config files
[0.337s] Level 1:colcon.colcon_core.shell:create_environment_hook('rb_chassis', 'cmake_prefix_path')
[0.337s] INFO:colcon.colcon_core.shell:Creating environment hook '/home/user/robocup_basketball_ws/install/rb_chassis/share/rb_chassis/hook/cmake_prefix_path.ps1'
[0.338s] INFO:colcon.colcon_core.shell:Creating environment descriptor '/home/user/robocup_basketball_ws/install/rb_chassis/share/rb_chassis/hook/cmake_prefix_path.dsv'
[0.338s] INFO:colcon.colcon_core.shell:Creating environment hook '/home/user/robocup_basketball_ws/install/rb_chassis/share/rb_chassis/hook/cmake_prefix_path.sh'
[0.339s] Level 1:colcon.colcon_core.environment:checking '/home/user/robocup_basketball_ws/install/rb_chassis/lib'
[0.339s] Level 1:colcon.colcon_core.environment:checking '/home/user/robocup_basketball_ws/install/rb_chassis/bin'
[0.339s] Level 1:colcon.colcon_core.environment:checking '/home/user/robocup_basketball_ws/install/rb_chassis/lib/pkgconfig/rb_chassis.pc'
[0.339s] Level 1:colcon.colcon_core.environment:checking '/home/user/robocup_basketball_ws/install/rb_chassis/lib/python3.10/site-packages'
[0.339s] Level 1:colcon.colcon_core.environment:checking '/home/user/robocup_basketball_ws/install/rb_chassis/bin'
[0.340s] INFO:colcon.colcon_core.shell:Creating package script '/home/user/robocup_basketball_ws/install/rb_chassis/share/rb_chassis/package.ps1'
[0.340s] INFO:colcon.colcon_core.shell:Creating package descriptor '/home/user/robocup_basketball_ws/install/rb_chassis/share/rb_chassis/package.dsv'
[0.340s] INFO:colcon.colcon_core.shell:Creating package script '/home/user/robocup_basketball_ws/install/rb_chassis/share/rb_chassis/package.sh'
[0.341s] INFO:colcon.colcon_core.shell:Creating package script '/home/user/robocup_basketball_ws/install/rb_chassis/share/rb_chassis/package.bash'
[0.341s] INFO:colcon.colcon_core.shell:Creating package script '/home/user/robocup_basketball_ws/install/rb_chassis/share/rb_chassis/package.zsh'
[0.342s] Level 1:colcon.colcon_core.environment:create_file_with_runtime_dependencies(/home/user/robocup_basketball_ws/install/rb_chassis/share/colcon-core/packages/rb_chassis)
[0.411s] DEBUG:colcon.colcon_core.event_handler.log_command:Invoked command in '/home/user/robocup_basketball_ws/build/rb_msgs' returned '0': CMAKE_PREFIX_PATH=/opt/ros/humble /usr/bin/cmake --build /home/user/robocup_basketball_ws/build/rb_msgs -- -j16 -l16
[0.412s] DEBUG:colcon.colcon_core.event_handler.log_command:Invoking command in '/home/user/robocup_basketball_ws/build/rb_msgs': CMAKE_PREFIX_PATH=/opt/ros/humble /usr/bin/cmake --install /home/user/robocup_basketball_ws/build/rb_msgs
[0.465s] Level 1:colcon.colcon_core.environment:create_environment_scripts_only(rb_msgs)
[0.465s] Level 1:colcon.colcon_core.environment:checking '/home/user/robocup_basketball_ws/install/rb_msgs' for CMake module files
[0.466s] DEBUG:colcon.colcon_core.event_handler.log_command:Invoked command in '/home/user/robocup_basketball_ws/build/rb_msgs' returned '0': CMAKE_PREFIX_PATH=/opt/ros/humble /usr/bin/cmake --install /home/user/robocup_basketball_ws/build/rb_msgs
[0.466s] Level 1:colcon.colcon_core.environment:checking '/home/user/robocup_basketball_ws/install/rb_msgs' for CMake config files
[0.466s] Level 1:colcon.colcon_core.shell:create_environment_hook('rb_msgs', 'cmake_prefix_path')
[0.466s] INFO:colcon.colcon_core.shell:Creating environment hook '/home/user/robocup_basketball_ws/install/rb_msgs/share/rb_msgs/hook/cmake_prefix_path.ps1'
[0.467s] INFO:colcon.colcon_core.shell:Creating environment descriptor '/home/user/robocup_basketball_ws/install/rb_msgs/share/rb_msgs/hook/cmake_prefix_path.dsv'
[0.467s] INFO:colcon.colcon_core.shell:Creating environment hook '/home/user/robocup_basketball_ws/install/rb_msgs/share/rb_msgs/hook/cmake_prefix_path.sh'
[0.467s] Level 1:colcon.colcon_core.environment:checking '/home/user/robocup_basketball_ws/install/rb_msgs/lib'
[0.467s] Level 1:colcon.colcon_core.shell:create_environment_hook('rb_msgs', 'ld_library_path_lib')
[0.467s] INFO:colcon.colcon_core.shell:Creating environment hook '/home/user/robocup_basketball_ws/install/rb_msgs/share/rb_msgs/hook/ld_library_path_lib.ps1'
[0.468s] INFO:colcon.colcon_core.shell:Creating environment descriptor '/home/user/robocup_basketball_ws/install/rb_msgs/share/rb_msgs/hook/ld_library_path_lib.dsv'
[0.468s] INFO:colcon.colcon_core.shell:Creating environment hook '/home/user/robocup_basketball_ws/install/rb_msgs/share/rb_msgs/hook/ld_library_path_lib.sh'
[0.468s] Level 1:colcon.colcon_core.environment:checking '/home/user/robocup_basketball_ws/install/rb_msgs/bin'
[0.468s] Level 1:colcon.colcon_core.environment:checking '/home/user/robocup_basketball_ws/install/rb_msgs/lib/pkgconfig/rb_msgs.pc'
[0.468s] Level 1:colcon.colcon_core.environment:checking '/home/user/robocup_basketball_ws/install/rb_msgs/lib/python3.10/site-packages'
[0.468s] Level 1:colcon.colcon_core.environment:checking '/home/user/robocup_basketball_ws/install/rb_msgs/bin'
[0.468s] INFO:colcon.colcon_core.shell:Creating package script '/home/user/robocup_basketball_ws/install/rb_msgs/share/rb_msgs/package.ps1'
[0.469s] INFO:colcon.colcon_core.shell:Creating package descriptor '/home/user/robocup_basketball_ws/install/rb_msgs/share/rb_msgs/package.dsv'
[0.469s] INFO:colcon.colcon_core.shell:Creating package script '/home/user/robocup_basketball_ws/install/rb_msgs/share/rb_msgs/package.sh'
[0.469s] INFO:colcon.colcon_core.shell:Creating package script '/home/user/robocup_basketball_ws/install/rb_msgs/share/rb_msgs/package.bash'
[0.469s] INFO:colcon.colcon_core.shell:Creating package script '/home/user/robocup_basketball_ws/install/rb_msgs/share/rb_msgs/package.zsh'
[0.469s] Level 1:colcon.colcon_core.environment:create_file_with_runtime_dependencies(/home/user/robocup_basketball_ws/install/rb_msgs/share/colcon-core/packages/rb_msgs)
[0.470s] Level 1:colcon.colcon_core.environment:create_environment_scripts_only(rb_msgs)
[0.470s] Level 1:colcon.colcon_core.environment:checking '/home/user/robocup_basketball_ws/install/rb_msgs' for CMake module files
[0.470s] Level 1:colcon.colcon_core.environment:checking '/home/user/robocup_basketball_ws/install/rb_msgs' for CMake config files
[0.470s] Level 1:colcon.colcon_core.shell:create_environment_hook('rb_msgs', 'cmake_prefix_path')
[0.470s] INFO:colcon.colcon_core.shell:Creating environment hook '/home/user/robocup_basketball_ws/install/rb_msgs/share/rb_msgs/hook/cmake_prefix_path.ps1'
[0.471s] INFO:colcon.colcon_core.shell:Creating environment descriptor '/home/user/robocup_basketball_ws/install/rb_msgs/share/rb_msgs/hook/cmake_prefix_path.dsv'
[0.471s] INFO:colcon.colcon_core.shell:Creating environment hook '/home/user/robocup_basketball_ws/install/rb_msgs/share/rb_msgs/hook/cmake_prefix_path.sh'
[0.471s] Level 1:colcon.colcon_core.environment:checking '/home/user/robocup_basketball_ws/install/rb_msgs/lib'
[0.471s] Level 1:colcon.colcon_core.shell:create_environment_hook('rb_msgs', 'ld_library_path_lib')
[0.471s] INFO:colcon.colcon_core.shell:Creating environment hook '/home/user/robocup_basketball_ws/install/rb_msgs/share/rb_msgs/hook/ld_library_path_lib.ps1'
[0.471s] INFO:colcon.colcon_core.shell:Creating environment descriptor '/home/user/robocup_basketball_ws/install/rb_msgs/share/rb_msgs/hook/ld_library_path_lib.dsv'
[0.471s] INFO:colcon.colcon_core.shell:Creating environment hook '/home/user/robocup_basketball_ws/install/rb_msgs/share/rb_msgs/hook/ld_library_path_lib.sh'
[0.472s] Level 1:colcon.colcon_core.environment:checking '/home/user/robocup_basketball_ws/install/rb_msgs/bin'
[0.472s] Level 1:colcon.colcon_core.environment:checking '/home/user/robocup_basketball_ws/install/rb_msgs/lib/pkgconfig/rb_msgs.pc'
[0.472s] Level 1:colcon.colcon_core.environment:checking '/home/user/robocup_basketball_ws/install/rb_msgs/lib/python3.10/site-packages'
[0.472s] Level 1:colcon.colcon_core.environment:checking '/home/user/robocup_basketball_ws/install/rb_msgs/bin'
[0.472s] INFO:colcon.colcon_core.shell:Creating package script '/home/user/robocup_basketball_ws/install/rb_msgs/share/rb_msgs/package.ps1'
[0.472s] INFO:colcon.colcon_core.shell:Creating package descriptor '/home/user/robocup_basketball_ws/install/rb_msgs/share/rb_msgs/package.dsv'
[0.472s] INFO:colcon.colcon_core.shell:Creating package script '/home/user/robocup_basketball_ws/install/rb_msgs/share/rb_msgs/package.sh'
[0.473s] INFO:colcon.colcon_core.shell:Creating package script '/home/user/robocup_basketball_ws/install/rb_msgs/share/rb_msgs/package.bash'
[0.473s] INFO:colcon.colcon_core.shell:Creating package script '/home/user/robocup_basketball_ws/install/rb_msgs/share/rb_msgs/package.zsh'
[0.473s] Level 1:colcon.colcon_core.environment:create_file_with_runtime_dependencies(/home/user/robocup_basketball_ws/install/rb_msgs/share/colcon-core/packages/rb_msgs)
[0.473s] INFO:colcon.colcon_ros.task.ament_cmake.build:Building ROS package in '/home/user/robocup_basketball_ws/src/rb_launcher' with build type 'ament_cmake'
[0.473s] INFO:colcon.colcon_cmake.task.cmake.build:Building CMake package in '/home/user/robocup_basketball_ws/src/rb_launcher'
[0.473s] INFO:colcon.colcon_core.shell:Skip shell extension 'powershell' for command environment: Not usable outside of PowerShell
[0.473s] DEBUG:colcon.colcon_core.shell:Skip shell extension 'dsv' for command environment
[0.475s] INFO:colcon.colcon_ros.task.ament_python.build:Building ROS package in '/home/user/robocup_basketball_ws/src/rb_localization' with build type 'ament_python'
[0.475s] Level 1:colcon.colcon_core.shell:create_environment_hook('rb_localization', 'ament_prefix_path')
[0.475s] INFO:colcon.colcon_core.shell:Creating environment hook '/home/user/robocup_basketball_ws/install/rb_localization/share/rb_localization/hook/ament_prefix_path.ps1'
[0.475s] INFO:colcon.colcon_core.shell:Creating environment descriptor '/home/user/robocup_basketball_ws/install/rb_localization/share/rb_localization/hook/ament_prefix_path.dsv'
[0.476s] INFO:colcon.colcon_core.shell:Creating environment hook '/home/user/robocup_basketball_ws/install/rb_localization/share/rb_localization/hook/ament_prefix_path.sh'
[0.476s] INFO:colcon.colcon_core.shell:Skip shell extension 'powershell' for command environment: Not usable outside of PowerShell
[0.476s] DEBUG:colcon.colcon_core.shell:Skip shell extension 'dsv' for command environment
[0.477s] INFO:colcon.colcon_ros.task.ament_python.build:Building ROS package in '/home/user/robocup_basketball_ws/src/rb_mission' with build type 'ament_python'
[0.477s] Level 1:colcon.colcon_core.shell:create_environment_hook('rb_mission', 'ament_prefix_path')
[0.477s] INFO:colcon.colcon_core.shell:Creating environment hook '/home/user/robocup_basketball_ws/install/rb_mission/share/rb_mission/hook/ament_prefix_path.ps1'
[0.478s] INFO:colcon.colcon_core.shell:Creating environment descriptor '/home/user/robocup_basketball_ws/install/rb_mission/share/rb_mission/hook/ament_prefix_path.dsv'
[0.478s] INFO:colcon.colcon_core.shell:Creating environment hook '/home/user/robocup_basketball_ws/install/rb_mission/share/rb_mission/hook/ament_prefix_path.sh'
[0.478s] INFO:colcon.colcon_core.shell:Skip shell extension 'powershell' for command environment: Not usable outside of PowerShell
[0.478s] DEBUG:colcon.colcon_core.shell:Skip shell extension 'dsv' for command environment
[0.479s] INFO:colcon.colcon_ros.task.ament_python.build:Building ROS package in '/home/user/robocup_basketball_ws/src/rb_perception' with build type 'ament_python'
[0.480s] Level 1:colcon.colcon_core.shell:create_environment_hook('rb_perception', 'ament_prefix_path')
[0.480s] INFO:colcon.colcon_core.shell:Creating environment hook '/home/user/robocup_basketball_ws/install/rb_perception/share/rb_perception/hook/ament_prefix_path.ps1'
[0.480s] INFO:colcon.colcon_core.shell:Creating environment descriptor '/home/user/robocup_basketball_ws/install/rb_perception/share/rb_perception/hook/ament_prefix_path.dsv'
[0.480s] INFO:colcon.colcon_core.shell:Creating environment hook '/home/user/robocup_basketball_ws/install/rb_perception/share/rb_perception/hook/ament_prefix_path.sh'
[0.481s] INFO:colcon.colcon_core.shell:Skip shell extension 'powershell' for command environment: Not usable outside of PowerShell
[0.481s] DEBUG:colcon.colcon_core.shell:Skip shell extension 'dsv' for command environment
[0.484s] DEBUG:colcon.colcon_core.event_handler.log_command:Invoking command in '/home/user/robocup_basketball_ws/build/rb_launcher': AMENT_PREFIX_PATH=/home/user/robocup_basketball_ws/install/rb_msgs:${AMENT_PREFIX_PATH} CMAKE_PREFIX_PATH=/home/user/robocup_basketball_ws/install/rb_msgs:/opt/ros/humble LD_LIBRARY_PATH=/home/user/robocup_basketball_ws/install/rb_msgs/lib:${LD_LIBRARY_PATH} PYTHONPATH=/home/user/robocup_basketball_ws/install/rb_msgs/local/lib/python3.10/dist-packages:${PYTHONPATH} /usr/bin/cmake --build /home/user/robocup_basketball_ws/build/rb_launcher -- -j16 -l16
[0.617s] INFO:colcon.colcon_core.task.python.build:Building Python package in '/home/user/robocup_basketball_ws/src/rb_localization'
[0.617s] INFO:colcon.colcon_core.shell:Skip shell extension 'powershell' for command environment: Not usable outside of PowerShell
[0.617s] DEBUG:colcon.colcon_core.shell:Skip shell extension 'dsv' for command environment
[0.743s] INFO:colcon.colcon_core.task.python.build:Building Python package in '/home/user/robocup_basketball_ws/src/rb_mission'
[0.744s] INFO:colcon.colcon_core.shell:Skip shell extension 'powershell' for command environment: Not usable outside of PowerShell
[0.744s] DEBUG:colcon.colcon_core.shell:Skip shell extension 'dsv' for command environment
[0.873s] INFO:colcon.colcon_core.task.python.build:Building Python package in '/home/user/robocup_basketball_ws/src/rb_perception'
[0.874s] INFO:colcon.colcon_core.shell:Skip shell extension 'powershell' for command environment: Not usable outside of PowerShell
[0.874s] DEBUG:colcon.colcon_core.shell:Skip shell extension 'dsv' for command environment
[0.876s] DEBUG:colcon.colcon_core.event_handler.log_command:Invoked command in '/home/user/robocup_basketball_ws/build/rb_launcher' returned '0': AMENT_PREFIX_PATH=/home/user/robocup_basketball_ws/install/rb_msgs:${AMENT_PREFIX_PATH} CMAKE_PREFIX_PATH=/home/user/robocup_basketball_ws/install/rb_msgs:/opt/ros/humble LD_LIBRARY_PATH=/home/user/robocup_basketball_ws/install/rb_msgs/lib:${LD_LIBRARY_PATH} PYTHONPATH=/home/user/robocup_basketball_ws/install/rb_msgs/local/lib/python3.10/dist-packages:${PYTHONPATH} /usr/bin/cmake --build /home/user/robocup_basketball_ws/build/rb_launcher -- -j16 -l16
[0.877s] DEBUG:colcon.colcon_core.event_handler.log_command:Invoking command in '/home/user/robocup_basketball_ws/build/rb_launcher': AMENT_PREFIX_PATH=/home/user/robocup_basketball_ws/install/rb_msgs:${AMENT_PREFIX_PATH} CMAKE_PREFIX_PATH=/home/user/robocup_basketball_ws/install/rb_msgs:/opt/ros/humble LD_LIBRARY_PATH=/home/user/robocup_basketball_ws/install/rb_msgs/lib:${LD_LIBRARY_PATH} PYTHONPATH=/home/user/robocup_basketball_ws/install/rb_msgs/local/lib/python3.10/dist-packages:${PYTHONPATH} /usr/bin/cmake --install /home/user/robocup_basketball_ws/build/rb_launcher
[0.890s] Level 1:colcon.colcon_core.environment:create_environment_scripts_only(rb_launcher)
[0.890s] Level 1:colcon.colcon_core.environment:checking '/home/user/robocup_basketball_ws/install/rb_launcher' for CMake module files
[0.891s] DEBUG:colcon.colcon_core.event_handler.log_command:Invoked command in '/home/user/robocup_basketball_ws/build/rb_launcher' returned '0': AMENT_PREFIX_PATH=/home/user/robocup_basketball_ws/install/rb_msgs:${AMENT_PREFIX_PATH} CMAKE_PREFIX_PATH=/home/user/robocup_basketball_ws/install/rb_msgs:/opt/ros/humble LD_LIBRARY_PATH=/home/user/robocup_basketball_ws/install/rb_msgs/lib:${LD_LIBRARY_PATH} PYTHONPATH=/home/user/robocup_basketball_ws/install/rb_msgs/local/lib/python3.10/dist-packages:${PYTHONPATH} /usr/bin/cmake --install /home/user/robocup_basketball_ws/build/rb_launcher
[0.891s] Level 1:colcon.colcon_core.environment:checking '/home/user/robocup_basketball_ws/install/rb_launcher' for CMake config files
[0.891s] Level 1:colcon.colcon_core.shell:create_environment_hook('rb_launcher', 'cmake_prefix_path')
[0.891s] INFO:colcon.colcon_core.shell:Creating environment hook '/home/user/robocup_basketball_ws/install/rb_launcher/share/rb_launcher/hook/cmake_prefix_path.ps1'
[0.892s] INFO:colcon.colcon_core.shell:Creating environment descriptor '/home/user/robocup_basketball_ws/install/rb_launcher/share/rb_launcher/hook/cmake_prefix_path.dsv'
[0.892s] INFO:colcon.colcon_core.shell:Creating environment hook '/home/user/robocup_basketball_ws/install/rb_launcher/share/rb_launcher/hook/cmake_prefix_path.sh'
[0.893s] Level 1:colcon.colcon_core.environment:checking '/home/user/robocup_basketball_ws/install/rb_launcher/lib'
[0.893s] Level 1:colcon.colcon_core.environment:checking '/home/user/robocup_basketball_ws/install/rb_launcher/bin'
[0.893s] Level 1:colcon.colcon_core.environment:checking '/home/user/robocup_basketball_ws/install/rb_launcher/lib/pkgconfig/rb_launcher.pc'
[0.893s] Level 1:colcon.colcon_core.environment:checking '/home/user/robocup_basketball_ws/install/rb_launcher/lib/python3.10/site-packages'
[0.893s] Level 1:colcon.colcon_core.environment:checking '/home/user/robocup_basketball_ws/install/rb_launcher/bin'
[0.893s] INFO:colcon.colcon_core.shell:Creating package script '/home/user/robocup_basketball_ws/install/rb_launcher/share/rb_launcher/package.ps1'
[0.893s] INFO:colcon.colcon_core.shell:Creating package descriptor '/home/user/robocup_basketball_ws/install/rb_launcher/share/rb_launcher/package.dsv'
[0.894s] INFO:colcon.colcon_core.shell:Creating package script '/home/user/robocup_basketball_ws/install/rb_launcher/share/rb_launcher/package.sh'
[0.894s] INFO:colcon.colcon_core.shell:Creating package script '/home/user/robocup_basketball_ws/install/rb_launcher/share/rb_launcher/package.bash'
[0.894s] INFO:colcon.colcon_core.shell:Creating package script '/home/user/robocup_basketball_ws/install/rb_launcher/share/rb_launcher/package.zsh'
[0.894s] Level 1:colcon.colcon_core.environment:create_file_with_runtime_dependencies(/home/user/robocup_basketball_ws/install/rb_launcher/share/colcon-core/packages/rb_launcher)
[0.894s] Level 1:colcon.colcon_core.environment:create_environment_scripts_only(rb_launcher)
[0.895s] Level 1:colcon.colcon_core.environment:checking '/home/user/robocup_basketball_ws/install/rb_launcher' for CMake module files
[0.895s] Level 1:colcon.colcon_core.environment:checking '/home/user/robocup_basketball_ws/install/rb_launcher' for CMake config files
[0.895s] Level 1:colcon.colcon_core.shell:create_environment_hook('rb_launcher', 'cmake_prefix_path')
[0.895s] INFO:colcon.colcon_core.shell:Creating environment hook '/home/user/robocup_basketball_ws/install/rb_launcher/share/rb_launcher/hook/cmake_prefix_path.ps1'
[0.895s] INFO:colcon.colcon_core.shell:Creating environment descriptor '/home/user/robocup_basketball_ws/install/rb_launcher/share/rb_launcher/hook/cmake_prefix_path.dsv'
[0.895s] INFO:colcon.colcon_core.shell:Creating environment hook '/home/user/robocup_basketball_ws/install/rb_launcher/share/rb_launcher/hook/cmake_prefix_path.sh'
[0.896s] Level 1:colcon.colcon_core.environment:checking '/home/user/robocup_basketball_ws/install/rb_launcher/lib'
[0.896s] Level 1:colcon.colcon_core.environment:checking '/home/user/robocup_basketball_ws/install/rb_launcher/bin'
[0.896s] Level 1:colcon.colcon_core.environment:checking '/home/user/robocup_basketball_ws/install/rb_launcher/lib/pkgconfig/rb_launcher.pc'
[0.896s] Level 1:colcon.colcon_core.environment:checking '/home/user/robocup_basketball_ws/install/rb_launcher/lib/python3.10/site-packages'
[0.896s] Level 1:colcon.colcon_core.environment:checking '/home/user/robocup_basketball_ws/install/rb_launcher/bin'
[0.896s] INFO:colcon.colcon_core.shell:Creating package script '/home/user/robocup_basketball_ws/install/rb_launcher/share/rb_launcher/package.ps1'
[0.897s] INFO:colcon.colcon_core.shell:Creating package descriptor '/home/user/robocup_basketball_ws/install/rb_launcher/share/rb_launcher/package.dsv'
[0.897s] INFO:colcon.colcon_core.shell:Creating package script '/home/user/robocup_basketball_ws/install/rb_launcher/share/rb_launcher/package.sh'
[0.897s] INFO:colcon.colcon_core.shell:Creating package script '/home/user/robocup_basketball_ws/install/rb_launcher/share/rb_launcher/package.bash'
[0.898s] INFO:colcon.colcon_core.shell:Creating package script '/home/user/robocup_basketball_ws/install/rb_launcher/share/rb_launcher/package.zsh'
[0.898s] Level 1:colcon.colcon_core.environment:create_file_with_runtime_dependencies(/home/user/robocup_basketball_ws/install/rb_launcher/share/colcon-core/packages/rb_launcher)
[1.078s] DEBUG:colcon.colcon_core.event_handler.log_command:Invoking command in '/home/user/robocup_basketball_ws/build/rb_localization': AMENT_PREFIX_PATH=/home/user/robocup_basketball_ws/install/rb_msgs:${AMENT_PREFIX_PATH} CMAKE_PREFIX_PATH=/home/user/robocup_basketball_ws/install/rb_msgs LD_LIBRARY_PATH=/home/user/robocup_basketball_ws/install/rb_msgs/lib:${LD_LIBRARY_PATH} PYTHONPATH=/home/user/robocup_basketball_ws/build/rb_localization/prefix_override:/usr/lib/python3/dist-packages/colcon_core/task/python/colcon_distutils_commands:/home/user/robocup_basketball_ws/install/rb_localization/lib/python3.10/site-packages:/home/user/robocup_basketball_ws/install/rb_msgs/local/lib/python3.10/dist-packages:${PYTHONPATH} /usr/bin/python3 -W ignore:setup.py install is deprecated -W ignore:easy_install command is deprecated setup.py develop --editable --build-directory /home/user/robocup_basketball_ws/build/rb_localization/build --no-deps symlink_data
[1.080s] DEBUG:colcon.colcon_core.event_handler.log_command:Invoking command in '/home/user/robocup_basketball_ws/build/rb_perception': AMENT_PREFIX_PATH=/home/user/robocup_basketball_ws/install/rb_msgs:${AMENT_PREFIX_PATH} CMAKE_PREFIX_PATH=/home/user/robocup_basketball_ws/install/rb_msgs LD_LIBRARY_PATH=/home/user/robocup_basketball_ws/install/rb_msgs/lib:${LD_LIBRARY_PATH} PYTHONPATH=/home/user/robocup_basketball_ws/build/rb_perception/prefix_override:/usr/lib/python3/dist-packages/colcon_core/task/python/colcon_distutils_commands:/home/user/robocup_basketball_ws/install/rb_perception/lib/python3.10/site-packages:/home/user/robocup_basketball_ws/install/rb_msgs/local/lib/python3.10/dist-packages:${PYTHONPATH} /usr/bin/python3 -W ignore:setup.py install is deprecated -W ignore:easy_install command is deprecated setup.py develop --editable --build-directory /home/user/robocup_basketball_ws/build/rb_perception/build --no-deps symlink_data
[1.086s] DEBUG:colcon.colcon_core.event_handler.log_command:Invoking command in '/home/user/robocup_basketball_ws/build/rb_mission': AMENT_PREFIX_PATH=/home/user/robocup_basketball_ws/install/rb_msgs:${AMENT_PREFIX_PATH} CMAKE_PREFIX_PATH=/home/user/robocup_basketball_ws/install/rb_msgs LD_LIBRARY_PATH=/home/user/robocup_basketball_ws/install/rb_msgs/lib:${LD_LIBRARY_PATH} PYTHONPATH=/home/user/robocup_basketball_ws/build/rb_mission/prefix_override:/usr/lib/python3/dist-packages/colcon_core/task/python/colcon_distutils_commands:/home/user/robocup_basketball_ws/install/rb_mission/lib/python3.10/site-packages:/home/user/robocup_basketball_ws/install/rb_msgs/local/lib/python3.10/dist-packages:${PYTHONPATH} /usr/bin/python3 -W ignore:setup.py install is deprecated -W ignore:easy_install command is deprecated setup.py develop --editable --build-directory /home/user/robocup_basketball_ws/build/rb_mission/build --no-deps symlink_data
[1.333s] Level 1:colcon.colcon_core.shell:create_environment_hook('rb_perception', 'pythonpath_develop')
[1.333s] INFO:colcon.colcon_core.shell:Creating environment hook '/home/user/robocup_basketball_ws/build/rb_perception/share/rb_perception/hook/pythonpath_develop.ps1'
[1.333s] DEBUG:colcon.colcon_core.event_handler.log_command:Invoked command in '/home/user/robocup_basketball_ws/build/rb_perception' returned '0': AMENT_PREFIX_PATH=/home/user/robocup_basketball_ws/install/rb_msgs:${AMENT_PREFIX_PATH} CMAKE_PREFIX_PATH=/home/user/robocup_basketball_ws/install/rb_msgs LD_LIBRARY_PATH=/home/user/robocup_basketball_ws/install/rb_msgs/lib:${LD_LIBRARY_PATH} PYTHONPATH=/home/user/robocup_basketball_ws/build/rb_perception/prefix_override:/usr/lib/python3/dist-packages/colcon_core/task/python/colcon_distutils_commands:/home/user/robocup_basketball_ws/install/rb_perception/lib/python3.10/site-packages:/home/user/robocup_basketball_ws/install/rb_msgs/local/lib/python3.10/dist-packages:${PYTHONPATH} /usr/bin/python3 -W ignore:setup.py install is deprecated -W ignore:easy_install command is deprecated setup.py develop --editable --build-directory /home/user/robocup_basketball_ws/build/rb_perception/build --no-deps symlink_data
[1.334s] INFO:colcon.colcon_core.shell:Creating environment descriptor '/home/user/robocup_basketball_ws/build/rb_perception/share/rb_perception/hook/pythonpath_develop.dsv'
[1.334s] INFO:colcon.colcon_core.shell:Creating environment hook '/home/user/robocup_basketball_ws/build/rb_perception/share/rb_perception/hook/pythonpath_develop.sh'
[1.334s] Level 1:colcon.colcon_core.environment:checking '/home/user/robocup_basketball_ws/install/rb_perception' for CMake module files
[1.335s] Level 1:colcon.colcon_core.environment:checking '/home/user/robocup_basketball_ws/install/rb_perception' for CMake config files
[1.335s] Level 1:colcon.colcon_core.environment:checking '/home/user/robocup_basketball_ws/install/rb_perception/lib'
[1.335s] Level 1:colcon.colcon_core.environment:checking '/home/user/robocup_basketball_ws/install/rb_perception/bin'
[1.335s] Level 1:colcon.colcon_core.environment:checking '/home/user/robocup_basketball_ws/install/rb_perception/lib/pkgconfig/rb_perception.pc'
[1.335s] Level 1:colcon.colcon_core.environment:checking '/home/user/robocup_basketball_ws/install/rb_perception/lib/python3.10/site-packages'
[1.335s] Level 1:colcon.colcon_core.shell:create_environment_hook('rb_perception', 'pythonpath')
[1.335s] INFO:colcon.colcon_core.shell:Creating environment hook '/home/user/robocup_basketball_ws/install/rb_perception/share/rb_perception/hook/pythonpath.ps1'
[1.336s] INFO:colcon.colcon_core.shell:Creating environment descriptor '/home/user/robocup_basketball_ws/install/rb_perception/share/rb_perception/hook/pythonpath.dsv'
[1.336s] INFO:colcon.colcon_core.shell:Creating environment hook '/home/user/robocup_basketball_ws/install/rb_perception/share/rb_perception/hook/pythonpath.sh'
[1.336s] Level 1:colcon.colcon_core.environment:checking '/home/user/robocup_basketball_ws/install/rb_perception/bin'
[1.336s] Level 1:colcon.colcon_core.environment:create_environment_scripts_only(rb_perception)
[1.336s] INFO:colcon.colcon_core.shell:Creating package script '/home/user/robocup_basketball_ws/install/rb_perception/share/rb_perception/package.ps1'
[1.337s] INFO:colcon.colcon_core.shell:Creating package descriptor '/home/user/robocup_basketball_ws/install/rb_perception/share/rb_perception/package.dsv'
[1.337s] INFO:colcon.colcon_core.shell:Creating package script '/home/user/robocup_basketball_ws/install/rb_perception/share/rb_perception/package.sh'
[1.337s] INFO:colcon.colcon_core.shell:Creating package script '/home/user/robocup_basketball_ws/install/rb_perception/share/rb_perception/package.bash'
[1.337s] INFO:colcon.colcon_core.shell:Creating package script '/home/user/robocup_basketball_ws/install/rb_perception/share/rb_perception/package.zsh'
[1.337s] Level 1:colcon.colcon_core.environment:create_file_with_runtime_dependencies(/home/user/robocup_basketball_ws/install/rb_perception/share/colcon-core/packages/rb_perception)
[1.338s] Level 1:colcon.colcon_core.shell:create_environment_hook('rb_localization', 'pythonpath_develop')
[1.338s] INFO:colcon.colcon_core.shell:Creating environment hook '/home/user/robocup_basketball_ws/build/rb_localization/share/rb_localization/hook/pythonpath_develop.ps1'
[1.338s] INFO:colcon.colcon_core.shell:Creating environment descriptor '/home/user/robocup_basketball_ws/build/rb_localization/share/rb_localization/hook/pythonpath_develop.dsv'
[1.339s] DEBUG:colcon.colcon_core.event_handler.log_command:Invoked command in '/home/user/robocup_basketball_ws/build/rb_localization' returned '0': AMENT_PREFIX_PATH=/home/user/robocup_basketball_ws/install/rb_msgs:${AMENT_PREFIX_PATH} CMAKE_PREFIX_PATH=/home/user/robocup_basketball_ws/install/rb_msgs LD_LIBRARY_PATH=/home/user/robocup_basketball_ws/install/rb_msgs/lib:${LD_LIBRARY_PATH} PYTHONPATH=/home/user/robocup_basketball_ws/build/rb_localization/prefix_override:/usr/lib/python3/dist-packages/colcon_core/task/python/colcon_distutils_commands:/home/user/robocup_basketball_ws/install/rb_localization/lib/python3.10/site-packages:/home/user/robocup_basketball_ws/install/rb_msgs/local/lib/python3.10/dist-packages:${PYTHONPATH} /usr/bin/python3 -W ignore:setup.py install is deprecated -W ignore:easy_install command is deprecated setup.py develop --editable --build-directory /home/user/robocup_basketball_ws/build/rb_localization/build --no-deps symlink_data
[1.339s] INFO:colcon.colcon_core.shell:Creating environment hook '/home/user/robocup_basketball_ws/build/rb_localization/share/rb_localization/hook/pythonpath_develop.sh'
[1.339s] Level 1:colcon.colcon_core.environment:checking '/home/user/robocup_basketball_ws/install/rb_localization' for CMake module files
[1.339s] Level 1:colcon.colcon_core.environment:checking '/home/user/robocup_basketball_ws/install/rb_localization' for CMake config files
[1.340s] Level 1:colcon.colcon_core.environment:checking '/home/user/robocup_basketball_ws/install/rb_localization/lib'
[1.340s] Level 1:colcon.colcon_core.environment:checking '/home/user/robocup_basketball_ws/install/rb_localization/bin'
[1.340s] Level 1:colcon.colcon_core.environment:checking '/home/user/robocup_basketball_ws/install/rb_localization/lib/pkgconfig/rb_localization.pc'
[1.340s] Level 1:colcon.colcon_core.environment:checking '/home/user/robocup_basketball_ws/install/rb_localization/lib/python3.10/site-packages'
[1.340s] Level 1:colcon.colcon_core.shell:create_environment_hook('rb_localization', 'pythonpath')
[1.340s] INFO:colcon.colcon_core.shell:Creating environment hook '/home/user/robocup_basketball_ws/install/rb_localization/share/rb_localization/hook/pythonpath.ps1'
[1.340s] INFO:colcon.colcon_core.shell:Creating environment descriptor '/home/user/robocup_basketball_ws/install/rb_localization/share/rb_localization/hook/pythonpath.dsv'
[1.340s] INFO:colcon.colcon_core.shell:Creating environment hook '/home/user/robocup_basketball_ws/install/rb_localization/share/rb_localization/hook/pythonpath.sh'
[1.341s] Level 1:colcon.colcon_core.environment:checking '/home/user/robocup_basketball_ws/install/rb_localization/bin'
[1.341s] Level 1:colcon.colcon_core.environment:create_environment_scripts_only(rb_localization)
[1.341s] INFO:colcon.colcon_core.shell:Creating package script '/home/user/robocup_basketball_ws/install/rb_localization/share/rb_localization/package.ps1'
[1.341s] INFO:colcon.colcon_core.shell:Creating package descriptor '/home/user/robocup_basketball_ws/install/rb_localization/share/rb_localization/package.dsv'
[1.342s] INFO:colcon.colcon_core.shell:Creating package script '/home/user/robocup_basketball_ws/install/rb_localization/share/rb_localization/package.sh'
[1.342s] INFO:colcon.colcon_core.shell:Creating package script '/home/user/robocup_basketball_ws/install/rb_localization/share/rb_localization/package.bash'
[1.342s] INFO:colcon.colcon_core.shell:Creating package script '/home/user/robocup_basketball_ws/install/rb_localization/share/rb_localization/package.zsh'
[1.342s] Level 1:colcon.colcon_core.environment:create_file_with_runtime_dependencies(/home/user/robocup_basketball_ws/install/rb_localization/share/colcon-core/packages/rb_localization)
[1.347s] Level 1:colcon.colcon_core.shell:create_environment_hook('rb_mission', 'pythonpath_develop')
[1.347s] INFO:colcon.colcon_core.shell:Creating environment hook '/home/user/robocup_basketball_ws/build/rb_mission/share/rb_mission/hook/pythonpath_develop.ps1'
[1.348s] DEBUG:colcon.colcon_core.event_handler.log_command:Invoked command in '/home/user/robocup_basketball_ws/build/rb_mission' returned '0': AMENT_PREFIX_PATH=/home/user/robocup_basketball_ws/install/rb_msgs:${AMENT_PREFIX_PATH} CMAKE_PREFIX_PATH=/home/user/robocup_basketball_ws/install/rb_msgs LD_LIBRARY_PATH=/home/user/robocup_basketball_ws/install/rb_msgs/lib:${LD_LIBRARY_PATH} PYTHONPATH=/home/user/robocup_basketball_ws/build/rb_mission/prefix_override:/usr/lib/python3/dist-packages/colcon_core/task/python/colcon_distutils_commands:/home/user/robocup_basketball_ws/install/rb_mission/lib/python3.10/site-packages:/home/user/robocup_basketball_ws/install/rb_msgs/local/lib/python3.10/dist-packages:${PYTHONPATH} /usr/bin/python3 -W ignore:setup.py install is deprecated -W ignore:easy_install command is deprecated setup.py develop --editable --build-directory /home/user/robocup_basketball_ws/build/rb_mission/build --no-deps symlink_data
[1.348s] INFO:colcon.colcon_core.shell:Creating environment descriptor '/home/user/robocup_basketball_ws/build/rb_mission/share/rb_mission/hook/pythonpath_develop.dsv'
[1.348s] INFO:colcon.colcon_core.shell:Creating environment hook '/home/user/robocup_basketball_ws/build/rb_mission/share/rb_mission/hook/pythonpath_develop.sh'
[1.348s] Level 1:colcon.colcon_core.environment:checking '/home/user/robocup_basketball_ws/install/rb_mission' for CMake module files
[1.348s] Level 1:colcon.colcon_core.environment:checking '/home/user/robocup_basketball_ws/install/rb_mission' for CMake config files
[1.349s] Level 1:colcon.colcon_core.environment:checking '/home/user/robocup_basketball_ws/install/rb_mission/lib'
[1.349s] Level 1:colcon.colcon_core.environment:checking '/home/user/robocup_basketball_ws/install/rb_mission/bin'
[1.349s] Level 1:colcon.colcon_core.environment:checking '/home/user/robocup_basketball_ws/install/rb_mission/lib/pkgconfig/rb_mission.pc'
[1.349s] Level 1:colcon.colcon_core.environment:checking '/home/user/robocup_basketball_ws/install/rb_mission/lib/python3.10/site-packages'
[1.349s] Level 1:colcon.colcon_core.shell:create_environment_hook('rb_mission', 'pythonpath')
[1.349s] INFO:colcon.colcon_core.shell:Creating environment hook '/home/user/robocup_basketball_ws/install/rb_mission/share/rb_mission/hook/pythonpath.ps1'
[1.349s] INFO:colcon.colcon_core.shell:Creating environment descriptor '/home/user/robocup_basketball_ws/install/rb_mission/share/rb_mission/hook/pythonpath.dsv'
[1.349s] INFO:colcon.colcon_core.shell:Creating environment hook '/home/user/robocup_basketball_ws/install/rb_mission/share/rb_mission/hook/pythonpath.sh'
[1.350s] Level 1:colcon.colcon_core.environment:checking '/home/user/robocup_basketball_ws/install/rb_mission/bin'
[1.350s] Level 1:colcon.colcon_core.environment:create_environment_scripts_only(rb_mission)
[1.350s] INFO:colcon.colcon_core.shell:Creating package script '/home/user/robocup_basketball_ws/install/rb_mission/share/rb_mission/package.ps1'
[1.350s] INFO:colcon.colcon_core.shell:Creating package descriptor '/home/user/robocup_basketball_ws/install/rb_mission/share/rb_mission/package.dsv'
[1.351s] INFO:colcon.colcon_core.shell:Creating package script '/home/user/robocup_basketball_ws/install/rb_mission/share/rb_mission/package.sh'
[1.351s] INFO:colcon.colcon_core.shell:Creating package script '/home/user/robocup_basketball_ws/install/rb_mission/share/rb_mission/package.bash'
[1.351s] INFO:colcon.colcon_core.shell:Creating package script '/home/user/robocup_basketball_ws/install/rb_mission/share/rb_mission/package.zsh'
[1.351s] Level 1:colcon.colcon_core.environment:create_file_with_runtime_dependencies(/home/user/robocup_basketball_ws/install/rb_mission/share/colcon-core/packages/rb_mission)
[1.351s] INFO:colcon.colcon_ros.task.ament_cmake.build:Building ROS package in '/home/user/robocup_basketball_ws/src/rb_bringup' with build type 'ament_cmake'
[1.351s] INFO:colcon.colcon_cmake.task.cmake.build:Building CMake package in '/home/user/robocup_basketball_ws/src/rb_bringup'
[1.351s] INFO:colcon.colcon_core.shell:Skip shell extension 'powershell' for command environment: Not usable outside of PowerShell
[1.351s] DEBUG:colcon.colcon_core.shell:Skip shell extension 'dsv' for command environment
[1.362s] DEBUG:colcon.colcon_core.event_handler.log_command:Invoking command in '/home/user/robocup_basketball_ws/build/rb_bringup': AMENT_PREFIX_PATH=/home/user/robocup_basketball_ws/install/rb_perception:/home/user/robocup_basketball_ws/install/rb_mission:/home/user/robocup_basketball_ws/install/rb_localization:/home/user/robocup_basketball_ws/install/rb_launcher:/home/user/robocup_basketball_ws/install/rb_msgs:/home/user/robocup_basketball_ws/install/rb_chassis:${AMENT_PREFIX_PATH} CMAKE_PREFIX_PATH=/home/user/robocup_basketball_ws/install/rb_launcher:/home/user/robocup_basketball_ws/install/rb_msgs:/home/user/robocup_basketball_ws/install/rb_chassis:/opt/ros/humble LD_LIBRARY_PATH=/home/user/robocup_basketball_ws/install/rb_msgs/lib:/home/user/robocup_basketball_ws/install/rb_chassis/lib:${LD_LIBRARY_PATH} PYTHONPATH=/home/user/robocup_basketball_ws/build/rb_perception:/home/user/robocup_basketball_ws/install/rb_perception/lib/python3.10/site-packages:/home/user/robocup_basketball_ws/build/rb_mission:/home/user/robocup_basketball_ws/install/rb_mission/lib/python3.10/site-packages:/home/user/robocup_basketball_ws/build/rb_localization:/home/user/robocup_basketball_ws/install/rb_localization/lib/python3.10/site-packages:/home/user/robocup_basketball_ws/install/rb_msgs/local/lib/python3.10/dist-packages:${PYTHONPATH} /usr/bin/cmake --build /home/user/robocup_basketball_ws/build/rb_bringup -- -j16 -l16
[1.388s] DEBUG:colcon.colcon_core.event_handler.log_command:Invoked command in '/home/user/robocup_basketball_ws/build/rb_bringup' returned '0': AMENT_PREFIX_PATH=/home/user/robocup_basketball_ws/install/rb_perception:/home/user/robocup_basketball_ws/install/rb_mission:/home/user/robocup_basketball_ws/install/rb_localization:/home/user/robocup_basketball_ws/install/rb_launcher:/home/user/robocup_basketball_ws/install/rb_msgs:/home/user/robocup_basketball_ws/install/rb_chassis:${AMENT_PREFIX_PATH} CMAKE_PREFIX_PATH=/home/user/robocup_basketball_ws/install/rb_launcher:/home/user/robocup_basketball_ws/install/rb_msgs:/home/user/robocup_basketball_ws/install/rb_chassis:/opt/ros/humble LD_LIBRARY_PATH=/home/user/robocup_basketball_ws/install/rb_msgs/lib:/home/user/robocup_basketball_ws/install/rb_chassis/lib:${LD_LIBRARY_PATH} PYTHONPATH=/home/user/robocup_basketball_ws/build/rb_perception:/home/user/robocup_basketball_ws/install/rb_perception/lib/python3.10/site-packages:/home/user/robocup_basketball_ws/build/rb_mission:/home/user/robocup_basketball_ws/install/rb_mission/lib/python3.10/site-packages:/home/user/robocup_basketball_ws/build/rb_localization:/home/user/robocup_basketball_ws/install/rb_localization/lib/python3.10/site-packages:/home/user/robocup_basketball_ws/install/rb_msgs/local/lib/python3.10/dist-packages:${PYTHONPATH} /usr/bin/cmake --build /home/user/robocup_basketball_ws/build/rb_bringup -- -j16 -l16
[1.389s] DEBUG:colcon.colcon_core.event_handler.log_command:Invoking command in '/home/user/robocup_basketball_ws/build/rb_bringup': AMENT_PREFIX_PATH=/home/user/robocup_basketball_ws/install/rb_perception:/home/user/robocup_basketball_ws/install/rb_mission:/home/user/robocup_basketball_ws/install/rb_localization:/home/user/robocup_basketball_ws/install/rb_launcher:/home/user/robocup_basketball_ws/install/rb_msgs:/home/user/robocup_basketball_ws/install/rb_chassis:${AMENT_PREFIX_PATH} CMAKE_PREFIX_PATH=/home/user/robocup_basketball_ws/install/rb_launcher:/home/user/robocup_basketball_ws/install/rb_msgs:/home/user/robocup_basketball_ws/install/rb_chassis:/opt/ros/humble LD_LIBRARY_PATH=/home/user/robocup_basketball_ws/install/rb_msgs/lib:/home/user/robocup_basketball_ws/install/rb_chassis/lib:${LD_LIBRARY_PATH} PYTHONPATH=/home/user/robocup_basketball_ws/build/rb_perception:/home/user/robocup_basketball_ws/install/rb_perception/lib/python3.10/site-packages:/home/user/robocup_basketball_ws/build/rb_mission:/home/user/robocup_basketball_ws/install/rb_mission/lib/python3.10/site-packages:/home/user/robocup_basketball_ws/build/rb_localization:/home/user/robocup_basketball_ws/install/rb_localization/lib/python3.10/site-packages:/home/user/robocup_basketball_ws/install/rb_msgs/local/lib/python3.10/dist-packages:${PYTHONPATH} /usr/bin/cmake --install /home/user/robocup_basketball_ws/build/rb_bringup
[1.404s] Level 1:colcon.colcon_core.environment:create_environment_scripts_only(rb_bringup)
[1.405s] DEBUG:colcon.colcon_core.event_handler.log_command:Invoked command in '/home/user/robocup_basketball_ws/build/rb_bringup' returned '0': AMENT_PREFIX_PATH=/home/user/robocup_basketball_ws/install/rb_perception:/home/user/robocup_basketball_ws/install/rb_mission:/home/user/robocup_basketball_ws/install/rb_localization:/home/user/robocup_basketball_ws/install/rb_launcher:/home/user/robocup_basketball_ws/install/rb_msgs:/home/user/robocup_basketball_ws/install/rb_chassis:${AMENT_PREFIX_PATH} CMAKE_PREFIX_PATH=/home/user/robocup_basketball_ws/install/rb_launcher:/home/user/robocup_basketball_ws/install/rb_msgs:/home/user/robocup_basketball_ws/install/rb_chassis:/opt/ros/humble LD_LIBRARY_PATH=/home/user/robocup_basketball_ws/install/rb_msgs/lib:/home/user/robocup_basketball_ws/install/rb_chassis/lib:${LD_LIBRARY_PATH} PYTHONPATH=/home/user/robocup_basketball_ws/build/rb_perception:/home/user/robocup_basketball_ws/install/rb_perception/lib/python3.10/site-packages:/home/user/robocup_basketball_ws/build/rb_mission:/home/user/robocup_basketball_ws/install/rb_mission/lib/python3.10/site-packages:/home/user/robocup_basketball_ws/build/rb_localization:/home/user/robocup_basketball_ws/install/rb_localization/lib/python3.10/site-packages:/home/user/robocup_basketball_ws/install/rb_msgs/local/lib/python3.10/dist-packages:${PYTHONPATH} /usr/bin/cmake --install /home/user/robocup_basketball_ws/build/rb_bringup
[1.405s] Level 1:colcon.colcon_core.environment:checking '/home/user/robocup_basketball_ws/install/rb_bringup' for CMake module files
[1.405s] Level 1:colcon.colcon_core.environment:checking '/home/user/robocup_basketball_ws/install/rb_bringup' for CMake config files
[1.406s] Level 1:colcon.colcon_core.shell:create_environment_hook('rb_bringup', 'cmake_prefix_path')
[1.406s] INFO:colcon.colcon_core.shell:Creating environment hook '/home/user/robocup_basketball_ws/install/rb_bringup/share/rb_bringup/hook/cmake_prefix_path.ps1'
[1.406s] INFO:colcon.colcon_core.shell:Creating environment descriptor '/home/user/robocup_basketball_ws/install/rb_bringup/share/rb_bringup/hook/cmake_prefix_path.dsv'
[1.407s] INFO:colcon.colcon_core.shell:Creating environment hook '/home/user/robocup_basketball_ws/install/rb_bringup/share/rb_bringup/hook/cmake_prefix_path.sh'
[1.407s] Level 1:colcon.colcon_core.environment:checking '/home/user/robocup_basketball_ws/install/rb_bringup/bin'
[1.407s] Level 1:colcon.colcon_core.environment:checking '/home/user/robocup_basketball_ws/install/rb_bringup/lib/pkgconfig/rb_bringup.pc'
[1.408s] Level 1:colcon.colcon_core.environment:checking '/home/user/robocup_basketball_ws/install/rb_bringup/lib/python3.10/site-packages'
[1.408s] Level 1:colcon.colcon_core.environment:checking '/home/user/robocup_basketball_ws/install/rb_bringup/bin'
[1.408s] INFO:colcon.colcon_core.shell:Creating package script '/home/user/robocup_basketball_ws/install/rb_bringup/share/rb_bringup/package.ps1'
[1.408s] INFO:colcon.colcon_core.shell:Creating package descriptor '/home/user/robocup_basketball_ws/install/rb_bringup/share/rb_bringup/package.dsv'
[1.409s] INFO:colcon.colcon_core.shell:Creating package script '/home/user/robocup_basketball_ws/install/rb_bringup/share/rb_bringup/package.sh'
[1.409s] INFO:colcon.colcon_core.shell:Creating package script '/home/user/robocup_basketball_ws/install/rb_bringup/share/rb_bringup/package.bash'
[1.410s] INFO:colcon.colcon_core.shell:Creating package script '/home/user/robocup_basketball_ws/install/rb_bringup/share/rb_bringup/package.zsh'
[1.410s] Level 1:colcon.colcon_core.environment:create_file_with_runtime_dependencies(/home/user/robocup_basketball_ws/install/rb_bringup/share/colcon-core/packages/rb_bringup)
[1.411s] Level 1:colcon.colcon_core.environment:create_environment_scripts_only(rb_bringup)
[1.411s] Level 1:colcon.colcon_core.environment:checking '/home/user/robocup_basketball_ws/install/rb_bringup' for CMake module files
[1.411s] Level 1:colcon.colcon_core.environment:checking '/home/user/robocup_basketball_ws/install/rb_bringup' for CMake config files
[1.411s] Level 1:colcon.colcon_core.shell:create_environment_hook('rb_bringup', 'cmake_prefix_path')
[1.411s] INFO:colcon.colcon_core.shell:Creating environment hook '/home/user/robocup_basketball_ws/install/rb_bringup/share/rb_bringup/hook/cmake_prefix_path.ps1'
[1.412s] INFO:colcon.colcon_core.shell:Creating environment descriptor '/home/user/robocup_basketball_ws/install/rb_bringup/share/rb_bringup/hook/cmake_prefix_path.dsv'
[1.412s] INFO:colcon.colcon_core.shell:Creating environment hook '/home/user/robocup_basketball_ws/install/rb_bringup/share/rb_bringup/hook/cmake_prefix_path.sh'
[1.412s] Level 1:colcon.colcon_core.environment:checking '/home/user/robocup_basketball_ws/install/rb_bringup/bin'
[1.412s] Level 1:colcon.colcon_core.environment:checking '/home/user/robocup_basketball_ws/install/rb_bringup/lib/pkgconfig/rb_bringup.pc'
[1.412s] Level 1:colcon.colcon_core.environment:checking '/home/user/robocup_basketball_ws/install/rb_bringup/lib/python3.10/site-packages'
[1.412s] Level 1:colcon.colcon_core.environment:checking '/home/user/robocup_basketball_ws/install/rb_bringup/bin'
[1.413s] INFO:colcon.colcon_core.shell:Creating package script '/home/user/robocup_basketball_ws/install/rb_bringup/share/rb_bringup/package.ps1'
[1.413s] INFO:colcon.colcon_core.shell:Creating package descriptor '/home/user/robocup_basketball_ws/install/rb_bringup/share/rb_bringup/package.dsv'
[1.413s] INFO:colcon.colcon_core.shell:Creating package script '/home/user/robocup_basketball_ws/install/rb_bringup/share/rb_bringup/package.sh'
[1.413s] INFO:colcon.colcon_core.shell:Creating package script '/home/user/robocup_basketball_ws/install/rb_bringup/share/rb_bringup/package.bash'
[1.414s] INFO:colcon.colcon_core.shell:Creating package script '/home/user/robocup_basketball_ws/install/rb_bringup/share/rb_bringup/package.zsh'
[1.414s] Level 1:colcon.colcon_core.environment:create_file_with_runtime_dependencies(/home/user/robocup_basketball_ws/install/rb_bringup/share/colcon-core/packages/rb_bringup)
[1.414s] DEBUG:colcon.colcon_parallel_executor.executor.parallel:closing loop
[1.414s] DEBUG:colcon.colcon_parallel_executor.executor.parallel:loop closed
[1.414s] DEBUG:colcon.colcon_parallel_executor.executor.parallel:run_until_complete finished with '0'
[1.414s] DEBUG:colcon.colcon_core.event_reactor:joining thread
[1.419s] INFO:colcon.colcon_core.plugin_system:Skipping extension 'colcon_notification.desktop_notification.terminal_notifier': Not used on non-Darwin systems
[1.419s] INFO:colcon.colcon_core.plugin_system:Skipping extension 'colcon_notification.desktop_notification.win32': Not used on non-Windows systems
[1.419s] INFO:colcon.colcon_notification.desktop_notification:Sending desktop notification using 'notify2'
[1.419s] DEBUG:colcon.colcon_notification.desktop_notification.notify2:Failed to initialize notify2: org.freedesktop.DBus.Error.NotSupported: Unable to autolaunch a dbus-daemon without a $DISPLAY for X11
[1.419s] DEBUG:colcon.colcon_core.event_reactor:joined thread
[1.420s] INFO:colcon.colcon_core.shell:Creating prefix script '/home/user/robocup_basketball_ws/install/local_setup.ps1'
[1.420s] INFO:colcon.colcon_core.shell:Creating prefix util module '/home/user/robocup_basketball_ws/install/_local_setup_util_ps1.py'
[1.421s] INFO:colcon.colcon_core.shell:Creating prefix chain script '/home/user/robocup_basketball_ws/install/setup.ps1'
[1.421s] INFO:colcon.colcon_core.shell:Creating prefix script '/home/user/robocup_basketball_ws/install/local_setup.sh'
[1.421s] INFO:colcon.colcon_core.shell:Creating prefix util module '/home/user/robocup_basketball_ws/install/_local_setup_util_sh.py'
[1.422s] INFO:colcon.colcon_core.shell:Creating prefix chain script '/home/user/robocup_basketball_ws/install/setup.sh'
[1.422s] INFO:colcon.colcon_core.shell:Creating prefix script '/home/user/robocup_basketball_ws/install/local_setup.bash'
[1.422s] INFO:colcon.colcon_core.shell:Creating prefix chain script '/home/user/robocup_basketball_ws/install/setup.bash'
[1.423s] INFO:colcon.colcon_core.shell:Creating prefix script '/home/user/robocup_basketball_ws/install/local_setup.zsh'
[1.423s] INFO:colcon.colcon_core.shell:Creating prefix chain script '/home/user/robocup_basketball_ws/install/setup.zsh'
